core   0: >>>>  data_size
core   0: 0x00001000 (0x00000297) auipc   t0, 0x0
core   0: 3 0x00001000 (0x00000297) x5  0x00001000
core   0: 0x00001004 (0x02028593) addi    a1, t0, 32
core   0: 3 0x00001004 (0x02028593) x11 0x00001020
core   0: 0x00001008 (0xf1402573) csrr    a0, mhartid
core   0: 3 0x00001008 (0xf1402573) x10 0x00000000
core   0: 0x0000100c (0x0182a283) lw      t0, 24(t0)
core   0: 3 0x0000100c (0x0182a283) x5  0x80000000 mem 0x00001018
core   0: 0x00001010 (0x00028067) jr      t0
core   0: 3 0x00001010 (0x00028067)
core   0: 0x80000000 (0x00001297) auipc   t0, 0x1
core   0: 3 0x80000000 (0x00001297) x5  0x80001000
core   0: 0x80000004 (0x00028293) mv      t0, t0
core   0: 3 0x80000004 (0x00028293) x5  0x80001000
core   0: 0x80000008 (0x0002a503) lw      a0, 0(t0)
core   0: 3 0x80000008 (0x0002a503) x10 0x00000003 mem 0x80001000
core   0: 0x8000000c (0x014000ef) jal     pc + 0x14
core   0: 3 0x8000000c (0x014000ef) x1  0x80000010
core   0: 0x80000020 (0xff010113) addi    sp, sp, -16
core   0: 3 0x80000020 (0xff010113) x2  0xfffffff0
core   0: 0x80000024 (0x00112023) sw      ra, 0(sp)
core   0: 3 0x80000024 (0x00112023) mem 0xfffffff0 0x80000010
core   0: 0x80000028 (0x00a12223) sw      a0, 4(sp)
core   0: 3 0x80000028 (0x00a12223) mem 0xfffffff4 0x00000003
core   0: 0x8000002c (0x00100593) li      a1, 1
core   0: 3 0x8000002c (0x00100593) x11 0x00000001
core   0: 0x80000030 (0x00050e63) beqz    a0, pc + 28
core   0: 3 0x80000030 (0x00050e63)
core   0: 0x80000034 (0x00b50c63) beq     a0, a1, pc + 24
core   0: 3 0x80000034 (0x00b50c63)
core   0: 0x80000038 (0xfff50513) addi    a0, a0, -1
core   0: 3 0x80000038 (0xfff50513) x10 0x00000002
core   0: 0x8000003c (0xfe5ff0ef) jal     pc - 0x1c
core   0: 3 0x8000003c (0xfe5ff0ef) x1  0x80000040
core   0: 0x80000020 (0xff010113) addi    sp, sp, -16
core   0: 3 0x80000020 (0xff010113) x2  0xffffffe0
core   0: 0x80000024 (0x00112023) sw      ra, 0(sp)
core   0: 3 0x80000024 (0x00112023) mem 0xffffffe0 0x80000040
core   0: 0x80000028 (0x00a12223) sw      a0, 4(sp)
core   0: 3 0x80000028 (0x00a12223) mem 0xffffffe4 0x00000002
core   0: 0x8000002c (0x00100593) li      a1, 1
core   0: 3 0x8000002c (0x00100593) x11 0x00000001
core   0: 0x80000030 (0x00050e63) beqz    a0, pc + 28
core   0: 3 0x80000030 (0x00050e63)
core   0: 0x80000034 (0x00b50c63) beq     a0, a1, pc + 24
core   0: 3 0x80000034 (0x00b50c63)
core   0: 0x80000038 (0xfff50513) addi    a0, a0, -1
core   0: 3 0x80000038 (0xfff50513) x10 0x00000001
core   0: 0x8000003c (0xfe5ff0ef) jal     pc - 0x1c
core   0: 3 0x8000003c (0xfe5ff0ef) x1  0x80000040
core   0: 0x80000020 (0xff010113) addi    sp, sp, -16
core   0: 3 0x80000020 (0xff010113) x2  0xffffffd0
core   0: 0x80000024 (0x00112023) sw      ra, 0(sp)
core   0: 3 0x80000024 (0x00112023) mem 0xffffffd0 0x80000040
core   0: 0x80000028 (0x00a12223) sw      a0, 4(sp)
core   0: 3 0x80000028 (0x00a12223) mem 0xffffffd4 0x00000001
core   0: 0x8000002c (0x00100593) li      a1, 1
core   0: 3 0x8000002c (0x00100593) x11 0x00000001
core   0: 0x80000030 (0x00050e63) beqz    a0, pc + 28
core   0: 3 0x80000030 (0x00050e63)
core   0: 0x80000034 (0x00b50c63) beq     a0, a1, pc + 24
core   0: 3 0x80000034 (0x00b50c63)
core   0: 0x8000004c (0x00012083) lw      ra, 0(sp)
core   0: 3 0x8000004c (0x00012083) x1  0x80000040 mem 0xffffffd0
core   0: 0x80000050 (0x01010113) addi    sp, sp, 16
core   0: 3 0x80000050 (0x01010113) x2  0xffffffe0
core   0: 0x80000054 (0x00008833) add     a6, ra, zero
core   0: 3 0x80000054 (0x00008833) x16 0x80000040
core   0: 0x80000058 (0x00008067) ret
core   0: 3 0x80000058 (0x00008067)
core   0: 0x80000040 (0x00412503) lw      a0, 4(sp)
core   0: 3 0x80000040 (0x00412503) x10 0x00000002 mem 0xffffffe4
core   0: 0x80000044 (0x02b505b3) mul     a1, a0, a1
core   0: 3 0x80000044 (0x02b505b3) x11 0x00000002
core   0: 0x80000048 (0x000586b3) add     a3, a1, zero
core   0: 3 0x80000048 (0x000586b3) x13 0x00000002
core   0: 0x8000004c (0x00012083) lw      ra, 0(sp)
core   0: 3 0x8000004c (0x00012083) x1  0x80000040 mem 0xffffffe0
core   0: 0x80000050 (0x01010113) addi    sp, sp, 16
core   0: 3 0x80000050 (0x01010113) x2  0xfffffff0
core   0: 0x80000054 (0x00008833) add     a6, ra, zero
core   0: 3 0x80000054 (0x00008833) x16 0x80000040
core   0: 0x80000058 (0x00008067) ret
core   0: 3 0x80000058 (0x00008067)
core   0: 0x80000040 (0x00412503) lw      a0, 4(sp)
core   0: 3 0x80000040 (0x00412503) x10 0x00000003 mem 0xfffffff4
core   0: 0x80000044 (0x02b505b3) mul     a1, a0, a1
core   0: 3 0x80000044 (0x02b505b3) x11 0x00000006
core   0: 0x80000048 (0x000586b3) add     a3, a1, zero
core   0: 3 0x80000048 (0x000586b3) x13 0x00000006
core   0: 0x8000004c (0x00012083) lw      ra, 0(sp)
core   0: 3 0x8000004c (0x00012083) x1  0x80000010 mem 0xfffffff0
core   0: 0x80000050 (0x01010113) addi    sp, sp, 16
core   0: 3 0x80000050 (0x01010113) x2  0x00000000
core   0: 0x80000054 (0x00008833) add     a6, ra, zero
core   0: 3 0x80000054 (0x00008833) x16 0x80000010
core   0: 0x80000058 (0x00008067) ret
core   0: 3 0x80000058 (0x00008067)
core   0: 0x80000010 (0x00001317) auipc   t1, 0x1
core   0: 3 0x80000010 (0x00001317) x6  0x80001010
core   0: 0x80000014 (0xff430313) addi    t1, t1, -12
core   0: 3 0x80000014 (0xff430313) x6  0x80001004
core   0: 0x80000018 (0x00b32023) sw      a1, 0(t1)
core   0: 3 0x80000018 (0x00b32023) mem 0x80001004 0x00000006
core   0: 0x8000001c (0x0400006f) j       pc + 0x40
core   0: 3 0x8000001c (0x0400006f)
core   0: 0x8000005c (0x00100093) li      ra, 1
core   0: 3 0x8000005c (0x00100093) x1  0x00000001
core   0: 0x80000060 (0x00002f17) auipc   t5, 0x2
core   0: 3 0x80000060 (0x00002f17) x30 0x80002060
core   0: 0x80000064 (0xfa1f2023) sw      ra, -96(t5)
core   0: 3 0x80000064 (0xfa1f2023) mem 0x80002000 0x00000001
core   0: 0x80000068 (0xff5ff06f) j       pc - 0xc
core   0: 3 0x80000068 (0xff5ff06f)
core   0: 0x8000005c (0x00100093) li      ra, 1
core   0: 3 0x8000005c (0x00100093) x1  0x00000001
core   0: 0x80000060 (0x00002f17) auipc   t5, 0x2
core   0: 3 0x80000060 (0x00002f17) x30 0x80002060
core   0: 0x80000064 (0xfa1f2023) sw      ra, -96(t5)
core   0: 3 0x80000064 (0xfa1f2023) mem 0x80002000 0x00000001
core   0: 0x80000068 (0xff5ff06f) j       pc - 0xc
core   0: 3 0x80000068 (0xff5ff06f)
core   0: 0x8000005c (0x00100093) li      ra, 1
core   0: 3 0x8000005c (0x00100093) x1  0x00000001
core   0: 0x80000060 (0x00002f17) auipc   t5, 0x2
core   0: 3 0x80000060 (0x00002f17) x30 0x80002060
core   0: 0x80000064 (0xfa1f2023) sw      ra, -96(t5)
core   0: 3 0x80000064 (0xfa1f2023) mem 0x80002000 0x00000001
core   0: 0x80000068 (0xff5ff06f) j       pc - 0xc
core   0: 3 0x80000068 (0xff5ff06f)
core   0: 0x8000005c (0x00100093) li      ra, 1
core   0: 3 0x8000005c (0x00100093) x1  0x00000001
core   0: 0x80000060 (0x00002f17) auipc   t5, 0x2
core   0: 3 0x80000060 (0x00002f17) x30 0x80002060
core   0: 0x80000064 (0xfa1f2023) sw      ra, -96(t5)
core   0: 3 0x80000064 (0xfa1f2023) mem 0x80002000 0x00000001
core   0: 0x80000068 (0xff5ff06f) j       pc - 0xc
core   0: 3 0x80000068 (0xff5ff06f)
core   0: 0x8000005c (0x00100093) li      ra, 1
core   0: 3 0x8000005c (0x00100093) x1  0x00000001
core   0: 0x80000060 (0x00002f17) auipc   t5, 0x2
core   0: 3 0x80000060 (0x00002f17) x30 0x80002060
core   0: 0x80000064 (0xfa1f2023) sw      ra, -96(t5)
core   0: 3 0x80000064 (0xfa1f2023) mem 0x80002000 0x00000001
core   0: 0x80000068 (0xff5ff06f) j       pc - 0xc
core   0: 3 0x80000068 (0xff5ff06f)
core   0: 0x8000005c (0x00100093) li      ra, 1
core   0: 3 0x8000005c (0x00100093) x1  0x00000001
core   0: 0x80000060 (0x00002f17) auipc   t5, 0x2
core   0: 3 0x80000060 (0x00002f17) x30 0x80002060
core   0: 0x80000064 (0xfa1f2023) sw      ra, -96(t5)
core   0: 3 0x80000064 (0xfa1f2023) mem 0x80002000 0x00000001
core   0: 0x80000068 (0xff5ff06f) j       pc - 0xc
core   0: 3 0x80000068 (0xff5ff06f)
core   0: 0x8000005c (0x00100093) li      ra, 1
core   0: 3 0x8000005c (0x00100093) x1  0x00000001
core   0: 0x80000060 (0x00002f17) auipc   t5, 0x2
core   0: 3 0x80000060 (0x00002f17) x30 0x80002060
core   0: 0x80000064 (0xfa1f2023) sw      ra, -96(t5)
core   0: 3 0x80000064 (0xfa1f2023) mem 0x80002000 0x00000001
core   0: 0x80000068 (0xff5ff06f) j       pc - 0xc
core   0: 3 0x80000068 (0xff5ff06f)
core   0: 0x8000005c (0x00100093) li      ra, 1
core   0: 3 0x8000005c (0x00100093) x1  0x00000001
core   0: 0x80000060 (0x00002f17) auipc   t5, 0x2
core   0: 3 0x80000060 (0x00002f17) x30 0x80002060
core   0: 0x80000064 (0xfa1f2023) sw      ra, -96(t5)
core   0: 3 0x80000064 (0xfa1f2023) mem 0x80002000 0x00000001
core   0: 0x80000068 (0xff5ff06f) j       pc - 0xc
core   0: 3 0x80000068 (0xff5ff06f)
core   0: 0x8000005c (0x00100093) li      ra, 1
core   0: 3 0x8000005c (0x00100093) x1  0x00000001
core   0: 0x80000060 (0x00002f17) auipc   t5, 0x2
core   0: 3 0x80000060 (0x00002f17) x30 0x80002060
core   0: 0x80000064 (0xfa1f2023) sw      ra, -96(t5)
core   0: 3 0x80000064 (0xfa1f2023) mem 0x80002000 0x00000001
core   0: 0x80000068 (0xff5ff06f) j       pc - 0xc
core   0: 3 0x80000068 (0xff5ff06f)
core   0: 0x8000005c (0x00100093) li      ra, 1
core   0: 3 0x8000005c (0x00100093) x1  0x00000001
core   0: 0x80000060 (0x00002f17) auipc   t5, 0x2
core   0: 3 0x80000060 (0x00002f17) x30 0x80002060
core   0: 0x80000064 (0xfa1f2023) sw      ra, -96(t5)
core   0: 3 0x80000064 (0xfa1f2023) mem 0x80002000 0x00000001
core   0: 0x80000068 (0xff5ff06f) j       pc - 0xc
core   0: 3 0x80000068 (0xff5ff06f)
core   0: 0x8000005c (0x00100093) li      ra, 1
core   0: 3 0x8000005c (0x00100093) x1  0x00000001
core   0: 0x80000060 (0x00002f17) auipc   t5, 0x2
core   0: 3 0x80000060 (0x00002f17) x30 0x80002060
core   0: 0x80000064 (0xfa1f2023) sw      ra, -96(t5)
core   0: 3 0x80000064 (0xfa1f2023) mem 0x80002000 0x00000001
core   0: 0x80000068 (0xff5ff06f) j       pc - 0xc
core   0: 3 0x80000068 (0xff5ff06f)
core   0: 0x8000005c (0x00100093) li      ra, 1
core   0: 3 0x8000005c (0x00100093) x1  0x00000001
core   0: 0x80000060 (0x00002f17) auipc   t5, 0x2
core   0: 3 0x80000060 (0x00002f17) x30 0x80002060
core   0: 0x80000064 (0xfa1f2023) sw      ra, -96(t5)
core   0: 3 0x80000064 (0xfa1f2023) mem 0x80002000 0x00000001
core   0: 0x80000068 (0xff5ff06f) j       pc - 0xc
core   0: 3 0x80000068 (0xff5ff06f)
core   0: 0x8000005c (0x00100093) li      ra, 1
core   0: 3 0x8000005c (0x00100093) x1  0x00000001
core   0: 0x80000060 (0x00002f17) auipc   t5, 0x2
core   0: 3 0x80000060 (0x00002f17) x30 0x80002060
core   0: 0x80000064 (0xfa1f2023) sw      ra, -96(t5)
core   0: 3 0x80000064 (0xfa1f2023) mem 0x80002000 0x00000001
core   0: 0x80000068 (0xff5ff06f) j       pc - 0xc
core   0: 3 0x80000068 (0xff5ff06f)
core   0: 0x8000005c (0x00100093) li      ra, 1
core   0: 3 0x8000005c (0x00100093) x1  0x00000001
core   0: 0x80000060 (0x00002f17) auipc   t5, 0x2
core   0: 3 0x80000060 (0x00002f17) x30 0x80002060
core   0: 0x80000064 (0xfa1f2023) sw      ra, -96(t5)
core   0: 3 0x80000064 (0xfa1f2023) mem 0x80002000 0x00000001
core   0: 0x80000068 (0xff5ff06f) j       pc - 0xc
core   0: 3 0x80000068 (0xff5ff06f)
core   0: 0x8000005c (0x00100093) li      ra, 1
core   0: 3 0x8000005c (0x00100093) x1  0x00000001
core   0: 0x80000060 (0x00002f17) auipc   t5, 0x2
core   0: 3 0x80000060 (0x00002f17) x30 0x80002060
core   0: 0x80000064 (0xfa1f2023) sw      ra, -96(t5)
core   0: 3 0x80000064 (0xfa1f2023) mem 0x80002000 0x00000001
core   0: 0x80000068 (0xff5ff06f) j       pc - 0xc
core   0: 3 0x80000068 (0xff5ff06f)
core   0: 0x8000005c (0x00100093) li      ra, 1
core   0: 3 0x8000005c (0x00100093) x1  0x00000001
core   0: 0x80000060 (0x00002f17) auipc   t5, 0x2
core   0: 3 0x80000060 (0x00002f17) x30 0x80002060
core   0: 0x80000064 (0xfa1f2023) sw      ra, -96(t5)
core   0: 3 0x80000064 (0xfa1f2023) mem 0x80002000 0x00000001
core   0: 0x80000068 (0xff5ff06f) j       pc - 0xc
core   0: 3 0x80000068 (0xff5ff06f)
core   0: 0x8000005c (0x00100093) li      ra, 1
core   0: 3 0x8000005c (0x00100093) x1  0x00000001
core   0: 0x80000060 (0x00002f17) auipc   t5, 0x2
core   0: 3 0x80000060 (0x00002f17) x30 0x80002060
core   0: 0x80000064 (0xfa1f2023) sw      ra, -96(t5)
core   0: 3 0x80000064 (0xfa1f2023) mem 0x80002000 0x00000001
core   0: 0x80000068 (0xff5ff06f) j       pc - 0xc
core   0: 3 0x80000068 (0xff5ff06f)
core   0: 0x8000005c (0x00100093) li      ra, 1
core   0: 3 0x8000005c (0x00100093) x1  0x00000001
core   0: 0x80000060 (0x00002f17) auipc   t5, 0x2
core   0: 3 0x80000060 (0x00002f17) x30 0x80002060
core   0: 0x80000064 (0xfa1f2023) sw      ra, -96(t5)
core   0: 3 0x80000064 (0xfa1f2023) mem 0x80002000 0x00000001
core   0: 0x80000068 (0xff5ff06f) j       pc - 0xc
core   0: 3 0x80000068 (0xff5ff06f)
core   0: 0x8000005c (0x00100093) li      ra, 1
core   0: 3 0x8000005c (0x00100093) x1  0x00000001
core   0: 0x80000060 (0x00002f17) auipc   t5, 0x2
core   0: 3 0x80000060 (0x00002f17) x30 0x80002060
core   0: 0x80000064 (0xfa1f2023) sw      ra, -96(t5)
core   0: 3 0x80000064 (0xfa1f2023) mem 0x80002000 0x00000001
core   0: 0x80000068 (0xff5ff06f) j       pc - 0xc
core   0: 3 0x80000068 (0xff5ff06f)
core   0: 0x8000005c (0x00100093) li      ra, 1
core   0: 3 0x8000005c (0x00100093) x1  0x00000001
core   0: 0x80000060 (0x00002f17) auipc   t5, 0x2
core   0: 3 0x80000060 (0x00002f17) x30 0x80002060
core   0: 0x80000064 (0xfa1f2023) sw      ra, -96(t5)
core   0: 3 0x80000064 (0xfa1f2023) mem 0x80002000 0x00000001
core   0: 0x80000068 (0xff5ff06f) j       pc - 0xc
core   0: 3 0x80000068 (0xff5ff06f)
core   0: 0x8000005c (0x00100093) li      ra, 1
core   0: 3 0x8000005c (0x00100093) x1  0x00000001
core   0: 0x80000060 (0x00002f17) auipc   t5, 0x2
core   0: 3 0x80000060 (0x00002f17) x30 0x80002060
core   0: 0x80000064 (0xfa1f2023) sw      ra, -96(t5)
core   0: 3 0x80000064 (0xfa1f2023) mem 0x80002000 0x00000001
core   0: 0x80000068 (0xff5ff06f) j       pc - 0xc
core   0: 3 0x80000068 (0xff5ff06f)
core   0: 0x8000005c (0x00100093) li      ra, 1
core   0: 3 0x8000005c (0x00100093) x1  0x00000001
core   0: 0x80000060 (0x00002f17) auipc   t5, 0x2
core   0: 3 0x80000060 (0x00002f17) x30 0x80002060
core   0: 0x80000064 (0xfa1f2023) sw      ra, -96(t5)
core   0: 3 0x80000064 (0xfa1f2023) mem 0x80002000 0x00000001
core   0: 0x80000068 (0xff5ff06f) j       pc - 0xc
core   0: 3 0x80000068 (0xff5ff06f)
core   0: 0x8000005c (0x00100093) li      ra, 1
core   0: 3 0x8000005c (0x00100093) x1  0x00000001
core   0: 0x80000060 (0x00002f17) auipc   t5, 0x2
core   0: 3 0x80000060 (0x00002f17) x30 0x80002060
core   0: 0x80000064 (0xfa1f2023) sw      ra, -96(t5)
core   0: 3 0x80000064 (0xfa1f2023) mem 0x80002000 0x00000001
core   0: 0x80000068 (0xff5ff06f) j       pc - 0xc
core   0: 3 0x80000068 (0xff5ff06f)
core   0: 0x8000005c (0x00100093) li      ra, 1
core   0: 3 0x8000005c (0x00100093) x1  0x00000001
core   0: 0x80000060 (0x00002f17) auipc   t5, 0x2
core   0: 3 0x80000060 (0x00002f17) x30 0x80002060
core   0: 0x80000064 (0xfa1f2023) sw      ra, -96(t5)
core   0: 3 0x80000064 (0xfa1f2023) mem 0x80002000 0x00000001
core   0: 0x80000068 (0xff5ff06f) j       pc - 0xc
core   0: 3 0x80000068 (0xff5ff06f)
core   0: 0x8000005c (0x00100093) li      ra, 1
core   0: 3 0x8000005c (0x00100093) x1  0x00000001
core   0: 0x80000060 (0x00002f17) auipc   t5, 0x2
core   0: 3 0x80000060 (0x00002f17) x30 0x80002060
core   0: 0x80000064 (0xfa1f2023) sw      ra, -96(t5)
core   0: 3 0x80000064 (0xfa1f2023) mem 0x80002000 0x00000001
core   0: 0x80000068 (0xff5ff06f) j       pc - 0xc
core   0: 3 0x80000068 (0xff5ff06f)
core   0: 0x8000005c (0x00100093) li      ra, 1
core   0: 3 0x8000005c (0x00100093) x1  0x00000001
core   0: 0x80000060 (0x00002f17) auipc   t5, 0x2
core   0: 3 0x80000060 (0x00002f17) x30 0x80002060
core   0: 0x80000064 (0xfa1f2023) sw      ra, -96(t5)
core   0: 3 0x80000064 (0xfa1f2023) mem 0x80002000 0x00000001
core   0: 0x80000068 (0xff5ff06f) j       pc - 0xc
core   0: 3 0x80000068 (0xff5ff06f)
core   0: 0x8000005c (0x00100093) li      ra, 1
core   0: 3 0x8000005c (0x00100093) x1  0x00000001
core   0: 0x80000060 (0x00002f17) auipc   t5, 0x2
core   0: 3 0x80000060 (0x00002f17) x30 0x80002060
core   0: 0x80000064 (0xfa1f2023) sw      ra, -96(t5)
core   0: 3 0x80000064 (0xfa1f2023) mem 0x80002000 0x00000001
core   0: 0x80000068 (0xff5ff06f) j       pc - 0xc
core   0: 3 0x80000068 (0xff5ff06f)
core   0: 0x8000005c (0x00100093) li      ra, 1
core   0: 3 0x8000005c (0x00100093) x1  0x00000001
core   0: 0x80000060 (0x00002f17) auipc   t5, 0x2
core   0: 3 0x80000060 (0x00002f17) x30 0x80002060
core   0: 0x80000064 (0xfa1f2023) sw      ra, -96(t5)
core   0: 3 0x80000064 (0xfa1f2023) mem 0x80002000 0x00000001
core   0: 0x80000068 (0xff5ff06f) j       pc - 0xc
core   0: 3 0x80000068 (0xff5ff06f)
core   0: 0x8000005c (0x00100093) li      ra, 1
core   0: 3 0x8000005c (0x00100093) x1  0x00000001
core   0: 0x80000060 (0x00002f17) auipc   t5, 0x2
core   0: 3 0x80000060 (0x00002f17) x30 0x80002060
core   0: 0x80000064 (0xfa1f2023) sw      ra, -96(t5)
core   0: 3 0x80000064 (0xfa1f2023) mem 0x80002000 0x00000001
core   0: 0x80000068 (0xff5ff06f) j       pc - 0xc
core   0: 3 0x80000068 (0xff5ff06f)
core   0: 0x8000005c (0x00100093) li      ra, 1
core   0: 3 0x8000005c (0x00100093) x1  0x00000001
core   0: 0x80000060 (0x00002f17) auipc   t5, 0x2
core   0: 3 0x80000060 (0x00002f17) x30 0x80002060
core   0: 0x80000064 (0xfa1f2023) sw      ra, -96(t5)
core   0: 3 0x80000064 (0xfa1f2023) mem 0x80002000 0x00000001
core   0: 0x80000068 (0xff5ff06f) j       pc - 0xc
core   0: 3 0x80000068 (0xff5ff06f)
core   0: 0x8000005c (0x00100093) li      ra, 1
core   0: 3 0x8000005c (0x00100093) x1  0x00000001
core   0: 0x80000060 (0x00002f17) auipc   t5, 0x2
core   0: 3 0x80000060 (0x00002f17) x30 0x80002060
core   0: 0x80000064 (0xfa1f2023) sw      ra, -96(t5)
core   0: 3 0x80000064 (0xfa1f2023) mem 0x80002000 0x00000001
core   0: 0x80000068 (0xff5ff06f) j       pc - 0xc
core   0: 3 0x80000068 (0xff5ff06f)
core   0: 0x8000005c (0x00100093) li      ra, 1
core   0: 3 0x8000005c (0x00100093) x1  0x00000001
core   0: 0x80000060 (0x00002f17) auipc   t5, 0x2
core   0: 3 0x80000060 (0x00002f17) x30 0x80002060
core   0: 0x80000064 (0xfa1f2023) sw      ra, -96(t5)
core   0: 3 0x80000064 (0xfa1f2023) mem 0x80002000 0x00000001
core   0: 0x80000068 (0xff5ff06f) j       pc - 0xc
core   0: 3 0x80000068 (0xff5ff06f)
core   0: 0x8000005c (0x00100093) li      ra, 1
core   0: 3 0x8000005c (0x00100093) x1  0x00000001
core   0: 0x80000060 (0x00002f17) auipc   t5, 0x2
core   0: 3 0x80000060 (0x00002f17) x30 0x80002060
core   0: 0x80000064 (0xfa1f2023) sw      ra, -96(t5)
core   0: 3 0x80000064 (0xfa1f2023) mem 0x80002000 0x00000001
core   0: 0x80000068 (0xff5ff06f) j       pc - 0xc
core   0: 3 0x80000068 (0xff5ff06f)
core   0: 0x8000005c (0x00100093) li      ra, 1
core   0: 3 0x8000005c (0x00100093) x1  0x00000001
core   0: 0x80000060 (0x00002f17) auipc   t5, 0x2
core   0: 3 0x80000060 (0x00002f17) x30 0x80002060
core   0: 0x80000064 (0xfa1f2023) sw      ra, -96(t5)
core   0: 3 0x80000064 (0xfa1f2023) mem 0x80002000 0x00000001
core   0: 0x80000068 (0xff5ff06f) j       pc - 0xc
core   0: 3 0x80000068 (0xff5ff06f)
core   0: 0x8000005c (0x00100093) li      ra, 1
core   0: 3 0x8000005c (0x00100093) x1  0x00000001
core   0: 0x80000060 (0x00002f17) auipc   t5, 0x2
core   0: 3 0x80000060 (0x00002f17) x30 0x80002060
core   0: 0x80000064 (0xfa1f2023) sw      ra, -96(t5)
core   0: 3 0x80000064 (0xfa1f2023) mem 0x80002000 0x00000001
core   0: 0x80000068 (0xff5ff06f) j       pc - 0xc
core   0: 3 0x80000068 (0xff5ff06f)
core   0: 0x8000005c (0x00100093) li      ra, 1
core   0: 3 0x8000005c (0x00100093) x1  0x00000001
core   0: 0x80000060 (0x00002f17) auipc   t5, 0x2
core   0: 3 0x80000060 (0x00002f17) x30 0x80002060
core   0: 0x80000064 (0xfa1f2023) sw      ra, -96(t5)
core   0: 3 0x80000064 (0xfa1f2023) mem 0x80002000 0x00000001
core   0: 0x80000068 (0xff5ff06f) j       pc - 0xc
core   0: 3 0x80000068 (0xff5ff06f)
core   0: 0x8000005c (0x00100093) li      ra, 1
core   0: 3 0x8000005c (0x00100093) x1  0x00000001
core   0: 0x80000060 (0x00002f17) auipc   t5, 0x2
core   0: 3 0x80000060 (0x00002f17) x30 0x80002060
core   0: 0x80000064 (0xfa1f2023) sw      ra, -96(t5)
core   0: 3 0x80000064 (0xfa1f2023) mem 0x80002000 0x00000001
core   0: 0x80000068 (0xff5ff06f) j       pc - 0xc
core   0: 3 0x80000068 (0xff5ff06f)
core   0: 0x8000005c (0x00100093) li      ra, 1
core   0: 3 0x8000005c (0x00100093) x1  0x00000001
core   0: 0x80000060 (0x00002f17) auipc   t5, 0x2
core   0: 3 0x80000060 (0x00002f17) x30 0x80002060
core   0: 0x80000064 (0xfa1f2023) sw      ra, -96(t5)
core   0: 3 0x80000064 (0xfa1f2023) mem 0x80002000 0x00000001
core   0: 0x80000068 (0xff5ff06f) j       pc - 0xc
core   0: 3 0x80000068 (0xff5ff06f)
core   0: 0x8000005c (0x00100093) li      ra, 1
core   0: 3 0x8000005c (0x00100093) x1  0x00000001
core   0: 0x80000060 (0x00002f17) auipc   t5, 0x2
core   0: 3 0x80000060 (0x00002f17) x30 0x80002060
core   0: 0x80000064 (0xfa1f2023) sw      ra, -96(t5)
core   0: 3 0x80000064 (0xfa1f2023) mem 0x80002000 0x00000001
core   0: 0x80000068 (0xff5ff06f) j       pc - 0xc
core   0: 3 0x80000068 (0xff5ff06f)
core   0: 0x8000005c (0x00100093) li      ra, 1
core   0: 3 0x8000005c (0x00100093) x1  0x00000001
core   0: 0x80000060 (0x00002f17) auipc   t5, 0x2
core   0: 3 0x80000060 (0x00002f17) x30 0x80002060
core   0: 0x80000064 (0xfa1f2023) sw      ra, -96(t5)
core   0: 3 0x80000064 (0xfa1f2023) mem 0x80002000 0x00000001
core   0: 0x80000068 (0xff5ff06f) j       pc - 0xc
core   0: 3 0x80000068 (0xff5ff06f)
core   0: 0x8000005c (0x00100093) li      ra, 1
core   0: 3 0x8000005c (0x00100093) x1  0x00000001
core   0: 0x80000060 (0x00002f17) auipc   t5, 0x2
core   0: 3 0x80000060 (0x00002f17) x30 0x80002060
core   0: 0x80000064 (0xfa1f2023) sw      ra, -96(t5)
core   0: 3 0x80000064 (0xfa1f2023) mem 0x80002000 0x00000001
core   0: 0x80000068 (0xff5ff06f) j       pc - 0xc
core   0: 3 0x80000068 (0xff5ff06f)
core   0: 0x8000005c (0x00100093) li      ra, 1
core   0: 3 0x8000005c (0x00100093) x1  0x00000001
core   0: 0x80000060 (0x00002f17) auipc   t5, 0x2
core   0: 3 0x80000060 (0x00002f17) x30 0x80002060
core   0: 0x80000064 (0xfa1f2023) sw      ra, -96(t5)
core   0: 3 0x80000064 (0xfa1f2023) mem 0x80002000 0x00000001
core   0: 0x80000068 (0xff5ff06f) j       pc - 0xc
core   0: 3 0x80000068 (0xff5ff06f)
core   0: 0x8000005c (0x00100093) li      ra, 1
core   0: 3 0x8000005c (0x00100093) x1  0x00000001
core   0: 0x80000060 (0x00002f17) auipc   t5, 0x2
core   0: 3 0x80000060 (0x00002f17) x30 0x80002060
core   0: 0x80000064 (0xfa1f2023) sw      ra, -96(t5)
core   0: 3 0x80000064 (0xfa1f2023) mem 0x80002000 0x00000001
core   0: 0x80000068 (0xff5ff06f) j       pc - 0xc
core   0: 3 0x80000068 (0xff5ff06f)
core   0: 0x8000005c (0x00100093) li      ra, 1
core   0: 3 0x8000005c (0x00100093) x1  0x00000001
core   0: 0x80000060 (0x00002f17) auipc   t5, 0x2
core   0: 3 0x80000060 (0x00002f17) x30 0x80002060
core   0: 0x80000064 (0xfa1f2023) sw      ra, -96(t5)
core   0: 3 0x80000064 (0xfa1f2023) mem 0x80002000 0x00000001
core   0: 0x80000068 (0xff5ff06f) j       pc - 0xc
core   0: 3 0x80000068 (0xff5ff06f)
core   0: 0x8000005c (0x00100093) li      ra, 1
core   0: 3 0x8000005c (0x00100093) x1  0x00000001
core   0: 0x80000060 (0x00002f17) auipc   t5, 0x2
core   0: 3 0x80000060 (0x00002f17) x30 0x80002060
core   0: 0x80000064 (0xfa1f2023) sw      ra, -96(t5)
core   0: 3 0x80000064 (0xfa1f2023) mem 0x80002000 0x00000001
core   0: 0x80000068 (0xff5ff06f) j       pc - 0xc
core   0: 3 0x80000068 (0xff5ff06f)
core   0: 0x8000005c (0x00100093) li      ra, 1
core   0: 3 0x8000005c (0x00100093) x1  0x00000001
core   0: 0x80000060 (0x00002f17) auipc   t5, 0x2
core   0: 3 0x80000060 (0x00002f17) x30 0x80002060
core   0: 0x80000064 (0xfa1f2023) sw      ra, -96(t5)
core   0: 3 0x80000064 (0xfa1f2023) mem 0x80002000 0x00000001
core   0: 0x80000068 (0xff5ff06f) j       pc - 0xc
core   0: 3 0x80000068 (0xff5ff06f)
core   0: 0x8000005c (0x00100093) li      ra, 1
core   0: 3 0x8000005c (0x00100093) x1  0x00000001
core   0: 0x80000060 (0x00002f17) auipc   t5, 0x2
core   0: 3 0x80000060 (0x00002f17) x30 0x80002060
core   0: 0x80000064 (0xfa1f2023) sw      ra, -96(t5)
core   0: 3 0x80000064 (0xfa1f2023) mem 0x80002000 0x00000001
core   0: 0x80000068 (0xff5ff06f) j       pc - 0xc
core   0: 3 0x80000068 (0xff5ff06f)
core   0: 0x8000005c (0x00100093) li      ra, 1
core   0: 3 0x8000005c (0x00100093) x1  0x00000001
core   0: 0x80000060 (0x00002f17) auipc   t5, 0x2
core   0: 3 0x80000060 (0x00002f17) x30 0x80002060
core   0: 0x80000064 (0xfa1f2023) sw      ra, -96(t5)
core   0: 3 0x80000064 (0xfa1f2023) mem 0x80002000 0x00000001
core   0: 0x80000068 (0xff5ff06f) j       pc - 0xc
core   0: 3 0x80000068 (0xff5ff06f)
core   0: 0x8000005c (0x00100093) li      ra, 1
core   0: 3 0x8000005c (0x00100093) x1  0x00000001
core   0: 0x80000060 (0x00002f17) auipc   t5, 0x2
core   0: 3 0x80000060 (0x00002f17) x30 0x80002060
core   0: 0x80000064 (0xfa1f2023) sw      ra, -96(t5)
core   0: 3 0x80000064 (0xfa1f2023) mem 0x80002000 0x00000001
core   0: 0x80000068 (0xff5ff06f) j       pc - 0xc
core   0: 3 0x80000068 (0xff5ff06f)
core   0: 0x8000005c (0x00100093) li      ra, 1
core   0: 3 0x8000005c (0x00100093) x1  0x00000001
core   0: 0x80000060 (0x00002f17) auipc   t5, 0x2
core   0: 3 0x80000060 (0x00002f17) x30 0x80002060
core   0: 0x80000064 (0xfa1f2023) sw      ra, -96(t5)
core   0: 3 0x80000064 (0xfa1f2023) mem 0x80002000 0x00000001
core   0: 0x80000068 (0xff5ff06f) j       pc - 0xc
core   0: 3 0x80000068 (0xff5ff06f)
core   0: 0x8000005c (0x00100093) li      ra, 1
core   0: 3 0x8000005c (0x00100093) x1  0x00000001
core   0: 0x80000060 (0x00002f17) auipc   t5, 0x2
core   0: 3 0x80000060 (0x00002f17) x30 0x80002060
core   0: 0x80000064 (0xfa1f2023) sw      ra, -96(t5)
core   0: 3 0x80000064 (0xfa1f2023) mem 0x80002000 0x00000001
core   0: 0x80000068 (0xff5ff06f) j       pc - 0xc
core   0: 3 0x80000068 (0xff5ff06f)
core   0: 0x8000005c (0x00100093) li      ra, 1
core   0: 3 0x8000005c (0x00100093) x1  0x00000001
core   0: 0x80000060 (0x00002f17) auipc   t5, 0x2
core   0: 3 0x80000060 (0x00002f17) x30 0x80002060
core   0: 0x80000064 (0xfa1f2023) sw      ra, -96(t5)
core   0: 3 0x80000064 (0xfa1f2023) mem 0x80002000 0x00000001
core   0: 0x80000068 (0xff5ff06f) j       pc - 0xc
core   0: 3 0x80000068 (0xff5ff06f)
core   0: 0x8000005c (0x00100093) li      ra, 1
core   0: 3 0x8000005c (0x00100093) x1  0x00000001
core   0: 0x80000060 (0x00002f17) auipc   t5, 0x2
core   0: 3 0x80000060 (0x00002f17) x30 0x80002060
core   0: 0x80000064 (0xfa1f2023) sw      ra, -96(t5)
core   0: 3 0x80000064 (0xfa1f2023) mem 0x80002000 0x00000001
core   0: 0x80000068 (0xff5ff06f) j       pc - 0xc
core   0: 3 0x80000068 (0xff5ff06f)
core   0: 0x8000005c (0x00100093) li      ra, 1
core   0: 3 0x8000005c (0x00100093) x1  0x00000001
core   0: 0x80000060 (0x00002f17) auipc   t5, 0x2
core   0: 3 0x80000060 (0x00002f17) x30 0x80002060
core   0: 0x80000064 (0xfa1f2023) sw      ra, -96(t5)
core   0: 3 0x80000064 (0xfa1f2023) mem 0x80002000 0x00000001
core   0: 0x80000068 (0xff5ff06f) j       pc - 0xc
core   0: 3 0x80000068 (0xff5ff06f)
core   0: 0x8000005c (0x00100093) li      ra, 1
core   0: 3 0x8000005c (0x00100093) x1  0x00000001
core   0: 0x80000060 (0x00002f17) auipc   t5, 0x2
core   0: 3 0x80000060 (0x00002f17) x30 0x80002060
core   0: 0x80000064 (0xfa1f2023) sw      ra, -96(t5)
core   0: 3 0x80000064 (0xfa1f2023) mem 0x80002000 0x00000001
core   0: 0x80000068 (0xff5ff06f) j       pc - 0xc
core   0: 3 0x80000068 (0xff5ff06f)
core   0: 0x8000005c (0x00100093) li      ra, 1
core   0: 3 0x8000005c (0x00100093) x1  0x00000001
core   0: 0x80000060 (0x00002f17) auipc   t5, 0x2
core   0: 3 0x80000060 (0x00002f17) x30 0x80002060
core   0: 0x80000064 (0xfa1f2023) sw      ra, -96(t5)
core   0: 3 0x80000064 (0xfa1f2023) mem 0x80002000 0x00000001
core   0: 0x80000068 (0xff5ff06f) j       pc - 0xc
core   0: 3 0x80000068 (0xff5ff06f)
core   0: 0x8000005c (0x00100093) li      ra, 1
core   0: 3 0x8000005c (0x00100093) x1  0x00000001
core   0: 0x80000060 (0x00002f17) auipc   t5, 0x2
core   0: 3 0x80000060 (0x00002f17) x30 0x80002060
core   0: 0x80000064 (0xfa1f2023) sw      ra, -96(t5)
core   0: 3 0x80000064 (0xfa1f2023) mem 0x80002000 0x00000001
core   0: 0x80000068 (0xff5ff06f) j       pc - 0xc
core   0: 3 0x80000068 (0xff5ff06f)
core   0: 0x8000005c (0x00100093) li      ra, 1
core   0: 3 0x8000005c (0x00100093) x1  0x00000001
core   0: 0x80000060 (0x00002f17) auipc   t5, 0x2
core   0: 3 0x80000060 (0x00002f17) x30 0x80002060
core   0: 0x80000064 (0xfa1f2023) sw      ra, -96(t5)
core   0: 3 0x80000064 (0xfa1f2023) mem 0x80002000 0x00000001
core   0: 0x80000068 (0xff5ff06f) j       pc - 0xc
core   0: 3 0x80000068 (0xff5ff06f)
core   0: 0x8000005c (0x00100093) li      ra, 1
core   0: 3 0x8000005c (0x00100093) x1  0x00000001
core   0: 0x80000060 (0x00002f17) auipc   t5, 0x2
core   0: 3 0x80000060 (0x00002f17) x30 0x80002060
core   0: 0x80000064 (0xfa1f2023) sw      ra, -96(t5)
core   0: 3 0x80000064 (0xfa1f2023) mem 0x80002000 0x00000001
core   0: 0x80000068 (0xff5ff06f) j       pc - 0xc
core   0: 3 0x80000068 (0xff5ff06f)
core   0: 0x8000005c (0x00100093) li      ra, 1
core   0: 3 0x8000005c (0x00100093) x1  0x00000001
core   0: 0x80000060 (0x00002f17) auipc   t5, 0x2
core   0: 3 0x80000060 (0x00002f17) x30 0x80002060
core   0: 0x80000064 (0xfa1f2023) sw      ra, -96(t5)
core   0: 3 0x80000064 (0xfa1f2023) mem 0x80002000 0x00000001
core   0: 0x80000068 (0xff5ff06f) j       pc - 0xc
core   0: 3 0x80000068 (0xff5ff06f)
core   0: 0x8000005c (0x00100093) li      ra, 1
core   0: 3 0x8000005c (0x00100093) x1  0x00000001
core   0: 0x80000060 (0x00002f17) auipc   t5, 0x2
core   0: 3 0x80000060 (0x00002f17) x30 0x80002060
core   0: 0x80000064 (0xfa1f2023) sw      ra, -96(t5)
core   0: 3 0x80000064 (0xfa1f2023) mem 0x80002000 0x00000001
core   0: 0x80000068 (0xff5ff06f) j       pc - 0xc
core   0: 3 0x80000068 (0xff5ff06f)
core   0: 0x8000005c (0x00100093) li      ra, 1
core   0: 3 0x8000005c (0x00100093) x1  0x00000001
core   0: 0x80000060 (0x00002f17) auipc   t5, 0x2
core   0: 3 0x80000060 (0x00002f17) x30 0x80002060
core   0: 0x80000064 (0xfa1f2023) sw      ra, -96(t5)
core   0: 3 0x80000064 (0xfa1f2023) mem 0x80002000 0x00000001
core   0: 0x80000068 (0xff5ff06f) j       pc - 0xc
core   0: 3 0x80000068 (0xff5ff06f)
core   0: 0x8000005c (0x00100093) li      ra, 1
core   0: 3 0x8000005c (0x00100093) x1  0x00000001
core   0: 0x80000060 (0x00002f17) auipc   t5, 0x2
core   0: 3 0x80000060 (0x00002f17) x30 0x80002060
core   0: 0x80000064 (0xfa1f2023) sw      ra, -96(t5)
core   0: 3 0x80000064 (0xfa1f2023) mem 0x80002000 0x00000001
core   0: 0x80000068 (0xff5ff06f) j       pc - 0xc
core   0: 3 0x80000068 (0xff5ff06f)
core   0: 0x8000005c (0x00100093) li      ra, 1
core   0: 3 0x8000005c (0x00100093) x1  0x00000001
core   0: 0x80000060 (0x00002f17) auipc   t5, 0x2
core   0: 3 0x80000060 (0x00002f17) x30 0x80002060
core   0: 0x80000064 (0xfa1f2023) sw      ra, -96(t5)
core   0: 3 0x80000064 (0xfa1f2023) mem 0x80002000 0x00000001
core   0: 0x80000068 (0xff5ff06f) j       pc - 0xc
core   0: 3 0x80000068 (0xff5ff06f)
core   0: 0x8000005c (0x00100093) li      ra, 1
core   0: 3 0x8000005c (0x00100093) x1  0x00000001
core   0: 0x80000060 (0x00002f17) auipc   t5, 0x2
core   0: 3 0x80000060 (0x00002f17) x30 0x80002060
core   0: 0x80000064 (0xfa1f2023) sw      ra, -96(t5)
core   0: 3 0x80000064 (0xfa1f2023) mem 0x80002000 0x00000001
core   0: 0x80000068 (0xff5ff06f) j       pc - 0xc
core   0: 3 0x80000068 (0xff5ff06f)
core   0: 0x8000005c (0x00100093) li      ra, 1
core   0: 3 0x8000005c (0x00100093) x1  0x00000001
core   0: 0x80000060 (0x00002f17) auipc   t5, 0x2
core   0: 3 0x80000060 (0x00002f17) x30 0x80002060
core   0: 0x80000064 (0xfa1f2023) sw      ra, -96(t5)
core   0: 3 0x80000064 (0xfa1f2023) mem 0x80002000 0x00000001
core   0: 0x80000068 (0xff5ff06f) j       pc - 0xc
core   0: 3 0x80000068 (0xff5ff06f)
core   0: 0x8000005c (0x00100093) li      ra, 1
core   0: 3 0x8000005c (0x00100093) x1  0x00000001
core   0: 0x80000060 (0x00002f17) auipc   t5, 0x2
core   0: 3 0x80000060 (0x00002f17) x30 0x80002060
core   0: 0x80000064 (0xfa1f2023) sw      ra, -96(t5)
core   0: 3 0x80000064 (0xfa1f2023) mem 0x80002000 0x00000001
core   0: 0x80000068 (0xff5ff06f) j       pc - 0xc
core   0: 3 0x80000068 (0xff5ff06f)
core   0: 0x8000005c (0x00100093) li      ra, 1
core   0: 3 0x8000005c (0x00100093) x1  0x00000001
core   0: 0x80000060 (0x00002f17) auipc   t5, 0x2
core   0: 3 0x80000060 (0x00002f17) x30 0x80002060
core   0: 0x80000064 (0xfa1f2023) sw      ra, -96(t5)
core   0: 3 0x80000064 (0xfa1f2023) mem 0x80002000 0x00000001
core   0: 0x80000068 (0xff5ff06f) j       pc - 0xc
core   0: 3 0x80000068 (0xff5ff06f)
core   0: 0x8000005c (0x00100093) li      ra, 1
core   0: 3 0x8000005c (0x00100093) x1  0x00000001
core   0: 0x80000060 (0x00002f17) auipc   t5, 0x2
core   0: 3 0x80000060 (0x00002f17) x30 0x80002060
core   0: 0x80000064 (0xfa1f2023) sw      ra, -96(t5)
core   0: 3 0x80000064 (0xfa1f2023) mem 0x80002000 0x00000001
core   0: 0x80000068 (0xff5ff06f) j       pc - 0xc
core   0: 3 0x80000068 (0xff5ff06f)
core   0: 0x8000005c (0x00100093) li      ra, 1
core   0: 3 0x8000005c (0x00100093) x1  0x00000001
core   0: 0x80000060 (0x00002f17) auipc   t5, 0x2
core   0: 3 0x80000060 (0x00002f17) x30 0x80002060
core   0: 0x80000064 (0xfa1f2023) sw      ra, -96(t5)
core   0: 3 0x80000064 (0xfa1f2023) mem 0x80002000 0x00000001
core   0: 0x80000068 (0xff5ff06f) j       pc - 0xc
core   0: 3 0x80000068 (0xff5ff06f)
core   0: 0x8000005c (0x00100093) li      ra, 1
core   0: 3 0x8000005c (0x00100093) x1  0x00000001
core   0: 0x80000060 (0x00002f17) auipc   t5, 0x2
core   0: 3 0x80000060 (0x00002f17) x30 0x80002060
core   0: 0x80000064 (0xfa1f2023) sw      ra, -96(t5)
core   0: 3 0x80000064 (0xfa1f2023) mem 0x80002000 0x00000001
core   0: 0x80000068 (0xff5ff06f) j       pc - 0xc
core   0: 3 0x80000068 (0xff5ff06f)
core   0: 0x8000005c (0x00100093) li      ra, 1
core   0: 3 0x8000005c (0x00100093) x1  0x00000001
core   0: 0x80000060 (0x00002f17) auipc   t5, 0x2
core   0: 3 0x80000060 (0x00002f17) x30 0x80002060
core   0: 0x80000064 (0xfa1f2023) sw      ra, -96(t5)
core   0: 3 0x80000064 (0xfa1f2023) mem 0x80002000 0x00000001
core   0: 0x80000068 (0xff5ff06f) j       pc - 0xc
core   0: 3 0x80000068 (0xff5ff06f)
core   0: 0x8000005c (0x00100093) li      ra, 1
core   0: 3 0x8000005c (0x00100093) x1  0x00000001
core   0: 0x80000060 (0x00002f17) auipc   t5, 0x2
core   0: 3 0x80000060 (0x00002f17) x30 0x80002060
core   0: 0x80000064 (0xfa1f2023) sw      ra, -96(t5)
core   0: 3 0x80000064 (0xfa1f2023) mem 0x80002000 0x00000001
core   0: 0x80000068 (0xff5ff06f) j       pc - 0xc
core   0: 3 0x80000068 (0xff5ff06f)
core   0: 0x8000005c (0x00100093) li      ra, 1
core   0: 3 0x8000005c (0x00100093) x1  0x00000001
core   0: 0x80000060 (0x00002f17) auipc   t5, 0x2
core   0: 3 0x80000060 (0x00002f17) x30 0x80002060
core   0: 0x80000064 (0xfa1f2023) sw      ra, -96(t5)
core   0: 3 0x80000064 (0xfa1f2023) mem 0x80002000 0x00000001
core   0: 0x80000068 (0xff5ff06f) j       pc - 0xc
core   0: 3 0x80000068 (0xff5ff06f)
core   0: 0x8000005c (0x00100093) li      ra, 1
core   0: 3 0x8000005c (0x00100093) x1  0x00000001
core   0: 0x80000060 (0x00002f17) auipc   t5, 0x2
core   0: 3 0x80000060 (0x00002f17) x30 0x80002060
core   0: 0x80000064 (0xfa1f2023) sw      ra, -96(t5)
core   0: 3 0x80000064 (0xfa1f2023) mem 0x80002000 0x00000001
core   0: 0x80000068 (0xff5ff06f) j       pc - 0xc
core   0: 3 0x80000068 (0xff5ff06f)
core   0: 0x8000005c (0x00100093) li      ra, 1
core   0: 3 0x8000005c (0x00100093) x1  0x00000001
core   0: 0x80000060 (0x00002f17) auipc   t5, 0x2
core   0: 3 0x80000060 (0x00002f17) x30 0x80002060
core   0: 0x80000064 (0xfa1f2023) sw      ra, -96(t5)
core   0: 3 0x80000064 (0xfa1f2023) mem 0x80002000 0x00000001
core   0: 0x80000068 (0xff5ff06f) j       pc - 0xc
core   0: 3 0x80000068 (0xff5ff06f)
core   0: 0x8000005c (0x00100093) li      ra, 1
core   0: 3 0x8000005c (0x00100093) x1  0x00000001
core   0: 0x80000060 (0x00002f17) auipc   t5, 0x2
core   0: 3 0x80000060 (0x00002f17) x30 0x80002060
core   0: 0x80000064 (0xfa1f2023) sw      ra, -96(t5)
core   0: 3 0x80000064 (0xfa1f2023) mem 0x80002000 0x00000001
core   0: 0x80000068 (0xff5ff06f) j       pc - 0xc
core   0: 3 0x80000068 (0xff5ff06f)
core   0: 0x8000005c (0x00100093) li      ra, 1
core   0: 3 0x8000005c (0x00100093) x1  0x00000001
core   0: 0x80000060 (0x00002f17) auipc   t5, 0x2
core   0: 3 0x80000060 (0x00002f17) x30 0x80002060
core   0: 0x80000064 (0xfa1f2023) sw      ra, -96(t5)
core   0: 3 0x80000064 (0xfa1f2023) mem 0x80002000 0x00000001
core   0: 0x80000068 (0xff5ff06f) j       pc - 0xc
core   0: 3 0x80000068 (0xff5ff06f)
core   0: 0x8000005c (0x00100093) li      ra, 1
core   0: 3 0x8000005c (0x00100093) x1  0x00000001
core   0: 0x80000060 (0x00002f17) auipc   t5, 0x2
core   0: 3 0x80000060 (0x00002f17) x30 0x80002060
core   0: 0x80000064 (0xfa1f2023) sw      ra, -96(t5)
core   0: 3 0x80000064 (0xfa1f2023) mem 0x80002000 0x00000001
core   0: 0x80000068 (0xff5ff06f) j       pc - 0xc
core   0: 3 0x80000068 (0xff5ff06f)
core   0: 0x8000005c (0x00100093) li      ra, 1
core   0: 3 0x8000005c (0x00100093) x1  0x00000001
core   0: 0x80000060 (0x00002f17) auipc   t5, 0x2
core   0: 3 0x80000060 (0x00002f17) x30 0x80002060
core   0: 0x80000064 (0xfa1f2023) sw      ra, -96(t5)
core   0: 3 0x80000064 (0xfa1f2023) mem 0x80002000 0x00000001
core   0: 0x80000068 (0xff5ff06f) j       pc - 0xc
core   0: 3 0x80000068 (0xff5ff06f)
core   0: 0x8000005c (0x00100093) li      ra, 1
core   0: 3 0x8000005c (0x00100093) x1  0x00000001
core   0: 0x80000060 (0x00002f17) auipc   t5, 0x2
core   0: 3 0x80000060 (0x00002f17) x30 0x80002060
core   0: 0x80000064 (0xfa1f2023) sw      ra, -96(t5)
core   0: 3 0x80000064 (0xfa1f2023) mem 0x80002000 0x00000001
core   0: 0x80000068 (0xff5ff06f) j       pc - 0xc
core   0: 3 0x80000068 (0xff5ff06f)
core   0: 0x8000005c (0x00100093) li      ra, 1
core   0: 3 0x8000005c (0x00100093) x1  0x00000001
core   0: 0x80000060 (0x00002f17) auipc   t5, 0x2
core   0: 3 0x80000060 (0x00002f17) x30 0x80002060
core   0: 0x80000064 (0xfa1f2023) sw      ra, -96(t5)
core   0: 3 0x80000064 (0xfa1f2023) mem 0x80002000 0x00000001
core   0: 0x80000068 (0xff5ff06f) j       pc - 0xc
core   0: 3 0x80000068 (0xff5ff06f)
core   0: 0x8000005c (0x00100093) li      ra, 1
core   0: 3 0x8000005c (0x00100093) x1  0x00000001
core   0: 0x80000060 (0x00002f17) auipc   t5, 0x2
core   0: 3 0x80000060 (0x00002f17) x30 0x80002060
core   0: 0x80000064 (0xfa1f2023) sw      ra, -96(t5)
core   0: 3 0x80000064 (0xfa1f2023) mem 0x80002000 0x00000001
core   0: 0x80000068 (0xff5ff06f) j       pc - 0xc
core   0: 3 0x80000068 (0xff5ff06f)
core   0: 0x8000005c (0x00100093) li      ra, 1
core   0: 3 0x8000005c (0x00100093) x1  0x00000001
core   0: 0x80000060 (0x00002f17) auipc   t5, 0x2
core   0: 3 0x80000060 (0x00002f17) x30 0x80002060
core   0: 0x80000064 (0xfa1f2023) sw      ra, -96(t5)
core   0: 3 0x80000064 (0xfa1f2023) mem 0x80002000 0x00000001
core   0: 0x80000068 (0xff5ff06f) j       pc - 0xc
core   0: 3 0x80000068 (0xff5ff06f)
core   0: 0x8000005c (0x00100093) li      ra, 1
core   0: 3 0x8000005c (0x00100093) x1  0x00000001
core   0: 0x80000060 (0x00002f17) auipc   t5, 0x2
core   0: 3 0x80000060 (0x00002f17) x30 0x80002060
core   0: 0x80000064 (0xfa1f2023) sw      ra, -96(t5)
core   0: 3 0x80000064 (0xfa1f2023) mem 0x80002000 0x00000001
core   0: 0x80000068 (0xff5ff06f) j       pc - 0xc
core   0: 3 0x80000068 (0xff5ff06f)
core   0: 0x8000005c (0x00100093) li      ra, 1
core   0: 3 0x8000005c (0x00100093) x1  0x00000001
core   0: 0x80000060 (0x00002f17) auipc   t5, 0x2
core   0: 3 0x80000060 (0x00002f17) x30 0x80002060
core   0: 0x80000064 (0xfa1f2023) sw      ra, -96(t5)
core   0: 3 0x80000064 (0xfa1f2023) mem 0x80002000 0x00000001
core   0: 0x80000068 (0xff5ff06f) j       pc - 0xc
core   0: 3 0x80000068 (0xff5ff06f)
core   0: 0x8000005c (0x00100093) li      ra, 1
core   0: 3 0x8000005c (0x00100093) x1  0x00000001
core   0: 0x80000060 (0x00002f17) auipc   t5, 0x2
core   0: 3 0x80000060 (0x00002f17) x30 0x80002060
core   0: 0x80000064 (0xfa1f2023) sw      ra, -96(t5)
core   0: 3 0x80000064 (0xfa1f2023) mem 0x80002000 0x00000001
core   0: 0x80000068 (0xff5ff06f) j       pc - 0xc
core   0: 3 0x80000068 (0xff5ff06f)
core   0: 0x8000005c (0x00100093) li      ra, 1
core   0: 3 0x8000005c (0x00100093) x1  0x00000001
core   0: 0x80000060 (0x00002f17) auipc   t5, 0x2
core   0: 3 0x80000060 (0x00002f17) x30 0x80002060
core   0: 0x80000064 (0xfa1f2023) sw      ra, -96(t5)
core   0: 3 0x80000064 (0xfa1f2023) mem 0x80002000 0x00000001
core   0: 0x80000068 (0xff5ff06f) j       pc - 0xc
core   0: 3 0x80000068 (0xff5ff06f)
core   0: 0x8000005c (0x00100093) li      ra, 1
core   0: 3 0x8000005c (0x00100093) x1  0x00000001
core   0: 0x80000060 (0x00002f17) auipc   t5, 0x2
core   0: 3 0x80000060 (0x00002f17) x30 0x80002060
core   0: 0x80000064 (0xfa1f2023) sw      ra, -96(t5)
core   0: 3 0x80000064 (0xfa1f2023) mem 0x80002000 0x00000001
core   0: 0x80000068 (0xff5ff06f) j       pc - 0xc
core   0: 3 0x80000068 (0xff5ff06f)
core   0: 0x8000005c (0x00100093) li      ra, 1
core   0: 3 0x8000005c (0x00100093) x1  0x00000001
core   0: 0x80000060 (0x00002f17) auipc   t5, 0x2
core   0: 3 0x80000060 (0x00002f17) x30 0x80002060
core   0: 0x80000064 (0xfa1f2023) sw      ra, -96(t5)
core   0: 3 0x80000064 (0xfa1f2023) mem 0x80002000 0x00000001
core   0: 0x80000068 (0xff5ff06f) j       pc - 0xc
core   0: 3 0x80000068 (0xff5ff06f)
core   0: 0x8000005c (0x00100093) li      ra, 1
core   0: 3 0x8000005c (0x00100093) x1  0x00000001
core   0: 0x80000060 (0x00002f17) auipc   t5, 0x2
core   0: 3 0x80000060 (0x00002f17) x30 0x80002060
core   0: 0x80000064 (0xfa1f2023) sw      ra, -96(t5)
core   0: 3 0x80000064 (0xfa1f2023) mem 0x80002000 0x00000001
core   0: 0x80000068 (0xff5ff06f) j       pc - 0xc
core   0: 3 0x80000068 (0xff5ff06f)
core   0: 0x8000005c (0x00100093) li      ra, 1
core   0: 3 0x8000005c (0x00100093) x1  0x00000001
core   0: 0x80000060 (0x00002f17) auipc   t5, 0x2
core   0: 3 0x80000060 (0x00002f17) x30 0x80002060
core   0: 0x80000064 (0xfa1f2023) sw      ra, -96(t5)
core   0: 3 0x80000064 (0xfa1f2023) mem 0x80002000 0x00000001
core   0: 0x80000068 (0xff5ff06f) j       pc - 0xc
core   0: 3 0x80000068 (0xff5ff06f)
core   0: 0x8000005c (0x00100093) li      ra, 1
core   0: 3 0x8000005c (0x00100093) x1  0x00000001
core   0: 0x80000060 (0x00002f17) auipc   t5, 0x2
core   0: 3 0x80000060 (0x00002f17) x30 0x80002060
core   0: 0x80000064 (0xfa1f2023) sw      ra, -96(t5)
core   0: 3 0x80000064 (0xfa1f2023) mem 0x80002000 0x00000001
core   0: 0x80000068 (0xff5ff06f) j       pc - 0xc
core   0: 3 0x80000068 (0xff5ff06f)
core   0: 0x8000005c (0x00100093) li      ra, 1
core   0: 3 0x8000005c (0x00100093) x1  0x00000001
core   0: 0x80000060 (0x00002f17) auipc   t5, 0x2
core   0: 3 0x80000060 (0x00002f17) x30 0x80002060
core   0: 0x80000064 (0xfa1f2023) sw      ra, -96(t5)
core   0: 3 0x80000064 (0xfa1f2023) mem 0x80002000 0x00000001
core   0: 0x80000068 (0xff5ff06f) j       pc - 0xc
core   0: 3 0x80000068 (0xff5ff06f)
core   0: 0x8000005c (0x00100093) li      ra, 1
core   0: 3 0x8000005c (0x00100093) x1  0x00000001
core   0: 0x80000060 (0x00002f17) auipc   t5, 0x2
core   0: 3 0x80000060 (0x00002f17) x30 0x80002060
core   0: 0x80000064 (0xfa1f2023) sw      ra, -96(t5)
core   0: 3 0x80000064 (0xfa1f2023) mem 0x80002000 0x00000001
core   0: 0x80000068 (0xff5ff06f) j       pc - 0xc
core   0: 3 0x80000068 (0xff5ff06f)
core   0: 0x8000005c (0x00100093) li      ra, 1
core   0: 3 0x8000005c (0x00100093) x1  0x00000001
core   0: 0x80000060 (0x00002f17) auipc   t5, 0x2
core   0: 3 0x80000060 (0x00002f17) x30 0x80002060
core   0: 0x80000064 (0xfa1f2023) sw      ra, -96(t5)
core   0: 3 0x80000064 (0xfa1f2023) mem 0x80002000 0x00000001
core   0: 0x80000068 (0xff5ff06f) j       pc - 0xc
core   0: 3 0x80000068 (0xff5ff06f)
core   0: 0x8000005c (0x00100093) li      ra, 1
core   0: 3 0x8000005c (0x00100093) x1  0x00000001
core   0: 0x80000060 (0x00002f17) auipc   t5, 0x2
core   0: 3 0x80000060 (0x00002f17) x30 0x80002060
core   0: 0x80000064 (0xfa1f2023) sw      ra, -96(t5)
core   0: 3 0x80000064 (0xfa1f2023) mem 0x80002000 0x00000001
core   0: 0x80000068 (0xff5ff06f) j       pc - 0xc
core   0: 3 0x80000068 (0xff5ff06f)
core   0: 0x8000005c (0x00100093) li      ra, 1
core   0: 3 0x8000005c (0x00100093) x1  0x00000001
core   0: 0x80000060 (0x00002f17) auipc   t5, 0x2
core   0: 3 0x80000060 (0x00002f17) x30 0x80002060
core   0: 0x80000064 (0xfa1f2023) sw      ra, -96(t5)
core   0: 3 0x80000064 (0xfa1f2023) mem 0x80002000 0x00000001
core   0: 0x80000068 (0xff5ff06f) j       pc - 0xc
core   0: 3 0x80000068 (0xff5ff06f)
core   0: 0x8000005c (0x00100093) li      ra, 1
core   0: 3 0x8000005c (0x00100093) x1  0x00000001
core   0: 0x80000060 (0x00002f17) auipc   t5, 0x2
core   0: 3 0x80000060 (0x00002f17) x30 0x80002060
core   0: 0x80000064 (0xfa1f2023) sw      ra, -96(t5)
core   0: 3 0x80000064 (0xfa1f2023) mem 0x80002000 0x00000001
core   0: 0x80000068 (0xff5ff06f) j       pc - 0xc
core   0: 3 0x80000068 (0xff5ff06f)
core   0: 0x8000005c (0x00100093) li      ra, 1
core   0: 3 0x8000005c (0x00100093) x1  0x00000001
core   0: 0x80000060 (0x00002f17) auipc   t5, 0x2
core   0: 3 0x80000060 (0x00002f17) x30 0x80002060
core   0: 0x80000064 (0xfa1f2023) sw      ra, -96(t5)
core   0: 3 0x80000064 (0xfa1f2023) mem 0x80002000 0x00000001
core   0: 0x80000068 (0xff5ff06f) j       pc - 0xc
core   0: 3 0x80000068 (0xff5ff06f)
core   0: 0x8000005c (0x00100093) li      ra, 1
core   0: 3 0x8000005c (0x00100093) x1  0x00000001
core   0: 0x80000060 (0x00002f17) auipc   t5, 0x2
core   0: 3 0x80000060 (0x00002f17) x30 0x80002060
core   0: 0x80000064 (0xfa1f2023) sw      ra, -96(t5)
core   0: 3 0x80000064 (0xfa1f2023) mem 0x80002000 0x00000001
core   0: 0x80000068 (0xff5ff06f) j       pc - 0xc
core   0: 3 0x80000068 (0xff5ff06f)
core   0: 0x8000005c (0x00100093) li      ra, 1
core   0: 3 0x8000005c (0x00100093) x1  0x00000001
core   0: 0x80000060 (0x00002f17) auipc   t5, 0x2
core   0: 3 0x80000060 (0x00002f17) x30 0x80002060
core   0: 0x80000064 (0xfa1f2023) sw      ra, -96(t5)
core   0: 3 0x80000064 (0xfa1f2023) mem 0x80002000 0x00000001
core   0: 0x80000068 (0xff5ff06f) j       pc - 0xc
core   0: 3 0x80000068 (0xff5ff06f)
core   0: 0x8000005c (0x00100093) li      ra, 1
core   0: 3 0x8000005c (0x00100093) x1  0x00000001
core   0: 0x80000060 (0x00002f17) auipc   t5, 0x2
core   0: 3 0x80000060 (0x00002f17) x30 0x80002060
core   0: 0x80000064 (0xfa1f2023) sw      ra, -96(t5)
core   0: 3 0x80000064 (0xfa1f2023) mem 0x80002000 0x00000001
core   0: 0x80000068 (0xff5ff06f) j       pc - 0xc
core   0: 3 0x80000068 (0xff5ff06f)
core   0: 0x8000005c (0x00100093) li      ra, 1
core   0: 3 0x8000005c (0x00100093) x1  0x00000001
core   0: 0x80000060 (0x00002f17) auipc   t5, 0x2
core   0: 3 0x80000060 (0x00002f17) x30 0x80002060
core   0: 0x80000064 (0xfa1f2023) sw      ra, -96(t5)
core   0: 3 0x80000064 (0xfa1f2023) mem 0x80002000 0x00000001
core   0: 0x80000068 (0xff5ff06f) j       pc - 0xc
core   0: 3 0x80000068 (0xff5ff06f)
core   0: 0x8000005c (0x00100093) li      ra, 1
core   0: 3 0x8000005c (0x00100093) x1  0x00000001
core   0: 0x80000060 (0x00002f17) auipc   t5, 0x2
core   0: 3 0x80000060 (0x00002f17) x30 0x80002060
core   0: 0x80000064 (0xfa1f2023) sw      ra, -96(t5)
core   0: 3 0x80000064 (0xfa1f2023) mem 0x80002000 0x00000001
core   0: 0x80000068 (0xff5ff06f) j       pc - 0xc
core   0: 3 0x80000068 (0xff5ff06f)
core   0: 0x8000005c (0x00100093) li      ra, 1
core   0: 3 0x8000005c (0x00100093) x1  0x00000001
core   0: 0x80000060 (0x00002f17) auipc   t5, 0x2
core   0: 3 0x80000060 (0x00002f17) x30 0x80002060
core   0: 0x80000064 (0xfa1f2023) sw      ra, -96(t5)
core   0: 3 0x80000064 (0xfa1f2023) mem 0x80002000 0x00000001
core   0: 0x80000068 (0xff5ff06f) j       pc - 0xc
core   0: 3 0x80000068 (0xff5ff06f)
core   0: 0x8000005c (0x00100093) li      ra, 1
core   0: 3 0x8000005c (0x00100093) x1  0x00000001
core   0: 0x80000060 (0x00002f17) auipc   t5, 0x2
core   0: 3 0x80000060 (0x00002f17) x30 0x80002060
core   0: 0x80000064 (0xfa1f2023) sw      ra, -96(t5)
core   0: 3 0x80000064 (0xfa1f2023) mem 0x80002000 0x00000001
core   0: 0x80000068 (0xff5ff06f) j       pc - 0xc
core   0: 3 0x80000068 (0xff5ff06f)
core   0: 0x8000005c (0x00100093) li      ra, 1
core   0: 3 0x8000005c (0x00100093) x1  0x00000001
core   0: 0x80000060 (0x00002f17) auipc   t5, 0x2
core   0: 3 0x80000060 (0x00002f17) x30 0x80002060
core   0: 0x80000064 (0xfa1f2023) sw      ra, -96(t5)
core   0: 3 0x80000064 (0xfa1f2023) mem 0x80002000 0x00000001
core   0: 0x80000068 (0xff5ff06f) j       pc - 0xc
core   0: 3 0x80000068 (0xff5ff06f)
core   0: 0x8000005c (0x00100093) li      ra, 1
core   0: 3 0x8000005c (0x00100093) x1  0x00000001
core   0: 0x80000060 (0x00002f17) auipc   t5, 0x2
core   0: 3 0x80000060 (0x00002f17) x30 0x80002060
core   0: 0x80000064 (0xfa1f2023) sw      ra, -96(t5)
core   0: 3 0x80000064 (0xfa1f2023) mem 0x80002000 0x00000001
core   0: 0x80000068 (0xff5ff06f) j       pc - 0xc
core   0: 3 0x80000068 (0xff5ff06f)
core   0: 0x8000005c (0x00100093) li      ra, 1
core   0: 3 0x8000005c (0x00100093) x1  0x00000001
core   0: 0x80000060 (0x00002f17) auipc   t5, 0x2
core   0: 3 0x80000060 (0x00002f17) x30 0x80002060
core   0: 0x80000064 (0xfa1f2023) sw      ra, -96(t5)
core   0: 3 0x80000064 (0xfa1f2023) mem 0x80002000 0x00000001
core   0: 0x80000068 (0xff5ff06f) j       pc - 0xc
core   0: 3 0x80000068 (0xff5ff06f)
core   0: 0x8000005c (0x00100093) li      ra, 1
core   0: 3 0x8000005c (0x00100093) x1  0x00000001
core   0: 0x80000060 (0x00002f17) auipc   t5, 0x2
core   0: 3 0x80000060 (0x00002f17) x30 0x80002060
core   0: 0x80000064 (0xfa1f2023) sw      ra, -96(t5)
core   0: 3 0x80000064 (0xfa1f2023) mem 0x80002000 0x00000001
core   0: 0x80000068 (0xff5ff06f) j       pc - 0xc
core   0: 3 0x80000068 (0xff5ff06f)
core   0: 0x8000005c (0x00100093) li      ra, 1
core   0: 3 0x8000005c (0x00100093) x1  0x00000001
core   0: 0x80000060 (0x00002f17) auipc   t5, 0x2
core   0: 3 0x80000060 (0x00002f17) x30 0x80002060
core   0: 0x80000064 (0xfa1f2023) sw      ra, -96(t5)
core   0: 3 0x80000064 (0xfa1f2023) mem 0x80002000 0x00000001
core   0: 0x80000068 (0xff5ff06f) j       pc - 0xc
core   0: 3 0x80000068 (0xff5ff06f)
core   0: 0x8000005c (0x00100093) li      ra, 1
core   0: 3 0x8000005c (0x00100093) x1  0x00000001
core   0: 0x80000060 (0x00002f17) auipc   t5, 0x2
core   0: 3 0x80000060 (0x00002f17) x30 0x80002060
core   0: 0x80000064 (0xfa1f2023) sw      ra, -96(t5)
core   0: 3 0x80000064 (0xfa1f2023) mem 0x80002000 0x00000001
core   0: 0x80000068 (0xff5ff06f) j       pc - 0xc
core   0: 3 0x80000068 (0xff5ff06f)
core   0: 0x8000005c (0x00100093) li      ra, 1
core   0: 3 0x8000005c (0x00100093) x1  0x00000001
core   0: 0x80000060 (0x00002f17) auipc   t5, 0x2
core   0: 3 0x80000060 (0x00002f17) x30 0x80002060
core   0: 0x80000064 (0xfa1f2023) sw      ra, -96(t5)
core   0: 3 0x80000064 (0xfa1f2023) mem 0x80002000 0x00000001
core   0: 0x80000068 (0xff5ff06f) j       pc - 0xc
core   0: 3 0x80000068 (0xff5ff06f)
core   0: 0x8000005c (0x00100093) li      ra, 1
core   0: 3 0x8000005c (0x00100093) x1  0x00000001
core   0: 0x80000060 (0x00002f17) auipc   t5, 0x2
core   0: 3 0x80000060 (0x00002f17) x30 0x80002060
core   0: 0x80000064 (0xfa1f2023) sw      ra, -96(t5)
core   0: 3 0x80000064 (0xfa1f2023) mem 0x80002000 0x00000001
core   0: 0x80000068 (0xff5ff06f) j       pc - 0xc
core   0: 3 0x80000068 (0xff5ff06f)
core   0: 0x8000005c (0x00100093) li      ra, 1
core   0: 3 0x8000005c (0x00100093) x1  0x00000001
core   0: 0x80000060 (0x00002f17) auipc   t5, 0x2
core   0: 3 0x80000060 (0x00002f17) x30 0x80002060
core   0: 0x80000064 (0xfa1f2023) sw      ra, -96(t5)
core   0: 3 0x80000064 (0xfa1f2023) mem 0x80002000 0x00000001
core   0: 0x80000068 (0xff5ff06f) j       pc - 0xc
core   0: 3 0x80000068 (0xff5ff06f)
core   0: 0x8000005c (0x00100093) li      ra, 1
core   0: 3 0x8000005c (0x00100093) x1  0x00000001
core   0: 0x80000060 (0x00002f17) auipc   t5, 0x2
core   0: 3 0x80000060 (0x00002f17) x30 0x80002060
core   0: 0x80000064 (0xfa1f2023) sw      ra, -96(t5)
core   0: 3 0x80000064 (0xfa1f2023) mem 0x80002000 0x00000001
core   0: 0x80000068 (0xff5ff06f) j       pc - 0xc
core   0: 3 0x80000068 (0xff5ff06f)
core   0: 0x8000005c (0x00100093) li      ra, 1
core   0: 3 0x8000005c (0x00100093) x1  0x00000001
core   0: 0x80000060 (0x00002f17) auipc   t5, 0x2
core   0: 3 0x80000060 (0x00002f17) x30 0x80002060
core   0: 0x80000064 (0xfa1f2023) sw      ra, -96(t5)
core   0: 3 0x80000064 (0xfa1f2023) mem 0x80002000 0x00000001
core   0: 0x80000068 (0xff5ff06f) j       pc - 0xc
core   0: 3 0x80000068 (0xff5ff06f)
core   0: 0x8000005c (0x00100093) li      ra, 1
core   0: 3 0x8000005c (0x00100093) x1  0x00000001
core   0: 0x80000060 (0x00002f17) auipc   t5, 0x2
core   0: 3 0x80000060 (0x00002f17) x30 0x80002060
core   0: 0x80000064 (0xfa1f2023) sw      ra, -96(t5)
core   0: 3 0x80000064 (0xfa1f2023) mem 0x80002000 0x00000001
core   0: 0x80000068 (0xff5ff06f) j       pc - 0xc
core   0: 3 0x80000068 (0xff5ff06f)
core   0: 0x8000005c (0x00100093) li      ra, 1
core   0: 3 0x8000005c (0x00100093) x1  0x00000001
core   0: 0x80000060 (0x00002f17) auipc   t5, 0x2
core   0: 3 0x80000060 (0x00002f17) x30 0x80002060
core   0: 0x80000064 (0xfa1f2023) sw      ra, -96(t5)
core   0: 3 0x80000064 (0xfa1f2023) mem 0x80002000 0x00000001
core   0: 0x80000068 (0xff5ff06f) j       pc - 0xc
core   0: 3 0x80000068 (0xff5ff06f)
core   0: 0x8000005c (0x00100093) li      ra, 1
core   0: 3 0x8000005c (0x00100093) x1  0x00000001
core   0: 0x80000060 (0x00002f17) auipc   t5, 0x2
core   0: 3 0x80000060 (0x00002f17) x30 0x80002060
core   0: 0x80000064 (0xfa1f2023) sw      ra, -96(t5)
core   0: 3 0x80000064 (0xfa1f2023) mem 0x80002000 0x00000001
core   0: 0x80000068 (0xff5ff06f) j       pc - 0xc
core   0: 3 0x80000068 (0xff5ff06f)
core   0: 0x8000005c (0x00100093) li      ra, 1
core   0: 3 0x8000005c (0x00100093) x1  0x00000001
core   0: 0x80000060 (0x00002f17) auipc   t5, 0x2
core   0: 3 0x80000060 (0x00002f17) x30 0x80002060
core   0: 0x80000064 (0xfa1f2023) sw      ra, -96(t5)
core   0: 3 0x80000064 (0xfa1f2023) mem 0x80002000 0x00000001
core   0: 0x80000068 (0xff5ff06f) j       pc - 0xc
core   0: 3 0x80000068 (0xff5ff06f)
core   0: 0x8000005c (0x00100093) li      ra, 1
core   0: 3 0x8000005c (0x00100093) x1  0x00000001
core   0: 0x80000060 (0x00002f17) auipc   t5, 0x2
core   0: 3 0x80000060 (0x00002f17) x30 0x80002060
core   0: 0x80000064 (0xfa1f2023) sw      ra, -96(t5)
core   0: 3 0x80000064 (0xfa1f2023) mem 0x80002000 0x00000001
core   0: 0x80000068 (0xff5ff06f) j       pc - 0xc
core   0: 3 0x80000068 (0xff5ff06f)
core   0: 0x8000005c (0x00100093) li      ra, 1
core   0: 3 0x8000005c (0x00100093) x1  0x00000001
core   0: 0x80000060 (0x00002f17) auipc   t5, 0x2
core   0: 3 0x80000060 (0x00002f17) x30 0x80002060
core   0: 0x80000064 (0xfa1f2023) sw      ra, -96(t5)
core   0: 3 0x80000064 (0xfa1f2023) mem 0x80002000 0x00000001
core   0: 0x80000068 (0xff5ff06f) j       pc - 0xc
core   0: 3 0x80000068 (0xff5ff06f)
core   0: 0x8000005c (0x00100093) li      ra, 1
core   0: 3 0x8000005c (0x00100093) x1  0x00000001
core   0: 0x80000060 (0x00002f17) auipc   t5, 0x2
core   0: 3 0x80000060 (0x00002f17) x30 0x80002060
core   0: 0x80000064 (0xfa1f2023) sw      ra, -96(t5)
core   0: 3 0x80000064 (0xfa1f2023) mem 0x80002000 0x00000001
core   0: 0x80000068 (0xff5ff06f) j       pc - 0xc
core   0: 3 0x80000068 (0xff5ff06f)
core   0: 0x8000005c (0x00100093) li      ra, 1
core   0: 3 0x8000005c (0x00100093) x1  0x00000001
core   0: 0x80000060 (0x00002f17) auipc   t5, 0x2
core   0: 3 0x80000060 (0x00002f17) x30 0x80002060
core   0: 0x80000064 (0xfa1f2023) sw      ra, -96(t5)
core   0: 3 0x80000064 (0xfa1f2023) mem 0x80002000 0x00000001
core   0: 0x80000068 (0xff5ff06f) j       pc - 0xc
core   0: 3 0x80000068 (0xff5ff06f)
core   0: 0x8000005c (0x00100093) li      ra, 1
core   0: 3 0x8000005c (0x00100093) x1  0x00000001
core   0: 0x80000060 (0x00002f17) auipc   t5, 0x2
core   0: 3 0x80000060 (0x00002f17) x30 0x80002060
core   0: 0x80000064 (0xfa1f2023) sw      ra, -96(t5)
core   0: 3 0x80000064 (0xfa1f2023) mem 0x80002000 0x00000001
core   0: 0x80000068 (0xff5ff06f) j       pc - 0xc
core   0: 3 0x80000068 (0xff5ff06f)
core   0: 0x8000005c (0x00100093) li      ra, 1
core   0: 3 0x8000005c (0x00100093) x1  0x00000001
core   0: 0x80000060 (0x00002f17) auipc   t5, 0x2
core   0: 3 0x80000060 (0x00002f17) x30 0x80002060
core   0: 0x80000064 (0xfa1f2023) sw      ra, -96(t5)
core   0: 3 0x80000064 (0xfa1f2023) mem 0x80002000 0x00000001
core   0: 0x80000068 (0xff5ff06f) j       pc - 0xc
core   0: 3 0x80000068 (0xff5ff06f)
core   0: 0x8000005c (0x00100093) li      ra, 1
core   0: 3 0x8000005c (0x00100093) x1  0x00000001
core   0: 0x80000060 (0x00002f17) auipc   t5, 0x2
core   0: 3 0x80000060 (0x00002f17) x30 0x80002060
core   0: 0x80000064 (0xfa1f2023) sw      ra, -96(t5)
core   0: 3 0x80000064 (0xfa1f2023) mem 0x80002000 0x00000001
core   0: 0x80000068 (0xff5ff06f) j       pc - 0xc
core   0: 3 0x80000068 (0xff5ff06f)
core   0: 0x8000005c (0x00100093) li      ra, 1
core   0: 3 0x8000005c (0x00100093) x1  0x00000001
core   0: 0x80000060 (0x00002f17) auipc   t5, 0x2
core   0: 3 0x80000060 (0x00002f17) x30 0x80002060
core   0: 0x80000064 (0xfa1f2023) sw      ra, -96(t5)
core   0: 3 0x80000064 (0xfa1f2023) mem 0x80002000 0x00000001
core   0: 0x80000068 (0xff5ff06f) j       pc - 0xc
core   0: 3 0x80000068 (0xff5ff06f)
core   0: 0x8000005c (0x00100093) li      ra, 1
core   0: 3 0x8000005c (0x00100093) x1  0x00000001
core   0: 0x80000060 (0x00002f17) auipc   t5, 0x2
core   0: 3 0x80000060 (0x00002f17) x30 0x80002060
core   0: 0x80000064 (0xfa1f2023) sw      ra, -96(t5)
core   0: 3 0x80000064 (0xfa1f2023) mem 0x80002000 0x00000001
core   0: 0x80000068 (0xff5ff06f) j       pc - 0xc
core   0: 3 0x80000068 (0xff5ff06f)
core   0: 0x8000005c (0x00100093) li      ra, 1
core   0: 3 0x8000005c (0x00100093) x1  0x00000001
core   0: 0x80000060 (0x00002f17) auipc   t5, 0x2
core   0: 3 0x80000060 (0x00002f17) x30 0x80002060
core   0: 0x80000064 (0xfa1f2023) sw      ra, -96(t5)
core   0: 3 0x80000064 (0xfa1f2023) mem 0x80002000 0x00000001
core   0: 0x80000068 (0xff5ff06f) j       pc - 0xc
core   0: 3 0x80000068 (0xff5ff06f)
core   0: 0x8000005c (0x00100093) li      ra, 1
core   0: 3 0x8000005c (0x00100093) x1  0x00000001
core   0: 0x80000060 (0x00002f17) auipc   t5, 0x2
core   0: 3 0x80000060 (0x00002f17) x30 0x80002060
core   0: 0x80000064 (0xfa1f2023) sw      ra, -96(t5)
core   0: 3 0x80000064 (0xfa1f2023) mem 0x80002000 0x00000001
core   0: 0x80000068 (0xff5ff06f) j       pc - 0xc
core   0: 3 0x80000068 (0xff5ff06f)
core   0: 0x8000005c (0x00100093) li      ra, 1
core   0: 3 0x8000005c (0x00100093) x1  0x00000001
core   0: 0x80000060 (0x00002f17) auipc   t5, 0x2
core   0: 3 0x80000060 (0x00002f17) x30 0x80002060
core   0: 0x80000064 (0xfa1f2023) sw      ra, -96(t5)
core   0: 3 0x80000064 (0xfa1f2023) mem 0x80002000 0x00000001
core   0: 0x80000068 (0xff5ff06f) j       pc - 0xc
core   0: 3 0x80000068 (0xff5ff06f)
core   0: 0x8000005c (0x00100093) li      ra, 1
core   0: 3 0x8000005c (0x00100093) x1  0x00000001
core   0: 0x80000060 (0x00002f17) auipc   t5, 0x2
core   0: 3 0x80000060 (0x00002f17) x30 0x80002060
core   0: 0x80000064 (0xfa1f2023) sw      ra, -96(t5)
core   0: 3 0x80000064 (0xfa1f2023) mem 0x80002000 0x00000001
core   0: 0x80000068 (0xff5ff06f) j       pc - 0xc
core   0: 3 0x80000068 (0xff5ff06f)
core   0: 0x8000005c (0x00100093) li      ra, 1
core   0: 3 0x8000005c (0x00100093) x1  0x00000001
core   0: 0x80000060 (0x00002f17) auipc   t5, 0x2
core   0: 3 0x80000060 (0x00002f17) x30 0x80002060
core   0: 0x80000064 (0xfa1f2023) sw      ra, -96(t5)
core   0: 3 0x80000064 (0xfa1f2023) mem 0x80002000 0x00000001
core   0: 0x80000068 (0xff5ff06f) j       pc - 0xc
core   0: 3 0x80000068 (0xff5ff06f)
core   0: 0x8000005c (0x00100093) li      ra, 1
core   0: 3 0x8000005c (0x00100093) x1  0x00000001
core   0: 0x80000060 (0x00002f17) auipc   t5, 0x2
core   0: 3 0x80000060 (0x00002f17) x30 0x80002060
core   0: 0x80000064 (0xfa1f2023) sw      ra, -96(t5)
core   0: 3 0x80000064 (0xfa1f2023) mem 0x80002000 0x00000001
core   0: 0x80000068 (0xff5ff06f) j       pc - 0xc
core   0: 3 0x80000068 (0xff5ff06f)
core   0: 0x8000005c (0x00100093) li      ra, 1
core   0: 3 0x8000005c (0x00100093) x1  0x00000001
core   0: 0x80000060 (0x00002f17) auipc   t5, 0x2
core   0: 3 0x80000060 (0x00002f17) x30 0x80002060
core   0: 0x80000064 (0xfa1f2023) sw      ra, -96(t5)
core   0: 3 0x80000064 (0xfa1f2023) mem 0x80002000 0x00000001
core   0: 0x80000068 (0xff5ff06f) j       pc - 0xc
core   0: 3 0x80000068 (0xff5ff06f)
core   0: 0x8000005c (0x00100093) li      ra, 1
core   0: 3 0x8000005c (0x00100093) x1  0x00000001
core   0: 0x80000060 (0x00002f17) auipc   t5, 0x2
core   0: 3 0x80000060 (0x00002f17) x30 0x80002060
core   0: 0x80000064 (0xfa1f2023) sw      ra, -96(t5)
core   0: 3 0x80000064 (0xfa1f2023) mem 0x80002000 0x00000001
core   0: 0x80000068 (0xff5ff06f) j       pc - 0xc
core   0: 3 0x80000068 (0xff5ff06f)
core   0: 0x8000005c (0x00100093) li      ra, 1
core   0: 3 0x8000005c (0x00100093) x1  0x00000001
core   0: 0x80000060 (0x00002f17) auipc   t5, 0x2
core   0: 3 0x80000060 (0x00002f17) x30 0x80002060
core   0: 0x80000064 (0xfa1f2023) sw      ra, -96(t5)
core   0: 3 0x80000064 (0xfa1f2023) mem 0x80002000 0x00000001
core   0: 0x80000068 (0xff5ff06f) j       pc - 0xc
core   0: 3 0x80000068 (0xff5ff06f)
core   0: 0x8000005c (0x00100093) li      ra, 1
core   0: 3 0x8000005c (0x00100093) x1  0x00000001
core   0: 0x80000060 (0x00002f17) auipc   t5, 0x2
core   0: 3 0x80000060 (0x00002f17) x30 0x80002060
core   0: 0x80000064 (0xfa1f2023) sw      ra, -96(t5)
core   0: 3 0x80000064 (0xfa1f2023) mem 0x80002000 0x00000001
core   0: 0x80000068 (0xff5ff06f) j       pc - 0xc
core   0: 3 0x80000068 (0xff5ff06f)
core   0: 0x8000005c (0x00100093) li      ra, 1
core   0: 3 0x8000005c (0x00100093) x1  0x00000001
core   0: 0x80000060 (0x00002f17) auipc   t5, 0x2
core   0: 3 0x80000060 (0x00002f17) x30 0x80002060
core   0: 0x80000064 (0xfa1f2023) sw      ra, -96(t5)
core   0: 3 0x80000064 (0xfa1f2023) mem 0x80002000 0x00000001
core   0: 0x80000068 (0xff5ff06f) j       pc - 0xc
core   0: 3 0x80000068 (0xff5ff06f)
core   0: 0x8000005c (0x00100093) li      ra, 1
core   0: 3 0x8000005c (0x00100093) x1  0x00000001
core   0: 0x80000060 (0x00002f17) auipc   t5, 0x2
core   0: 3 0x80000060 (0x00002f17) x30 0x80002060
core   0: 0x80000064 (0xfa1f2023) sw      ra, -96(t5)
core   0: 3 0x80000064 (0xfa1f2023) mem 0x80002000 0x00000001
core   0: 0x80000068 (0xff5ff06f) j       pc - 0xc
core   0: 3 0x80000068 (0xff5ff06f)
core   0: 0x8000005c (0x00100093) li      ra, 1
core   0: 3 0x8000005c (0x00100093) x1  0x00000001
core   0: 0x80000060 (0x00002f17) auipc   t5, 0x2
core   0: 3 0x80000060 (0x00002f17) x30 0x80002060
core   0: 0x80000064 (0xfa1f2023) sw      ra, -96(t5)
core   0: 3 0x80000064 (0xfa1f2023) mem 0x80002000 0x00000001
core   0: 0x80000068 (0xff5ff06f) j       pc - 0xc
core   0: 3 0x80000068 (0xff5ff06f)
core   0: 0x8000005c (0x00100093) li      ra, 1
core   0: 3 0x8000005c (0x00100093) x1  0x00000001
core   0: 0x80000060 (0x00002f17) auipc   t5, 0x2
core   0: 3 0x80000060 (0x00002f17) x30 0x80002060
core   0: 0x80000064 (0xfa1f2023) sw      ra, -96(t5)
core   0: 3 0x80000064 (0xfa1f2023) mem 0x80002000 0x00000001
core   0: 0x80000068 (0xff5ff06f) j       pc - 0xc
core   0: 3 0x80000068 (0xff5ff06f)
core   0: 0x8000005c (0x00100093) li      ra, 1
core   0: 3 0x8000005c (0x00100093) x1  0x00000001
core   0: 0x80000060 (0x00002f17) auipc   t5, 0x2
core   0: 3 0x80000060 (0x00002f17) x30 0x80002060
core   0: 0x80000064 (0xfa1f2023) sw      ra, -96(t5)
core   0: 3 0x80000064 (0xfa1f2023) mem 0x80002000 0x00000001
core   0: 0x80000068 (0xff5ff06f) j       pc - 0xc
core   0: 3 0x80000068 (0xff5ff06f)
core   0: 0x8000005c (0x00100093) li      ra, 1
core   0: 3 0x8000005c (0x00100093) x1  0x00000001
core   0: 0x80000060 (0x00002f17) auipc   t5, 0x2
core   0: 3 0x80000060 (0x00002f17) x30 0x80002060
core   0: 0x80000064 (0xfa1f2023) sw      ra, -96(t5)
core   0: 3 0x80000064 (0xfa1f2023) mem 0x80002000 0x00000001
core   0: 0x80000068 (0xff5ff06f) j       pc - 0xc
core   0: 3 0x80000068 (0xff5ff06f)
core   0: 0x8000005c (0x00100093) li      ra, 1
core   0: 3 0x8000005c (0x00100093) x1  0x00000001
core   0: 0x80000060 (0x00002f17) auipc   t5, 0x2
core   0: 3 0x80000060 (0x00002f17) x30 0x80002060
core   0: 0x80000064 (0xfa1f2023) sw      ra, -96(t5)
core   0: 3 0x80000064 (0xfa1f2023) mem 0x80002000 0x00000001
core   0: 0x80000068 (0xff5ff06f) j       pc - 0xc
core   0: 3 0x80000068 (0xff5ff06f)
core   0: 0x8000005c (0x00100093) li      ra, 1
core   0: 3 0x8000005c (0x00100093) x1  0x00000001
core   0: 0x80000060 (0x00002f17) auipc   t5, 0x2
core   0: 3 0x80000060 (0x00002f17) x30 0x80002060
core   0: 0x80000064 (0xfa1f2023) sw      ra, -96(t5)
core   0: 3 0x80000064 (0xfa1f2023) mem 0x80002000 0x00000001
core   0: 0x80000068 (0xff5ff06f) j       pc - 0xc
core   0: 3 0x80000068 (0xff5ff06f)
core   0: 0x8000005c (0x00100093) li      ra, 1
core   0: 3 0x8000005c (0x00100093) x1  0x00000001
core   0: 0x80000060 (0x00002f17) auipc   t5, 0x2
core   0: 3 0x80000060 (0x00002f17) x30 0x80002060
core   0: 0x80000064 (0xfa1f2023) sw      ra, -96(t5)
core   0: 3 0x80000064 (0xfa1f2023) mem 0x80002000 0x00000001
core   0: 0x80000068 (0xff5ff06f) j       pc - 0xc
core   0: 3 0x80000068 (0xff5ff06f)
core   0: 0x8000005c (0x00100093) li      ra, 1
core   0: 3 0x8000005c (0x00100093) x1  0x00000001
core   0: 0x80000060 (0x00002f17) auipc   t5, 0x2
core   0: 3 0x80000060 (0x00002f17) x30 0x80002060
core   0: 0x80000064 (0xfa1f2023) sw      ra, -96(t5)
core   0: 3 0x80000064 (0xfa1f2023) mem 0x80002000 0x00000001
core   0: 0x80000068 (0xff5ff06f) j       pc - 0xc
core   0: 3 0x80000068 (0xff5ff06f)
core   0: 0x8000005c (0x00100093) li      ra, 1
core   0: 3 0x8000005c (0x00100093) x1  0x00000001
core   0: 0x80000060 (0x00002f17) auipc   t5, 0x2
core   0: 3 0x80000060 (0x00002f17) x30 0x80002060
core   0: 0x80000064 (0xfa1f2023) sw      ra, -96(t5)
core   0: 3 0x80000064 (0xfa1f2023) mem 0x80002000 0x00000001
core   0: 0x80000068 (0xff5ff06f) j       pc - 0xc
core   0: 3 0x80000068 (0xff5ff06f)
core   0: 0x8000005c (0x00100093) li      ra, 1
core   0: 3 0x8000005c (0x00100093) x1  0x00000001
core   0: 0x80000060 (0x00002f17) auipc   t5, 0x2
core   0: 3 0x80000060 (0x00002f17) x30 0x80002060
core   0: 0x80000064 (0xfa1f2023) sw      ra, -96(t5)
core   0: 3 0x80000064 (0xfa1f2023) mem 0x80002000 0x00000001
core   0: 0x80000068 (0xff5ff06f) j       pc - 0xc
core   0: 3 0x80000068 (0xff5ff06f)
core   0: 0x8000005c (0x00100093) li      ra, 1
core   0: 3 0x8000005c (0x00100093) x1  0x00000001
core   0: 0x80000060 (0x00002f17) auipc   t5, 0x2
core   0: 3 0x80000060 (0x00002f17) x30 0x80002060
core   0: 0x80000064 (0xfa1f2023) sw      ra, -96(t5)
core   0: 3 0x80000064 (0xfa1f2023) mem 0x80002000 0x00000001
core   0: 0x80000068 (0xff5ff06f) j       pc - 0xc
core   0: 3 0x80000068 (0xff5ff06f)
core   0: 0x8000005c (0x00100093) li      ra, 1
core   0: 3 0x8000005c (0x00100093) x1  0x00000001
core   0: 0x80000060 (0x00002f17) auipc   t5, 0x2
core   0: 3 0x80000060 (0x00002f17) x30 0x80002060
core   0: 0x80000064 (0xfa1f2023) sw      ra, -96(t5)
core   0: 3 0x80000064 (0xfa1f2023) mem 0x80002000 0x00000001
core   0: 0x80000068 (0xff5ff06f) j       pc - 0xc
core   0: 3 0x80000068 (0xff5ff06f)
core   0: 0x8000005c (0x00100093) li      ra, 1
core   0: 3 0x8000005c (0x00100093) x1  0x00000001
core   0: 0x80000060 (0x00002f17) auipc   t5, 0x2
core   0: 3 0x80000060 (0x00002f17) x30 0x80002060
core   0: 0x80000064 (0xfa1f2023) sw      ra, -96(t5)
core   0: 3 0x80000064 (0xfa1f2023) mem 0x80002000 0x00000001
core   0: 0x80000068 (0xff5ff06f) j       pc - 0xc
core   0: 3 0x80000068 (0xff5ff06f)
core   0: 0x8000005c (0x00100093) li      ra, 1
core   0: 3 0x8000005c (0x00100093) x1  0x00000001
core   0: 0x80000060 (0x00002f17) auipc   t5, 0x2
core   0: 3 0x80000060 (0x00002f17) x30 0x80002060
core   0: 0x80000064 (0xfa1f2023) sw      ra, -96(t5)
core   0: 3 0x80000064 (0xfa1f2023) mem 0x80002000 0x00000001
core   0: 0x80000068 (0xff5ff06f) j       pc - 0xc
core   0: 3 0x80000068 (0xff5ff06f)
core   0: 0x8000005c (0x00100093) li      ra, 1
core   0: 3 0x8000005c (0x00100093) x1  0x00000001
core   0: 0x80000060 (0x00002f17) auipc   t5, 0x2
core   0: 3 0x80000060 (0x00002f17) x30 0x80002060
core   0: 0x80000064 (0xfa1f2023) sw      ra, -96(t5)
core   0: 3 0x80000064 (0xfa1f2023) mem 0x80002000 0x00000001
core   0: 0x80000068 (0xff5ff06f) j       pc - 0xc
core   0: 3 0x80000068 (0xff5ff06f)
core   0: 0x8000005c (0x00100093) li      ra, 1
core   0: 3 0x8000005c (0x00100093) x1  0x00000001
core   0: 0x80000060 (0x00002f17) auipc   t5, 0x2
core   0: 3 0x80000060 (0x00002f17) x30 0x80002060
core   0: 0x80000064 (0xfa1f2023) sw      ra, -96(t5)
core   0: 3 0x80000064 (0xfa1f2023) mem 0x80002000 0x00000001
core   0: 0x80000068 (0xff5ff06f) j       pc - 0xc
core   0: 3 0x80000068 (0xff5ff06f)
core   0: 0x8000005c (0x00100093) li      ra, 1
core   0: 3 0x8000005c (0x00100093) x1  0x00000001
core   0: 0x80000060 (0x00002f17) auipc   t5, 0x2
core   0: 3 0x80000060 (0x00002f17) x30 0x80002060
core   0: 0x80000064 (0xfa1f2023) sw      ra, -96(t5)
core   0: 3 0x80000064 (0xfa1f2023) mem 0x80002000 0x00000001
core   0: 0x80000068 (0xff5ff06f) j       pc - 0xc
core   0: 3 0x80000068 (0xff5ff06f)
core   0: 0x8000005c (0x00100093) li      ra, 1
core   0: 3 0x8000005c (0x00100093) x1  0x00000001
core   0: 0x80000060 (0x00002f17) auipc   t5, 0x2
core   0: 3 0x80000060 (0x00002f17) x30 0x80002060
core   0: 0x80000064 (0xfa1f2023) sw      ra, -96(t5)
core   0: 3 0x80000064 (0xfa1f2023) mem 0x80002000 0x00000001
core   0: 0x80000068 (0xff5ff06f) j       pc - 0xc
core   0: 3 0x80000068 (0xff5ff06f)
core   0: 0x8000005c (0x00100093) li      ra, 1
core   0: 3 0x8000005c (0x00100093) x1  0x00000001
core   0: 0x80000060 (0x00002f17) auipc   t5, 0x2
core   0: 3 0x80000060 (0x00002f17) x30 0x80002060
core   0: 0x80000064 (0xfa1f2023) sw      ra, -96(t5)
core   0: 3 0x80000064 (0xfa1f2023) mem 0x80002000 0x00000001
core   0: 0x80000068 (0xff5ff06f) j       pc - 0xc
core   0: 3 0x80000068 (0xff5ff06f)
core   0: 0x8000005c (0x00100093) li      ra, 1
core   0: 3 0x8000005c (0x00100093) x1  0x00000001
core   0: 0x80000060 (0x00002f17) auipc   t5, 0x2
core   0: 3 0x80000060 (0x00002f17) x30 0x80002060
core   0: 0x80000064 (0xfa1f2023) sw      ra, -96(t5)
core   0: 3 0x80000064 (0xfa1f2023) mem 0x80002000 0x00000001
core   0: 0x80000068 (0xff5ff06f) j       pc - 0xc
core   0: 3 0x80000068 (0xff5ff06f)
core   0: 0x8000005c (0x00100093) li      ra, 1
core   0: 3 0x8000005c (0x00100093) x1  0x00000001
core   0: 0x80000060 (0x00002f17) auipc   t5, 0x2
core   0: 3 0x80000060 (0x00002f17) x30 0x80002060
core   0: 0x80000064 (0xfa1f2023) sw      ra, -96(t5)
core   0: 3 0x80000064 (0xfa1f2023) mem 0x80002000 0x00000001
core   0: 0x80000068 (0xff5ff06f) j       pc - 0xc
core   0: 3 0x80000068 (0xff5ff06f)
core   0: 0x8000005c (0x00100093) li      ra, 1
core   0: 3 0x8000005c (0x00100093) x1  0x00000001
core   0: 0x80000060 (0x00002f17) auipc   t5, 0x2
core   0: 3 0x80000060 (0x00002f17) x30 0x80002060
core   0: 0x80000064 (0xfa1f2023) sw      ra, -96(t5)
core   0: 3 0x80000064 (0xfa1f2023) mem 0x80002000 0x00000001
core   0: 0x80000068 (0xff5ff06f) j       pc - 0xc
core   0: 3 0x80000068 (0xff5ff06f)
core   0: 0x8000005c (0x00100093) li      ra, 1
core   0: 3 0x8000005c (0x00100093) x1  0x00000001
core   0: 0x80000060 (0x00002f17) auipc   t5, 0x2
core   0: 3 0x80000060 (0x00002f17) x30 0x80002060
core   0: 0x80000064 (0xfa1f2023) sw      ra, -96(t5)
core   0: 3 0x80000064 (0xfa1f2023) mem 0x80002000 0x00000001
core   0: 0x80000068 (0xff5ff06f) j       pc - 0xc
core   0: 3 0x80000068 (0xff5ff06f)
core   0: 0x8000005c (0x00100093) li      ra, 1
core   0: 3 0x8000005c (0x00100093) x1  0x00000001
core   0: 0x80000060 (0x00002f17) auipc   t5, 0x2
core   0: 3 0x80000060 (0x00002f17) x30 0x80002060
core   0: 0x80000064 (0xfa1f2023) sw      ra, -96(t5)
core   0: 3 0x80000064 (0xfa1f2023) mem 0x80002000 0x00000001
core   0: 0x80000068 (0xff5ff06f) j       pc - 0xc
core   0: 3 0x80000068 (0xff5ff06f)
core   0: 0x8000005c (0x00100093) li      ra, 1
core   0: 3 0x8000005c (0x00100093) x1  0x00000001
core   0: 0x80000060 (0x00002f17) auipc   t5, 0x2
core   0: 3 0x80000060 (0x00002f17) x30 0x80002060
core   0: 0x80000064 (0xfa1f2023) sw      ra, -96(t5)
core   0: 3 0x80000064 (0xfa1f2023) mem 0x80002000 0x00000001
core   0: 0x80000068 (0xff5ff06f) j       pc - 0xc
core   0: 3 0x80000068 (0xff5ff06f)
core   0: 0x8000005c (0x00100093) li      ra, 1
core   0: 3 0x8000005c (0x00100093) x1  0x00000001
core   0: 0x80000060 (0x00002f17) auipc   t5, 0x2
core   0: 3 0x80000060 (0x00002f17) x30 0x80002060
core   0: 0x80000064 (0xfa1f2023) sw      ra, -96(t5)
core   0: 3 0x80000064 (0xfa1f2023) mem 0x80002000 0x00000001
core   0: 0x80000068 (0xff5ff06f) j       pc - 0xc
core   0: 3 0x80000068 (0xff5ff06f)
core   0: 0x8000005c (0x00100093) li      ra, 1
core   0: 3 0x8000005c (0x00100093) x1  0x00000001
core   0: 0x80000060 (0x00002f17) auipc   t5, 0x2
core   0: 3 0x80000060 (0x00002f17) x30 0x80002060
core   0: 0x80000064 (0xfa1f2023) sw      ra, -96(t5)
core   0: 3 0x80000064 (0xfa1f2023) mem 0x80002000 0x00000001
core   0: 0x80000068 (0xff5ff06f) j       pc - 0xc
core   0: 3 0x80000068 (0xff5ff06f)
core   0: 0x8000005c (0x00100093) li      ra, 1
core   0: 3 0x8000005c (0x00100093) x1  0x00000001
core   0: 0x80000060 (0x00002f17) auipc   t5, 0x2
core   0: 3 0x80000060 (0x00002f17) x30 0x80002060
core   0: 0x80000064 (0xfa1f2023) sw      ra, -96(t5)
core   0: 3 0x80000064 (0xfa1f2023) mem 0x80002000 0x00000001
core   0: 0x80000068 (0xff5ff06f) j       pc - 0xc
core   0: 3 0x80000068 (0xff5ff06f)
core   0: 0x8000005c (0x00100093) li      ra, 1
core   0: 3 0x8000005c (0x00100093) x1  0x00000001
core   0: 0x80000060 (0x00002f17) auipc   t5, 0x2
core   0: 3 0x80000060 (0x00002f17) x30 0x80002060
core   0: 0x80000064 (0xfa1f2023) sw      ra, -96(t5)
core   0: 3 0x80000064 (0xfa1f2023) mem 0x80002000 0x00000001
core   0: 0x80000068 (0xff5ff06f) j       pc - 0xc
core   0: 3 0x80000068 (0xff5ff06f)
core   0: 0x8000005c (0x00100093) li      ra, 1
core   0: 3 0x8000005c (0x00100093) x1  0x00000001
core   0: 0x80000060 (0x00002f17) auipc   t5, 0x2
core   0: 3 0x80000060 (0x00002f17) x30 0x80002060
core   0: 0x80000064 (0xfa1f2023) sw      ra, -96(t5)
core   0: 3 0x80000064 (0xfa1f2023) mem 0x80002000 0x00000001
core   0: 0x80000068 (0xff5ff06f) j       pc - 0xc
core   0: 3 0x80000068 (0xff5ff06f)
core   0: 0x8000005c (0x00100093) li      ra, 1
core   0: 3 0x8000005c (0x00100093) x1  0x00000001
core   0: 0x80000060 (0x00002f17) auipc   t5, 0x2
core   0: 3 0x80000060 (0x00002f17) x30 0x80002060
core   0: 0x80000064 (0xfa1f2023) sw      ra, -96(t5)
core   0: 3 0x80000064 (0xfa1f2023) mem 0x80002000 0x00000001
core   0: 0x80000068 (0xff5ff06f) j       pc - 0xc
core   0: 3 0x80000068 (0xff5ff06f)
core   0: 0x8000005c (0x00100093) li      ra, 1
core   0: 3 0x8000005c (0x00100093) x1  0x00000001
core   0: 0x80000060 (0x00002f17) auipc   t5, 0x2
core   0: 3 0x80000060 (0x00002f17) x30 0x80002060
core   0: 0x80000064 (0xfa1f2023) sw      ra, -96(t5)
core   0: 3 0x80000064 (0xfa1f2023) mem 0x80002000 0x00000001
core   0: 0x80000068 (0xff5ff06f) j       pc - 0xc
core   0: 3 0x80000068 (0xff5ff06f)
core   0: 0x8000005c (0x00100093) li      ra, 1
core   0: 3 0x8000005c (0x00100093) x1  0x00000001
core   0: 0x80000060 (0x00002f17) auipc   t5, 0x2
core   0: 3 0x80000060 (0x00002f17) x30 0x80002060
core   0: 0x80000064 (0xfa1f2023) sw      ra, -96(t5)
core   0: 3 0x80000064 (0xfa1f2023) mem 0x80002000 0x00000001
core   0: 0x80000068 (0xff5ff06f) j       pc - 0xc
core   0: 3 0x80000068 (0xff5ff06f)
core   0: 0x8000005c (0x00100093) li      ra, 1
core   0: 3 0x8000005c (0x00100093) x1  0x00000001
core   0: 0x80000060 (0x00002f17) auipc   t5, 0x2
core   0: 3 0x80000060 (0x00002f17) x30 0x80002060
core   0: 0x80000064 (0xfa1f2023) sw      ra, -96(t5)
core   0: 3 0x80000064 (0xfa1f2023) mem 0x80002000 0x00000001
core   0: 0x80000068 (0xff5ff06f) j       pc - 0xc
core   0: 3 0x80000068 (0xff5ff06f)
core   0: 0x8000005c (0x00100093) li      ra, 1
core   0: 3 0x8000005c (0x00100093) x1  0x00000001
core   0: 0x80000060 (0x00002f17) auipc   t5, 0x2
core   0: 3 0x80000060 (0x00002f17) x30 0x80002060
core   0: 0x80000064 (0xfa1f2023) sw      ra, -96(t5)
core   0: 3 0x80000064 (0xfa1f2023) mem 0x80002000 0x00000001
core   0: 0x80000068 (0xff5ff06f) j       pc - 0xc
core   0: 3 0x80000068 (0xff5ff06f)
core   0: 0x8000005c (0x00100093) li      ra, 1
core   0: 3 0x8000005c (0x00100093) x1  0x00000001
core   0: 0x80000060 (0x00002f17) auipc   t5, 0x2
core   0: 3 0x80000060 (0x00002f17) x30 0x80002060
core   0: 0x80000064 (0xfa1f2023) sw      ra, -96(t5)
core   0: 3 0x80000064 (0xfa1f2023) mem 0x80002000 0x00000001
core   0: 0x80000068 (0xff5ff06f) j       pc - 0xc
core   0: 3 0x80000068 (0xff5ff06f)
core   0: 0x8000005c (0x00100093) li      ra, 1
core   0: 3 0x8000005c (0x00100093) x1  0x00000001
core   0: 0x80000060 (0x00002f17) auipc   t5, 0x2
core   0: 3 0x80000060 (0x00002f17) x30 0x80002060
core   0: 0x80000064 (0xfa1f2023) sw      ra, -96(t5)
core   0: 3 0x80000064 (0xfa1f2023) mem 0x80002000 0x00000001
core   0: 0x80000068 (0xff5ff06f) j       pc - 0xc
core   0: 3 0x80000068 (0xff5ff06f)
core   0: 0x8000005c (0x00100093) li      ra, 1
core   0: 3 0x8000005c (0x00100093) x1  0x00000001
core   0: 0x80000060 (0x00002f17) auipc   t5, 0x2
core   0: 3 0x80000060 (0x00002f17) x30 0x80002060
core   0: 0x80000064 (0xfa1f2023) sw      ra, -96(t5)
core   0: 3 0x80000064 (0xfa1f2023) mem 0x80002000 0x00000001
core   0: 0x80000068 (0xff5ff06f) j       pc - 0xc
core   0: 3 0x80000068 (0xff5ff06f)
core   0: 0x8000005c (0x00100093) li      ra, 1
core   0: 3 0x8000005c (0x00100093) x1  0x00000001
core   0: 0x80000060 (0x00002f17) auipc   t5, 0x2
core   0: 3 0x80000060 (0x00002f17) x30 0x80002060
core   0: 0x80000064 (0xfa1f2023) sw      ra, -96(t5)
core   0: 3 0x80000064 (0xfa1f2023) mem 0x80002000 0x00000001
core   0: 0x80000068 (0xff5ff06f) j       pc - 0xc
core   0: 3 0x80000068 (0xff5ff06f)
core   0: 0x8000005c (0x00100093) li      ra, 1
core   0: 3 0x8000005c (0x00100093) x1  0x00000001
core   0: 0x80000060 (0x00002f17) auipc   t5, 0x2
core   0: 3 0x80000060 (0x00002f17) x30 0x80002060
core   0: 0x80000064 (0xfa1f2023) sw      ra, -96(t5)
core   0: 3 0x80000064 (0xfa1f2023) mem 0x80002000 0x00000001
core   0: 0x80000068 (0xff5ff06f) j       pc - 0xc
core   0: 3 0x80000068 (0xff5ff06f)
core   0: 0x8000005c (0x00100093) li      ra, 1
core   0: 3 0x8000005c (0x00100093) x1  0x00000001
core   0: 0x80000060 (0x00002f17) auipc   t5, 0x2
core   0: 3 0x80000060 (0x00002f17) x30 0x80002060
core   0: 0x80000064 (0xfa1f2023) sw      ra, -96(t5)
core   0: 3 0x80000064 (0xfa1f2023) mem 0x80002000 0x00000001
core   0: 0x80000068 (0xff5ff06f) j       pc - 0xc
core   0: 3 0x80000068 (0xff5ff06f)
core   0: 0x8000005c (0x00100093) li      ra, 1
core   0: 3 0x8000005c (0x00100093) x1  0x00000001
core   0: 0x80000060 (0x00002f17) auipc   t5, 0x2
core   0: 3 0x80000060 (0x00002f17) x30 0x80002060
core   0: 0x80000064 (0xfa1f2023) sw      ra, -96(t5)
core   0: 3 0x80000064 (0xfa1f2023) mem 0x80002000 0x00000001
core   0: 0x80000068 (0xff5ff06f) j       pc - 0xc
core   0: 3 0x80000068 (0xff5ff06f)
core   0: 0x8000005c (0x00100093) li      ra, 1
core   0: 3 0x8000005c (0x00100093) x1  0x00000001
core   0: 0x80000060 (0x00002f17) auipc   t5, 0x2
core   0: 3 0x80000060 (0x00002f17) x30 0x80002060
core   0: 0x80000064 (0xfa1f2023) sw      ra, -96(t5)
core   0: 3 0x80000064 (0xfa1f2023) mem 0x80002000 0x00000001
core   0: 0x80000068 (0xff5ff06f) j       pc - 0xc
core   0: 3 0x80000068 (0xff5ff06f)
core   0: 0x8000005c (0x00100093) li      ra, 1
core   0: 3 0x8000005c (0x00100093) x1  0x00000001
core   0: 0x80000060 (0x00002f17) auipc   t5, 0x2
core   0: 3 0x80000060 (0x00002f17) x30 0x80002060
core   0: 0x80000064 (0xfa1f2023) sw      ra, -96(t5)
core   0: 3 0x80000064 (0xfa1f2023) mem 0x80002000 0x00000001
core   0: 0x80000068 (0xff5ff06f) j       pc - 0xc
core   0: 3 0x80000068 (0xff5ff06f)
core   0: 0x8000005c (0x00100093) li      ra, 1
core   0: 3 0x8000005c (0x00100093) x1  0x00000001
core   0: 0x80000060 (0x00002f17) auipc   t5, 0x2
core   0: 3 0x80000060 (0x00002f17) x30 0x80002060
core   0: 0x80000064 (0xfa1f2023) sw      ra, -96(t5)
core   0: 3 0x80000064 (0xfa1f2023) mem 0x80002000 0x00000001
core   0: 0x80000068 (0xff5ff06f) j       pc - 0xc
core   0: 3 0x80000068 (0xff5ff06f)
core   0: 0x8000005c (0x00100093) li      ra, 1
core   0: 3 0x8000005c (0x00100093) x1  0x00000001
core   0: 0x80000060 (0x00002f17) auipc   t5, 0x2
core   0: 3 0x80000060 (0x00002f17) x30 0x80002060
core   0: 0x80000064 (0xfa1f2023) sw      ra, -96(t5)
core   0: 3 0x80000064 (0xfa1f2023) mem 0x80002000 0x00000001
core   0: 0x80000068 (0xff5ff06f) j       pc - 0xc
core   0: 3 0x80000068 (0xff5ff06f)
core   0: 0x8000005c (0x00100093) li      ra, 1
core   0: 3 0x8000005c (0x00100093) x1  0x00000001
core   0: 0x80000060 (0x00002f17) auipc   t5, 0x2
core   0: 3 0x80000060 (0x00002f17) x30 0x80002060
core   0: 0x80000064 (0xfa1f2023) sw      ra, -96(t5)
core   0: 3 0x80000064 (0xfa1f2023) mem 0x80002000 0x00000001
core   0: 0x80000068 (0xff5ff06f) j       pc - 0xc
core   0: 3 0x80000068 (0xff5ff06f)
core   0: 0x8000005c (0x00100093) li      ra, 1
core   0: 3 0x8000005c (0x00100093) x1  0x00000001
core   0: 0x80000060 (0x00002f17) auipc   t5, 0x2
core   0: 3 0x80000060 (0x00002f17) x30 0x80002060
core   0: 0x80000064 (0xfa1f2023) sw      ra, -96(t5)
core   0: 3 0x80000064 (0xfa1f2023) mem 0x80002000 0x00000001
core   0: 0x80000068 (0xff5ff06f) j       pc - 0xc
core   0: 3 0x80000068 (0xff5ff06f)
core   0: 0x8000005c (0x00100093) li      ra, 1
core   0: 3 0x8000005c (0x00100093) x1  0x00000001
core   0: 0x80000060 (0x00002f17) auipc   t5, 0x2
core   0: 3 0x80000060 (0x00002f17) x30 0x80002060
core   0: 0x80000064 (0xfa1f2023) sw      ra, -96(t5)
core   0: 3 0x80000064 (0xfa1f2023) mem 0x80002000 0x00000001
core   0: 0x80000068 (0xff5ff06f) j       pc - 0xc
core   0: 3 0x80000068 (0xff5ff06f)
core   0: 0x8000005c (0x00100093) li      ra, 1
core   0: 3 0x8000005c (0x00100093) x1  0x00000001
core   0: 0x80000060 (0x00002f17) auipc   t5, 0x2
core   0: 3 0x80000060 (0x00002f17) x30 0x80002060
core   0: 0x80000064 (0xfa1f2023) sw      ra, -96(t5)
core   0: 3 0x80000064 (0xfa1f2023) mem 0x80002000 0x00000001
core   0: 0x80000068 (0xff5ff06f) j       pc - 0xc
core   0: 3 0x80000068 (0xff5ff06f)
core   0: 0x8000005c (0x00100093) li      ra, 1
core   0: 3 0x8000005c (0x00100093) x1  0x00000001
core   0: 0x80000060 (0x00002f17) auipc   t5, 0x2
core   0: 3 0x80000060 (0x00002f17) x30 0x80002060
core   0: 0x80000064 (0xfa1f2023) sw      ra, -96(t5)
core   0: 3 0x80000064 (0xfa1f2023) mem 0x80002000 0x00000001
core   0: 0x80000068 (0xff5ff06f) j       pc - 0xc
core   0: 3 0x80000068 (0xff5ff06f)
core   0: 0x8000005c (0x00100093) li      ra, 1
core   0: 3 0x8000005c (0x00100093) x1  0x00000001
core   0: 0x80000060 (0x00002f17) auipc   t5, 0x2
core   0: 3 0x80000060 (0x00002f17) x30 0x80002060
core   0: 0x80000064 (0xfa1f2023) sw      ra, -96(t5)
core   0: 3 0x80000064 (0xfa1f2023) mem 0x80002000 0x00000001
core   0: 0x80000068 (0xff5ff06f) j       pc - 0xc
core   0: 3 0x80000068 (0xff5ff06f)
core   0: 0x8000005c (0x00100093) li      ra, 1
core   0: 3 0x8000005c (0x00100093) x1  0x00000001
core   0: 0x80000060 (0x00002f17) auipc   t5, 0x2
core   0: 3 0x80000060 (0x00002f17) x30 0x80002060
core   0: 0x80000064 (0xfa1f2023) sw      ra, -96(t5)
core   0: 3 0x80000064 (0xfa1f2023) mem 0x80002000 0x00000001
core   0: 0x80000068 (0xff5ff06f) j       pc - 0xc
core   0: 3 0x80000068 (0xff5ff06f)
core   0: 0x8000005c (0x00100093) li      ra, 1
core   0: 3 0x8000005c (0x00100093) x1  0x00000001
core   0: 0x80000060 (0x00002f17) auipc   t5, 0x2
core   0: 3 0x80000060 (0x00002f17) x30 0x80002060
core   0: 0x80000064 (0xfa1f2023) sw      ra, -96(t5)
core   0: 3 0x80000064 (0xfa1f2023) mem 0x80002000 0x00000001
core   0: 0x80000068 (0xff5ff06f) j       pc - 0xc
core   0: 3 0x80000068 (0xff5ff06f)
core   0: 0x8000005c (0x00100093) li      ra, 1
core   0: 3 0x8000005c (0x00100093) x1  0x00000001
core   0: 0x80000060 (0x00002f17) auipc   t5, 0x2
core   0: 3 0x80000060 (0x00002f17) x30 0x80002060
core   0: 0x80000064 (0xfa1f2023) sw      ra, -96(t5)
core   0: 3 0x80000064 (0xfa1f2023) mem 0x80002000 0x00000001
core   0: 0x80000068 (0xff5ff06f) j       pc - 0xc
core   0: 3 0x80000068 (0xff5ff06f)
core   0: 0x8000005c (0x00100093) li      ra, 1
core   0: 3 0x8000005c (0x00100093) x1  0x00000001
core   0: 0x80000060 (0x00002f17) auipc   t5, 0x2
core   0: 3 0x80000060 (0x00002f17) x30 0x80002060
core   0: 0x80000064 (0xfa1f2023) sw      ra, -96(t5)
core   0: 3 0x80000064 (0xfa1f2023) mem 0x80002000 0x00000001
core   0: 0x80000068 (0xff5ff06f) j       pc - 0xc
core   0: 3 0x80000068 (0xff5ff06f)
core   0: 0x8000005c (0x00100093) li      ra, 1
core   0: 3 0x8000005c (0x00100093) x1  0x00000001
core   0: 0x80000060 (0x00002f17) auipc   t5, 0x2
core   0: 3 0x80000060 (0x00002f17) x30 0x80002060
core   0: 0x80000064 (0xfa1f2023) sw      ra, -96(t5)
core   0: 3 0x80000064 (0xfa1f2023) mem 0x80002000 0x00000001
core   0: 0x80000068 (0xff5ff06f) j       pc - 0xc
core   0: 3 0x80000068 (0xff5ff06f)
core   0: 0x8000005c (0x00100093) li      ra, 1
core   0: 3 0x8000005c (0x00100093) x1  0x00000001
core   0: 0x80000060 (0x00002f17) auipc   t5, 0x2
core   0: 3 0x80000060 (0x00002f17) x30 0x80002060
core   0: 0x80000064 (0xfa1f2023) sw      ra, -96(t5)
core   0: 3 0x80000064 (0xfa1f2023) mem 0x80002000 0x00000001
core   0: 0x80000068 (0xff5ff06f) j       pc - 0xc
core   0: 3 0x80000068 (0xff5ff06f)
core   0: 0x8000005c (0x00100093) li      ra, 1
core   0: 3 0x8000005c (0x00100093) x1  0x00000001
core   0: 0x80000060 (0x00002f17) auipc   t5, 0x2
core   0: 3 0x80000060 (0x00002f17) x30 0x80002060
core   0: 0x80000064 (0xfa1f2023) sw      ra, -96(t5)
core   0: 3 0x80000064 (0xfa1f2023) mem 0x80002000 0x00000001
core   0: 0x80000068 (0xff5ff06f) j       pc - 0xc
core   0: 3 0x80000068 (0xff5ff06f)
core   0: 0x8000005c (0x00100093) li      ra, 1
core   0: 3 0x8000005c (0x00100093) x1  0x00000001
core   0: 0x80000060 (0x00002f17) auipc   t5, 0x2
core   0: 3 0x80000060 (0x00002f17) x30 0x80002060
core   0: 0x80000064 (0xfa1f2023) sw      ra, -96(t5)
core   0: 3 0x80000064 (0xfa1f2023) mem 0x80002000 0x00000001
core   0: 0x80000068 (0xff5ff06f) j       pc - 0xc
core   0: 3 0x80000068 (0xff5ff06f)
core   0: 0x8000005c (0x00100093) li      ra, 1
core   0: 3 0x8000005c (0x00100093) x1  0x00000001
core   0: 0x80000060 (0x00002f17) auipc   t5, 0x2
core   0: 3 0x80000060 (0x00002f17) x30 0x80002060
core   0: 0x80000064 (0xfa1f2023) sw      ra, -96(t5)
core   0: 3 0x80000064 (0xfa1f2023) mem 0x80002000 0x00000001
core   0: 0x80000068 (0xff5ff06f) j       pc - 0xc
core   0: 3 0x80000068 (0xff5ff06f)
core   0: 0x8000005c (0x00100093) li      ra, 1
core   0: 3 0x8000005c (0x00100093) x1  0x00000001
core   0: 0x80000060 (0x00002f17) auipc   t5, 0x2
core   0: 3 0x80000060 (0x00002f17) x30 0x80002060
core   0: 0x80000064 (0xfa1f2023) sw      ra, -96(t5)
core   0: 3 0x80000064 (0xfa1f2023) mem 0x80002000 0x00000001
core   0: 0x80000068 (0xff5ff06f) j       pc - 0xc
core   0: 3 0x80000068 (0xff5ff06f)
core   0: 0x8000005c (0x00100093) li      ra, 1
core   0: 3 0x8000005c (0x00100093) x1  0x00000001
core   0: 0x80000060 (0x00002f17) auipc   t5, 0x2
core   0: 3 0x80000060 (0x00002f17) x30 0x80002060
core   0: 0x80000064 (0xfa1f2023) sw      ra, -96(t5)
core   0: 3 0x80000064 (0xfa1f2023) mem 0x80002000 0x00000001
core   0: 0x80000068 (0xff5ff06f) j       pc - 0xc
core   0: 3 0x80000068 (0xff5ff06f)
core   0: 0x8000005c (0x00100093) li      ra, 1
core   0: 3 0x8000005c (0x00100093) x1  0x00000001
core   0: 0x80000060 (0x00002f17) auipc   t5, 0x2
core   0: 3 0x80000060 (0x00002f17) x30 0x80002060
core   0: 0x80000064 (0xfa1f2023) sw      ra, -96(t5)
core   0: 3 0x80000064 (0xfa1f2023) mem 0x80002000 0x00000001
core   0: 0x80000068 (0xff5ff06f) j       pc - 0xc
core   0: 3 0x80000068 (0xff5ff06f)
core   0: 0x8000005c (0x00100093) li      ra, 1
core   0: 3 0x8000005c (0x00100093) x1  0x00000001
core   0: 0x80000060 (0x00002f17) auipc   t5, 0x2
core   0: 3 0x80000060 (0x00002f17) x30 0x80002060
core   0: 0x80000064 (0xfa1f2023) sw      ra, -96(t5)
core   0: 3 0x80000064 (0xfa1f2023) mem 0x80002000 0x00000001
core   0: 0x80000068 (0xff5ff06f) j       pc - 0xc
core   0: 3 0x80000068 (0xff5ff06f)
core   0: 0x8000005c (0x00100093) li      ra, 1
core   0: 3 0x8000005c (0x00100093) x1  0x00000001
core   0: 0x80000060 (0x00002f17) auipc   t5, 0x2
core   0: 3 0x80000060 (0x00002f17) x30 0x80002060
core   0: 0x80000064 (0xfa1f2023) sw      ra, -96(t5)
core   0: 3 0x80000064 (0xfa1f2023) mem 0x80002000 0x00000001
core   0: 0x80000068 (0xff5ff06f) j       pc - 0xc
core   0: 3 0x80000068 (0xff5ff06f)
core   0: 0x8000005c (0x00100093) li      ra, 1
core   0: 3 0x8000005c (0x00100093) x1  0x00000001
core   0: 0x80000060 (0x00002f17) auipc   t5, 0x2
core   0: 3 0x80000060 (0x00002f17) x30 0x80002060
core   0: 0x80000064 (0xfa1f2023) sw      ra, -96(t5)
core   0: 3 0x80000064 (0xfa1f2023) mem 0x80002000 0x00000001
core   0: 0x80000068 (0xff5ff06f) j       pc - 0xc
core   0: 3 0x80000068 (0xff5ff06f)
core   0: 0x8000005c (0x00100093) li      ra, 1
core   0: 3 0x8000005c (0x00100093) x1  0x00000001
core   0: 0x80000060 (0x00002f17) auipc   t5, 0x2
core   0: 3 0x80000060 (0x00002f17) x30 0x80002060
core   0: 0x80000064 (0xfa1f2023) sw      ra, -96(t5)
core   0: 3 0x80000064 (0xfa1f2023) mem 0x80002000 0x00000001
core   0: 0x80000068 (0xff5ff06f) j       pc - 0xc
core   0: 3 0x80000068 (0xff5ff06f)
core   0: 0x8000005c (0x00100093) li      ra, 1
core   0: 3 0x8000005c (0x00100093) x1  0x00000001
core   0: 0x80000060 (0x00002f17) auipc   t5, 0x2
core   0: 3 0x80000060 (0x00002f17) x30 0x80002060
core   0: 0x80000064 (0xfa1f2023) sw      ra, -96(t5)
core   0: 3 0x80000064 (0xfa1f2023) mem 0x80002000 0x00000001
core   0: 0x80000068 (0xff5ff06f) j       pc - 0xc
core   0: 3 0x80000068 (0xff5ff06f)
core   0: 0x8000005c (0x00100093) li      ra, 1
core   0: 3 0x8000005c (0x00100093) x1  0x00000001
core   0: 0x80000060 (0x00002f17) auipc   t5, 0x2
core   0: 3 0x80000060 (0x00002f17) x30 0x80002060
core   0: 0x80000064 (0xfa1f2023) sw      ra, -96(t5)
core   0: 3 0x80000064 (0xfa1f2023) mem 0x80002000 0x00000001
core   0: 0x80000068 (0xff5ff06f) j       pc - 0xc
core   0: 3 0x80000068 (0xff5ff06f)
core   0: 0x8000005c (0x00100093) li      ra, 1
core   0: 3 0x8000005c (0x00100093) x1  0x00000001
core   0: 0x80000060 (0x00002f17) auipc   t5, 0x2
core   0: 3 0x80000060 (0x00002f17) x30 0x80002060
core   0: 0x80000064 (0xfa1f2023) sw      ra, -96(t5)
core   0: 3 0x80000064 (0xfa1f2023) mem 0x80002000 0x00000001
core   0: 0x80000068 (0xff5ff06f) j       pc - 0xc
core   0: 3 0x80000068 (0xff5ff06f)
core   0: 0x8000005c (0x00100093) li      ra, 1
core   0: 3 0x8000005c (0x00100093) x1  0x00000001
core   0: 0x80000060 (0x00002f17) auipc   t5, 0x2
core   0: 3 0x80000060 (0x00002f17) x30 0x80002060
core   0: 0x80000064 (0xfa1f2023) sw      ra, -96(t5)
core   0: 3 0x80000064 (0xfa1f2023) mem 0x80002000 0x00000001
core   0: 0x80000068 (0xff5ff06f) j       pc - 0xc
core   0: 3 0x80000068 (0xff5ff06f)
core   0: 0x8000005c (0x00100093) li      ra, 1
core   0: 3 0x8000005c (0x00100093) x1  0x00000001
core   0: 0x80000060 (0x00002f17) auipc   t5, 0x2
core   0: 3 0x80000060 (0x00002f17) x30 0x80002060
core   0: 0x80000064 (0xfa1f2023) sw      ra, -96(t5)
core   0: 3 0x80000064 (0xfa1f2023) mem 0x80002000 0x00000001
core   0: 0x80000068 (0xff5ff06f) j       pc - 0xc
core   0: 3 0x80000068 (0xff5ff06f)
core   0: 0x8000005c (0x00100093) li      ra, 1
core   0: 3 0x8000005c (0x00100093) x1  0x00000001
core   0: 0x80000060 (0x00002f17) auipc   t5, 0x2
core   0: 3 0x80000060 (0x00002f17) x30 0x80002060
core   0: 0x80000064 (0xfa1f2023) sw      ra, -96(t5)
core   0: 3 0x80000064 (0xfa1f2023) mem 0x80002000 0x00000001
core   0: 0x80000068 (0xff5ff06f) j       pc - 0xc
core   0: 3 0x80000068 (0xff5ff06f)
core   0: 0x8000005c (0x00100093) li      ra, 1
core   0: 3 0x8000005c (0x00100093) x1  0x00000001
core   0: 0x80000060 (0x00002f17) auipc   t5, 0x2
core   0: 3 0x80000060 (0x00002f17) x30 0x80002060
core   0: 0x80000064 (0xfa1f2023) sw      ra, -96(t5)
core   0: 3 0x80000064 (0xfa1f2023) mem 0x80002000 0x00000001
core   0: 0x80000068 (0xff5ff06f) j       pc - 0xc
core   0: 3 0x80000068 (0xff5ff06f)
core   0: 0x8000005c (0x00100093) li      ra, 1
core   0: 3 0x8000005c (0x00100093) x1  0x00000001
core   0: 0x80000060 (0x00002f17) auipc   t5, 0x2
core   0: 3 0x80000060 (0x00002f17) x30 0x80002060
core   0: 0x80000064 (0xfa1f2023) sw      ra, -96(t5)
core   0: 3 0x80000064 (0xfa1f2023) mem 0x80002000 0x00000001
core   0: 0x80000068 (0xff5ff06f) j       pc - 0xc
core   0: 3 0x80000068 (0xff5ff06f)
core   0: 0x8000005c (0x00100093) li      ra, 1
core   0: 3 0x8000005c (0x00100093) x1  0x00000001
core   0: 0x80000060 (0x00002f17) auipc   t5, 0x2
core   0: 3 0x80000060 (0x00002f17) x30 0x80002060
core   0: 0x80000064 (0xfa1f2023) sw      ra, -96(t5)
core   0: 3 0x80000064 (0xfa1f2023) mem 0x80002000 0x00000001
core   0: 0x80000068 (0xff5ff06f) j       pc - 0xc
core   0: 3 0x80000068 (0xff5ff06f)
core   0: 0x8000005c (0x00100093) li      ra, 1
core   0: 3 0x8000005c (0x00100093) x1  0x00000001
core   0: 0x80000060 (0x00002f17) auipc   t5, 0x2
core   0: 3 0x80000060 (0x00002f17) x30 0x80002060
core   0: 0x80000064 (0xfa1f2023) sw      ra, -96(t5)
core   0: 3 0x80000064 (0xfa1f2023) mem 0x80002000 0x00000001
core   0: 0x80000068 (0xff5ff06f) j       pc - 0xc
core   0: 3 0x80000068 (0xff5ff06f)
core   0: 0x8000005c (0x00100093) li      ra, 1
core   0: 3 0x8000005c (0x00100093) x1  0x00000001
core   0: 0x80000060 (0x00002f17) auipc   t5, 0x2
core   0: 3 0x80000060 (0x00002f17) x30 0x80002060
core   0: 0x80000064 (0xfa1f2023) sw      ra, -96(t5)
core   0: 3 0x80000064 (0xfa1f2023) mem 0x80002000 0x00000001
core   0: 0x80000068 (0xff5ff06f) j       pc - 0xc
core   0: 3 0x80000068 (0xff5ff06f)
core   0: 0x8000005c (0x00100093) li      ra, 1
core   0: 3 0x8000005c (0x00100093) x1  0x00000001
core   0: 0x80000060 (0x00002f17) auipc   t5, 0x2
core   0: 3 0x80000060 (0x00002f17) x30 0x80002060
core   0: 0x80000064 (0xfa1f2023) sw      ra, -96(t5)
core   0: 3 0x80000064 (0xfa1f2023) mem 0x80002000 0x00000001
core   0: 0x80000068 (0xff5ff06f) j       pc - 0xc
core   0: 3 0x80000068 (0xff5ff06f)
core   0: 0x8000005c (0x00100093) li      ra, 1
core   0: 3 0x8000005c (0x00100093) x1  0x00000001
core   0: 0x80000060 (0x00002f17) auipc   t5, 0x2
core   0: 3 0x80000060 (0x00002f17) x30 0x80002060
core   0: 0x80000064 (0xfa1f2023) sw      ra, -96(t5)
core   0: 3 0x80000064 (0xfa1f2023) mem 0x80002000 0x00000001
core   0: 0x80000068 (0xff5ff06f) j       pc - 0xc
core   0: 3 0x80000068 (0xff5ff06f)
core   0: 0x8000005c (0x00100093) li      ra, 1
core   0: 3 0x8000005c (0x00100093) x1  0x00000001
core   0: 0x80000060 (0x00002f17) auipc   t5, 0x2
core   0: 3 0x80000060 (0x00002f17) x30 0x80002060
core   0: 0x80000064 (0xfa1f2023) sw      ra, -96(t5)
core   0: 3 0x80000064 (0xfa1f2023) mem 0x80002000 0x00000001
core   0: 0x80000068 (0xff5ff06f) j       pc - 0xc
core   0: 3 0x80000068 (0xff5ff06f)
core   0: 0x8000005c (0x00100093) li      ra, 1
core   0: 3 0x8000005c (0x00100093) x1  0x00000001
core   0: 0x80000060 (0x00002f17) auipc   t5, 0x2
core   0: 3 0x80000060 (0x00002f17) x30 0x80002060
core   0: 0x80000064 (0xfa1f2023) sw      ra, -96(t5)
core   0: 3 0x80000064 (0xfa1f2023) mem 0x80002000 0x00000001
core   0: 0x80000068 (0xff5ff06f) j       pc - 0xc
core   0: 3 0x80000068 (0xff5ff06f)
core   0: 0x8000005c (0x00100093) li      ra, 1
core   0: 3 0x8000005c (0x00100093) x1  0x00000001
core   0: 0x80000060 (0x00002f17) auipc   t5, 0x2
core   0: 3 0x80000060 (0x00002f17) x30 0x80002060
core   0: 0x80000064 (0xfa1f2023) sw      ra, -96(t5)
core   0: 3 0x80000064 (0xfa1f2023) mem 0x80002000 0x00000001
core   0: 0x80000068 (0xff5ff06f) j       pc - 0xc
core   0: 3 0x80000068 (0xff5ff06f)
core   0: 0x8000005c (0x00100093) li      ra, 1
core   0: 3 0x8000005c (0x00100093) x1  0x00000001
core   0: 0x80000060 (0x00002f17) auipc   t5, 0x2
core   0: 3 0x80000060 (0x00002f17) x30 0x80002060
core   0: 0x80000064 (0xfa1f2023) sw      ra, -96(t5)
core   0: 3 0x80000064 (0xfa1f2023) mem 0x80002000 0x00000001
core   0: 0x80000068 (0xff5ff06f) j       pc - 0xc
core   0: 3 0x80000068 (0xff5ff06f)
core   0: 0x8000005c (0x00100093) li      ra, 1
core   0: 3 0x8000005c (0x00100093) x1  0x00000001
core   0: 0x80000060 (0x00002f17) auipc   t5, 0x2
core   0: 3 0x80000060 (0x00002f17) x30 0x80002060
core   0: 0x80000064 (0xfa1f2023) sw      ra, -96(t5)
core   0: 3 0x80000064 (0xfa1f2023) mem 0x80002000 0x00000001
core   0: 0x80000068 (0xff5ff06f) j       pc - 0xc
core   0: 3 0x80000068 (0xff5ff06f)
core   0: 0x8000005c (0x00100093) li      ra, 1
core   0: 3 0x8000005c (0x00100093) x1  0x00000001
core   0: 0x80000060 (0x00002f17) auipc   t5, 0x2
core   0: 3 0x80000060 (0x00002f17) x30 0x80002060
core   0: 0x80000064 (0xfa1f2023) sw      ra, -96(t5)
core   0: 3 0x80000064 (0xfa1f2023) mem 0x80002000 0x00000001
core   0: 0x80000068 (0xff5ff06f) j       pc - 0xc
core   0: 3 0x80000068 (0xff5ff06f)
core   0: 0x8000005c (0x00100093) li      ra, 1
core   0: 3 0x8000005c (0x00100093) x1  0x00000001
core   0: 0x80000060 (0x00002f17) auipc   t5, 0x2
core   0: 3 0x80000060 (0x00002f17) x30 0x80002060
core   0: 0x80000064 (0xfa1f2023) sw      ra, -96(t5)
core   0: 3 0x80000064 (0xfa1f2023) mem 0x80002000 0x00000001
core   0: 0x80000068 (0xff5ff06f) j       pc - 0xc
core   0: 3 0x80000068 (0xff5ff06f)
core   0: 0x8000005c (0x00100093) li      ra, 1
core   0: 3 0x8000005c (0x00100093) x1  0x00000001
core   0: 0x80000060 (0x00002f17) auipc   t5, 0x2
core   0: 3 0x80000060 (0x00002f17) x30 0x80002060
core   0: 0x80000064 (0xfa1f2023) sw      ra, -96(t5)
core   0: 3 0x80000064 (0xfa1f2023) mem 0x80002000 0x00000001
core   0: 0x80000068 (0xff5ff06f) j       pc - 0xc
core   0: 3 0x80000068 (0xff5ff06f)
core   0: 0x8000005c (0x00100093) li      ra, 1
core   0: 3 0x8000005c (0x00100093) x1  0x00000001
core   0: 0x80000060 (0x00002f17) auipc   t5, 0x2
core   0: 3 0x80000060 (0x00002f17) x30 0x80002060
core   0: 0x80000064 (0xfa1f2023) sw      ra, -96(t5)
core   0: 3 0x80000064 (0xfa1f2023) mem 0x80002000 0x00000001
core   0: 0x80000068 (0xff5ff06f) j       pc - 0xc
core   0: 3 0x80000068 (0xff5ff06f)
core   0: 0x8000005c (0x00100093) li      ra, 1
core   0: 3 0x8000005c (0x00100093) x1  0x00000001
core   0: 0x80000060 (0x00002f17) auipc   t5, 0x2
core   0: 3 0x80000060 (0x00002f17) x30 0x80002060
core   0: 0x80000064 (0xfa1f2023) sw      ra, -96(t5)
core   0: 3 0x80000064 (0xfa1f2023) mem 0x80002000 0x00000001
core   0: 0x80000068 (0xff5ff06f) j       pc - 0xc
core   0: 3 0x80000068 (0xff5ff06f)
core   0: 0x8000005c (0x00100093) li      ra, 1
core   0: 3 0x8000005c (0x00100093) x1  0x00000001
core   0: 0x80000060 (0x00002f17) auipc   t5, 0x2
core   0: 3 0x80000060 (0x00002f17) x30 0x80002060
core   0: 0x80000064 (0xfa1f2023) sw      ra, -96(t5)
core   0: 3 0x80000064 (0xfa1f2023) mem 0x80002000 0x00000001
core   0: 0x80000068 (0xff5ff06f) j       pc - 0xc
core   0: 3 0x80000068 (0xff5ff06f)
core   0: 0x8000005c (0x00100093) li      ra, 1
core   0: 3 0x8000005c (0x00100093) x1  0x00000001
core   0: 0x80000060 (0x00002f17) auipc   t5, 0x2
core   0: 3 0x80000060 (0x00002f17) x30 0x80002060
core   0: 0x80000064 (0xfa1f2023) sw      ra, -96(t5)
core   0: 3 0x80000064 (0xfa1f2023) mem 0x80002000 0x00000001
core   0: 0x80000068 (0xff5ff06f) j       pc - 0xc
core   0: 3 0x80000068 (0xff5ff06f)
core   0: 0x8000005c (0x00100093) li      ra, 1
core   0: 3 0x8000005c (0x00100093) x1  0x00000001
core   0: 0x80000060 (0x00002f17) auipc   t5, 0x2
core   0: 3 0x80000060 (0x00002f17) x30 0x80002060
core   0: 0x80000064 (0xfa1f2023) sw      ra, -96(t5)
core   0: 3 0x80000064 (0xfa1f2023) mem 0x80002000 0x00000001
core   0: 0x80000068 (0xff5ff06f) j       pc - 0xc
core   0: 3 0x80000068 (0xff5ff06f)
core   0: 0x8000005c (0x00100093) li      ra, 1
core   0: 3 0x8000005c (0x00100093) x1  0x00000001
core   0: 0x80000060 (0x00002f17) auipc   t5, 0x2
core   0: 3 0x80000060 (0x00002f17) x30 0x80002060
core   0: 0x80000064 (0xfa1f2023) sw      ra, -96(t5)
core   0: 3 0x80000064 (0xfa1f2023) mem 0x80002000 0x00000001
core   0: 0x80000068 (0xff5ff06f) j       pc - 0xc
core   0: 3 0x80000068 (0xff5ff06f)
core   0: 0x8000005c (0x00100093) li      ra, 1
core   0: 3 0x8000005c (0x00100093) x1  0x00000001
core   0: 0x80000060 (0x00002f17) auipc   t5, 0x2
core   0: 3 0x80000060 (0x00002f17) x30 0x80002060
core   0: 0x80000064 (0xfa1f2023) sw      ra, -96(t5)
core   0: 3 0x80000064 (0xfa1f2023) mem 0x80002000 0x00000001
core   0: 0x80000068 (0xff5ff06f) j       pc - 0xc
core   0: 3 0x80000068 (0xff5ff06f)
core   0: 0x8000005c (0x00100093) li      ra, 1
core   0: 3 0x8000005c (0x00100093) x1  0x00000001
core   0: 0x80000060 (0x00002f17) auipc   t5, 0x2
core   0: 3 0x80000060 (0x00002f17) x30 0x80002060
core   0: 0x80000064 (0xfa1f2023) sw      ra, -96(t5)
core   0: 3 0x80000064 (0xfa1f2023) mem 0x80002000 0x00000001
core   0: 0x80000068 (0xff5ff06f) j       pc - 0xc
core   0: 3 0x80000068 (0xff5ff06f)
core   0: 0x8000005c (0x00100093) li      ra, 1
core   0: 3 0x8000005c (0x00100093) x1  0x00000001
core   0: 0x80000060 (0x00002f17) auipc   t5, 0x2
core   0: 3 0x80000060 (0x00002f17) x30 0x80002060
core   0: 0x80000064 (0xfa1f2023) sw      ra, -96(t5)
core   0: 3 0x80000064 (0xfa1f2023) mem 0x80002000 0x00000001
core   0: 0x80000068 (0xff5ff06f) j       pc - 0xc
core   0: 3 0x80000068 (0xff5ff06f)
core   0: 0x8000005c (0x00100093) li      ra, 1
core   0: 3 0x8000005c (0x00100093) x1  0x00000001
core   0: 0x80000060 (0x00002f17) auipc   t5, 0x2
core   0: 3 0x80000060 (0x00002f17) x30 0x80002060
core   0: 0x80000064 (0xfa1f2023) sw      ra, -96(t5)
core   0: 3 0x80000064 (0xfa1f2023) mem 0x80002000 0x00000001
core   0: 0x80000068 (0xff5ff06f) j       pc - 0xc
core   0: 3 0x80000068 (0xff5ff06f)
core   0: 0x8000005c (0x00100093) li      ra, 1
core   0: 3 0x8000005c (0x00100093) x1  0x00000001
core   0: 0x80000060 (0x00002f17) auipc   t5, 0x2
core   0: 3 0x80000060 (0x00002f17) x30 0x80002060
core   0: 0x80000064 (0xfa1f2023) sw      ra, -96(t5)
core   0: 3 0x80000064 (0xfa1f2023) mem 0x80002000 0x00000001
core   0: 0x80000068 (0xff5ff06f) j       pc - 0xc
core   0: 3 0x80000068 (0xff5ff06f)
core   0: 0x8000005c (0x00100093) li      ra, 1
core   0: 3 0x8000005c (0x00100093) x1  0x00000001
core   0: 0x80000060 (0x00002f17) auipc   t5, 0x2
core   0: 3 0x80000060 (0x00002f17) x30 0x80002060
core   0: 0x80000064 (0xfa1f2023) sw      ra, -96(t5)
core   0: 3 0x80000064 (0xfa1f2023) mem 0x80002000 0x00000001
core   0: 0x80000068 (0xff5ff06f) j       pc - 0xc
core   0: 3 0x80000068 (0xff5ff06f)
core   0: 0x8000005c (0x00100093) li      ra, 1
core   0: 3 0x8000005c (0x00100093) x1  0x00000001
core   0: 0x80000060 (0x00002f17) auipc   t5, 0x2
core   0: 3 0x80000060 (0x00002f17) x30 0x80002060
core   0: 0x80000064 (0xfa1f2023) sw      ra, -96(t5)
core   0: 3 0x80000064 (0xfa1f2023) mem 0x80002000 0x00000001
core   0: 0x80000068 (0xff5ff06f) j       pc - 0xc
core   0: 3 0x80000068 (0xff5ff06f)
core   0: 0x8000005c (0x00100093) li      ra, 1
core   0: 3 0x8000005c (0x00100093) x1  0x00000001
core   0: 0x80000060 (0x00002f17) auipc   t5, 0x2
core   0: 3 0x80000060 (0x00002f17) x30 0x80002060
core   0: 0x80000064 (0xfa1f2023) sw      ra, -96(t5)
core   0: 3 0x80000064 (0xfa1f2023) mem 0x80002000 0x00000001
core   0: 0x80000068 (0xff5ff06f) j       pc - 0xc
core   0: 3 0x80000068 (0xff5ff06f)
core   0: 0x8000005c (0x00100093) li      ra, 1
core   0: 3 0x8000005c (0x00100093) x1  0x00000001
core   0: 0x80000060 (0x00002f17) auipc   t5, 0x2
core   0: 3 0x80000060 (0x00002f17) x30 0x80002060
core   0: 0x80000064 (0xfa1f2023) sw      ra, -96(t5)
core   0: 3 0x80000064 (0xfa1f2023) mem 0x80002000 0x00000001
core   0: 0x80000068 (0xff5ff06f) j       pc - 0xc
core   0: 3 0x80000068 (0xff5ff06f)
core   0: 0x8000005c (0x00100093) li      ra, 1
core   0: 3 0x8000005c (0x00100093) x1  0x00000001
core   0: 0x80000060 (0x00002f17) auipc   t5, 0x2
core   0: 3 0x80000060 (0x00002f17) x30 0x80002060
core   0: 0x80000064 (0xfa1f2023) sw      ra, -96(t5)
core   0: 3 0x80000064 (0xfa1f2023) mem 0x80002000 0x00000001
core   0: 0x80000068 (0xff5ff06f) j       pc - 0xc
core   0: 3 0x80000068 (0xff5ff06f)
core   0: 0x8000005c (0x00100093) li      ra, 1
core   0: 3 0x8000005c (0x00100093) x1  0x00000001
core   0: 0x80000060 (0x00002f17) auipc   t5, 0x2
core   0: 3 0x80000060 (0x00002f17) x30 0x80002060
core   0: 0x80000064 (0xfa1f2023) sw      ra, -96(t5)
core   0: 3 0x80000064 (0xfa1f2023) mem 0x80002000 0x00000001
core   0: 0x80000068 (0xff5ff06f) j       pc - 0xc
core   0: 3 0x80000068 (0xff5ff06f)
core   0: 0x8000005c (0x00100093) li      ra, 1
core   0: 3 0x8000005c (0x00100093) x1  0x00000001
core   0: 0x80000060 (0x00002f17) auipc   t5, 0x2
core   0: 3 0x80000060 (0x00002f17) x30 0x80002060
core   0: 0x80000064 (0xfa1f2023) sw      ra, -96(t5)
core   0: 3 0x80000064 (0xfa1f2023) mem 0x80002000 0x00000001
core   0: 0x80000068 (0xff5ff06f) j       pc - 0xc
core   0: 3 0x80000068 (0xff5ff06f)
core   0: 0x8000005c (0x00100093) li      ra, 1
core   0: 3 0x8000005c (0x00100093) x1  0x00000001
core   0: 0x80000060 (0x00002f17) auipc   t5, 0x2
core   0: 3 0x80000060 (0x00002f17) x30 0x80002060
core   0: 0x80000064 (0xfa1f2023) sw      ra, -96(t5)
core   0: 3 0x80000064 (0xfa1f2023) mem 0x80002000 0x00000001
core   0: 0x80000068 (0xff5ff06f) j       pc - 0xc
core   0: 3 0x80000068 (0xff5ff06f)
core   0: 0x8000005c (0x00100093) li      ra, 1
core   0: 3 0x8000005c (0x00100093) x1  0x00000001
core   0: 0x80000060 (0x00002f17) auipc   t5, 0x2
core   0: 3 0x80000060 (0x00002f17) x30 0x80002060
core   0: 0x80000064 (0xfa1f2023) sw      ra, -96(t5)
core   0: 3 0x80000064 (0xfa1f2023) mem 0x80002000 0x00000001
core   0: 0x80000068 (0xff5ff06f) j       pc - 0xc
core   0: 3 0x80000068 (0xff5ff06f)
core   0: 0x8000005c (0x00100093) li      ra, 1
core   0: 3 0x8000005c (0x00100093) x1  0x00000001
core   0: 0x80000060 (0x00002f17) auipc   t5, 0x2
core   0: 3 0x80000060 (0x00002f17) x30 0x80002060
core   0: 0x80000064 (0xfa1f2023) sw      ra, -96(t5)
core   0: 3 0x80000064 (0xfa1f2023) mem 0x80002000 0x00000001
core   0: 0x80000068 (0xff5ff06f) j       pc - 0xc
core   0: 3 0x80000068 (0xff5ff06f)
core   0: 0x8000005c (0x00100093) li      ra, 1
core   0: 3 0x8000005c (0x00100093) x1  0x00000001
core   0: 0x80000060 (0x00002f17) auipc   t5, 0x2
core   0: 3 0x80000060 (0x00002f17) x30 0x80002060
core   0: 0x80000064 (0xfa1f2023) sw      ra, -96(t5)
core   0: 3 0x80000064 (0xfa1f2023) mem 0x80002000 0x00000001
core   0: 0x80000068 (0xff5ff06f) j       pc - 0xc
core   0: 3 0x80000068 (0xff5ff06f)
core   0: 0x8000005c (0x00100093) li      ra, 1
core   0: 3 0x8000005c (0x00100093) x1  0x00000001
core   0: 0x80000060 (0x00002f17) auipc   t5, 0x2
core   0: 3 0x80000060 (0x00002f17) x30 0x80002060
core   0: 0x80000064 (0xfa1f2023) sw      ra, -96(t5)
core   0: 3 0x80000064 (0xfa1f2023) mem 0x80002000 0x00000001
core   0: 0x80000068 (0xff5ff06f) j       pc - 0xc
core   0: 3 0x80000068 (0xff5ff06f)
core   0: 0x8000005c (0x00100093) li      ra, 1
core   0: 3 0x8000005c (0x00100093) x1  0x00000001
core   0: 0x80000060 (0x00002f17) auipc   t5, 0x2
core   0: 3 0x80000060 (0x00002f17) x30 0x80002060
core   0: 0x80000064 (0xfa1f2023) sw      ra, -96(t5)
core   0: 3 0x80000064 (0xfa1f2023) mem 0x80002000 0x00000001
core   0: 0x80000068 (0xff5ff06f) j       pc - 0xc
core   0: 3 0x80000068 (0xff5ff06f)
core   0: 0x8000005c (0x00100093) li      ra, 1
core   0: 3 0x8000005c (0x00100093) x1  0x00000001
core   0: 0x80000060 (0x00002f17) auipc   t5, 0x2
core   0: 3 0x80000060 (0x00002f17) x30 0x80002060
core   0: 0x80000064 (0xfa1f2023) sw      ra, -96(t5)
core   0: 3 0x80000064 (0xfa1f2023) mem 0x80002000 0x00000001
core   0: 0x80000068 (0xff5ff06f) j       pc - 0xc
core   0: 3 0x80000068 (0xff5ff06f)
core   0: 0x8000005c (0x00100093) li      ra, 1
core   0: 3 0x8000005c (0x00100093) x1  0x00000001
core   0: 0x80000060 (0x00002f17) auipc   t5, 0x2
core   0: 3 0x80000060 (0x00002f17) x30 0x80002060
core   0: 0x80000064 (0xfa1f2023) sw      ra, -96(t5)
core   0: 3 0x80000064 (0xfa1f2023) mem 0x80002000 0x00000001
core   0: 0x80000068 (0xff5ff06f) j       pc - 0xc
core   0: 3 0x80000068 (0xff5ff06f)
core   0: 0x8000005c (0x00100093) li      ra, 1
core   0: 3 0x8000005c (0x00100093) x1  0x00000001
core   0: 0x80000060 (0x00002f17) auipc   t5, 0x2
core   0: 3 0x80000060 (0x00002f17) x30 0x80002060
core   0: 0x80000064 (0xfa1f2023) sw      ra, -96(t5)
core   0: 3 0x80000064 (0xfa1f2023) mem 0x80002000 0x00000001
core   0: 0x80000068 (0xff5ff06f) j       pc - 0xc
core   0: 3 0x80000068 (0xff5ff06f)
core   0: 0x8000005c (0x00100093) li      ra, 1
core   0: 3 0x8000005c (0x00100093) x1  0x00000001
core   0: 0x80000060 (0x00002f17) auipc   t5, 0x2
core   0: 3 0x80000060 (0x00002f17) x30 0x80002060
core   0: 0x80000064 (0xfa1f2023) sw      ra, -96(t5)
core   0: 3 0x80000064 (0xfa1f2023) mem 0x80002000 0x00000001
core   0: 0x80000068 (0xff5ff06f) j       pc - 0xc
core   0: 3 0x80000068 (0xff5ff06f)
core   0: 0x8000005c (0x00100093) li      ra, 1
core   0: 3 0x8000005c (0x00100093) x1  0x00000001
core   0: 0x80000060 (0x00002f17) auipc   t5, 0x2
core   0: 3 0x80000060 (0x00002f17) x30 0x80002060
core   0: 0x80000064 (0xfa1f2023) sw      ra, -96(t5)
core   0: 3 0x80000064 (0xfa1f2023) mem 0x80002000 0x00000001
core   0: 0x80000068 (0xff5ff06f) j       pc - 0xc
core   0: 3 0x80000068 (0xff5ff06f)
core   0: 0x8000005c (0x00100093) li      ra, 1
core   0: 3 0x8000005c (0x00100093) x1  0x00000001
core   0: 0x80000060 (0x00002f17) auipc   t5, 0x2
core   0: 3 0x80000060 (0x00002f17) x30 0x80002060
core   0: 0x80000064 (0xfa1f2023) sw      ra, -96(t5)
core   0: 3 0x80000064 (0xfa1f2023) mem 0x80002000 0x00000001
core   0: 0x80000068 (0xff5ff06f) j       pc - 0xc
core   0: 3 0x80000068 (0xff5ff06f)
core   0: 0x8000005c (0x00100093) li      ra, 1
core   0: 3 0x8000005c (0x00100093) x1  0x00000001
core   0: 0x80000060 (0x00002f17) auipc   t5, 0x2
core   0: 3 0x80000060 (0x00002f17) x30 0x80002060
core   0: 0x80000064 (0xfa1f2023) sw      ra, -96(t5)
core   0: 3 0x80000064 (0xfa1f2023) mem 0x80002000 0x00000001
core   0: 0x80000068 (0xff5ff06f) j       pc - 0xc
core   0: 3 0x80000068 (0xff5ff06f)
core   0: 0x8000005c (0x00100093) li      ra, 1
core   0: 3 0x8000005c (0x00100093) x1  0x00000001
core   0: 0x80000060 (0x00002f17) auipc   t5, 0x2
core   0: 3 0x80000060 (0x00002f17) x30 0x80002060
core   0: 0x80000064 (0xfa1f2023) sw      ra, -96(t5)
core   0: 3 0x80000064 (0xfa1f2023) mem 0x80002000 0x00000001
core   0: 0x80000068 (0xff5ff06f) j       pc - 0xc
core   0: 3 0x80000068 (0xff5ff06f)
core   0: 0x8000005c (0x00100093) li      ra, 1
core   0: 3 0x8000005c (0x00100093) x1  0x00000001
core   0: 0x80000060 (0x00002f17) auipc   t5, 0x2
core   0: 3 0x80000060 (0x00002f17) x30 0x80002060
core   0: 0x80000064 (0xfa1f2023) sw      ra, -96(t5)
core   0: 3 0x80000064 (0xfa1f2023) mem 0x80002000 0x00000001
core   0: 0x80000068 (0xff5ff06f) j       pc - 0xc
core   0: 3 0x80000068 (0xff5ff06f)
core   0: 0x8000005c (0x00100093) li      ra, 1
core   0: 3 0x8000005c (0x00100093) x1  0x00000001
core   0: 0x80000060 (0x00002f17) auipc   t5, 0x2
core   0: 3 0x80000060 (0x00002f17) x30 0x80002060
core   0: 0x80000064 (0xfa1f2023) sw      ra, -96(t5)
core   0: 3 0x80000064 (0xfa1f2023) mem 0x80002000 0x00000001
core   0: 0x80000068 (0xff5ff06f) j       pc - 0xc
core   0: 3 0x80000068 (0xff5ff06f)
core   0: 0x8000005c (0x00100093) li      ra, 1
core   0: 3 0x8000005c (0x00100093) x1  0x00000001
core   0: 0x80000060 (0x00002f17) auipc   t5, 0x2
core   0: 3 0x80000060 (0x00002f17) x30 0x80002060
core   0: 0x80000064 (0xfa1f2023) sw      ra, -96(t5)
core   0: 3 0x80000064 (0xfa1f2023) mem 0x80002000 0x00000001
core   0: 0x80000068 (0xff5ff06f) j       pc - 0xc
core   0: 3 0x80000068 (0xff5ff06f)
core   0: 0x8000005c (0x00100093) li      ra, 1
core   0: 3 0x8000005c (0x00100093) x1  0x00000001
core   0: 0x80000060 (0x00002f17) auipc   t5, 0x2
core   0: 3 0x80000060 (0x00002f17) x30 0x80002060
core   0: 0x80000064 (0xfa1f2023) sw      ra, -96(t5)
core   0: 3 0x80000064 (0xfa1f2023) mem 0x80002000 0x00000001
core   0: 0x80000068 (0xff5ff06f) j       pc - 0xc
core   0: 3 0x80000068 (0xff5ff06f)
core   0: 0x8000005c (0x00100093) li      ra, 1
core   0: 3 0x8000005c (0x00100093) x1  0x00000001
core   0: 0x80000060 (0x00002f17) auipc   t5, 0x2
core   0: 3 0x80000060 (0x00002f17) x30 0x80002060
core   0: 0x80000064 (0xfa1f2023) sw      ra, -96(t5)
core   0: 3 0x80000064 (0xfa1f2023) mem 0x80002000 0x00000001
core   0: 0x80000068 (0xff5ff06f) j       pc - 0xc
core   0: 3 0x80000068 (0xff5ff06f)
core   0: 0x8000005c (0x00100093) li      ra, 1
core   0: 3 0x8000005c (0x00100093) x1  0x00000001
core   0: 0x80000060 (0x00002f17) auipc   t5, 0x2
core   0: 3 0x80000060 (0x00002f17) x30 0x80002060
core   0: 0x80000064 (0xfa1f2023) sw      ra, -96(t5)
core   0: 3 0x80000064 (0xfa1f2023) mem 0x80002000 0x00000001
core   0: 0x80000068 (0xff5ff06f) j       pc - 0xc
core   0: 3 0x80000068 (0xff5ff06f)
core   0: 0x8000005c (0x00100093) li      ra, 1
core   0: 3 0x8000005c (0x00100093) x1  0x00000001
core   0: 0x80000060 (0x00002f17) auipc   t5, 0x2
core   0: 3 0x80000060 (0x00002f17) x30 0x80002060
core   0: 0x80000064 (0xfa1f2023) sw      ra, -96(t5)
core   0: 3 0x80000064 (0xfa1f2023) mem 0x80002000 0x00000001
core   0: 0x80000068 (0xff5ff06f) j       pc - 0xc
core   0: 3 0x80000068 (0xff5ff06f)
core   0: 0x8000005c (0x00100093) li      ra, 1
core   0: 3 0x8000005c (0x00100093) x1  0x00000001
core   0: 0x80000060 (0x00002f17) auipc   t5, 0x2
core   0: 3 0x80000060 (0x00002f17) x30 0x80002060
core   0: 0x80000064 (0xfa1f2023) sw      ra, -96(t5)
core   0: 3 0x80000064 (0xfa1f2023) mem 0x80002000 0x00000001
core   0: 0x80000068 (0xff5ff06f) j       pc - 0xc
core   0: 3 0x80000068 (0xff5ff06f)
core   0: 0x8000005c (0x00100093) li      ra, 1
core   0: 3 0x8000005c (0x00100093) x1  0x00000001
core   0: 0x80000060 (0x00002f17) auipc   t5, 0x2
core   0: 3 0x80000060 (0x00002f17) x30 0x80002060
core   0: 0x80000064 (0xfa1f2023) sw      ra, -96(t5)
core   0: 3 0x80000064 (0xfa1f2023) mem 0x80002000 0x00000001
core   0: 0x80000068 (0xff5ff06f) j       pc - 0xc
core   0: 3 0x80000068 (0xff5ff06f)
core   0: 0x8000005c (0x00100093) li      ra, 1
core   0: 3 0x8000005c (0x00100093) x1  0x00000001
core   0: 0x80000060 (0x00002f17) auipc   t5, 0x2
core   0: 3 0x80000060 (0x00002f17) x30 0x80002060
core   0: 0x80000064 (0xfa1f2023) sw      ra, -96(t5)
core   0: 3 0x80000064 (0xfa1f2023) mem 0x80002000 0x00000001
core   0: 0x80000068 (0xff5ff06f) j       pc - 0xc
core   0: 3 0x80000068 (0xff5ff06f)
core   0: 0x8000005c (0x00100093) li      ra, 1
core   0: 3 0x8000005c (0x00100093) x1  0x00000001
core   0: 0x80000060 (0x00002f17) auipc   t5, 0x2
core   0: 3 0x80000060 (0x00002f17) x30 0x80002060
core   0: 0x80000064 (0xfa1f2023) sw      ra, -96(t5)
core   0: 3 0x80000064 (0xfa1f2023) mem 0x80002000 0x00000001
core   0: 0x80000068 (0xff5ff06f) j       pc - 0xc
core   0: 3 0x80000068 (0xff5ff06f)
core   0: 0x8000005c (0x00100093) li      ra, 1
core   0: 3 0x8000005c (0x00100093) x1  0x00000001
core   0: 0x80000060 (0x00002f17) auipc   t5, 0x2
core   0: 3 0x80000060 (0x00002f17) x30 0x80002060
core   0: 0x80000064 (0xfa1f2023) sw      ra, -96(t5)
core   0: 3 0x80000064 (0xfa1f2023) mem 0x80002000 0x00000001
core   0: 0x80000068 (0xff5ff06f) j       pc - 0xc
core   0: 3 0x80000068 (0xff5ff06f)
core   0: 0x8000005c (0x00100093) li      ra, 1
core   0: 3 0x8000005c (0x00100093) x1  0x00000001
core   0: 0x80000060 (0x00002f17) auipc   t5, 0x2
core   0: 3 0x80000060 (0x00002f17) x30 0x80002060
core   0: 0x80000064 (0xfa1f2023) sw      ra, -96(t5)
core   0: 3 0x80000064 (0xfa1f2023) mem 0x80002000 0x00000001
core   0: 0x80000068 (0xff5ff06f) j       pc - 0xc
core   0: 3 0x80000068 (0xff5ff06f)
core   0: 0x8000005c (0x00100093) li      ra, 1
core   0: 3 0x8000005c (0x00100093) x1  0x00000001
core   0: 0x80000060 (0x00002f17) auipc   t5, 0x2
core   0: 3 0x80000060 (0x00002f17) x30 0x80002060
core   0: 0x80000064 (0xfa1f2023) sw      ra, -96(t5)
core   0: 3 0x80000064 (0xfa1f2023) mem 0x80002000 0x00000001
core   0: 0x80000068 (0xff5ff06f) j       pc - 0xc
core   0: 3 0x80000068 (0xff5ff06f)
core   0: 0x8000005c (0x00100093) li      ra, 1
core   0: 3 0x8000005c (0x00100093) x1  0x00000001
core   0: 0x80000060 (0x00002f17) auipc   t5, 0x2
core   0: 3 0x80000060 (0x00002f17) x30 0x80002060
core   0: 0x80000064 (0xfa1f2023) sw      ra, -96(t5)
core   0: 3 0x80000064 (0xfa1f2023) mem 0x80002000 0x00000001
core   0: 0x80000068 (0xff5ff06f) j       pc - 0xc
core   0: 3 0x80000068 (0xff5ff06f)
core   0: 0x8000005c (0x00100093) li      ra, 1
core   0: 3 0x8000005c (0x00100093) x1  0x00000001
core   0: 0x80000060 (0x00002f17) auipc   t5, 0x2
core   0: 3 0x80000060 (0x00002f17) x30 0x80002060
core   0: 0x80000064 (0xfa1f2023) sw      ra, -96(t5)
core   0: 3 0x80000064 (0xfa1f2023) mem 0x80002000 0x00000001
core   0: 0x80000068 (0xff5ff06f) j       pc - 0xc
core   0: 3 0x80000068 (0xff5ff06f)
core   0: 0x8000005c (0x00100093) li      ra, 1
core   0: 3 0x8000005c (0x00100093) x1  0x00000001
core   0: 0x80000060 (0x00002f17) auipc   t5, 0x2
core   0: 3 0x80000060 (0x00002f17) x30 0x80002060
core   0: 0x80000064 (0xfa1f2023) sw      ra, -96(t5)
core   0: 3 0x80000064 (0xfa1f2023) mem 0x80002000 0x00000001
core   0: 0x80000068 (0xff5ff06f) j       pc - 0xc
core   0: 3 0x80000068 (0xff5ff06f)
core   0: 0x8000005c (0x00100093) li      ra, 1
core   0: 3 0x8000005c (0x00100093) x1  0x00000001
core   0: 0x80000060 (0x00002f17) auipc   t5, 0x2
core   0: 3 0x80000060 (0x00002f17) x30 0x80002060
core   0: 0x80000064 (0xfa1f2023) sw      ra, -96(t5)
core   0: 3 0x80000064 (0xfa1f2023) mem 0x80002000 0x00000001
core   0: 0x80000068 (0xff5ff06f) j       pc - 0xc
core   0: 3 0x80000068 (0xff5ff06f)
core   0: 0x8000005c (0x00100093) li      ra, 1
core   0: 3 0x8000005c (0x00100093) x1  0x00000001
core   0: 0x80000060 (0x00002f17) auipc   t5, 0x2
core   0: 3 0x80000060 (0x00002f17) x30 0x80002060
core   0: 0x80000064 (0xfa1f2023) sw      ra, -96(t5)
core   0: 3 0x80000064 (0xfa1f2023) mem 0x80002000 0x00000001
core   0: 0x80000068 (0xff5ff06f) j       pc - 0xc
core   0: 3 0x80000068 (0xff5ff06f)
core   0: 0x8000005c (0x00100093) li      ra, 1
core   0: 3 0x8000005c (0x00100093) x1  0x00000001
core   0: 0x80000060 (0x00002f17) auipc   t5, 0x2
core   0: 3 0x80000060 (0x00002f17) x30 0x80002060
core   0: 0x80000064 (0xfa1f2023) sw      ra, -96(t5)
core   0: 3 0x80000064 (0xfa1f2023) mem 0x80002000 0x00000001
core   0: 0x80000068 (0xff5ff06f) j       pc - 0xc
core   0: 3 0x80000068 (0xff5ff06f)
core   0: 0x8000005c (0x00100093) li      ra, 1
core   0: 3 0x8000005c (0x00100093) x1  0x00000001
core   0: 0x80000060 (0x00002f17) auipc   t5, 0x2
core   0: 3 0x80000060 (0x00002f17) x30 0x80002060
core   0: 0x80000064 (0xfa1f2023) sw      ra, -96(t5)
core   0: 3 0x80000064 (0xfa1f2023) mem 0x80002000 0x00000001
core   0: 0x80000068 (0xff5ff06f) j       pc - 0xc
core   0: 3 0x80000068 (0xff5ff06f)
core   0: 0x8000005c (0x00100093) li      ra, 1
core   0: 3 0x8000005c (0x00100093) x1  0x00000001
core   0: 0x80000060 (0x00002f17) auipc   t5, 0x2
core   0: 3 0x80000060 (0x00002f17) x30 0x80002060
core   0: 0x80000064 (0xfa1f2023) sw      ra, -96(t5)
core   0: 3 0x80000064 (0xfa1f2023) mem 0x80002000 0x00000001
core   0: 0x80000068 (0xff5ff06f) j       pc - 0xc
core   0: 3 0x80000068 (0xff5ff06f)
core   0: 0x8000005c (0x00100093) li      ra, 1
core   0: 3 0x8000005c (0x00100093) x1  0x00000001
core   0: 0x80000060 (0x00002f17) auipc   t5, 0x2
core   0: 3 0x80000060 (0x00002f17) x30 0x80002060
core   0: 0x80000064 (0xfa1f2023) sw      ra, -96(t5)
core   0: 3 0x80000064 (0xfa1f2023) mem 0x80002000 0x00000001
core   0: 0x80000068 (0xff5ff06f) j       pc - 0xc
core   0: 3 0x80000068 (0xff5ff06f)
core   0: 0x8000005c (0x00100093) li      ra, 1
core   0: 3 0x8000005c (0x00100093) x1  0x00000001
core   0: 0x80000060 (0x00002f17) auipc   t5, 0x2
core   0: 3 0x80000060 (0x00002f17) x30 0x80002060
core   0: 0x80000064 (0xfa1f2023) sw      ra, -96(t5)
core   0: 3 0x80000064 (0xfa1f2023) mem 0x80002000 0x00000001
core   0: 0x80000068 (0xff5ff06f) j       pc - 0xc
core   0: 3 0x80000068 (0xff5ff06f)
core   0: 0x8000005c (0x00100093) li      ra, 1
core   0: 3 0x8000005c (0x00100093) x1  0x00000001
core   0: 0x80000060 (0x00002f17) auipc   t5, 0x2
core   0: 3 0x80000060 (0x00002f17) x30 0x80002060
core   0: 0x80000064 (0xfa1f2023) sw      ra, -96(t5)
core   0: 3 0x80000064 (0xfa1f2023) mem 0x80002000 0x00000001
core   0: 0x80000068 (0xff5ff06f) j       pc - 0xc
core   0: 3 0x80000068 (0xff5ff06f)
core   0: 0x8000005c (0x00100093) li      ra, 1
core   0: 3 0x8000005c (0x00100093) x1  0x00000001
core   0: 0x80000060 (0x00002f17) auipc   t5, 0x2
core   0: 3 0x80000060 (0x00002f17) x30 0x80002060
core   0: 0x80000064 (0xfa1f2023) sw      ra, -96(t5)
core   0: 3 0x80000064 (0xfa1f2023) mem 0x80002000 0x00000001
core   0: 0x80000068 (0xff5ff06f) j       pc - 0xc
core   0: 3 0x80000068 (0xff5ff06f)
core   0: 0x8000005c (0x00100093) li      ra, 1
core   0: 3 0x8000005c (0x00100093) x1  0x00000001
core   0: 0x80000060 (0x00002f17) auipc   t5, 0x2
core   0: 3 0x80000060 (0x00002f17) x30 0x80002060
core   0: 0x80000064 (0xfa1f2023) sw      ra, -96(t5)
core   0: 3 0x80000064 (0xfa1f2023) mem 0x80002000 0x00000001
core   0: 0x80000068 (0xff5ff06f) j       pc - 0xc
core   0: 3 0x80000068 (0xff5ff06f)
core   0: 0x8000005c (0x00100093) li      ra, 1
core   0: 3 0x8000005c (0x00100093) x1  0x00000001
core   0: 0x80000060 (0x00002f17) auipc   t5, 0x2
core   0: 3 0x80000060 (0x00002f17) x30 0x80002060
core   0: 0x80000064 (0xfa1f2023) sw      ra, -96(t5)
core   0: 3 0x80000064 (0xfa1f2023) mem 0x80002000 0x00000001
core   0: 0x80000068 (0xff5ff06f) j       pc - 0xc
core   0: 3 0x80000068 (0xff5ff06f)
core   0: 0x8000005c (0x00100093) li      ra, 1
core   0: 3 0x8000005c (0x00100093) x1  0x00000001
core   0: 0x80000060 (0x00002f17) auipc   t5, 0x2
core   0: 3 0x80000060 (0x00002f17) x30 0x80002060
core   0: 0x80000064 (0xfa1f2023) sw      ra, -96(t5)
core   0: 3 0x80000064 (0xfa1f2023) mem 0x80002000 0x00000001
core   0: 0x80000068 (0xff5ff06f) j       pc - 0xc
core   0: 3 0x80000068 (0xff5ff06f)
core   0: 0x8000005c (0x00100093) li      ra, 1
core   0: 3 0x8000005c (0x00100093) x1  0x00000001
core   0: 0x80000060 (0x00002f17) auipc   t5, 0x2
core   0: 3 0x80000060 (0x00002f17) x30 0x80002060
core   0: 0x80000064 (0xfa1f2023) sw      ra, -96(t5)
core   0: 3 0x80000064 (0xfa1f2023) mem 0x80002000 0x00000001
core   0: 0x80000068 (0xff5ff06f) j       pc - 0xc
core   0: 3 0x80000068 (0xff5ff06f)
core   0: 0x8000005c (0x00100093) li      ra, 1
core   0: 3 0x8000005c (0x00100093) x1  0x00000001
core   0: 0x80000060 (0x00002f17) auipc   t5, 0x2
core   0: 3 0x80000060 (0x00002f17) x30 0x80002060
core   0: 0x80000064 (0xfa1f2023) sw      ra, -96(t5)
core   0: 3 0x80000064 (0xfa1f2023) mem 0x80002000 0x00000001
core   0: 0x80000068 (0xff5ff06f) j       pc - 0xc
core   0: 3 0x80000068 (0xff5ff06f)
core   0: 0x8000005c (0x00100093) li      ra, 1
core   0: 3 0x8000005c (0x00100093) x1  0x00000001
core   0: 0x80000060 (0x00002f17) auipc   t5, 0x2
core   0: 3 0x80000060 (0x00002f17) x30 0x80002060
core   0: 0x80000064 (0xfa1f2023) sw      ra, -96(t5)
core   0: 3 0x80000064 (0xfa1f2023) mem 0x80002000 0x00000001
core   0: 0x80000068 (0xff5ff06f) j       pc - 0xc
core   0: 3 0x80000068 (0xff5ff06f)
core   0: 0x8000005c (0x00100093) li      ra, 1
core   0: 3 0x8000005c (0x00100093) x1  0x00000001
core   0: 0x80000060 (0x00002f17) auipc   t5, 0x2
core   0: 3 0x80000060 (0x00002f17) x30 0x80002060
core   0: 0x80000064 (0xfa1f2023) sw      ra, -96(t5)
core   0: 3 0x80000064 (0xfa1f2023) mem 0x80002000 0x00000001
core   0: 0x80000068 (0xff5ff06f) j       pc - 0xc
core   0: 3 0x80000068 (0xff5ff06f)
core   0: 0x8000005c (0x00100093) li      ra, 1
core   0: 3 0x8000005c (0x00100093) x1  0x00000001
core   0: 0x80000060 (0x00002f17) auipc   t5, 0x2
core   0: 3 0x80000060 (0x00002f17) x30 0x80002060
core   0: 0x80000064 (0xfa1f2023) sw      ra, -96(t5)
core   0: 3 0x80000064 (0xfa1f2023) mem 0x80002000 0x00000001
core   0: 0x80000068 (0xff5ff06f) j       pc - 0xc
core   0: 3 0x80000068 (0xff5ff06f)
core   0: 0x8000005c (0x00100093) li      ra, 1
core   0: 3 0x8000005c (0x00100093) x1  0x00000001
core   0: 0x80000060 (0x00002f17) auipc   t5, 0x2
core   0: 3 0x80000060 (0x00002f17) x30 0x80002060
core   0: 0x80000064 (0xfa1f2023) sw      ra, -96(t5)
core   0: 3 0x80000064 (0xfa1f2023) mem 0x80002000 0x00000001
core   0: 0x80000068 (0xff5ff06f) j       pc - 0xc
core   0: 3 0x80000068 (0xff5ff06f)
core   0: 0x8000005c (0x00100093) li      ra, 1
core   0: 3 0x8000005c (0x00100093) x1  0x00000001
core   0: 0x80000060 (0x00002f17) auipc   t5, 0x2
core   0: 3 0x80000060 (0x00002f17) x30 0x80002060
core   0: 0x80000064 (0xfa1f2023) sw      ra, -96(t5)
core   0: 3 0x80000064 (0xfa1f2023) mem 0x80002000 0x00000001
core   0: 0x80000068 (0xff5ff06f) j       pc - 0xc
core   0: 3 0x80000068 (0xff5ff06f)
core   0: 0x8000005c (0x00100093) li      ra, 1
core   0: 3 0x8000005c (0x00100093) x1  0x00000001
core   0: 0x80000060 (0x00002f17) auipc   t5, 0x2
core   0: 3 0x80000060 (0x00002f17) x30 0x80002060
core   0: 0x80000064 (0xfa1f2023) sw      ra, -96(t5)
core   0: 3 0x80000064 (0xfa1f2023) mem 0x80002000 0x00000001
core   0: 0x80000068 (0xff5ff06f) j       pc - 0xc
core   0: 3 0x80000068 (0xff5ff06f)
core   0: 0x8000005c (0x00100093) li      ra, 1
core   0: 3 0x8000005c (0x00100093) x1  0x00000001
core   0: 0x80000060 (0x00002f17) auipc   t5, 0x2
core   0: 3 0x80000060 (0x00002f17) x30 0x80002060
core   0: 0x80000064 (0xfa1f2023) sw      ra, -96(t5)
core   0: 3 0x80000064 (0xfa1f2023) mem 0x80002000 0x00000001
core   0: 0x80000068 (0xff5ff06f) j       pc - 0xc
core   0: 3 0x80000068 (0xff5ff06f)
core   0: 0x8000005c (0x00100093) li      ra, 1
core   0: 3 0x8000005c (0x00100093) x1  0x00000001
core   0: 0x80000060 (0x00002f17) auipc   t5, 0x2
core   0: 3 0x80000060 (0x00002f17) x30 0x80002060
core   0: 0x80000064 (0xfa1f2023) sw      ra, -96(t5)
core   0: 3 0x80000064 (0xfa1f2023) mem 0x80002000 0x00000001
core   0: 0x80000068 (0xff5ff06f) j       pc - 0xc
core   0: 3 0x80000068 (0xff5ff06f)
core   0: 0x8000005c (0x00100093) li      ra, 1
core   0: 3 0x8000005c (0x00100093) x1  0x00000001
core   0: 0x80000060 (0x00002f17) auipc   t5, 0x2
core   0: 3 0x80000060 (0x00002f17) x30 0x80002060
core   0: 0x80000064 (0xfa1f2023) sw      ra, -96(t5)
core   0: 3 0x80000064 (0xfa1f2023) mem 0x80002000 0x00000001
core   0: 0x80000068 (0xff5ff06f) j       pc - 0xc
core   0: 3 0x80000068 (0xff5ff06f)
core   0: 0x8000005c (0x00100093) li      ra, 1
core   0: 3 0x8000005c (0x00100093) x1  0x00000001
core   0: 0x80000060 (0x00002f17) auipc   t5, 0x2
core   0: 3 0x80000060 (0x00002f17) x30 0x80002060
core   0: 0x80000064 (0xfa1f2023) sw      ra, -96(t5)
core   0: 3 0x80000064 (0xfa1f2023) mem 0x80002000 0x00000001
core   0: 0x80000068 (0xff5ff06f) j       pc - 0xc
core   0: 3 0x80000068 (0xff5ff06f)
core   0: 0x8000005c (0x00100093) li      ra, 1
core   0: 3 0x8000005c (0x00100093) x1  0x00000001
core   0: 0x80000060 (0x00002f17) auipc   t5, 0x2
core   0: 3 0x80000060 (0x00002f17) x30 0x80002060
core   0: 0x80000064 (0xfa1f2023) sw      ra, -96(t5)
core   0: 3 0x80000064 (0xfa1f2023) mem 0x80002000 0x00000001
core   0: 0x80000068 (0xff5ff06f) j       pc - 0xc
core   0: 3 0x80000068 (0xff5ff06f)
core   0: 0x8000005c (0x00100093) li      ra, 1
core   0: 3 0x8000005c (0x00100093) x1  0x00000001
core   0: 0x80000060 (0x00002f17) auipc   t5, 0x2
core   0: 3 0x80000060 (0x00002f17) x30 0x80002060
core   0: 0x80000064 (0xfa1f2023) sw      ra, -96(t5)
core   0: 3 0x80000064 (0xfa1f2023) mem 0x80002000 0x00000001
core   0: 0x80000068 (0xff5ff06f) j       pc - 0xc
core   0: 3 0x80000068 (0xff5ff06f)
core   0: 0x8000005c (0x00100093) li      ra, 1
core   0: 3 0x8000005c (0x00100093) x1  0x00000001
core   0: 0x80000060 (0x00002f17) auipc   t5, 0x2
core   0: 3 0x80000060 (0x00002f17) x30 0x80002060
core   0: 0x80000064 (0xfa1f2023) sw      ra, -96(t5)
core   0: 3 0x80000064 (0xfa1f2023) mem 0x80002000 0x00000001
core   0: 0x80000068 (0xff5ff06f) j       pc - 0xc
core   0: 3 0x80000068 (0xff5ff06f)
core   0: 0x8000005c (0x00100093) li      ra, 1
core   0: 3 0x8000005c (0x00100093) x1  0x00000001
core   0: 0x80000060 (0x00002f17) auipc   t5, 0x2
core   0: 3 0x80000060 (0x00002f17) x30 0x80002060
core   0: 0x80000064 (0xfa1f2023) sw      ra, -96(t5)
core   0: 3 0x80000064 (0xfa1f2023) mem 0x80002000 0x00000001
core   0: 0x80000068 (0xff5ff06f) j       pc - 0xc
core   0: 3 0x80000068 (0xff5ff06f)
core   0: 0x8000005c (0x00100093) li      ra, 1
core   0: 3 0x8000005c (0x00100093) x1  0x00000001
core   0: 0x80000060 (0x00002f17) auipc   t5, 0x2
core   0: 3 0x80000060 (0x00002f17) x30 0x80002060
core   0: 0x80000064 (0xfa1f2023) sw      ra, -96(t5)
core   0: 3 0x80000064 (0xfa1f2023) mem 0x80002000 0x00000001
core   0: 0x80000068 (0xff5ff06f) j       pc - 0xc
core   0: 3 0x80000068 (0xff5ff06f)
core   0: 0x8000005c (0x00100093) li      ra, 1
core   0: 3 0x8000005c (0x00100093) x1  0x00000001
core   0: 0x80000060 (0x00002f17) auipc   t5, 0x2
core   0: 3 0x80000060 (0x00002f17) x30 0x80002060
core   0: 0x80000064 (0xfa1f2023) sw      ra, -96(t5)
core   0: 3 0x80000064 (0xfa1f2023) mem 0x80002000 0x00000001
core   0: 0x80000068 (0xff5ff06f) j       pc - 0xc
core   0: 3 0x80000068 (0xff5ff06f)
core   0: 0x8000005c (0x00100093) li      ra, 1
core   0: 3 0x8000005c (0x00100093) x1  0x00000001
core   0: 0x80000060 (0x00002f17) auipc   t5, 0x2
core   0: 3 0x80000060 (0x00002f17) x30 0x80002060
core   0: 0x80000064 (0xfa1f2023) sw      ra, -96(t5)
core   0: 3 0x80000064 (0xfa1f2023) mem 0x80002000 0x00000001
core   0: 0x80000068 (0xff5ff06f) j       pc - 0xc
core   0: 3 0x80000068 (0xff5ff06f)
core   0: 0x8000005c (0x00100093) li      ra, 1
core   0: 3 0x8000005c (0x00100093) x1  0x00000001
core   0: 0x80000060 (0x00002f17) auipc   t5, 0x2
core   0: 3 0x80000060 (0x00002f17) x30 0x80002060
core   0: 0x80000064 (0xfa1f2023) sw      ra, -96(t5)
core   0: 3 0x80000064 (0xfa1f2023) mem 0x80002000 0x00000001
core   0: 0x80000068 (0xff5ff06f) j       pc - 0xc
core   0: 3 0x80000068 (0xff5ff06f)
core   0: 0x8000005c (0x00100093) li      ra, 1
core   0: 3 0x8000005c (0x00100093) x1  0x00000001
core   0: 0x80000060 (0x00002f17) auipc   t5, 0x2
core   0: 3 0x80000060 (0x00002f17) x30 0x80002060
core   0: 0x80000064 (0xfa1f2023) sw      ra, -96(t5)
core   0: 3 0x80000064 (0xfa1f2023) mem 0x80002000 0x00000001
core   0: 0x80000068 (0xff5ff06f) j       pc - 0xc
core   0: 3 0x80000068 (0xff5ff06f)
core   0: 0x8000005c (0x00100093) li      ra, 1
core   0: 3 0x8000005c (0x00100093) x1  0x00000001
core   0: 0x80000060 (0x00002f17) auipc   t5, 0x2
core   0: 3 0x80000060 (0x00002f17) x30 0x80002060
core   0: 0x80000064 (0xfa1f2023) sw      ra, -96(t5)
core   0: 3 0x80000064 (0xfa1f2023) mem 0x80002000 0x00000001
core   0: 0x80000068 (0xff5ff06f) j       pc - 0xc
core   0: 3 0x80000068 (0xff5ff06f)
core   0: 0x8000005c (0x00100093) li      ra, 1
core   0: 3 0x8000005c (0x00100093) x1  0x00000001
core   0: 0x80000060 (0x00002f17) auipc   t5, 0x2
core   0: 3 0x80000060 (0x00002f17) x30 0x80002060
core   0: 0x80000064 (0xfa1f2023) sw      ra, -96(t5)
core   0: 3 0x80000064 (0xfa1f2023) mem 0x80002000 0x00000001
core   0: 0x80000068 (0xff5ff06f) j       pc - 0xc
core   0: 3 0x80000068 (0xff5ff06f)
core   0: 0x8000005c (0x00100093) li      ra, 1
core   0: 3 0x8000005c (0x00100093) x1  0x00000001
core   0: 0x80000060 (0x00002f17) auipc   t5, 0x2
core   0: 3 0x80000060 (0x00002f17) x30 0x80002060
core   0: 0x80000064 (0xfa1f2023) sw      ra, -96(t5)
core   0: 3 0x80000064 (0xfa1f2023) mem 0x80002000 0x00000001
core   0: 0x80000068 (0xff5ff06f) j       pc - 0xc
core   0: 3 0x80000068 (0xff5ff06f)
core   0: 0x8000005c (0x00100093) li      ra, 1
core   0: 3 0x8000005c (0x00100093) x1  0x00000001
core   0: 0x80000060 (0x00002f17) auipc   t5, 0x2
core   0: 3 0x80000060 (0x00002f17) x30 0x80002060
core   0: 0x80000064 (0xfa1f2023) sw      ra, -96(t5)
core   0: 3 0x80000064 (0xfa1f2023) mem 0x80002000 0x00000001
core   0: 0x80000068 (0xff5ff06f) j       pc - 0xc
core   0: 3 0x80000068 (0xff5ff06f)
core   0: 0x8000005c (0x00100093) li      ra, 1
core   0: 3 0x8000005c (0x00100093) x1  0x00000001
core   0: 0x80000060 (0x00002f17) auipc   t5, 0x2
core   0: 3 0x80000060 (0x00002f17) x30 0x80002060
core   0: 0x80000064 (0xfa1f2023) sw      ra, -96(t5)
core   0: 3 0x80000064 (0xfa1f2023) mem 0x80002000 0x00000001
core   0: 0x80000068 (0xff5ff06f) j       pc - 0xc
core   0: 3 0x80000068 (0xff5ff06f)
core   0: 0x8000005c (0x00100093) li      ra, 1
core   0: 3 0x8000005c (0x00100093) x1  0x00000001
core   0: 0x80000060 (0x00002f17) auipc   t5, 0x2
core   0: 3 0x80000060 (0x00002f17) x30 0x80002060
core   0: 0x80000064 (0xfa1f2023) sw      ra, -96(t5)
core   0: 3 0x80000064 (0xfa1f2023) mem 0x80002000 0x00000001
core   0: 0x80000068 (0xff5ff06f) j       pc - 0xc
core   0: 3 0x80000068 (0xff5ff06f)
core   0: 0x8000005c (0x00100093) li      ra, 1
core   0: 3 0x8000005c (0x00100093) x1  0x00000001
core   0: 0x80000060 (0x00002f17) auipc   t5, 0x2
core   0: 3 0x80000060 (0x00002f17) x30 0x80002060
core   0: 0x80000064 (0xfa1f2023) sw      ra, -96(t5)
core   0: 3 0x80000064 (0xfa1f2023) mem 0x80002000 0x00000001
core   0: 0x80000068 (0xff5ff06f) j       pc - 0xc
core   0: 3 0x80000068 (0xff5ff06f)
core   0: 0x8000005c (0x00100093) li      ra, 1
core   0: 3 0x8000005c (0x00100093) x1  0x00000001
core   0: 0x80000060 (0x00002f17) auipc   t5, 0x2
core   0: 3 0x80000060 (0x00002f17) x30 0x80002060
core   0: 0x80000064 (0xfa1f2023) sw      ra, -96(t5)
core   0: 3 0x80000064 (0xfa1f2023) mem 0x80002000 0x00000001
core   0: 0x80000068 (0xff5ff06f) j       pc - 0xc
core   0: 3 0x80000068 (0xff5ff06f)
core   0: 0x8000005c (0x00100093) li      ra, 1
core   0: 3 0x8000005c (0x00100093) x1  0x00000001
core   0: 0x80000060 (0x00002f17) auipc   t5, 0x2
core   0: 3 0x80000060 (0x00002f17) x30 0x80002060
core   0: 0x80000064 (0xfa1f2023) sw      ra, -96(t5)
core   0: 3 0x80000064 (0xfa1f2023) mem 0x80002000 0x00000001
core   0: 0x80000068 (0xff5ff06f) j       pc - 0xc
core   0: 3 0x80000068 (0xff5ff06f)
core   0: 0x8000005c (0x00100093) li      ra, 1
core   0: 3 0x8000005c (0x00100093) x1  0x00000001
core   0: 0x80000060 (0x00002f17) auipc   t5, 0x2
core   0: 3 0x80000060 (0x00002f17) x30 0x80002060
core   0: 0x80000064 (0xfa1f2023) sw      ra, -96(t5)
core   0: 3 0x80000064 (0xfa1f2023) mem 0x80002000 0x00000001
core   0: 0x80000068 (0xff5ff06f) j       pc - 0xc
core   0: 3 0x80000068 (0xff5ff06f)
core   0: 0x8000005c (0x00100093) li      ra, 1
core   0: 3 0x8000005c (0x00100093) x1  0x00000001
core   0: 0x80000060 (0x00002f17) auipc   t5, 0x2
core   0: 3 0x80000060 (0x00002f17) x30 0x80002060
core   0: 0x80000064 (0xfa1f2023) sw      ra, -96(t5)
core   0: 3 0x80000064 (0xfa1f2023) mem 0x80002000 0x00000001
core   0: 0x80000068 (0xff5ff06f) j       pc - 0xc
core   0: 3 0x80000068 (0xff5ff06f)
core   0: 0x8000005c (0x00100093) li      ra, 1
core   0: 3 0x8000005c (0x00100093) x1  0x00000001
core   0: 0x80000060 (0x00002f17) auipc   t5, 0x2
core   0: 3 0x80000060 (0x00002f17) x30 0x80002060
core   0: 0x80000064 (0xfa1f2023) sw      ra, -96(t5)
core   0: 3 0x80000064 (0xfa1f2023) mem 0x80002000 0x00000001
core   0: 0x80000068 (0xff5ff06f) j       pc - 0xc
core   0: 3 0x80000068 (0xff5ff06f)
core   0: 0x8000005c (0x00100093) li      ra, 1
core   0: 3 0x8000005c (0x00100093) x1  0x00000001
core   0: 0x80000060 (0x00002f17) auipc   t5, 0x2
core   0: 3 0x80000060 (0x00002f17) x30 0x80002060
core   0: 0x80000064 (0xfa1f2023) sw      ra, -96(t5)
core   0: 3 0x80000064 (0xfa1f2023) mem 0x80002000 0x00000001
core   0: 0x80000068 (0xff5ff06f) j       pc - 0xc
core   0: 3 0x80000068 (0xff5ff06f)
core   0: 0x8000005c (0x00100093) li      ra, 1
core   0: 3 0x8000005c (0x00100093) x1  0x00000001
core   0: 0x80000060 (0x00002f17) auipc   t5, 0x2
core   0: 3 0x80000060 (0x00002f17) x30 0x80002060
core   0: 0x80000064 (0xfa1f2023) sw      ra, -96(t5)
core   0: 3 0x80000064 (0xfa1f2023) mem 0x80002000 0x00000001
core   0: 0x80000068 (0xff5ff06f) j       pc - 0xc
core   0: 3 0x80000068 (0xff5ff06f)
core   0: 0x8000005c (0x00100093) li      ra, 1
core   0: 3 0x8000005c (0x00100093) x1  0x00000001
core   0: 0x80000060 (0x00002f17) auipc   t5, 0x2
core   0: 3 0x80000060 (0x00002f17) x30 0x80002060
core   0: 0x80000064 (0xfa1f2023) sw      ra, -96(t5)
core   0: 3 0x80000064 (0xfa1f2023) mem 0x80002000 0x00000001
core   0: 0x80000068 (0xff5ff06f) j       pc - 0xc
core   0: 3 0x80000068 (0xff5ff06f)
core   0: 0x8000005c (0x00100093) li      ra, 1
core   0: 3 0x8000005c (0x00100093) x1  0x00000001
core   0: 0x80000060 (0x00002f17) auipc   t5, 0x2
core   0: 3 0x80000060 (0x00002f17) x30 0x80002060
core   0: 0x80000064 (0xfa1f2023) sw      ra, -96(t5)
core   0: 3 0x80000064 (0xfa1f2023) mem 0x80002000 0x00000001
core   0: 0x80000068 (0xff5ff06f) j       pc - 0xc
core   0: 3 0x80000068 (0xff5ff06f)
core   0: 0x8000005c (0x00100093) li      ra, 1
core   0: 3 0x8000005c (0x00100093) x1  0x00000001
core   0: 0x80000060 (0x00002f17) auipc   t5, 0x2
core   0: 3 0x80000060 (0x00002f17) x30 0x80002060
core   0: 0x80000064 (0xfa1f2023) sw      ra, -96(t5)
core   0: 3 0x80000064 (0xfa1f2023) mem 0x80002000 0x00000001
core   0: 0x80000068 (0xff5ff06f) j       pc - 0xc
core   0: 3 0x80000068 (0xff5ff06f)
core   0: 0x8000005c (0x00100093) li      ra, 1
core   0: 3 0x8000005c (0x00100093) x1  0x00000001
core   0: 0x80000060 (0x00002f17) auipc   t5, 0x2
core   0: 3 0x80000060 (0x00002f17) x30 0x80002060
core   0: 0x80000064 (0xfa1f2023) sw      ra, -96(t5)
core   0: 3 0x80000064 (0xfa1f2023) mem 0x80002000 0x00000001
core   0: 0x80000068 (0xff5ff06f) j       pc - 0xc
core   0: 3 0x80000068 (0xff5ff06f)
core   0: 0x8000005c (0x00100093) li      ra, 1
core   0: 3 0x8000005c (0x00100093) x1  0x00000001
core   0: 0x80000060 (0x00002f17) auipc   t5, 0x2
core   0: 3 0x80000060 (0x00002f17) x30 0x80002060
core   0: 0x80000064 (0xfa1f2023) sw      ra, -96(t5)
core   0: 3 0x80000064 (0xfa1f2023) mem 0x80002000 0x00000001
core   0: 0x80000068 (0xff5ff06f) j       pc - 0xc
core   0: 3 0x80000068 (0xff5ff06f)
core   0: 0x8000005c (0x00100093) li      ra, 1
core   0: 3 0x8000005c (0x00100093) x1  0x00000001
core   0: 0x80000060 (0x00002f17) auipc   t5, 0x2
core   0: 3 0x80000060 (0x00002f17) x30 0x80002060
core   0: 0x80000064 (0xfa1f2023) sw      ra, -96(t5)
core   0: 3 0x80000064 (0xfa1f2023) mem 0x80002000 0x00000001
core   0: 0x80000068 (0xff5ff06f) j       pc - 0xc
core   0: 3 0x80000068 (0xff5ff06f)
core   0: 0x8000005c (0x00100093) li      ra, 1
core   0: 3 0x8000005c (0x00100093) x1  0x00000001
core   0: 0x80000060 (0x00002f17) auipc   t5, 0x2
core   0: 3 0x80000060 (0x00002f17) x30 0x80002060
core   0: 0x80000064 (0xfa1f2023) sw      ra, -96(t5)
core   0: 3 0x80000064 (0xfa1f2023) mem 0x80002000 0x00000001
core   0: 0x80000068 (0xff5ff06f) j       pc - 0xc
core   0: 3 0x80000068 (0xff5ff06f)
core   0: 0x8000005c (0x00100093) li      ra, 1
core   0: 3 0x8000005c (0x00100093) x1  0x00000001
core   0: 0x80000060 (0x00002f17) auipc   t5, 0x2
core   0: 3 0x80000060 (0x00002f17) x30 0x80002060
core   0: 0x80000064 (0xfa1f2023) sw      ra, -96(t5)
core   0: 3 0x80000064 (0xfa1f2023) mem 0x80002000 0x00000001
core   0: 0x80000068 (0xff5ff06f) j       pc - 0xc
core   0: 3 0x80000068 (0xff5ff06f)
core   0: 0x8000005c (0x00100093) li      ra, 1
core   0: 3 0x8000005c (0x00100093) x1  0x00000001
core   0: 0x80000060 (0x00002f17) auipc   t5, 0x2
core   0: 3 0x80000060 (0x00002f17) x30 0x80002060
core   0: 0x80000064 (0xfa1f2023) sw      ra, -96(t5)
core   0: 3 0x80000064 (0xfa1f2023) mem 0x80002000 0x00000001
core   0: 0x80000068 (0xff5ff06f) j       pc - 0xc
core   0: 3 0x80000068 (0xff5ff06f)
core   0: 0x8000005c (0x00100093) li      ra, 1
core   0: 3 0x8000005c (0x00100093) x1  0x00000001
core   0: 0x80000060 (0x00002f17) auipc   t5, 0x2
core   0: 3 0x80000060 (0x00002f17) x30 0x80002060
core   0: 0x80000064 (0xfa1f2023) sw      ra, -96(t5)
core   0: 3 0x80000064 (0xfa1f2023) mem 0x80002000 0x00000001
core   0: 0x80000068 (0xff5ff06f) j       pc - 0xc
core   0: 3 0x80000068 (0xff5ff06f)
core   0: 0x8000005c (0x00100093) li      ra, 1
core   0: 3 0x8000005c (0x00100093) x1  0x00000001
core   0: 0x80000060 (0x00002f17) auipc   t5, 0x2
core   0: 3 0x80000060 (0x00002f17) x30 0x80002060
core   0: 0x80000064 (0xfa1f2023) sw      ra, -96(t5)
core   0: 3 0x80000064 (0xfa1f2023) mem 0x80002000 0x00000001
core   0: 0x80000068 (0xff5ff06f) j       pc - 0xc
core   0: 3 0x80000068 (0xff5ff06f)
core   0: 0x8000005c (0x00100093) li      ra, 1
core   0: 3 0x8000005c (0x00100093) x1  0x00000001
core   0: 0x80000060 (0x00002f17) auipc   t5, 0x2
core   0: 3 0x80000060 (0x00002f17) x30 0x80002060
core   0: 0x80000064 (0xfa1f2023) sw      ra, -96(t5)
core   0: 3 0x80000064 (0xfa1f2023) mem 0x80002000 0x00000001
core   0: 0x80000068 (0xff5ff06f) j       pc - 0xc
core   0: 3 0x80000068 (0xff5ff06f)
core   0: 0x8000005c (0x00100093) li      ra, 1
core   0: 3 0x8000005c (0x00100093) x1  0x00000001
core   0: 0x80000060 (0x00002f17) auipc   t5, 0x2
core   0: 3 0x80000060 (0x00002f17) x30 0x80002060
core   0: 0x80000064 (0xfa1f2023) sw      ra, -96(t5)
core   0: 3 0x80000064 (0xfa1f2023) mem 0x80002000 0x00000001
core   0: 0x80000068 (0xff5ff06f) j       pc - 0xc
core   0: 3 0x80000068 (0xff5ff06f)
core   0: 0x8000005c (0x00100093) li      ra, 1
core   0: 3 0x8000005c (0x00100093) x1  0x00000001
core   0: 0x80000060 (0x00002f17) auipc   t5, 0x2
core   0: 3 0x80000060 (0x00002f17) x30 0x80002060
core   0: 0x80000064 (0xfa1f2023) sw      ra, -96(t5)
core   0: 3 0x80000064 (0xfa1f2023) mem 0x80002000 0x00000001
core   0: 0x80000068 (0xff5ff06f) j       pc - 0xc
core   0: 3 0x80000068 (0xff5ff06f)
core   0: 0x8000005c (0x00100093) li      ra, 1
core   0: 3 0x8000005c (0x00100093) x1  0x00000001
core   0: 0x80000060 (0x00002f17) auipc   t5, 0x2
core   0: 3 0x80000060 (0x00002f17) x30 0x80002060
core   0: 0x80000064 (0xfa1f2023) sw      ra, -96(t5)
core   0: 3 0x80000064 (0xfa1f2023) mem 0x80002000 0x00000001
core   0: 0x80000068 (0xff5ff06f) j       pc - 0xc
core   0: 3 0x80000068 (0xff5ff06f)
core   0: 0x8000005c (0x00100093) li      ra, 1
core   0: 3 0x8000005c (0x00100093) x1  0x00000001
core   0: 0x80000060 (0x00002f17) auipc   t5, 0x2
core   0: 3 0x80000060 (0x00002f17) x30 0x80002060
core   0: 0x80000064 (0xfa1f2023) sw      ra, -96(t5)
core   0: 3 0x80000064 (0xfa1f2023) mem 0x80002000 0x00000001
core   0: 0x80000068 (0xff5ff06f) j       pc - 0xc
core   0: 3 0x80000068 (0xff5ff06f)
core   0: 0x8000005c (0x00100093) li      ra, 1
core   0: 3 0x8000005c (0x00100093) x1  0x00000001
core   0: 0x80000060 (0x00002f17) auipc   t5, 0x2
core   0: 3 0x80000060 (0x00002f17) x30 0x80002060
core   0: 0x80000064 (0xfa1f2023) sw      ra, -96(t5)
core   0: 3 0x80000064 (0xfa1f2023) mem 0x80002000 0x00000001
core   0: 0x80000068 (0xff5ff06f) j       pc - 0xc
core   0: 3 0x80000068 (0xff5ff06f)
core   0: 0x8000005c (0x00100093) li      ra, 1
core   0: 3 0x8000005c (0x00100093) x1  0x00000001
core   0: 0x80000060 (0x00002f17) auipc   t5, 0x2
core   0: 3 0x80000060 (0x00002f17) x30 0x80002060
core   0: 0x80000064 (0xfa1f2023) sw      ra, -96(t5)
core   0: 3 0x80000064 (0xfa1f2023) mem 0x80002000 0x00000001
core   0: 0x80000068 (0xff5ff06f) j       pc - 0xc
core   0: 3 0x80000068 (0xff5ff06f)
core   0: 0x8000005c (0x00100093) li      ra, 1
core   0: 3 0x8000005c (0x00100093) x1  0x00000001
core   0: 0x80000060 (0x00002f17) auipc   t5, 0x2
core   0: 3 0x80000060 (0x00002f17) x30 0x80002060
core   0: 0x80000064 (0xfa1f2023) sw      ra, -96(t5)
core   0: 3 0x80000064 (0xfa1f2023) mem 0x80002000 0x00000001
core   0: 0x80000068 (0xff5ff06f) j       pc - 0xc
core   0: 3 0x80000068 (0xff5ff06f)
core   0: 0x8000005c (0x00100093) li      ra, 1
core   0: 3 0x8000005c (0x00100093) x1  0x00000001
core   0: 0x80000060 (0x00002f17) auipc   t5, 0x2
core   0: 3 0x80000060 (0x00002f17) x30 0x80002060
core   0: 0x80000064 (0xfa1f2023) sw      ra, -96(t5)
core   0: 3 0x80000064 (0xfa1f2023) mem 0x80002000 0x00000001
core   0: 0x80000068 (0xff5ff06f) j       pc - 0xc
core   0: 3 0x80000068 (0xff5ff06f)
core   0: 0x8000005c (0x00100093) li      ra, 1
core   0: 3 0x8000005c (0x00100093) x1  0x00000001
core   0: 0x80000060 (0x00002f17) auipc   t5, 0x2
core   0: 3 0x80000060 (0x00002f17) x30 0x80002060
core   0: 0x80000064 (0xfa1f2023) sw      ra, -96(t5)
core   0: 3 0x80000064 (0xfa1f2023) mem 0x80002000 0x00000001
core   0: 0x80000068 (0xff5ff06f) j       pc - 0xc
core   0: 3 0x80000068 (0xff5ff06f)
core   0: 0x8000005c (0x00100093) li      ra, 1
core   0: 3 0x8000005c (0x00100093) x1  0x00000001
core   0: 0x80000060 (0x00002f17) auipc   t5, 0x2
core   0: 3 0x80000060 (0x00002f17) x30 0x80002060
core   0: 0x80000064 (0xfa1f2023) sw      ra, -96(t5)
core   0: 3 0x80000064 (0xfa1f2023) mem 0x80002000 0x00000001
core   0: 0x80000068 (0xff5ff06f) j       pc - 0xc
core   0: 3 0x80000068 (0xff5ff06f)
core   0: 0x8000005c (0x00100093) li      ra, 1
core   0: 3 0x8000005c (0x00100093) x1  0x00000001
core   0: 0x80000060 (0x00002f17) auipc   t5, 0x2
core   0: 3 0x80000060 (0x00002f17) x30 0x80002060
core   0: 0x80000064 (0xfa1f2023) sw      ra, -96(t5)
core   0: 3 0x80000064 (0xfa1f2023) mem 0x80002000 0x00000001
core   0: 0x80000068 (0xff5ff06f) j       pc - 0xc
core   0: 3 0x80000068 (0xff5ff06f)
core   0: 0x8000005c (0x00100093) li      ra, 1
core   0: 3 0x8000005c (0x00100093) x1  0x00000001
core   0: 0x80000060 (0x00002f17) auipc   t5, 0x2
core   0: 3 0x80000060 (0x00002f17) x30 0x80002060
core   0: 0x80000064 (0xfa1f2023) sw      ra, -96(t5)
core   0: 3 0x80000064 (0xfa1f2023) mem 0x80002000 0x00000001
core   0: 0x80000068 (0xff5ff06f) j       pc - 0xc
core   0: 3 0x80000068 (0xff5ff06f)
core   0: 0x8000005c (0x00100093) li      ra, 1
core   0: 3 0x8000005c (0x00100093) x1  0x00000001
core   0: 0x80000060 (0x00002f17) auipc   t5, 0x2
core   0: 3 0x80000060 (0x00002f17) x30 0x80002060
core   0: 0x80000064 (0xfa1f2023) sw      ra, -96(t5)
core   0: 3 0x80000064 (0xfa1f2023) mem 0x80002000 0x00000001
core   0: 0x80000068 (0xff5ff06f) j       pc - 0xc
core   0: 3 0x80000068 (0xff5ff06f)
core   0: 0x8000005c (0x00100093) li      ra, 1
core   0: 3 0x8000005c (0x00100093) x1  0x00000001
core   0: 0x80000060 (0x00002f17) auipc   t5, 0x2
core   0: 3 0x80000060 (0x00002f17) x30 0x80002060
core   0: 0x80000064 (0xfa1f2023) sw      ra, -96(t5)
core   0: 3 0x80000064 (0xfa1f2023) mem 0x80002000 0x00000001
core   0: 0x80000068 (0xff5ff06f) j       pc - 0xc
core   0: 3 0x80000068 (0xff5ff06f)
core   0: 0x8000005c (0x00100093) li      ra, 1
core   0: 3 0x8000005c (0x00100093) x1  0x00000001
core   0: 0x80000060 (0x00002f17) auipc   t5, 0x2
core   0: 3 0x80000060 (0x00002f17) x30 0x80002060
core   0: 0x80000064 (0xfa1f2023) sw      ra, -96(t5)
core   0: 3 0x80000064 (0xfa1f2023) mem 0x80002000 0x00000001
core   0: 0x80000068 (0xff5ff06f) j       pc - 0xc
core   0: 3 0x80000068 (0xff5ff06f)
core   0: 0x8000005c (0x00100093) li      ra, 1
core   0: 3 0x8000005c (0x00100093) x1  0x00000001
core   0: 0x80000060 (0x00002f17) auipc   t5, 0x2
core   0: 3 0x80000060 (0x00002f17) x30 0x80002060
core   0: 0x80000064 (0xfa1f2023) sw      ra, -96(t5)
core   0: 3 0x80000064 (0xfa1f2023) mem 0x80002000 0x00000001
core   0: 0x80000068 (0xff5ff06f) j       pc - 0xc
core   0: 3 0x80000068 (0xff5ff06f)
core   0: 0x8000005c (0x00100093) li      ra, 1
core   0: 3 0x8000005c (0x00100093) x1  0x00000001
core   0: 0x80000060 (0x00002f17) auipc   t5, 0x2
core   0: 3 0x80000060 (0x00002f17) x30 0x80002060
core   0: 0x80000064 (0xfa1f2023) sw      ra, -96(t5)
core   0: 3 0x80000064 (0xfa1f2023) mem 0x80002000 0x00000001
core   0: 0x80000068 (0xff5ff06f) j       pc - 0xc
core   0: 3 0x80000068 (0xff5ff06f)
core   0: 0x8000005c (0x00100093) li      ra, 1
core   0: 3 0x8000005c (0x00100093) x1  0x00000001
core   0: 0x80000060 (0x00002f17) auipc   t5, 0x2
core   0: 3 0x80000060 (0x00002f17) x30 0x80002060
core   0: 0x80000064 (0xfa1f2023) sw      ra, -96(t5)
core   0: 3 0x80000064 (0xfa1f2023) mem 0x80002000 0x00000001
core   0: 0x80000068 (0xff5ff06f) j       pc - 0xc
core   0: 3 0x80000068 (0xff5ff06f)
core   0: 0x8000005c (0x00100093) li      ra, 1
core   0: 3 0x8000005c (0x00100093) x1  0x00000001
core   0: 0x80000060 (0x00002f17) auipc   t5, 0x2
core   0: 3 0x80000060 (0x00002f17) x30 0x80002060
core   0: 0x80000064 (0xfa1f2023) sw      ra, -96(t5)
core   0: 3 0x80000064 (0xfa1f2023) mem 0x80002000 0x00000001
core   0: 0x80000068 (0xff5ff06f) j       pc - 0xc
core   0: 3 0x80000068 (0xff5ff06f)
core   0: 0x8000005c (0x00100093) li      ra, 1
core   0: 3 0x8000005c (0x00100093) x1  0x00000001
core   0: 0x80000060 (0x00002f17) auipc   t5, 0x2
core   0: 3 0x80000060 (0x00002f17) x30 0x80002060
core   0: 0x80000064 (0xfa1f2023) sw      ra, -96(t5)
core   0: 3 0x80000064 (0xfa1f2023) mem 0x80002000 0x00000001
core   0: 0x80000068 (0xff5ff06f) j       pc - 0xc
core   0: 3 0x80000068 (0xff5ff06f)
core   0: 0x8000005c (0x00100093) li      ra, 1
core   0: 3 0x8000005c (0x00100093) x1  0x00000001
core   0: 0x80000060 (0x00002f17) auipc   t5, 0x2
core   0: 3 0x80000060 (0x00002f17) x30 0x80002060
core   0: 0x80000064 (0xfa1f2023) sw      ra, -96(t5)
core   0: 3 0x80000064 (0xfa1f2023) mem 0x80002000 0x00000001
core   0: 0x80000068 (0xff5ff06f) j       pc - 0xc
core   0: 3 0x80000068 (0xff5ff06f)
core   0: 0x8000005c (0x00100093) li      ra, 1
core   0: 3 0x8000005c (0x00100093) x1  0x00000001
core   0: 0x80000060 (0x00002f17) auipc   t5, 0x2
core   0: 3 0x80000060 (0x00002f17) x30 0x80002060
core   0: 0x80000064 (0xfa1f2023) sw      ra, -96(t5)
core   0: 3 0x80000064 (0xfa1f2023) mem 0x80002000 0x00000001
core   0: 0x80000068 (0xff5ff06f) j       pc - 0xc
core   0: 3 0x80000068 (0xff5ff06f)
core   0: 0x8000005c (0x00100093) li      ra, 1
core   0: 3 0x8000005c (0x00100093) x1  0x00000001
core   0: 0x80000060 (0x00002f17) auipc   t5, 0x2
core   0: 3 0x80000060 (0x00002f17) x30 0x80002060
core   0: 0x80000064 (0xfa1f2023) sw      ra, -96(t5)
core   0: 3 0x80000064 (0xfa1f2023) mem 0x80002000 0x00000001
core   0: 0x80000068 (0xff5ff06f) j       pc - 0xc
core   0: 3 0x80000068 (0xff5ff06f)
core   0: 0x8000005c (0x00100093) li      ra, 1
core   0: 3 0x8000005c (0x00100093) x1  0x00000001
core   0: 0x80000060 (0x00002f17) auipc   t5, 0x2
core   0: 3 0x80000060 (0x00002f17) x30 0x80002060
core   0: 0x80000064 (0xfa1f2023) sw      ra, -96(t5)
core   0: 3 0x80000064 (0xfa1f2023) mem 0x80002000 0x00000001
core   0: 0x80000068 (0xff5ff06f) j       pc - 0xc
core   0: 3 0x80000068 (0xff5ff06f)
core   0: 0x8000005c (0x00100093) li      ra, 1
core   0: 3 0x8000005c (0x00100093) x1  0x00000001
core   0: 0x80000060 (0x00002f17) auipc   t5, 0x2
core   0: 3 0x80000060 (0x00002f17) x30 0x80002060
core   0: 0x80000064 (0xfa1f2023) sw      ra, -96(t5)
core   0: 3 0x80000064 (0xfa1f2023) mem 0x80002000 0x00000001
core   0: 0x80000068 (0xff5ff06f) j       pc - 0xc
core   0: 3 0x80000068 (0xff5ff06f)
core   0: 0x8000005c (0x00100093) li      ra, 1
core   0: 3 0x8000005c (0x00100093) x1  0x00000001
core   0: 0x80000060 (0x00002f17) auipc   t5, 0x2
core   0: 3 0x80000060 (0x00002f17) x30 0x80002060
core   0: 0x80000064 (0xfa1f2023) sw      ra, -96(t5)
core   0: 3 0x80000064 (0xfa1f2023) mem 0x80002000 0x00000001
core   0: 0x80000068 (0xff5ff06f) j       pc - 0xc
core   0: 3 0x80000068 (0xff5ff06f)
core   0: 0x8000005c (0x00100093) li      ra, 1
core   0: 3 0x8000005c (0x00100093) x1  0x00000001
core   0: 0x80000060 (0x00002f17) auipc   t5, 0x2
core   0: 3 0x80000060 (0x00002f17) x30 0x80002060
core   0: 0x80000064 (0xfa1f2023) sw      ra, -96(t5)
core   0: 3 0x80000064 (0xfa1f2023) mem 0x80002000 0x00000001
core   0: 0x80000068 (0xff5ff06f) j       pc - 0xc
core   0: 3 0x80000068 (0xff5ff06f)
core   0: 0x8000005c (0x00100093) li      ra, 1
core   0: 3 0x8000005c (0x00100093) x1  0x00000001
core   0: 0x80000060 (0x00002f17) auipc   t5, 0x2
core   0: 3 0x80000060 (0x00002f17) x30 0x80002060
core   0: 0x80000064 (0xfa1f2023) sw      ra, -96(t5)
core   0: 3 0x80000064 (0xfa1f2023) mem 0x80002000 0x00000001
core   0: 0x80000068 (0xff5ff06f) j       pc - 0xc
core   0: 3 0x80000068 (0xff5ff06f)
core   0: 0x8000005c (0x00100093) li      ra, 1
core   0: 3 0x8000005c (0x00100093) x1  0x00000001
core   0: 0x80000060 (0x00002f17) auipc   t5, 0x2
core   0: 3 0x80000060 (0x00002f17) x30 0x80002060
core   0: 0x80000064 (0xfa1f2023) sw      ra, -96(t5)
core   0: 3 0x80000064 (0xfa1f2023) mem 0x80002000 0x00000001
core   0: 0x80000068 (0xff5ff06f) j       pc - 0xc
core   0: 3 0x80000068 (0xff5ff06f)
core   0: 0x8000005c (0x00100093) li      ra, 1
core   0: 3 0x8000005c (0x00100093) x1  0x00000001
core   0: 0x80000060 (0x00002f17) auipc   t5, 0x2
core   0: 3 0x80000060 (0x00002f17) x30 0x80002060
core   0: 0x80000064 (0xfa1f2023) sw      ra, -96(t5)
core   0: 3 0x80000064 (0xfa1f2023) mem 0x80002000 0x00000001
core   0: 0x80000068 (0xff5ff06f) j       pc - 0xc
core   0: 3 0x80000068 (0xff5ff06f)
core   0: 0x8000005c (0x00100093) li      ra, 1
core   0: 3 0x8000005c (0x00100093) x1  0x00000001
core   0: 0x80000060 (0x00002f17) auipc   t5, 0x2
core   0: 3 0x80000060 (0x00002f17) x30 0x80002060
core   0: 0x80000064 (0xfa1f2023) sw      ra, -96(t5)
core   0: 3 0x80000064 (0xfa1f2023) mem 0x80002000 0x00000001
core   0: 0x80000068 (0xff5ff06f) j       pc - 0xc
core   0: 3 0x80000068 (0xff5ff06f)
core   0: 0x8000005c (0x00100093) li      ra, 1
core   0: 3 0x8000005c (0x00100093) x1  0x00000001
core   0: 0x80000060 (0x00002f17) auipc   t5, 0x2
core   0: 3 0x80000060 (0x00002f17) x30 0x80002060
core   0: 0x80000064 (0xfa1f2023) sw      ra, -96(t5)
core   0: 3 0x80000064 (0xfa1f2023) mem 0x80002000 0x00000001
core   0: 0x80000068 (0xff5ff06f) j       pc - 0xc
core   0: 3 0x80000068 (0xff5ff06f)
core   0: 0x8000005c (0x00100093) li      ra, 1
core   0: 3 0x8000005c (0x00100093) x1  0x00000001
core   0: 0x80000060 (0x00002f17) auipc   t5, 0x2
core   0: 3 0x80000060 (0x00002f17) x30 0x80002060
core   0: 0x80000064 (0xfa1f2023) sw      ra, -96(t5)
core   0: 3 0x80000064 (0xfa1f2023) mem 0x80002000 0x00000001
core   0: 0x80000068 (0xff5ff06f) j       pc - 0xc
core   0: 3 0x80000068 (0xff5ff06f)
core   0: 0x8000005c (0x00100093) li      ra, 1
core   0: 3 0x8000005c (0x00100093) x1  0x00000001
core   0: 0x80000060 (0x00002f17) auipc   t5, 0x2
core   0: 3 0x80000060 (0x00002f17) x30 0x80002060
core   0: 0x80000064 (0xfa1f2023) sw      ra, -96(t5)
core   0: 3 0x80000064 (0xfa1f2023) mem 0x80002000 0x00000001
core   0: 0x80000068 (0xff5ff06f) j       pc - 0xc
core   0: 3 0x80000068 (0xff5ff06f)
core   0: 0x8000005c (0x00100093) li      ra, 1
core   0: 3 0x8000005c (0x00100093) x1  0x00000001
core   0: 0x80000060 (0x00002f17) auipc   t5, 0x2
core   0: 3 0x80000060 (0x00002f17) x30 0x80002060
core   0: 0x80000064 (0xfa1f2023) sw      ra, -96(t5)
core   0: 3 0x80000064 (0xfa1f2023) mem 0x80002000 0x00000001
core   0: 0x80000068 (0xff5ff06f) j       pc - 0xc
core   0: 3 0x80000068 (0xff5ff06f)
core   0: 0x8000005c (0x00100093) li      ra, 1
core   0: 3 0x8000005c (0x00100093) x1  0x00000001
core   0: 0x80000060 (0x00002f17) auipc   t5, 0x2
core   0: 3 0x80000060 (0x00002f17) x30 0x80002060
core   0: 0x80000064 (0xfa1f2023) sw      ra, -96(t5)
core   0: 3 0x80000064 (0xfa1f2023) mem 0x80002000 0x00000001
core   0: 0x80000068 (0xff5ff06f) j       pc - 0xc
core   0: 3 0x80000068 (0xff5ff06f)
core   0: 0x8000005c (0x00100093) li      ra, 1
core   0: 3 0x8000005c (0x00100093) x1  0x00000001
core   0: 0x80000060 (0x00002f17) auipc   t5, 0x2
core   0: 3 0x80000060 (0x00002f17) x30 0x80002060
core   0: 0x80000064 (0xfa1f2023) sw      ra, -96(t5)
core   0: 3 0x80000064 (0xfa1f2023) mem 0x80002000 0x00000001
core   0: 0x80000068 (0xff5ff06f) j       pc - 0xc
core   0: 3 0x80000068 (0xff5ff06f)
core   0: 0x8000005c (0x00100093) li      ra, 1
core   0: 3 0x8000005c (0x00100093) x1  0x00000001
core   0: 0x80000060 (0x00002f17) auipc   t5, 0x2
core   0: 3 0x80000060 (0x00002f17) x30 0x80002060
core   0: 0x80000064 (0xfa1f2023) sw      ra, -96(t5)
core   0: 3 0x80000064 (0xfa1f2023) mem 0x80002000 0x00000001
core   0: 0x80000068 (0xff5ff06f) j       pc - 0xc
core   0: 3 0x80000068 (0xff5ff06f)
core   0: 0x8000005c (0x00100093) li      ra, 1
core   0: 3 0x8000005c (0x00100093) x1  0x00000001
core   0: 0x80000060 (0x00002f17) auipc   t5, 0x2
core   0: 3 0x80000060 (0x00002f17) x30 0x80002060
core   0: 0x80000064 (0xfa1f2023) sw      ra, -96(t5)
core   0: 3 0x80000064 (0xfa1f2023) mem 0x80002000 0x00000001
core   0: 0x80000068 (0xff5ff06f) j       pc - 0xc
core   0: 3 0x80000068 (0xff5ff06f)
core   0: 0x8000005c (0x00100093) li      ra, 1
core   0: 3 0x8000005c (0x00100093) x1  0x00000001
core   0: 0x80000060 (0x00002f17) auipc   t5, 0x2
core   0: 3 0x80000060 (0x00002f17) x30 0x80002060
core   0: 0x80000064 (0xfa1f2023) sw      ra, -96(t5)
core   0: 3 0x80000064 (0xfa1f2023) mem 0x80002000 0x00000001
core   0: 0x80000068 (0xff5ff06f) j       pc - 0xc
core   0: 3 0x80000068 (0xff5ff06f)
core   0: 0x8000005c (0x00100093) li      ra, 1
core   0: 3 0x8000005c (0x00100093) x1  0x00000001
core   0: 0x80000060 (0x00002f17) auipc   t5, 0x2
core   0: 3 0x80000060 (0x00002f17) x30 0x80002060
core   0: 0x80000064 (0xfa1f2023) sw      ra, -96(t5)
core   0: 3 0x80000064 (0xfa1f2023) mem 0x80002000 0x00000001
core   0: 0x80000068 (0xff5ff06f) j       pc - 0xc
core   0: 3 0x80000068 (0xff5ff06f)
core   0: 0x8000005c (0x00100093) li      ra, 1
core   0: 3 0x8000005c (0x00100093) x1  0x00000001
core   0: 0x80000060 (0x00002f17) auipc   t5, 0x2
core   0: 3 0x80000060 (0x00002f17) x30 0x80002060
core   0: 0x80000064 (0xfa1f2023) sw      ra, -96(t5)
core   0: 3 0x80000064 (0xfa1f2023) mem 0x80002000 0x00000001
core   0: 0x80000068 (0xff5ff06f) j       pc - 0xc
core   0: 3 0x80000068 (0xff5ff06f)
core   0: 0x8000005c (0x00100093) li      ra, 1
core   0: 3 0x8000005c (0x00100093) x1  0x00000001
core   0: 0x80000060 (0x00002f17) auipc   t5, 0x2
core   0: 3 0x80000060 (0x00002f17) x30 0x80002060
core   0: 0x80000064 (0xfa1f2023) sw      ra, -96(t5)
core   0: 3 0x80000064 (0xfa1f2023) mem 0x80002000 0x00000001
core   0: 0x80000068 (0xff5ff06f) j       pc - 0xc
core   0: 3 0x80000068 (0xff5ff06f)
core   0: 0x8000005c (0x00100093) li      ra, 1
core   0: 3 0x8000005c (0x00100093) x1  0x00000001
core   0: 0x80000060 (0x00002f17) auipc   t5, 0x2
core   0: 3 0x80000060 (0x00002f17) x30 0x80002060
core   0: 0x80000064 (0xfa1f2023) sw      ra, -96(t5)
core   0: 3 0x80000064 (0xfa1f2023) mem 0x80002000 0x00000001
core   0: 0x80000068 (0xff5ff06f) j       pc - 0xc
core   0: 3 0x80000068 (0xff5ff06f)
core   0: 0x8000005c (0x00100093) li      ra, 1
core   0: 3 0x8000005c (0x00100093) x1  0x00000001
core   0: 0x80000060 (0x00002f17) auipc   t5, 0x2
core   0: 3 0x80000060 (0x00002f17) x30 0x80002060
core   0: 0x80000064 (0xfa1f2023) sw      ra, -96(t5)
core   0: 3 0x80000064 (0xfa1f2023) mem 0x80002000 0x00000001
core   0: 0x80000068 (0xff5ff06f) j       pc - 0xc
core   0: 3 0x80000068 (0xff5ff06f)
core   0: 0x8000005c (0x00100093) li      ra, 1
core   0: 3 0x8000005c (0x00100093) x1  0x00000001
core   0: 0x80000060 (0x00002f17) auipc   t5, 0x2
core   0: 3 0x80000060 (0x00002f17) x30 0x80002060
core   0: 0x80000064 (0xfa1f2023) sw      ra, -96(t5)
core   0: 3 0x80000064 (0xfa1f2023) mem 0x80002000 0x00000001
core   0: 0x80000068 (0xff5ff06f) j       pc - 0xc
core   0: 3 0x80000068 (0xff5ff06f)
core   0: 0x8000005c (0x00100093) li      ra, 1
core   0: 3 0x8000005c (0x00100093) x1  0x00000001
core   0: 0x80000060 (0x00002f17) auipc   t5, 0x2
core   0: 3 0x80000060 (0x00002f17) x30 0x80002060
core   0: 0x80000064 (0xfa1f2023) sw      ra, -96(t5)
core   0: 3 0x80000064 (0xfa1f2023) mem 0x80002000 0x00000001
core   0: 0x80000068 (0xff5ff06f) j       pc - 0xc
core   0: 3 0x80000068 (0xff5ff06f)
core   0: 0x8000005c (0x00100093) li      ra, 1
core   0: 3 0x8000005c (0x00100093) x1  0x00000001
core   0: 0x80000060 (0x00002f17) auipc   t5, 0x2
core   0: 3 0x80000060 (0x00002f17) x30 0x80002060
core   0: 0x80000064 (0xfa1f2023) sw      ra, -96(t5)
core   0: 3 0x80000064 (0xfa1f2023) mem 0x80002000 0x00000001
core   0: 0x80000068 (0xff5ff06f) j       pc - 0xc
core   0: 3 0x80000068 (0xff5ff06f)
core   0: 0x8000005c (0x00100093) li      ra, 1
core   0: 3 0x8000005c (0x00100093) x1  0x00000001
core   0: 0x80000060 (0x00002f17) auipc   t5, 0x2
core   0: 3 0x80000060 (0x00002f17) x30 0x80002060
core   0: 0x80000064 (0xfa1f2023) sw      ra, -96(t5)
core   0: 3 0x80000064 (0xfa1f2023) mem 0x80002000 0x00000001
core   0: 0x80000068 (0xff5ff06f) j       pc - 0xc
core   0: 3 0x80000068 (0xff5ff06f)
core   0: 0x8000005c (0x00100093) li      ra, 1
core   0: 3 0x8000005c (0x00100093) x1  0x00000001
core   0: 0x80000060 (0x00002f17) auipc   t5, 0x2
core   0: 3 0x80000060 (0x00002f17) x30 0x80002060
core   0: 0x80000064 (0xfa1f2023) sw      ra, -96(t5)
core   0: 3 0x80000064 (0xfa1f2023) mem 0x80002000 0x00000001
core   0: 0x80000068 (0xff5ff06f) j       pc - 0xc
core   0: 3 0x80000068 (0xff5ff06f)
core   0: 0x8000005c (0x00100093) li      ra, 1
core   0: 3 0x8000005c (0x00100093) x1  0x00000001
core   0: 0x80000060 (0x00002f17) auipc   t5, 0x2
core   0: 3 0x80000060 (0x00002f17) x30 0x80002060
core   0: 0x80000064 (0xfa1f2023) sw      ra, -96(t5)
core   0: 3 0x80000064 (0xfa1f2023) mem 0x80002000 0x00000001
core   0: 0x80000068 (0xff5ff06f) j       pc - 0xc
core   0: 3 0x80000068 (0xff5ff06f)
core   0: 0x8000005c (0x00100093) li      ra, 1
core   0: 3 0x8000005c (0x00100093) x1  0x00000001
core   0: 0x80000060 (0x00002f17) auipc   t5, 0x2
core   0: 3 0x80000060 (0x00002f17) x30 0x80002060
core   0: 0x80000064 (0xfa1f2023) sw      ra, -96(t5)
core   0: 3 0x80000064 (0xfa1f2023) mem 0x80002000 0x00000001
core   0: 0x80000068 (0xff5ff06f) j       pc - 0xc
core   0: 3 0x80000068 (0xff5ff06f)
core   0: 0x8000005c (0x00100093) li      ra, 1
core   0: 3 0x8000005c (0x00100093) x1  0x00000001
core   0: 0x80000060 (0x00002f17) auipc   t5, 0x2
core   0: 3 0x80000060 (0x00002f17) x30 0x80002060
core   0: 0x80000064 (0xfa1f2023) sw      ra, -96(t5)
core   0: 3 0x80000064 (0xfa1f2023) mem 0x80002000 0x00000001
core   0: 0x80000068 (0xff5ff06f) j       pc - 0xc
core   0: 3 0x80000068 (0xff5ff06f)
core   0: 0x8000005c (0x00100093) li      ra, 1
core   0: 3 0x8000005c (0x00100093) x1  0x00000001
core   0: 0x80000060 (0x00002f17) auipc   t5, 0x2
core   0: 3 0x80000060 (0x00002f17) x30 0x80002060
core   0: 0x80000064 (0xfa1f2023) sw      ra, -96(t5)
core   0: 3 0x80000064 (0xfa1f2023) mem 0x80002000 0x00000001
core   0: 0x80000068 (0xff5ff06f) j       pc - 0xc
core   0: 3 0x80000068 (0xff5ff06f)
core   0: 0x8000005c (0x00100093) li      ra, 1
core   0: 3 0x8000005c (0x00100093) x1  0x00000001
core   0: 0x80000060 (0x00002f17) auipc   t5, 0x2
core   0: 3 0x80000060 (0x00002f17) x30 0x80002060
core   0: 0x80000064 (0xfa1f2023) sw      ra, -96(t5)
core   0: 3 0x80000064 (0xfa1f2023) mem 0x80002000 0x00000001
core   0: 0x80000068 (0xff5ff06f) j       pc - 0xc
core   0: 3 0x80000068 (0xff5ff06f)
core   0: 0x8000005c (0x00100093) li      ra, 1
core   0: 3 0x8000005c (0x00100093) x1  0x00000001
core   0: 0x80000060 (0x00002f17) auipc   t5, 0x2
core   0: 3 0x80000060 (0x00002f17) x30 0x80002060
core   0: 0x80000064 (0xfa1f2023) sw      ra, -96(t5)
core   0: 3 0x80000064 (0xfa1f2023) mem 0x80002000 0x00000001
core   0: 0x80000068 (0xff5ff06f) j       pc - 0xc
core   0: 3 0x80000068 (0xff5ff06f)
core   0: 0x8000005c (0x00100093) li      ra, 1
core   0: 3 0x8000005c (0x00100093) x1  0x00000001
core   0: 0x80000060 (0x00002f17) auipc   t5, 0x2
core   0: 3 0x80000060 (0x00002f17) x30 0x80002060
core   0: 0x80000064 (0xfa1f2023) sw      ra, -96(t5)
core   0: 3 0x80000064 (0xfa1f2023) mem 0x80002000 0x00000001
core   0: 0x80000068 (0xff5ff06f) j       pc - 0xc
core   0: 3 0x80000068 (0xff5ff06f)
core   0: 0x8000005c (0x00100093) li      ra, 1
core   0: 3 0x8000005c (0x00100093) x1  0x00000001
core   0: 0x80000060 (0x00002f17) auipc   t5, 0x2
core   0: 3 0x80000060 (0x00002f17) x30 0x80002060
core   0: 0x80000064 (0xfa1f2023) sw      ra, -96(t5)
core   0: 3 0x80000064 (0xfa1f2023) mem 0x80002000 0x00000001
core   0: 0x80000068 (0xff5ff06f) j       pc - 0xc
core   0: 3 0x80000068 (0xff5ff06f)
core   0: 0x8000005c (0x00100093) li      ra, 1
core   0: 3 0x8000005c (0x00100093) x1  0x00000001
core   0: 0x80000060 (0x00002f17) auipc   t5, 0x2
core   0: 3 0x80000060 (0x00002f17) x30 0x80002060
core   0: 0x80000064 (0xfa1f2023) sw      ra, -96(t5)
core   0: 3 0x80000064 (0xfa1f2023) mem 0x80002000 0x00000001
core   0: 0x80000068 (0xff5ff06f) j       pc - 0xc
core   0: 3 0x80000068 (0xff5ff06f)
core   0: 0x8000005c (0x00100093) li      ra, 1
core   0: 3 0x8000005c (0x00100093) x1  0x00000001
core   0: 0x80000060 (0x00002f17) auipc   t5, 0x2
core   0: 3 0x80000060 (0x00002f17) x30 0x80002060
core   0: 0x80000064 (0xfa1f2023) sw      ra, -96(t5)
core   0: 3 0x80000064 (0xfa1f2023) mem 0x80002000 0x00000001
core   0: 0x80000068 (0xff5ff06f) j       pc - 0xc
core   0: 3 0x80000068 (0xff5ff06f)
core   0: 0x8000005c (0x00100093) li      ra, 1
core   0: 3 0x8000005c (0x00100093) x1  0x00000001
core   0: 0x80000060 (0x00002f17) auipc   t5, 0x2
core   0: 3 0x80000060 (0x00002f17) x30 0x80002060
core   0: 0x80000064 (0xfa1f2023) sw      ra, -96(t5)
core   0: 3 0x80000064 (0xfa1f2023) mem 0x80002000 0x00000001
core   0: 0x80000068 (0xff5ff06f) j       pc - 0xc
core   0: 3 0x80000068 (0xff5ff06f)
core   0: 0x8000005c (0x00100093) li      ra, 1
core   0: 3 0x8000005c (0x00100093) x1  0x00000001
core   0: 0x80000060 (0x00002f17) auipc   t5, 0x2
core   0: 3 0x80000060 (0x00002f17) x30 0x80002060
core   0: 0x80000064 (0xfa1f2023) sw      ra, -96(t5)
core   0: 3 0x80000064 (0xfa1f2023) mem 0x80002000 0x00000001
core   0: 0x80000068 (0xff5ff06f) j       pc - 0xc
core   0: 3 0x80000068 (0xff5ff06f)
core   0: 0x8000005c (0x00100093) li      ra, 1
core   0: 3 0x8000005c (0x00100093) x1  0x00000001
core   0: 0x80000060 (0x00002f17) auipc   t5, 0x2
core   0: 3 0x80000060 (0x00002f17) x30 0x80002060
core   0: 0x80000064 (0xfa1f2023) sw      ra, -96(t5)
core   0: 3 0x80000064 (0xfa1f2023) mem 0x80002000 0x00000001
core   0: 0x80000068 (0xff5ff06f) j       pc - 0xc
core   0: 3 0x80000068 (0xff5ff06f)
core   0: 0x8000005c (0x00100093) li      ra, 1
core   0: 3 0x8000005c (0x00100093) x1  0x00000001
core   0: 0x80000060 (0x00002f17) auipc   t5, 0x2
core   0: 3 0x80000060 (0x00002f17) x30 0x80002060
core   0: 0x80000064 (0xfa1f2023) sw      ra, -96(t5)
core   0: 3 0x80000064 (0xfa1f2023) mem 0x80002000 0x00000001
core   0: 0x80000068 (0xff5ff06f) j       pc - 0xc
core   0: 3 0x80000068 (0xff5ff06f)
core   0: 0x8000005c (0x00100093) li      ra, 1
core   0: 3 0x8000005c (0x00100093) x1  0x00000001
core   0: 0x80000060 (0x00002f17) auipc   t5, 0x2
core   0: 3 0x80000060 (0x00002f17) x30 0x80002060
core   0: 0x80000064 (0xfa1f2023) sw      ra, -96(t5)
core   0: 3 0x80000064 (0xfa1f2023) mem 0x80002000 0x00000001
core   0: 0x80000068 (0xff5ff06f) j       pc - 0xc
core   0: 3 0x80000068 (0xff5ff06f)
core   0: 0x8000005c (0x00100093) li      ra, 1
core   0: 3 0x8000005c (0x00100093) x1  0x00000001
core   0: 0x80000060 (0x00002f17) auipc   t5, 0x2
core   0: 3 0x80000060 (0x00002f17) x30 0x80002060
core   0: 0x80000064 (0xfa1f2023) sw      ra, -96(t5)
core   0: 3 0x80000064 (0xfa1f2023) mem 0x80002000 0x00000001
core   0: 0x80000068 (0xff5ff06f) j       pc - 0xc
core   0: 3 0x80000068 (0xff5ff06f)
core   0: 0x8000005c (0x00100093) li      ra, 1
core   0: 3 0x8000005c (0x00100093) x1  0x00000001
core   0: 0x80000060 (0x00002f17) auipc   t5, 0x2
core   0: 3 0x80000060 (0x00002f17) x30 0x80002060
core   0: 0x80000064 (0xfa1f2023) sw      ra, -96(t5)
core   0: 3 0x80000064 (0xfa1f2023) mem 0x80002000 0x00000001
core   0: 0x80000068 (0xff5ff06f) j       pc - 0xc
core   0: 3 0x80000068 (0xff5ff06f)
core   0: 0x8000005c (0x00100093) li      ra, 1
core   0: 3 0x8000005c (0x00100093) x1  0x00000001
core   0: 0x80000060 (0x00002f17) auipc   t5, 0x2
core   0: 3 0x80000060 (0x00002f17) x30 0x80002060
core   0: 0x80000064 (0xfa1f2023) sw      ra, -96(t5)
core   0: 3 0x80000064 (0xfa1f2023) mem 0x80002000 0x00000001
core   0: 0x80000068 (0xff5ff06f) j       pc - 0xc
core   0: 3 0x80000068 (0xff5ff06f)
core   0: 0x8000005c (0x00100093) li      ra, 1
core   0: 3 0x8000005c (0x00100093) x1  0x00000001
core   0: 0x80000060 (0x00002f17) auipc   t5, 0x2
core   0: 3 0x80000060 (0x00002f17) x30 0x80002060
core   0: 0x80000064 (0xfa1f2023) sw      ra, -96(t5)
core   0: 3 0x80000064 (0xfa1f2023) mem 0x80002000 0x00000001
core   0: 0x80000068 (0xff5ff06f) j       pc - 0xc
core   0: 3 0x80000068 (0xff5ff06f)
core   0: 0x8000005c (0x00100093) li      ra, 1
core   0: 3 0x8000005c (0x00100093) x1  0x00000001
core   0: 0x80000060 (0x00002f17) auipc   t5, 0x2
core   0: 3 0x80000060 (0x00002f17) x30 0x80002060
core   0: 0x80000064 (0xfa1f2023) sw      ra, -96(t5)
core   0: 3 0x80000064 (0xfa1f2023) mem 0x80002000 0x00000001
core   0: 0x80000068 (0xff5ff06f) j       pc - 0xc
core   0: 3 0x80000068 (0xff5ff06f)
core   0: 0x8000005c (0x00100093) li      ra, 1
core   0: 3 0x8000005c (0x00100093) x1  0x00000001
core   0: 0x80000060 (0x00002f17) auipc   t5, 0x2
core   0: 3 0x80000060 (0x00002f17) x30 0x80002060
core   0: 0x80000064 (0xfa1f2023) sw      ra, -96(t5)
core   0: 3 0x80000064 (0xfa1f2023) mem 0x80002000 0x00000001
core   0: 0x80000068 (0xff5ff06f) j       pc - 0xc
core   0: 3 0x80000068 (0xff5ff06f)
core   0: 0x8000005c (0x00100093) li      ra, 1
core   0: 3 0x8000005c (0x00100093) x1  0x00000001
core   0: 0x80000060 (0x00002f17) auipc   t5, 0x2
core   0: 3 0x80000060 (0x00002f17) x30 0x80002060
core   0: 0x80000064 (0xfa1f2023) sw      ra, -96(t5)
core   0: 3 0x80000064 (0xfa1f2023) mem 0x80002000 0x00000001
core   0: 0x80000068 (0xff5ff06f) j       pc - 0xc
core   0: 3 0x80000068 (0xff5ff06f)
core   0: 0x8000005c (0x00100093) li      ra, 1
core   0: 3 0x8000005c (0x00100093) x1  0x00000001
core   0: 0x80000060 (0x00002f17) auipc   t5, 0x2
core   0: 3 0x80000060 (0x00002f17) x30 0x80002060
core   0: 0x80000064 (0xfa1f2023) sw      ra, -96(t5)
core   0: 3 0x80000064 (0xfa1f2023) mem 0x80002000 0x00000001
core   0: 0x80000068 (0xff5ff06f) j       pc - 0xc
core   0: 3 0x80000068 (0xff5ff06f)
core   0: 0x8000005c (0x00100093) li      ra, 1
core   0: 3 0x8000005c (0x00100093) x1  0x00000001
core   0: 0x80000060 (0x00002f17) auipc   t5, 0x2
core   0: 3 0x80000060 (0x00002f17) x30 0x80002060
core   0: 0x80000064 (0xfa1f2023) sw      ra, -96(t5)
core   0: 3 0x80000064 (0xfa1f2023) mem 0x80002000 0x00000001
core   0: 0x80000068 (0xff5ff06f) j       pc - 0xc
core   0: 3 0x80000068 (0xff5ff06f)
core   0: 0x8000005c (0x00100093) li      ra, 1
core   0: 3 0x8000005c (0x00100093) x1  0x00000001
core   0: 0x80000060 (0x00002f17) auipc   t5, 0x2
core   0: 3 0x80000060 (0x00002f17) x30 0x80002060
core   0: 0x80000064 (0xfa1f2023) sw      ra, -96(t5)
core   0: 3 0x80000064 (0xfa1f2023) mem 0x80002000 0x00000001
core   0: 0x80000068 (0xff5ff06f) j       pc - 0xc
core   0: 3 0x80000068 (0xff5ff06f)
core   0: 0x8000005c (0x00100093) li      ra, 1
core   0: 3 0x8000005c (0x00100093) x1  0x00000001
core   0: 0x80000060 (0x00002f17) auipc   t5, 0x2
core   0: 3 0x80000060 (0x00002f17) x30 0x80002060
core   0: 0x80000064 (0xfa1f2023) sw      ra, -96(t5)
core   0: 3 0x80000064 (0xfa1f2023) mem 0x80002000 0x00000001
core   0: 0x80000068 (0xff5ff06f) j       pc - 0xc
core   0: 3 0x80000068 (0xff5ff06f)
core   0: 0x8000005c (0x00100093) li      ra, 1
core   0: 3 0x8000005c (0x00100093) x1  0x00000001
core   0: 0x80000060 (0x00002f17) auipc   t5, 0x2
core   0: 3 0x80000060 (0x00002f17) x30 0x80002060
core   0: 0x80000064 (0xfa1f2023) sw      ra, -96(t5)
core   0: 3 0x80000064 (0xfa1f2023) mem 0x80002000 0x00000001
core   0: 0x80000068 (0xff5ff06f) j       pc - 0xc
core   0: 3 0x80000068 (0xff5ff06f)
core   0: 0x8000005c (0x00100093) li      ra, 1
core   0: 3 0x8000005c (0x00100093) x1  0x00000001
core   0: 0x80000060 (0x00002f17) auipc   t5, 0x2
core   0: 3 0x80000060 (0x00002f17) x30 0x80002060
core   0: 0x80000064 (0xfa1f2023) sw      ra, -96(t5)
core   0: 3 0x80000064 (0xfa1f2023) mem 0x80002000 0x00000001
core   0: 0x80000068 (0xff5ff06f) j       pc - 0xc
core   0: 3 0x80000068 (0xff5ff06f)
core   0: 0x8000005c (0x00100093) li      ra, 1
core   0: 3 0x8000005c (0x00100093) x1  0x00000001
core   0: 0x80000060 (0x00002f17) auipc   t5, 0x2
core   0: 3 0x80000060 (0x00002f17) x30 0x80002060
core   0: 0x80000064 (0xfa1f2023) sw      ra, -96(t5)
core   0: 3 0x80000064 (0xfa1f2023) mem 0x80002000 0x00000001
core   0: 0x80000068 (0xff5ff06f) j       pc - 0xc
core   0: 3 0x80000068 (0xff5ff06f)
core   0: 0x8000005c (0x00100093) li      ra, 1
core   0: 3 0x8000005c (0x00100093) x1  0x00000001
core   0: 0x80000060 (0x00002f17) auipc   t5, 0x2
core   0: 3 0x80000060 (0x00002f17) x30 0x80002060
core   0: 0x80000064 (0xfa1f2023) sw      ra, -96(t5)
core   0: 3 0x80000064 (0xfa1f2023) mem 0x80002000 0x00000001
core   0: 0x80000068 (0xff5ff06f) j       pc - 0xc
core   0: 3 0x80000068 (0xff5ff06f)
core   0: 0x8000005c (0x00100093) li      ra, 1
core   0: 3 0x8000005c (0x00100093) x1  0x00000001
core   0: 0x80000060 (0x00002f17) auipc   t5, 0x2
core   0: 3 0x80000060 (0x00002f17) x30 0x80002060
core   0: 0x80000064 (0xfa1f2023) sw      ra, -96(t5)
core   0: 3 0x80000064 (0xfa1f2023) mem 0x80002000 0x00000001
core   0: 0x80000068 (0xff5ff06f) j       pc - 0xc
core   0: 3 0x80000068 (0xff5ff06f)
core   0: 0x8000005c (0x00100093) li      ra, 1
core   0: 3 0x8000005c (0x00100093) x1  0x00000001
core   0: 0x80000060 (0x00002f17) auipc   t5, 0x2
core   0: 3 0x80000060 (0x00002f17) x30 0x80002060
core   0: 0x80000064 (0xfa1f2023) sw      ra, -96(t5)
core   0: 3 0x80000064 (0xfa1f2023) mem 0x80002000 0x00000001
core   0: 0x80000068 (0xff5ff06f) j       pc - 0xc
core   0: 3 0x80000068 (0xff5ff06f)
core   0: 0x8000005c (0x00100093) li      ra, 1
core   0: 3 0x8000005c (0x00100093) x1  0x00000001
core   0: 0x80000060 (0x00002f17) auipc   t5, 0x2
core   0: 3 0x80000060 (0x00002f17) x30 0x80002060
core   0: 0x80000064 (0xfa1f2023) sw      ra, -96(t5)
core   0: 3 0x80000064 (0xfa1f2023) mem 0x80002000 0x00000001
core   0: 0x80000068 (0xff5ff06f) j       pc - 0xc
core   0: 3 0x80000068 (0xff5ff06f)
core   0: 0x8000005c (0x00100093) li      ra, 1
core   0: 3 0x8000005c (0x00100093) x1  0x00000001
core   0: 0x80000060 (0x00002f17) auipc   t5, 0x2
core   0: 3 0x80000060 (0x00002f17) x30 0x80002060
core   0: 0x80000064 (0xfa1f2023) sw      ra, -96(t5)
core   0: 3 0x80000064 (0xfa1f2023) mem 0x80002000 0x00000001
core   0: 0x80000068 (0xff5ff06f) j       pc - 0xc
core   0: 3 0x80000068 (0xff5ff06f)
core   0: 0x8000005c (0x00100093) li      ra, 1
core   0: 3 0x8000005c (0x00100093) x1  0x00000001
core   0: 0x80000060 (0x00002f17) auipc   t5, 0x2
core   0: 3 0x80000060 (0x00002f17) x30 0x80002060
core   0: 0x80000064 (0xfa1f2023) sw      ra, -96(t5)
core   0: 3 0x80000064 (0xfa1f2023) mem 0x80002000 0x00000001
core   0: 0x80000068 (0xff5ff06f) j       pc - 0xc
core   0: 3 0x80000068 (0xff5ff06f)
core   0: 0x8000005c (0x00100093) li      ra, 1
core   0: 3 0x8000005c (0x00100093) x1  0x00000001
core   0: 0x80000060 (0x00002f17) auipc   t5, 0x2
core   0: 3 0x80000060 (0x00002f17) x30 0x80002060
core   0: 0x80000064 (0xfa1f2023) sw      ra, -96(t5)
core   0: 3 0x80000064 (0xfa1f2023) mem 0x80002000 0x00000001
core   0: 0x80000068 (0xff5ff06f) j       pc - 0xc
core   0: 3 0x80000068 (0xff5ff06f)
core   0: 0x8000005c (0x00100093) li      ra, 1
core   0: 3 0x8000005c (0x00100093) x1  0x00000001
core   0: 0x80000060 (0x00002f17) auipc   t5, 0x2
core   0: 3 0x80000060 (0x00002f17) x30 0x80002060
core   0: 0x80000064 (0xfa1f2023) sw      ra, -96(t5)
core   0: 3 0x80000064 (0xfa1f2023) mem 0x80002000 0x00000001
core   0: 0x80000068 (0xff5ff06f) j       pc - 0xc
core   0: 3 0x80000068 (0xff5ff06f)
core   0: 0x8000005c (0x00100093) li      ra, 1
core   0: 3 0x8000005c (0x00100093) x1  0x00000001
core   0: 0x80000060 (0x00002f17) auipc   t5, 0x2
core   0: 3 0x80000060 (0x00002f17) x30 0x80002060
core   0: 0x80000064 (0xfa1f2023) sw      ra, -96(t5)
core   0: 3 0x80000064 (0xfa1f2023) mem 0x80002000 0x00000001
core   0: 0x80000068 (0xff5ff06f) j       pc - 0xc
core   0: 3 0x80000068 (0xff5ff06f)
core   0: 0x8000005c (0x00100093) li      ra, 1
core   0: 3 0x8000005c (0x00100093) x1  0x00000001
core   0: 0x80000060 (0x00002f17) auipc   t5, 0x2
core   0: 3 0x80000060 (0x00002f17) x30 0x80002060
core   0: 0x80000064 (0xfa1f2023) sw      ra, -96(t5)
core   0: 3 0x80000064 (0xfa1f2023) mem 0x80002000 0x00000001
core   0: 0x80000068 (0xff5ff06f) j       pc - 0xc
core   0: 3 0x80000068 (0xff5ff06f)
core   0: 0x8000005c (0x00100093) li      ra, 1
core   0: 3 0x8000005c (0x00100093) x1  0x00000001
core   0: 0x80000060 (0x00002f17) auipc   t5, 0x2
core   0: 3 0x80000060 (0x00002f17) x30 0x80002060
core   0: 0x80000064 (0xfa1f2023) sw      ra, -96(t5)
core   0: 3 0x80000064 (0xfa1f2023) mem 0x80002000 0x00000001
core   0: 0x80000068 (0xff5ff06f) j       pc - 0xc
core   0: 3 0x80000068 (0xff5ff06f)
core   0: 0x8000005c (0x00100093) li      ra, 1
core   0: 3 0x8000005c (0x00100093) x1  0x00000001
core   0: 0x80000060 (0x00002f17) auipc   t5, 0x2
core   0: 3 0x80000060 (0x00002f17) x30 0x80002060
core   0: 0x80000064 (0xfa1f2023) sw      ra, -96(t5)
core   0: 3 0x80000064 (0xfa1f2023) mem 0x80002000 0x00000001
core   0: 0x80000068 (0xff5ff06f) j       pc - 0xc
core   0: 3 0x80000068 (0xff5ff06f)
core   0: 0x8000005c (0x00100093) li      ra, 1
core   0: 3 0x8000005c (0x00100093) x1  0x00000001
core   0: 0x80000060 (0x00002f17) auipc   t5, 0x2
core   0: 3 0x80000060 (0x00002f17) x30 0x80002060
core   0: 0x80000064 (0xfa1f2023) sw      ra, -96(t5)
core   0: 3 0x80000064 (0xfa1f2023) mem 0x80002000 0x00000001
core   0: 0x80000068 (0xff5ff06f) j       pc - 0xc
core   0: 3 0x80000068 (0xff5ff06f)
core   0: 0x8000005c (0x00100093) li      ra, 1
core   0: 3 0x8000005c (0x00100093) x1  0x00000001
core   0: 0x80000060 (0x00002f17) auipc   t5, 0x2
core   0: 3 0x80000060 (0x00002f17) x30 0x80002060
core   0: 0x80000064 (0xfa1f2023) sw      ra, -96(t5)
core   0: 3 0x80000064 (0xfa1f2023) mem 0x80002000 0x00000001
core   0: 0x80000068 (0xff5ff06f) j       pc - 0xc
core   0: 3 0x80000068 (0xff5ff06f)
core   0: 0x8000005c (0x00100093) li      ra, 1
core   0: 3 0x8000005c (0x00100093) x1  0x00000001
core   0: 0x80000060 (0x00002f17) auipc   t5, 0x2
core   0: 3 0x80000060 (0x00002f17) x30 0x80002060
core   0: 0x80000064 (0xfa1f2023) sw      ra, -96(t5)
core   0: 3 0x80000064 (0xfa1f2023) mem 0x80002000 0x00000001
core   0: 0x80000068 (0xff5ff06f) j       pc - 0xc
core   0: 3 0x80000068 (0xff5ff06f)
core   0: 0x8000005c (0x00100093) li      ra, 1
core   0: 3 0x8000005c (0x00100093) x1  0x00000001
core   0: 0x80000060 (0x00002f17) auipc   t5, 0x2
core   0: 3 0x80000060 (0x00002f17) x30 0x80002060
core   0: 0x80000064 (0xfa1f2023) sw      ra, -96(t5)
core   0: 3 0x80000064 (0xfa1f2023) mem 0x80002000 0x00000001
core   0: 0x80000068 (0xff5ff06f) j       pc - 0xc
core   0: 3 0x80000068 (0xff5ff06f)
core   0: 0x8000005c (0x00100093) li      ra, 1
core   0: 3 0x8000005c (0x00100093) x1  0x00000001
core   0: 0x80000060 (0x00002f17) auipc   t5, 0x2
core   0: 3 0x80000060 (0x00002f17) x30 0x80002060
core   0: 0x80000064 (0xfa1f2023) sw      ra, -96(t5)
core   0: 3 0x80000064 (0xfa1f2023) mem 0x80002000 0x00000001
core   0: 0x80000068 (0xff5ff06f) j       pc - 0xc
core   0: 3 0x80000068 (0xff5ff06f)
core   0: 0x8000005c (0x00100093) li      ra, 1
core   0: 3 0x8000005c (0x00100093) x1  0x00000001
core   0: 0x80000060 (0x00002f17) auipc   t5, 0x2
core   0: 3 0x80000060 (0x00002f17) x30 0x80002060
core   0: 0x80000064 (0xfa1f2023) sw      ra, -96(t5)
core   0: 3 0x80000064 (0xfa1f2023) mem 0x80002000 0x00000001
core   0: 0x80000068 (0xff5ff06f) j       pc - 0xc
core   0: 3 0x80000068 (0xff5ff06f)
core   0: 0x8000005c (0x00100093) li      ra, 1
core   0: 3 0x8000005c (0x00100093) x1  0x00000001
core   0: 0x80000060 (0x00002f17) auipc   t5, 0x2
core   0: 3 0x80000060 (0x00002f17) x30 0x80002060
core   0: 0x80000064 (0xfa1f2023) sw      ra, -96(t5)
core   0: 3 0x80000064 (0xfa1f2023) mem 0x80002000 0x00000001
core   0: 0x80000068 (0xff5ff06f) j       pc - 0xc
core   0: 3 0x80000068 (0xff5ff06f)
core   0: 0x8000005c (0x00100093) li      ra, 1
core   0: 3 0x8000005c (0x00100093) x1  0x00000001
core   0: 0x80000060 (0x00002f17) auipc   t5, 0x2
core   0: 3 0x80000060 (0x00002f17) x30 0x80002060
core   0: 0x80000064 (0xfa1f2023) sw      ra, -96(t5)
core   0: 3 0x80000064 (0xfa1f2023) mem 0x80002000 0x00000001
core   0: 0x80000068 (0xff5ff06f) j       pc - 0xc
core   0: 3 0x80000068 (0xff5ff06f)
core   0: 0x8000005c (0x00100093) li      ra, 1
core   0: 3 0x8000005c (0x00100093) x1  0x00000001
core   0: 0x80000060 (0x00002f17) auipc   t5, 0x2
core   0: 3 0x80000060 (0x00002f17) x30 0x80002060
core   0: 0x80000064 (0xfa1f2023) sw      ra, -96(t5)
core   0: 3 0x80000064 (0xfa1f2023) mem 0x80002000 0x00000001
core   0: 0x80000068 (0xff5ff06f) j       pc - 0xc
core   0: 3 0x80000068 (0xff5ff06f)
core   0: 0x8000005c (0x00100093) li      ra, 1
core   0: 3 0x8000005c (0x00100093) x1  0x00000001
core   0: 0x80000060 (0x00002f17) auipc   t5, 0x2
core   0: 3 0x80000060 (0x00002f17) x30 0x80002060
core   0: 0x80000064 (0xfa1f2023) sw      ra, -96(t5)
core   0: 3 0x80000064 (0xfa1f2023) mem 0x80002000 0x00000001
core   0: 0x80000068 (0xff5ff06f) j       pc - 0xc
core   0: 3 0x80000068 (0xff5ff06f)
core   0: 0x8000005c (0x00100093) li      ra, 1
core   0: 3 0x8000005c (0x00100093) x1  0x00000001
core   0: 0x80000060 (0x00002f17) auipc   t5, 0x2
core   0: 3 0x80000060 (0x00002f17) x30 0x80002060
core   0: 0x80000064 (0xfa1f2023) sw      ra, -96(t5)
core   0: 3 0x80000064 (0xfa1f2023) mem 0x80002000 0x00000001
core   0: 0x80000068 (0xff5ff06f) j       pc - 0xc
core   0: 3 0x80000068 (0xff5ff06f)
core   0: 0x8000005c (0x00100093) li      ra, 1
core   0: 3 0x8000005c (0x00100093) x1  0x00000001
core   0: 0x80000060 (0x00002f17) auipc   t5, 0x2
core   0: 3 0x80000060 (0x00002f17) x30 0x80002060
core   0: 0x80000064 (0xfa1f2023) sw      ra, -96(t5)
core   0: 3 0x80000064 (0xfa1f2023) mem 0x80002000 0x00000001
core   0: 0x80000068 (0xff5ff06f) j       pc - 0xc
core   0: 3 0x80000068 (0xff5ff06f)
core   0: 0x8000005c (0x00100093) li      ra, 1
core   0: 3 0x8000005c (0x00100093) x1  0x00000001
core   0: 0x80000060 (0x00002f17) auipc   t5, 0x2
core   0: 3 0x80000060 (0x00002f17) x30 0x80002060
core   0: 0x80000064 (0xfa1f2023) sw      ra, -96(t5)
core   0: 3 0x80000064 (0xfa1f2023) mem 0x80002000 0x00000001
core   0: 0x80000068 (0xff5ff06f) j       pc - 0xc
core   0: 3 0x80000068 (0xff5ff06f)
core   0: 0x8000005c (0x00100093) li      ra, 1
core   0: 3 0x8000005c (0x00100093) x1  0x00000001
core   0: 0x80000060 (0x00002f17) auipc   t5, 0x2
core   0: 3 0x80000060 (0x00002f17) x30 0x80002060
core   0: 0x80000064 (0xfa1f2023) sw      ra, -96(t5)
core   0: 3 0x80000064 (0xfa1f2023) mem 0x80002000 0x00000001
core   0: 0x80000068 (0xff5ff06f) j       pc - 0xc
core   0: 3 0x80000068 (0xff5ff06f)
core   0: 0x8000005c (0x00100093) li      ra, 1
core   0: 3 0x8000005c (0x00100093) x1  0x00000001
core   0: 0x80000060 (0x00002f17) auipc   t5, 0x2
core   0: 3 0x80000060 (0x00002f17) x30 0x80002060
core   0: 0x80000064 (0xfa1f2023) sw      ra, -96(t5)
core   0: 3 0x80000064 (0xfa1f2023) mem 0x80002000 0x00000001
core   0: 0x80000068 (0xff5ff06f) j       pc - 0xc
core   0: 3 0x80000068 (0xff5ff06f)
core   0: 0x8000005c (0x00100093) li      ra, 1
core   0: 3 0x8000005c (0x00100093) x1  0x00000001
core   0: 0x80000060 (0x00002f17) auipc   t5, 0x2
core   0: 3 0x80000060 (0x00002f17) x30 0x80002060
core   0: 0x80000064 (0xfa1f2023) sw      ra, -96(t5)
core   0: 3 0x80000064 (0xfa1f2023) mem 0x80002000 0x00000001
core   0: 0x80000068 (0xff5ff06f) j       pc - 0xc
core   0: 3 0x80000068 (0xff5ff06f)
core   0: 0x8000005c (0x00100093) li      ra, 1
core   0: 3 0x8000005c (0x00100093) x1  0x00000001
core   0: 0x80000060 (0x00002f17) auipc   t5, 0x2
core   0: 3 0x80000060 (0x00002f17) x30 0x80002060
core   0: 0x80000064 (0xfa1f2023) sw      ra, -96(t5)
core   0: 3 0x80000064 (0xfa1f2023) mem 0x80002000 0x00000001
core   0: 0x80000068 (0xff5ff06f) j       pc - 0xc
core   0: 3 0x80000068 (0xff5ff06f)
core   0: 0x8000005c (0x00100093) li      ra, 1
core   0: 3 0x8000005c (0x00100093) x1  0x00000001
core   0: 0x80000060 (0x00002f17) auipc   t5, 0x2
core   0: 3 0x80000060 (0x00002f17) x30 0x80002060
core   0: 0x80000064 (0xfa1f2023) sw      ra, -96(t5)
core   0: 3 0x80000064 (0xfa1f2023) mem 0x80002000 0x00000001
core   0: 0x80000068 (0xff5ff06f) j       pc - 0xc
core   0: 3 0x80000068 (0xff5ff06f)
core   0: 0x8000005c (0x00100093) li      ra, 1
core   0: 3 0x8000005c (0x00100093) x1  0x00000001
core   0: 0x80000060 (0x00002f17) auipc   t5, 0x2
core   0: 3 0x80000060 (0x00002f17) x30 0x80002060
core   0: 0x80000064 (0xfa1f2023) sw      ra, -96(t5)
core   0: 3 0x80000064 (0xfa1f2023) mem 0x80002000 0x00000001
core   0: 0x80000068 (0xff5ff06f) j       pc - 0xc
core   0: 3 0x80000068 (0xff5ff06f)
core   0: 0x8000005c (0x00100093) li      ra, 1
core   0: 3 0x8000005c (0x00100093) x1  0x00000001
core   0: 0x80000060 (0x00002f17) auipc   t5, 0x2
core   0: 3 0x80000060 (0x00002f17) x30 0x80002060
core   0: 0x80000064 (0xfa1f2023) sw      ra, -96(t5)
core   0: 3 0x80000064 (0xfa1f2023) mem 0x80002000 0x00000001
core   0: 0x80000068 (0xff5ff06f) j       pc - 0xc
core   0: 3 0x80000068 (0xff5ff06f)
core   0: 0x8000005c (0x00100093) li      ra, 1
core   0: 3 0x8000005c (0x00100093) x1  0x00000001
core   0: 0x80000060 (0x00002f17) auipc   t5, 0x2
core   0: 3 0x80000060 (0x00002f17) x30 0x80002060
core   0: 0x80000064 (0xfa1f2023) sw      ra, -96(t5)
core   0: 3 0x80000064 (0xfa1f2023) mem 0x80002000 0x00000001
core   0: 0x80000068 (0xff5ff06f) j       pc - 0xc
core   0: 3 0x80000068 (0xff5ff06f)
core   0: 0x8000005c (0x00100093) li      ra, 1
core   0: 3 0x8000005c (0x00100093) x1  0x00000001
core   0: 0x80000060 (0x00002f17) auipc   t5, 0x2
core   0: 3 0x80000060 (0x00002f17) x30 0x80002060
core   0: 0x80000064 (0xfa1f2023) sw      ra, -96(t5)
core   0: 3 0x80000064 (0xfa1f2023) mem 0x80002000 0x00000001
core   0: 0x80000068 (0xff5ff06f) j       pc - 0xc
core   0: 3 0x80000068 (0xff5ff06f)
core   0: 0x8000005c (0x00100093) li      ra, 1
core   0: 3 0x8000005c (0x00100093) x1  0x00000001
core   0: 0x80000060 (0x00002f17) auipc   t5, 0x2
core   0: 3 0x80000060 (0x00002f17) x30 0x80002060
core   0: 0x80000064 (0xfa1f2023) sw      ra, -96(t5)
core   0: 3 0x80000064 (0xfa1f2023) mem 0x80002000 0x00000001
core   0: 0x80000068 (0xff5ff06f) j       pc - 0xc
core   0: 3 0x80000068 (0xff5ff06f)
core   0: 0x8000005c (0x00100093) li      ra, 1
core   0: 3 0x8000005c (0x00100093) x1  0x00000001
core   0: 0x80000060 (0x00002f17) auipc   t5, 0x2
core   0: 3 0x80000060 (0x00002f17) x30 0x80002060
core   0: 0x80000064 (0xfa1f2023) sw      ra, -96(t5)
core   0: 3 0x80000064 (0xfa1f2023) mem 0x80002000 0x00000001
core   0: 0x80000068 (0xff5ff06f) j       pc - 0xc
core   0: 3 0x80000068 (0xff5ff06f)
core   0: 0x8000005c (0x00100093) li      ra, 1
core   0: 3 0x8000005c (0x00100093) x1  0x00000001
core   0: 0x80000060 (0x00002f17) auipc   t5, 0x2
core   0: 3 0x80000060 (0x00002f17) x30 0x80002060
core   0: 0x80000064 (0xfa1f2023) sw      ra, -96(t5)
core   0: 3 0x80000064 (0xfa1f2023) mem 0x80002000 0x00000001
core   0: 0x80000068 (0xff5ff06f) j       pc - 0xc
core   0: 3 0x80000068 (0xff5ff06f)
core   0: 0x8000005c (0x00100093) li      ra, 1
core   0: 3 0x8000005c (0x00100093) x1  0x00000001
core   0: 0x80000060 (0x00002f17) auipc   t5, 0x2
core   0: 3 0x80000060 (0x00002f17) x30 0x80002060
core   0: 0x80000064 (0xfa1f2023) sw      ra, -96(t5)
core   0: 3 0x80000064 (0xfa1f2023) mem 0x80002000 0x00000001
core   0: 0x80000068 (0xff5ff06f) j       pc - 0xc
core   0: 3 0x80000068 (0xff5ff06f)
core   0: 0x8000005c (0x00100093) li      ra, 1
core   0: 3 0x8000005c (0x00100093) x1  0x00000001
core   0: 0x80000060 (0x00002f17) auipc   t5, 0x2
core   0: 3 0x80000060 (0x00002f17) x30 0x80002060
core   0: 0x80000064 (0xfa1f2023) sw      ra, -96(t5)
core   0: 3 0x80000064 (0xfa1f2023) mem 0x80002000 0x00000001
core   0: 0x80000068 (0xff5ff06f) j       pc - 0xc
core   0: 3 0x80000068 (0xff5ff06f)
core   0: 0x8000005c (0x00100093) li      ra, 1
core   0: 3 0x8000005c (0x00100093) x1  0x00000001
core   0: 0x80000060 (0x00002f17) auipc   t5, 0x2
core   0: 3 0x80000060 (0x00002f17) x30 0x80002060
core   0: 0x80000064 (0xfa1f2023) sw      ra, -96(t5)
core   0: 3 0x80000064 (0xfa1f2023) mem 0x80002000 0x00000001
core   0: 0x80000068 (0xff5ff06f) j       pc - 0xc
core   0: 3 0x80000068 (0xff5ff06f)
core   0: 0x8000005c (0x00100093) li      ra, 1
core   0: 3 0x8000005c (0x00100093) x1  0x00000001
core   0: 0x80000060 (0x00002f17) auipc   t5, 0x2
core   0: 3 0x80000060 (0x00002f17) x30 0x80002060
core   0: 0x80000064 (0xfa1f2023) sw      ra, -96(t5)
core   0: 3 0x80000064 (0xfa1f2023) mem 0x80002000 0x00000001
core   0: 0x80000068 (0xff5ff06f) j       pc - 0xc
core   0: 3 0x80000068 (0xff5ff06f)
core   0: 0x8000005c (0x00100093) li      ra, 1
core   0: 3 0x8000005c (0x00100093) x1  0x00000001
core   0: 0x80000060 (0x00002f17) auipc   t5, 0x2
core   0: 3 0x80000060 (0x00002f17) x30 0x80002060
core   0: 0x80000064 (0xfa1f2023) sw      ra, -96(t5)
core   0: 3 0x80000064 (0xfa1f2023) mem 0x80002000 0x00000001
core   0: 0x80000068 (0xff5ff06f) j       pc - 0xc
core   0: 3 0x80000068 (0xff5ff06f)
core   0: 0x8000005c (0x00100093) li      ra, 1
core   0: 3 0x8000005c (0x00100093) x1  0x00000001
core   0: 0x80000060 (0x00002f17) auipc   t5, 0x2
core   0: 3 0x80000060 (0x00002f17) x30 0x80002060
core   0: 0x80000064 (0xfa1f2023) sw      ra, -96(t5)
core   0: 3 0x80000064 (0xfa1f2023) mem 0x80002000 0x00000001
core   0: 0x80000068 (0xff5ff06f) j       pc - 0xc
core   0: 3 0x80000068 (0xff5ff06f)
core   0: 0x8000005c (0x00100093) li      ra, 1
core   0: 3 0x8000005c (0x00100093) x1  0x00000001
core   0: 0x80000060 (0x00002f17) auipc   t5, 0x2
core   0: 3 0x80000060 (0x00002f17) x30 0x80002060
core   0: 0x80000064 (0xfa1f2023) sw      ra, -96(t5)
core   0: 3 0x80000064 (0xfa1f2023) mem 0x80002000 0x00000001
core   0: 0x80000068 (0xff5ff06f) j       pc - 0xc
core   0: 3 0x80000068 (0xff5ff06f)
core   0: 0x8000005c (0x00100093) li      ra, 1
core   0: 3 0x8000005c (0x00100093) x1  0x00000001
core   0: 0x80000060 (0x00002f17) auipc   t5, 0x2
core   0: 3 0x80000060 (0x00002f17) x30 0x80002060
core   0: 0x80000064 (0xfa1f2023) sw      ra, -96(t5)
core   0: 3 0x80000064 (0xfa1f2023) mem 0x80002000 0x00000001
core   0: 0x80000068 (0xff5ff06f) j       pc - 0xc
core   0: 3 0x80000068 (0xff5ff06f)
core   0: 0x8000005c (0x00100093) li      ra, 1
core   0: 3 0x8000005c (0x00100093) x1  0x00000001
core   0: 0x80000060 (0x00002f17) auipc   t5, 0x2
core   0: 3 0x80000060 (0x00002f17) x30 0x80002060
core   0: 0x80000064 (0xfa1f2023) sw      ra, -96(t5)
core   0: 3 0x80000064 (0xfa1f2023) mem 0x80002000 0x00000001
core   0: 0x80000068 (0xff5ff06f) j       pc - 0xc
core   0: 3 0x80000068 (0xff5ff06f)
core   0: 0x8000005c (0x00100093) li      ra, 1
core   0: 3 0x8000005c (0x00100093) x1  0x00000001
core   0: 0x80000060 (0x00002f17) auipc   t5, 0x2
core   0: 3 0x80000060 (0x00002f17) x30 0x80002060
core   0: 0x80000064 (0xfa1f2023) sw      ra, -96(t5)
core   0: 3 0x80000064 (0xfa1f2023) mem 0x80002000 0x00000001
core   0: 0x80000068 (0xff5ff06f) j       pc - 0xc
core   0: 3 0x80000068 (0xff5ff06f)
core   0: 0x8000005c (0x00100093) li      ra, 1
core   0: 3 0x8000005c (0x00100093) x1  0x00000001
core   0: 0x80000060 (0x00002f17) auipc   t5, 0x2
core   0: 3 0x80000060 (0x00002f17) x30 0x80002060
core   0: 0x80000064 (0xfa1f2023) sw      ra, -96(t5)
core   0: 3 0x80000064 (0xfa1f2023) mem 0x80002000 0x00000001
core   0: 0x80000068 (0xff5ff06f) j       pc - 0xc
core   0: 3 0x80000068 (0xff5ff06f)
core   0: 0x8000005c (0x00100093) li      ra, 1
core   0: 3 0x8000005c (0x00100093) x1  0x00000001
core   0: 0x80000060 (0x00002f17) auipc   t5, 0x2
core   0: 3 0x80000060 (0x00002f17) x30 0x80002060
core   0: 0x80000064 (0xfa1f2023) sw      ra, -96(t5)
core   0: 3 0x80000064 (0xfa1f2023) mem 0x80002000 0x00000001
core   0: 0x80000068 (0xff5ff06f) j       pc - 0xc
core   0: 3 0x80000068 (0xff5ff06f)
core   0: 0x8000005c (0x00100093) li      ra, 1
core   0: 3 0x8000005c (0x00100093) x1  0x00000001
core   0: 0x80000060 (0x00002f17) auipc   t5, 0x2
core   0: 3 0x80000060 (0x00002f17) x30 0x80002060
core   0: 0x80000064 (0xfa1f2023) sw      ra, -96(t5)
core   0: 3 0x80000064 (0xfa1f2023) mem 0x80002000 0x00000001
core   0: 0x80000068 (0xff5ff06f) j       pc - 0xc
core   0: 3 0x80000068 (0xff5ff06f)
core   0: 0x8000005c (0x00100093) li      ra, 1
core   0: 3 0x8000005c (0x00100093) x1  0x00000001
core   0: 0x80000060 (0x00002f17) auipc   t5, 0x2
core   0: 3 0x80000060 (0x00002f17) x30 0x80002060
core   0: 0x80000064 (0xfa1f2023) sw      ra, -96(t5)
core   0: 3 0x80000064 (0xfa1f2023) mem 0x80002000 0x00000001
core   0: 0x80000068 (0xff5ff06f) j       pc - 0xc
core   0: 3 0x80000068 (0xff5ff06f)
core   0: 0x8000005c (0x00100093) li      ra, 1
core   0: 3 0x8000005c (0x00100093) x1  0x00000001
core   0: 0x80000060 (0x00002f17) auipc   t5, 0x2
core   0: 3 0x80000060 (0x00002f17) x30 0x80002060
core   0: 0x80000064 (0xfa1f2023) sw      ra, -96(t5)
core   0: 3 0x80000064 (0xfa1f2023) mem 0x80002000 0x00000001
core   0: 0x80000068 (0xff5ff06f) j       pc - 0xc
core   0: 3 0x80000068 (0xff5ff06f)
core   0: 0x8000005c (0x00100093) li      ra, 1
core   0: 3 0x8000005c (0x00100093) x1  0x00000001
core   0: 0x80000060 (0x00002f17) auipc   t5, 0x2
core   0: 3 0x80000060 (0x00002f17) x30 0x80002060
core   0: 0x80000064 (0xfa1f2023) sw      ra, -96(t5)
core   0: 3 0x80000064 (0xfa1f2023) mem 0x80002000 0x00000001
core   0: 0x80000068 (0xff5ff06f) j       pc - 0xc
core   0: 3 0x80000068 (0xff5ff06f)
core   0: 0x8000005c (0x00100093) li      ra, 1
core   0: 3 0x8000005c (0x00100093) x1  0x00000001
core   0: 0x80000060 (0x00002f17) auipc   t5, 0x2
core   0: 3 0x80000060 (0x00002f17) x30 0x80002060
core   0: 0x80000064 (0xfa1f2023) sw      ra, -96(t5)
core   0: 3 0x80000064 (0xfa1f2023) mem 0x80002000 0x00000001
core   0: 0x80000068 (0xff5ff06f) j       pc - 0xc
core   0: 3 0x80000068 (0xff5ff06f)
core   0: 0x8000005c (0x00100093) li      ra, 1
core   0: 3 0x8000005c (0x00100093) x1  0x00000001
core   0: 0x80000060 (0x00002f17) auipc   t5, 0x2
core   0: 3 0x80000060 (0x00002f17) x30 0x80002060
core   0: 0x80000064 (0xfa1f2023) sw      ra, -96(t5)
core   0: 3 0x80000064 (0xfa1f2023) mem 0x80002000 0x00000001
core   0: 0x80000068 (0xff5ff06f) j       pc - 0xc
core   0: 3 0x80000068 (0xff5ff06f)
core   0: 0x8000005c (0x00100093) li      ra, 1
core   0: 3 0x8000005c (0x00100093) x1  0x00000001
core   0: 0x80000060 (0x00002f17) auipc   t5, 0x2
core   0: 3 0x80000060 (0x00002f17) x30 0x80002060
core   0: 0x80000064 (0xfa1f2023) sw      ra, -96(t5)
core   0: 3 0x80000064 (0xfa1f2023) mem 0x80002000 0x00000001
core   0: 0x80000068 (0xff5ff06f) j       pc - 0xc
core   0: 3 0x80000068 (0xff5ff06f)
core   0: 0x8000005c (0x00100093) li      ra, 1
core   0: 3 0x8000005c (0x00100093) x1  0x00000001
core   0: 0x80000060 (0x00002f17) auipc   t5, 0x2
core   0: 3 0x80000060 (0x00002f17) x30 0x80002060
core   0: 0x80000064 (0xfa1f2023) sw      ra, -96(t5)
core   0: 3 0x80000064 (0xfa1f2023) mem 0x80002000 0x00000001
core   0: 0x80000068 (0xff5ff06f) j       pc - 0xc
core   0: 3 0x80000068 (0xff5ff06f)
core   0: 0x8000005c (0x00100093) li      ra, 1
core   0: 3 0x8000005c (0x00100093) x1  0x00000001
core   0: 0x80000060 (0x00002f17) auipc   t5, 0x2
core   0: 3 0x80000060 (0x00002f17) x30 0x80002060
core   0: 0x80000064 (0xfa1f2023) sw      ra, -96(t5)
core   0: 3 0x80000064 (0xfa1f2023) mem 0x80002000 0x00000001
core   0: 0x80000068 (0xff5ff06f) j       pc - 0xc
core   0: 3 0x80000068 (0xff5ff06f)
core   0: 0x8000005c (0x00100093) li      ra, 1
core   0: 3 0x8000005c (0x00100093) x1  0x00000001
core   0: 0x80000060 (0x00002f17) auipc   t5, 0x2
core   0: 3 0x80000060 (0x00002f17) x30 0x80002060
core   0: 0x80000064 (0xfa1f2023) sw      ra, -96(t5)
core   0: 3 0x80000064 (0xfa1f2023) mem 0x80002000 0x00000001
core   0: 0x80000068 (0xff5ff06f) j       pc - 0xc
core   0: 3 0x80000068 (0xff5ff06f)
core   0: 0x8000005c (0x00100093) li      ra, 1
core   0: 3 0x8000005c (0x00100093) x1  0x00000001
core   0: 0x80000060 (0x00002f17) auipc   t5, 0x2
core   0: 3 0x80000060 (0x00002f17) x30 0x80002060
core   0: 0x80000064 (0xfa1f2023) sw      ra, -96(t5)
core   0: 3 0x80000064 (0xfa1f2023) mem 0x80002000 0x00000001
core   0: 0x80000068 (0xff5ff06f) j       pc - 0xc
core   0: 3 0x80000068 (0xff5ff06f)
core   0: 0x8000005c (0x00100093) li      ra, 1
core   0: 3 0x8000005c (0x00100093) x1  0x00000001
core   0: 0x80000060 (0x00002f17) auipc   t5, 0x2
core   0: 3 0x80000060 (0x00002f17) x30 0x80002060
core   0: 0x80000064 (0xfa1f2023) sw      ra, -96(t5)
core   0: 3 0x80000064 (0xfa1f2023) mem 0x80002000 0x00000001
core   0: 0x80000068 (0xff5ff06f) j       pc - 0xc
core   0: 3 0x80000068 (0xff5ff06f)
core   0: 0x8000005c (0x00100093) li      ra, 1
core   0: 3 0x8000005c (0x00100093) x1  0x00000001
core   0: 0x80000060 (0x00002f17) auipc   t5, 0x2
core   0: 3 0x80000060 (0x00002f17) x30 0x80002060
core   0: 0x80000064 (0xfa1f2023) sw      ra, -96(t5)
core   0: 3 0x80000064 (0xfa1f2023) mem 0x80002000 0x00000001
core   0: 0x80000068 (0xff5ff06f) j       pc - 0xc
core   0: 3 0x80000068 (0xff5ff06f)
core   0: 0x8000005c (0x00100093) li      ra, 1
core   0: 3 0x8000005c (0x00100093) x1  0x00000001
core   0: 0x80000060 (0x00002f17) auipc   t5, 0x2
core   0: 3 0x80000060 (0x00002f17) x30 0x80002060
core   0: 0x80000064 (0xfa1f2023) sw      ra, -96(t5)
core   0: 3 0x80000064 (0xfa1f2023) mem 0x80002000 0x00000001
core   0: 0x80000068 (0xff5ff06f) j       pc - 0xc
core   0: 3 0x80000068 (0xff5ff06f)
core   0: 0x8000005c (0x00100093) li      ra, 1
core   0: 3 0x8000005c (0x00100093) x1  0x00000001
core   0: 0x80000060 (0x00002f17) auipc   t5, 0x2
core   0: 3 0x80000060 (0x00002f17) x30 0x80002060
core   0: 0x80000064 (0xfa1f2023) sw      ra, -96(t5)
core   0: 3 0x80000064 (0xfa1f2023) mem 0x80002000 0x00000001
core   0: 0x80000068 (0xff5ff06f) j       pc - 0xc
core   0: 3 0x80000068 (0xff5ff06f)
core   0: 0x8000005c (0x00100093) li      ra, 1
core   0: 3 0x8000005c (0x00100093) x1  0x00000001
core   0: 0x80000060 (0x00002f17) auipc   t5, 0x2
core   0: 3 0x80000060 (0x00002f17) x30 0x80002060
core   0: 0x80000064 (0xfa1f2023) sw      ra, -96(t5)
core   0: 3 0x80000064 (0xfa1f2023) mem 0x80002000 0x00000001
core   0: 0x80000068 (0xff5ff06f) j       pc - 0xc
core   0: 3 0x80000068 (0xff5ff06f)
core   0: 0x8000005c (0x00100093) li      ra, 1
core   0: 3 0x8000005c (0x00100093) x1  0x00000001
core   0: 0x80000060 (0x00002f17) auipc   t5, 0x2
core   0: 3 0x80000060 (0x00002f17) x30 0x80002060
core   0: 0x80000064 (0xfa1f2023) sw      ra, -96(t5)
core   0: 3 0x80000064 (0xfa1f2023) mem 0x80002000 0x00000001
core   0: 0x80000068 (0xff5ff06f) j       pc - 0xc
core   0: 3 0x80000068 (0xff5ff06f)
core   0: 0x8000005c (0x00100093) li      ra, 1
core   0: 3 0x8000005c (0x00100093) x1  0x00000001
core   0: 0x80000060 (0x00002f17) auipc   t5, 0x2
core   0: 3 0x80000060 (0x00002f17) x30 0x80002060
core   0: 0x80000064 (0xfa1f2023) sw      ra, -96(t5)
core   0: 3 0x80000064 (0xfa1f2023) mem 0x80002000 0x00000001
core   0: 0x80000068 (0xff5ff06f) j       pc - 0xc
core   0: 3 0x80000068 (0xff5ff06f)
core   0: 0x8000005c (0x00100093) li      ra, 1
core   0: 3 0x8000005c (0x00100093) x1  0x00000001
core   0: 0x80000060 (0x00002f17) auipc   t5, 0x2
core   0: 3 0x80000060 (0x00002f17) x30 0x80002060
core   0: 0x80000064 (0xfa1f2023) sw      ra, -96(t5)
core   0: 3 0x80000064 (0xfa1f2023) mem 0x80002000 0x00000001
core   0: 0x80000068 (0xff5ff06f) j       pc - 0xc
core   0: 3 0x80000068 (0xff5ff06f)
core   0: 0x8000005c (0x00100093) li      ra, 1
core   0: 3 0x8000005c (0x00100093) x1  0x00000001
core   0: 0x80000060 (0x00002f17) auipc   t5, 0x2
core   0: 3 0x80000060 (0x00002f17) x30 0x80002060
core   0: 0x80000064 (0xfa1f2023) sw      ra, -96(t5)
core   0: 3 0x80000064 (0xfa1f2023) mem 0x80002000 0x00000001
core   0: 0x80000068 (0xff5ff06f) j       pc - 0xc
core   0: 3 0x80000068 (0xff5ff06f)
core   0: 0x8000005c (0x00100093) li      ra, 1
core   0: 3 0x8000005c (0x00100093) x1  0x00000001
core   0: 0x80000060 (0x00002f17) auipc   t5, 0x2
core   0: 3 0x80000060 (0x00002f17) x30 0x80002060
core   0: 0x80000064 (0xfa1f2023) sw      ra, -96(t5)
core   0: 3 0x80000064 (0xfa1f2023) mem 0x80002000 0x00000001
core   0: 0x80000068 (0xff5ff06f) j       pc - 0xc
core   0: 3 0x80000068 (0xff5ff06f)
core   0: 0x8000005c (0x00100093) li      ra, 1
core   0: 3 0x8000005c (0x00100093) x1  0x00000001
core   0: 0x80000060 (0x00002f17) auipc   t5, 0x2
core   0: 3 0x80000060 (0x00002f17) x30 0x80002060
core   0: 0x80000064 (0xfa1f2023) sw      ra, -96(t5)
core   0: 3 0x80000064 (0xfa1f2023) mem 0x80002000 0x00000001
core   0: 0x80000068 (0xff5ff06f) j       pc - 0xc
core   0: 3 0x80000068 (0xff5ff06f)
core   0: 0x8000005c (0x00100093) li      ra, 1
core   0: 3 0x8000005c (0x00100093) x1  0x00000001
core   0: 0x80000060 (0x00002f17) auipc   t5, 0x2
core   0: 3 0x80000060 (0x00002f17) x30 0x80002060
core   0: 0x80000064 (0xfa1f2023) sw      ra, -96(t5)
core   0: 3 0x80000064 (0xfa1f2023) mem 0x80002000 0x00000001
core   0: 0x80000068 (0xff5ff06f) j       pc - 0xc
core   0: 3 0x80000068 (0xff5ff06f)
core   0: 0x8000005c (0x00100093) li      ra, 1
core   0: 3 0x8000005c (0x00100093) x1  0x00000001
core   0: 0x80000060 (0x00002f17) auipc   t5, 0x2
core   0: 3 0x80000060 (0x00002f17) x30 0x80002060
core   0: 0x80000064 (0xfa1f2023) sw      ra, -96(t5)
core   0: 3 0x80000064 (0xfa1f2023) mem 0x80002000 0x00000001
core   0: 0x80000068 (0xff5ff06f) j       pc - 0xc
core   0: 3 0x80000068 (0xff5ff06f)
core   0: 0x8000005c (0x00100093) li      ra, 1
core   0: 3 0x8000005c (0x00100093) x1  0x00000001
core   0: 0x80000060 (0x00002f17) auipc   t5, 0x2
core   0: 3 0x80000060 (0x00002f17) x30 0x80002060
core   0: 0x80000064 (0xfa1f2023) sw      ra, -96(t5)
core   0: 3 0x80000064 (0xfa1f2023) mem 0x80002000 0x00000001
core   0: 0x80000068 (0xff5ff06f) j       pc - 0xc
core   0: 3 0x80000068 (0xff5ff06f)
core   0: 0x8000005c (0x00100093) li      ra, 1
core   0: 3 0x8000005c (0x00100093) x1  0x00000001
core   0: 0x80000060 (0x00002f17) auipc   t5, 0x2
core   0: 3 0x80000060 (0x00002f17) x30 0x80002060
core   0: 0x80000064 (0xfa1f2023) sw      ra, -96(t5)
core   0: 3 0x80000064 (0xfa1f2023) mem 0x80002000 0x00000001
core   0: 0x80000068 (0xff5ff06f) j       pc - 0xc
core   0: 3 0x80000068 (0xff5ff06f)
core   0: 0x8000005c (0x00100093) li      ra, 1
core   0: 3 0x8000005c (0x00100093) x1  0x00000001
core   0: 0x80000060 (0x00002f17) auipc   t5, 0x2
core   0: 3 0x80000060 (0x00002f17) x30 0x80002060
core   0: 0x80000064 (0xfa1f2023) sw      ra, -96(t5)
core   0: 3 0x80000064 (0xfa1f2023) mem 0x80002000 0x00000001
core   0: 0x80000068 (0xff5ff06f) j       pc - 0xc
core   0: 3 0x80000068 (0xff5ff06f)
core   0: 0x8000005c (0x00100093) li      ra, 1
core   0: 3 0x8000005c (0x00100093) x1  0x00000001
core   0: 0x80000060 (0x00002f17) auipc   t5, 0x2
core   0: 3 0x80000060 (0x00002f17) x30 0x80002060
core   0: 0x80000064 (0xfa1f2023) sw      ra, -96(t5)
core   0: 3 0x80000064 (0xfa1f2023) mem 0x80002000 0x00000001
core   0: 0x80000068 (0xff5ff06f) j       pc - 0xc
core   0: 3 0x80000068 (0xff5ff06f)
core   0: 0x8000005c (0x00100093) li      ra, 1
core   0: 3 0x8000005c (0x00100093) x1  0x00000001
core   0: 0x80000060 (0x00002f17) auipc   t5, 0x2
core   0: 3 0x80000060 (0x00002f17) x30 0x80002060
core   0: 0x80000064 (0xfa1f2023) sw      ra, -96(t5)
core   0: 3 0x80000064 (0xfa1f2023) mem 0x80002000 0x00000001
core   0: 0x80000068 (0xff5ff06f) j       pc - 0xc
core   0: 3 0x80000068 (0xff5ff06f)
core   0: 0x8000005c (0x00100093) li      ra, 1
core   0: 3 0x8000005c (0x00100093) x1  0x00000001
core   0: 0x80000060 (0x00002f17) auipc   t5, 0x2
core   0: 3 0x80000060 (0x00002f17) x30 0x80002060
core   0: 0x80000064 (0xfa1f2023) sw      ra, -96(t5)
core   0: 3 0x80000064 (0xfa1f2023) mem 0x80002000 0x00000001
core   0: 0x80000068 (0xff5ff06f) j       pc - 0xc
core   0: 3 0x80000068 (0xff5ff06f)
core   0: 0x8000005c (0x00100093) li      ra, 1
core   0: 3 0x8000005c (0x00100093) x1  0x00000001
core   0: 0x80000060 (0x00002f17) auipc   t5, 0x2
core   0: 3 0x80000060 (0x00002f17) x30 0x80002060
core   0: 0x80000064 (0xfa1f2023) sw      ra, -96(t5)
core   0: 3 0x80000064 (0xfa1f2023) mem 0x80002000 0x00000001
core   0: 0x80000068 (0xff5ff06f) j       pc - 0xc
core   0: 3 0x80000068 (0xff5ff06f)
core   0: 0x8000005c (0x00100093) li      ra, 1
core   0: 3 0x8000005c (0x00100093) x1  0x00000001
core   0: 0x80000060 (0x00002f17) auipc   t5, 0x2
core   0: 3 0x80000060 (0x00002f17) x30 0x80002060
core   0: 0x80000064 (0xfa1f2023) sw      ra, -96(t5)
core   0: 3 0x80000064 (0xfa1f2023) mem 0x80002000 0x00000001
core   0: 0x80000068 (0xff5ff06f) j       pc - 0xc
core   0: 3 0x80000068 (0xff5ff06f)
core   0: 0x8000005c (0x00100093) li      ra, 1
core   0: 3 0x8000005c (0x00100093) x1  0x00000001
core   0: 0x80000060 (0x00002f17) auipc   t5, 0x2
core   0: 3 0x80000060 (0x00002f17) x30 0x80002060
core   0: 0x80000064 (0xfa1f2023) sw      ra, -96(t5)
core   0: 3 0x80000064 (0xfa1f2023) mem 0x80002000 0x00000001
core   0: 0x80000068 (0xff5ff06f) j       pc - 0xc
core   0: 3 0x80000068 (0xff5ff06f)
core   0: 0x8000005c (0x00100093) li      ra, 1
core   0: 3 0x8000005c (0x00100093) x1  0x00000001
core   0: 0x80000060 (0x00002f17) auipc   t5, 0x2
core   0: 3 0x80000060 (0x00002f17) x30 0x80002060
core   0: 0x80000064 (0xfa1f2023) sw      ra, -96(t5)
core   0: 3 0x80000064 (0xfa1f2023) mem 0x80002000 0x00000001
core   0: 0x80000068 (0xff5ff06f) j       pc - 0xc
core   0: 3 0x80000068 (0xff5ff06f)
core   0: 0x8000005c (0x00100093) li      ra, 1
core   0: 3 0x8000005c (0x00100093) x1  0x00000001
core   0: 0x80000060 (0x00002f17) auipc   t5, 0x2
core   0: 3 0x80000060 (0x00002f17) x30 0x80002060
core   0: 0x80000064 (0xfa1f2023) sw      ra, -96(t5)
core   0: 3 0x80000064 (0xfa1f2023) mem 0x80002000 0x00000001
core   0: 0x80000068 (0xff5ff06f) j       pc - 0xc
core   0: 3 0x80000068 (0xff5ff06f)
core   0: 0x8000005c (0x00100093) li      ra, 1
core   0: 3 0x8000005c (0x00100093) x1  0x00000001
core   0: 0x80000060 (0x00002f17) auipc   t5, 0x2
core   0: 3 0x80000060 (0x00002f17) x30 0x80002060
core   0: 0x80000064 (0xfa1f2023) sw      ra, -96(t5)
core   0: 3 0x80000064 (0xfa1f2023) mem 0x80002000 0x00000001
core   0: 0x80000068 (0xff5ff06f) j       pc - 0xc
core   0: 3 0x80000068 (0xff5ff06f)
core   0: 0x8000005c (0x00100093) li      ra, 1
core   0: 3 0x8000005c (0x00100093) x1  0x00000001
core   0: 0x80000060 (0x00002f17) auipc   t5, 0x2
core   0: 3 0x80000060 (0x00002f17) x30 0x80002060
core   0: 0x80000064 (0xfa1f2023) sw      ra, -96(t5)
core   0: 3 0x80000064 (0xfa1f2023) mem 0x80002000 0x00000001
core   0: 0x80000068 (0xff5ff06f) j       pc - 0xc
core   0: 3 0x80000068 (0xff5ff06f)
core   0: 0x8000005c (0x00100093) li      ra, 1
core   0: 3 0x8000005c (0x00100093) x1  0x00000001
core   0: 0x80000060 (0x00002f17) auipc   t5, 0x2
core   0: 3 0x80000060 (0x00002f17) x30 0x80002060
core   0: 0x80000064 (0xfa1f2023) sw      ra, -96(t5)
core   0: 3 0x80000064 (0xfa1f2023) mem 0x80002000 0x00000001
core   0: 0x80000068 (0xff5ff06f) j       pc - 0xc
core   0: 3 0x80000068 (0xff5ff06f)
core   0: 0x8000005c (0x00100093) li      ra, 1
core   0: 3 0x8000005c (0x00100093) x1  0x00000001
core   0: 0x80000060 (0x00002f17) auipc   t5, 0x2
core   0: 3 0x80000060 (0x00002f17) x30 0x80002060
core   0: 0x80000064 (0xfa1f2023) sw      ra, -96(t5)
core   0: 3 0x80000064 (0xfa1f2023) mem 0x80002000 0x00000001
core   0: 0x80000068 (0xff5ff06f) j       pc - 0xc
core   0: 3 0x80000068 (0xff5ff06f)
core   0: 0x8000005c (0x00100093) li      ra, 1
core   0: 3 0x8000005c (0x00100093) x1  0x00000001
core   0: 0x80000060 (0x00002f17) auipc   t5, 0x2
core   0: 3 0x80000060 (0x00002f17) x30 0x80002060
core   0: 0x80000064 (0xfa1f2023) sw      ra, -96(t5)
core   0: 3 0x80000064 (0xfa1f2023) mem 0x80002000 0x00000001
core   0: 0x80000068 (0xff5ff06f) j       pc - 0xc
core   0: 3 0x80000068 (0xff5ff06f)
core   0: 0x8000005c (0x00100093) li      ra, 1
core   0: 3 0x8000005c (0x00100093) x1  0x00000001
core   0: 0x80000060 (0x00002f17) auipc   t5, 0x2
core   0: 3 0x80000060 (0x00002f17) x30 0x80002060
core   0: 0x80000064 (0xfa1f2023) sw      ra, -96(t5)
core   0: 3 0x80000064 (0xfa1f2023) mem 0x80002000 0x00000001
core   0: 0x80000068 (0xff5ff06f) j       pc - 0xc
core   0: 3 0x80000068 (0xff5ff06f)
core   0: 0x8000005c (0x00100093) li      ra, 1
core   0: 3 0x8000005c (0x00100093) x1  0x00000001
core   0: 0x80000060 (0x00002f17) auipc   t5, 0x2
core   0: 3 0x80000060 (0x00002f17) x30 0x80002060
core   0: 0x80000064 (0xfa1f2023) sw      ra, -96(t5)
core   0: 3 0x80000064 (0xfa1f2023) mem 0x80002000 0x00000001
core   0: 0x80000068 (0xff5ff06f) j       pc - 0xc
core   0: 3 0x80000068 (0xff5ff06f)
core   0: 0x8000005c (0x00100093) li      ra, 1
core   0: 3 0x8000005c (0x00100093) x1  0x00000001
core   0: 0x80000060 (0x00002f17) auipc   t5, 0x2
core   0: 3 0x80000060 (0x00002f17) x30 0x80002060
core   0: 0x80000064 (0xfa1f2023) sw      ra, -96(t5)
core   0: 3 0x80000064 (0xfa1f2023) mem 0x80002000 0x00000001
core   0: 0x80000068 (0xff5ff06f) j       pc - 0xc
core   0: 3 0x80000068 (0xff5ff06f)
core   0: 0x8000005c (0x00100093) li      ra, 1
core   0: 3 0x8000005c (0x00100093) x1  0x00000001
core   0: 0x80000060 (0x00002f17) auipc   t5, 0x2
core   0: 3 0x80000060 (0x00002f17) x30 0x80002060
core   0: 0x80000064 (0xfa1f2023) sw      ra, -96(t5)
core   0: 3 0x80000064 (0xfa1f2023) mem 0x80002000 0x00000001
core   0: 0x80000068 (0xff5ff06f) j       pc - 0xc
core   0: 3 0x80000068 (0xff5ff06f)
core   0: 0x8000005c (0x00100093) li      ra, 1
core   0: 3 0x8000005c (0x00100093) x1  0x00000001
core   0: 0x80000060 (0x00002f17) auipc   t5, 0x2
core   0: 3 0x80000060 (0x00002f17) x30 0x80002060
core   0: 0x80000064 (0xfa1f2023) sw      ra, -96(t5)
core   0: 3 0x80000064 (0xfa1f2023) mem 0x80002000 0x00000001
core   0: 0x80000068 (0xff5ff06f) j       pc - 0xc
core   0: 3 0x80000068 (0xff5ff06f)
core   0: 0x8000005c (0x00100093) li      ra, 1
core   0: 3 0x8000005c (0x00100093) x1  0x00000001
core   0: 0x80000060 (0x00002f17) auipc   t5, 0x2
core   0: 3 0x80000060 (0x00002f17) x30 0x80002060
core   0: 0x80000064 (0xfa1f2023) sw      ra, -96(t5)
core   0: 3 0x80000064 (0xfa1f2023) mem 0x80002000 0x00000001
core   0: 0x80000068 (0xff5ff06f) j       pc - 0xc
core   0: 3 0x80000068 (0xff5ff06f)
core   0: 0x8000005c (0x00100093) li      ra, 1
core   0: 3 0x8000005c (0x00100093) x1  0x00000001
core   0: 0x80000060 (0x00002f17) auipc   t5, 0x2
core   0: 3 0x80000060 (0x00002f17) x30 0x80002060
core   0: 0x80000064 (0xfa1f2023) sw      ra, -96(t5)
core   0: 3 0x80000064 (0xfa1f2023) mem 0x80002000 0x00000001
core   0: 0x80000068 (0xff5ff06f) j       pc - 0xc
core   0: 3 0x80000068 (0xff5ff06f)
core   0: 0x8000005c (0x00100093) li      ra, 1
core   0: 3 0x8000005c (0x00100093) x1  0x00000001
core   0: 0x80000060 (0x00002f17) auipc   t5, 0x2
core   0: 3 0x80000060 (0x00002f17) x30 0x80002060
core   0: 0x80000064 (0xfa1f2023) sw      ra, -96(t5)
core   0: 3 0x80000064 (0xfa1f2023) mem 0x80002000 0x00000001
core   0: 0x80000068 (0xff5ff06f) j       pc - 0xc
core   0: 3 0x80000068 (0xff5ff06f)
core   0: 0x8000005c (0x00100093) li      ra, 1
core   0: 3 0x8000005c (0x00100093) x1  0x00000001
core   0: 0x80000060 (0x00002f17) auipc   t5, 0x2
core   0: 3 0x80000060 (0x00002f17) x30 0x80002060
core   0: 0x80000064 (0xfa1f2023) sw      ra, -96(t5)
core   0: 3 0x80000064 (0xfa1f2023) mem 0x80002000 0x00000001
core   0: 0x80000068 (0xff5ff06f) j       pc - 0xc
core   0: 3 0x80000068 (0xff5ff06f)
core   0: 0x8000005c (0x00100093) li      ra, 1
core   0: 3 0x8000005c (0x00100093) x1  0x00000001
core   0: 0x80000060 (0x00002f17) auipc   t5, 0x2
core   0: 3 0x80000060 (0x00002f17) x30 0x80002060
core   0: 0x80000064 (0xfa1f2023) sw      ra, -96(t5)
core   0: 3 0x80000064 (0xfa1f2023) mem 0x80002000 0x00000001
core   0: 0x80000068 (0xff5ff06f) j       pc - 0xc
core   0: 3 0x80000068 (0xff5ff06f)
core   0: 0x8000005c (0x00100093) li      ra, 1
core   0: 3 0x8000005c (0x00100093) x1  0x00000001
core   0: 0x80000060 (0x00002f17) auipc   t5, 0x2
core   0: 3 0x80000060 (0x00002f17) x30 0x80002060
core   0: 0x80000064 (0xfa1f2023) sw      ra, -96(t5)
core   0: 3 0x80000064 (0xfa1f2023) mem 0x80002000 0x00000001
core   0: 0x80000068 (0xff5ff06f) j       pc - 0xc
core   0: 3 0x80000068 (0xff5ff06f)
core   0: 0x8000005c (0x00100093) li      ra, 1
core   0: 3 0x8000005c (0x00100093) x1  0x00000001
core   0: 0x80000060 (0x00002f17) auipc   t5, 0x2
core   0: 3 0x80000060 (0x00002f17) x30 0x80002060
core   0: 0x80000064 (0xfa1f2023) sw      ra, -96(t5)
core   0: 3 0x80000064 (0xfa1f2023) mem 0x80002000 0x00000001
core   0: 0x80000068 (0xff5ff06f) j       pc - 0xc
core   0: 3 0x80000068 (0xff5ff06f)
core   0: 0x8000005c (0x00100093) li      ra, 1
core   0: 3 0x8000005c (0x00100093) x1  0x00000001
core   0: 0x80000060 (0x00002f17) auipc   t5, 0x2
core   0: 3 0x80000060 (0x00002f17) x30 0x80002060
core   0: 0x80000064 (0xfa1f2023) sw      ra, -96(t5)
core   0: 3 0x80000064 (0xfa1f2023) mem 0x80002000 0x00000001
core   0: 0x80000068 (0xff5ff06f) j       pc - 0xc
core   0: 3 0x80000068 (0xff5ff06f)
core   0: 0x8000005c (0x00100093) li      ra, 1
core   0: 3 0x8000005c (0x00100093) x1  0x00000001
core   0: 0x80000060 (0x00002f17) auipc   t5, 0x2
core   0: 3 0x80000060 (0x00002f17) x30 0x80002060
core   0: 0x80000064 (0xfa1f2023) sw      ra, -96(t5)
core   0: 3 0x80000064 (0xfa1f2023) mem 0x80002000 0x00000001
core   0: 0x80000068 (0xff5ff06f) j       pc - 0xc
core   0: 3 0x80000068 (0xff5ff06f)
core   0: 0x8000005c (0x00100093) li      ra, 1
core   0: 3 0x8000005c (0x00100093) x1  0x00000001
core   0: 0x80000060 (0x00002f17) auipc   t5, 0x2
core   0: 3 0x80000060 (0x00002f17) x30 0x80002060
core   0: 0x80000064 (0xfa1f2023) sw      ra, -96(t5)
core   0: 3 0x80000064 (0xfa1f2023) mem 0x80002000 0x00000001
core   0: 0x80000068 (0xff5ff06f) j       pc - 0xc
core   0: 3 0x80000068 (0xff5ff06f)
core   0: 0x8000005c (0x00100093) li      ra, 1
core   0: 3 0x8000005c (0x00100093) x1  0x00000001
core   0: 0x80000060 (0x00002f17) auipc   t5, 0x2
core   0: 3 0x80000060 (0x00002f17) x30 0x80002060
core   0: 0x80000064 (0xfa1f2023) sw      ra, -96(t5)
core   0: 3 0x80000064 (0xfa1f2023) mem 0x80002000 0x00000001
core   0: 0x80000068 (0xff5ff06f) j       pc - 0xc
core   0: 3 0x80000068 (0xff5ff06f)
core   0: 0x8000005c (0x00100093) li      ra, 1
core   0: 3 0x8000005c (0x00100093) x1  0x00000001
core   0: 0x80000060 (0x00002f17) auipc   t5, 0x2
core   0: 3 0x80000060 (0x00002f17) x30 0x80002060
core   0: 0x80000064 (0xfa1f2023) sw      ra, -96(t5)
core   0: 3 0x80000064 (0xfa1f2023) mem 0x80002000 0x00000001
core   0: 0x80000068 (0xff5ff06f) j       pc - 0xc
core   0: 3 0x80000068 (0xff5ff06f)
core   0: 0x8000005c (0x00100093) li      ra, 1
core   0: 3 0x8000005c (0x00100093) x1  0x00000001
core   0: 0x80000060 (0x00002f17) auipc   t5, 0x2
core   0: 3 0x80000060 (0x00002f17) x30 0x80002060
core   0: 0x80000064 (0xfa1f2023) sw      ra, -96(t5)
core   0: 3 0x80000064 (0xfa1f2023) mem 0x80002000 0x00000001
core   0: 0x80000068 (0xff5ff06f) j       pc - 0xc
core   0: 3 0x80000068 (0xff5ff06f)
core   0: 0x8000005c (0x00100093) li      ra, 1
core   0: 3 0x8000005c (0x00100093) x1  0x00000001
core   0: 0x80000060 (0x00002f17) auipc   t5, 0x2
core   0: 3 0x80000060 (0x00002f17) x30 0x80002060
core   0: 0x80000064 (0xfa1f2023) sw      ra, -96(t5)
core   0: 3 0x80000064 (0xfa1f2023) mem 0x80002000 0x00000001
core   0: 0x80000068 (0xff5ff06f) j       pc - 0xc
core   0: 3 0x80000068 (0xff5ff06f)
core   0: 0x8000005c (0x00100093) li      ra, 1
core   0: 3 0x8000005c (0x00100093) x1  0x00000001
core   0: 0x80000060 (0x00002f17) auipc   t5, 0x2
core   0: 3 0x80000060 (0x00002f17) x30 0x80002060
core   0: 0x80000064 (0xfa1f2023) sw      ra, -96(t5)
core   0: 3 0x80000064 (0xfa1f2023) mem 0x80002000 0x00000001
core   0: 0x80000068 (0xff5ff06f) j       pc - 0xc
core   0: 3 0x80000068 (0xff5ff06f)
core   0: 0x8000005c (0x00100093) li      ra, 1
core   0: 3 0x8000005c (0x00100093) x1  0x00000001
core   0: 0x80000060 (0x00002f17) auipc   t5, 0x2
core   0: 3 0x80000060 (0x00002f17) x30 0x80002060
core   0: 0x80000064 (0xfa1f2023) sw      ra, -96(t5)
core   0: 3 0x80000064 (0xfa1f2023) mem 0x80002000 0x00000001
core   0: 0x80000068 (0xff5ff06f) j       pc - 0xc
core   0: 3 0x80000068 (0xff5ff06f)
core   0: 0x8000005c (0x00100093) li      ra, 1
core   0: 3 0x8000005c (0x00100093) x1  0x00000001
core   0: 0x80000060 (0x00002f17) auipc   t5, 0x2
core   0: 3 0x80000060 (0x00002f17) x30 0x80002060
core   0: 0x80000064 (0xfa1f2023) sw      ra, -96(t5)
core   0: 3 0x80000064 (0xfa1f2023) mem 0x80002000 0x00000001
core   0: 0x80000068 (0xff5ff06f) j       pc - 0xc
core   0: 3 0x80000068 (0xff5ff06f)
core   0: 0x8000005c (0x00100093) li      ra, 1
core   0: 3 0x8000005c (0x00100093) x1  0x00000001
core   0: 0x80000060 (0x00002f17) auipc   t5, 0x2
core   0: 3 0x80000060 (0x00002f17) x30 0x80002060
core   0: 0x80000064 (0xfa1f2023) sw      ra, -96(t5)
core   0: 3 0x80000064 (0xfa1f2023) mem 0x80002000 0x00000001
core   0: 0x80000068 (0xff5ff06f) j       pc - 0xc
core   0: 3 0x80000068 (0xff5ff06f)
core   0: 0x8000005c (0x00100093) li      ra, 1
core   0: 3 0x8000005c (0x00100093) x1  0x00000001
core   0: 0x80000060 (0x00002f17) auipc   t5, 0x2
core   0: 3 0x80000060 (0x00002f17) x30 0x80002060
core   0: 0x80000064 (0xfa1f2023) sw      ra, -96(t5)
core   0: 3 0x80000064 (0xfa1f2023) mem 0x80002000 0x00000001
core   0: 0x80000068 (0xff5ff06f) j       pc - 0xc
core   0: 3 0x80000068 (0xff5ff06f)
core   0: 0x8000005c (0x00100093) li      ra, 1
core   0: 3 0x8000005c (0x00100093) x1  0x00000001
core   0: 0x80000060 (0x00002f17) auipc   t5, 0x2
core   0: 3 0x80000060 (0x00002f17) x30 0x80002060
core   0: 0x80000064 (0xfa1f2023) sw      ra, -96(t5)
core   0: 3 0x80000064 (0xfa1f2023) mem 0x80002000 0x00000001
core   0: 0x80000068 (0xff5ff06f) j       pc - 0xc
core   0: 3 0x80000068 (0xff5ff06f)
core   0: 0x8000005c (0x00100093) li      ra, 1
core   0: 3 0x8000005c (0x00100093) x1  0x00000001
core   0: 0x80000060 (0x00002f17) auipc   t5, 0x2
core   0: 3 0x80000060 (0x00002f17) x30 0x80002060
core   0: 0x80000064 (0xfa1f2023) sw      ra, -96(t5)
core   0: 3 0x80000064 (0xfa1f2023) mem 0x80002000 0x00000001
core   0: 0x80000068 (0xff5ff06f) j       pc - 0xc
core   0: 3 0x80000068 (0xff5ff06f)
core   0: 0x8000005c (0x00100093) li      ra, 1
core   0: 3 0x8000005c (0x00100093) x1  0x00000001
core   0: 0x80000060 (0x00002f17) auipc   t5, 0x2
core   0: 3 0x80000060 (0x00002f17) x30 0x80002060
core   0: 0x80000064 (0xfa1f2023) sw      ra, -96(t5)
core   0: 3 0x80000064 (0xfa1f2023) mem 0x80002000 0x00000001
core   0: 0x80000068 (0xff5ff06f) j       pc - 0xc
core   0: 3 0x80000068 (0xff5ff06f)
core   0: 0x8000005c (0x00100093) li      ra, 1
core   0: 3 0x8000005c (0x00100093) x1  0x00000001
core   0: 0x80000060 (0x00002f17) auipc   t5, 0x2
core   0: 3 0x80000060 (0x00002f17) x30 0x80002060
core   0: 0x80000064 (0xfa1f2023) sw      ra, -96(t5)
core   0: 3 0x80000064 (0xfa1f2023) mem 0x80002000 0x00000001
core   0: 0x80000068 (0xff5ff06f) j       pc - 0xc
core   0: 3 0x80000068 (0xff5ff06f)
core   0: 0x8000005c (0x00100093) li      ra, 1
core   0: 3 0x8000005c (0x00100093) x1  0x00000001
core   0: 0x80000060 (0x00002f17) auipc   t5, 0x2
core   0: 3 0x80000060 (0x00002f17) x30 0x80002060
core   0: 0x80000064 (0xfa1f2023) sw      ra, -96(t5)
core   0: 3 0x80000064 (0xfa1f2023) mem 0x80002000 0x00000001
core   0: 0x80000068 (0xff5ff06f) j       pc - 0xc
core   0: 3 0x80000068 (0xff5ff06f)
core   0: 0x8000005c (0x00100093) li      ra, 1
core   0: 3 0x8000005c (0x00100093) x1  0x00000001
core   0: 0x80000060 (0x00002f17) auipc   t5, 0x2
core   0: 3 0x80000060 (0x00002f17) x30 0x80002060
core   0: 0x80000064 (0xfa1f2023) sw      ra, -96(t5)
core   0: 3 0x80000064 (0xfa1f2023) mem 0x80002000 0x00000001
core   0: 0x80000068 (0xff5ff06f) j       pc - 0xc
core   0: 3 0x80000068 (0xff5ff06f)
core   0: 0x8000005c (0x00100093) li      ra, 1
core   0: 3 0x8000005c (0x00100093) x1  0x00000001
core   0: 0x80000060 (0x00002f17) auipc   t5, 0x2
core   0: 3 0x80000060 (0x00002f17) x30 0x80002060
core   0: 0x80000064 (0xfa1f2023) sw      ra, -96(t5)
core   0: 3 0x80000064 (0xfa1f2023) mem 0x80002000 0x00000001
core   0: 0x80000068 (0xff5ff06f) j       pc - 0xc
core   0: 3 0x80000068 (0xff5ff06f)
core   0: 0x8000005c (0x00100093) li      ra, 1
core   0: 3 0x8000005c (0x00100093) x1  0x00000001
core   0: 0x80000060 (0x00002f17) auipc   t5, 0x2
core   0: 3 0x80000060 (0x00002f17) x30 0x80002060
core   0: 0x80000064 (0xfa1f2023) sw      ra, -96(t5)
core   0: 3 0x80000064 (0xfa1f2023) mem 0x80002000 0x00000001
core   0: 0x80000068 (0xff5ff06f) j       pc - 0xc
core   0: 3 0x80000068 (0xff5ff06f)
core   0: 0x8000005c (0x00100093) li      ra, 1
core   0: 3 0x8000005c (0x00100093) x1  0x00000001
core   0: 0x80000060 (0x00002f17) auipc   t5, 0x2
core   0: 3 0x80000060 (0x00002f17) x30 0x80002060
core   0: 0x80000064 (0xfa1f2023) sw      ra, -96(t5)
core   0: 3 0x80000064 (0xfa1f2023) mem 0x80002000 0x00000001
core   0: 0x80000068 (0xff5ff06f) j       pc - 0xc
core   0: 3 0x80000068 (0xff5ff06f)
core   0: 0x8000005c (0x00100093) li      ra, 1
core   0: 3 0x8000005c (0x00100093) x1  0x00000001
core   0: 0x80000060 (0x00002f17) auipc   t5, 0x2
core   0: 3 0x80000060 (0x00002f17) x30 0x80002060
core   0: 0x80000064 (0xfa1f2023) sw      ra, -96(t5)
core   0: 3 0x80000064 (0xfa1f2023) mem 0x80002000 0x00000001
core   0: 0x80000068 (0xff5ff06f) j       pc - 0xc
core   0: 3 0x80000068 (0xff5ff06f)
core   0: 0x8000005c (0x00100093) li      ra, 1
core   0: 3 0x8000005c (0x00100093) x1  0x00000001
core   0: 0x80000060 (0x00002f17) auipc   t5, 0x2
core   0: 3 0x80000060 (0x00002f17) x30 0x80002060
core   0: 0x80000064 (0xfa1f2023) sw      ra, -96(t5)
core   0: 3 0x80000064 (0xfa1f2023) mem 0x80002000 0x00000001
core   0: 0x80000068 (0xff5ff06f) j       pc - 0xc
core   0: 3 0x80000068 (0xff5ff06f)
core   0: 0x8000005c (0x00100093) li      ra, 1
core   0: 3 0x8000005c (0x00100093) x1  0x00000001
core   0: 0x80000060 (0x00002f17) auipc   t5, 0x2
core   0: 3 0x80000060 (0x00002f17) x30 0x80002060
core   0: 0x80000064 (0xfa1f2023) sw      ra, -96(t5)
core   0: 3 0x80000064 (0xfa1f2023) mem 0x80002000 0x00000001
core   0: 0x80000068 (0xff5ff06f) j       pc - 0xc
core   0: 3 0x80000068 (0xff5ff06f)
core   0: 0x8000005c (0x00100093) li      ra, 1
core   0: 3 0x8000005c (0x00100093) x1  0x00000001
core   0: 0x80000060 (0x00002f17) auipc   t5, 0x2
core   0: 3 0x80000060 (0x00002f17) x30 0x80002060
core   0: 0x80000064 (0xfa1f2023) sw      ra, -96(t5)
core   0: 3 0x80000064 (0xfa1f2023) mem 0x80002000 0x00000001
core   0: 0x80000068 (0xff5ff06f) j       pc - 0xc
core   0: 3 0x80000068 (0xff5ff06f)
core   0: 0x8000005c (0x00100093) li      ra, 1
core   0: 3 0x8000005c (0x00100093) x1  0x00000001
core   0: 0x80000060 (0x00002f17) auipc   t5, 0x2
core   0: 3 0x80000060 (0x00002f17) x30 0x80002060
core   0: 0x80000064 (0xfa1f2023) sw      ra, -96(t5)
core   0: 3 0x80000064 (0xfa1f2023) mem 0x80002000 0x00000001
core   0: 0x80000068 (0xff5ff06f) j       pc - 0xc
core   0: 3 0x80000068 (0xff5ff06f)
core   0: 0x8000005c (0x00100093) li      ra, 1
core   0: 3 0x8000005c (0x00100093) x1  0x00000001
core   0: 0x80000060 (0x00002f17) auipc   t5, 0x2
core   0: 3 0x80000060 (0x00002f17) x30 0x80002060
core   0: 0x80000064 (0xfa1f2023) sw      ra, -96(t5)
core   0: 3 0x80000064 (0xfa1f2023) mem 0x80002000 0x00000001
core   0: 0x80000068 (0xff5ff06f) j       pc - 0xc
core   0: 3 0x80000068 (0xff5ff06f)
core   0: 0x8000005c (0x00100093) li      ra, 1
core   0: 3 0x8000005c (0x00100093) x1  0x00000001
core   0: 0x80000060 (0x00002f17) auipc   t5, 0x2
core   0: 3 0x80000060 (0x00002f17) x30 0x80002060
core   0: 0x80000064 (0xfa1f2023) sw      ra, -96(t5)
core   0: 3 0x80000064 (0xfa1f2023) mem 0x80002000 0x00000001
core   0: 0x80000068 (0xff5ff06f) j       pc - 0xc
core   0: 3 0x80000068 (0xff5ff06f)
core   0: 0x8000005c (0x00100093) li      ra, 1
core   0: 3 0x8000005c (0x00100093) x1  0x00000001
core   0: 0x80000060 (0x00002f17) auipc   t5, 0x2
core   0: 3 0x80000060 (0x00002f17) x30 0x80002060
core   0: 0x80000064 (0xfa1f2023) sw      ra, -96(t5)
core   0: 3 0x80000064 (0xfa1f2023) mem 0x80002000 0x00000001
core   0: 0x80000068 (0xff5ff06f) j       pc - 0xc
core   0: 3 0x80000068 (0xff5ff06f)
core   0: 0x8000005c (0x00100093) li      ra, 1
core   0: 3 0x8000005c (0x00100093) x1  0x00000001
core   0: 0x80000060 (0x00002f17) auipc   t5, 0x2
core   0: 3 0x80000060 (0x00002f17) x30 0x80002060
core   0: 0x80000064 (0xfa1f2023) sw      ra, -96(t5)
core   0: 3 0x80000064 (0xfa1f2023) mem 0x80002000 0x00000001
core   0: 0x80000068 (0xff5ff06f) j       pc - 0xc
core   0: 3 0x80000068 (0xff5ff06f)
core   0: 0x8000005c (0x00100093) li      ra, 1
core   0: 3 0x8000005c (0x00100093) x1  0x00000001
core   0: 0x80000060 (0x00002f17) auipc   t5, 0x2
core   0: 3 0x80000060 (0x00002f17) x30 0x80002060
core   0: 0x80000064 (0xfa1f2023) sw      ra, -96(t5)
core   0: 3 0x80000064 (0xfa1f2023) mem 0x80002000 0x00000001
core   0: 0x80000068 (0xff5ff06f) j       pc - 0xc
core   0: 3 0x80000068 (0xff5ff06f)
core   0: 0x8000005c (0x00100093) li      ra, 1
core   0: 3 0x8000005c (0x00100093) x1  0x00000001
core   0: 0x80000060 (0x00002f17) auipc   t5, 0x2
core   0: 3 0x80000060 (0x00002f17) x30 0x80002060
core   0: 0x80000064 (0xfa1f2023) sw      ra, -96(t5)
core   0: 3 0x80000064 (0xfa1f2023) mem 0x80002000 0x00000001
core   0: 0x80000068 (0xff5ff06f) j       pc - 0xc
core   0: 3 0x80000068 (0xff5ff06f)
core   0: 0x8000005c (0x00100093) li      ra, 1
core   0: 3 0x8000005c (0x00100093) x1  0x00000001
core   0: 0x80000060 (0x00002f17) auipc   t5, 0x2
core   0: 3 0x80000060 (0x00002f17) x30 0x80002060
core   0: 0x80000064 (0xfa1f2023) sw      ra, -96(t5)
core   0: 3 0x80000064 (0xfa1f2023) mem 0x80002000 0x00000001
core   0: 0x80000068 (0xff5ff06f) j       pc - 0xc
core   0: 3 0x80000068 (0xff5ff06f)
core   0: 0x8000005c (0x00100093) li      ra, 1
core   0: 3 0x8000005c (0x00100093) x1  0x00000001
core   0: 0x80000060 (0x00002f17) auipc   t5, 0x2
core   0: 3 0x80000060 (0x00002f17) x30 0x80002060
core   0: 0x80000064 (0xfa1f2023) sw      ra, -96(t5)
core   0: 3 0x80000064 (0xfa1f2023) mem 0x80002000 0x00000001
core   0: 0x80000068 (0xff5ff06f) j       pc - 0xc
core   0: 3 0x80000068 (0xff5ff06f)
core   0: 0x8000005c (0x00100093) li      ra, 1
core   0: 3 0x8000005c (0x00100093) x1  0x00000001
core   0: 0x80000060 (0x00002f17) auipc   t5, 0x2
core   0: 3 0x80000060 (0x00002f17) x30 0x80002060
core   0: 0x80000064 (0xfa1f2023) sw      ra, -96(t5)
core   0: 3 0x80000064 (0xfa1f2023) mem 0x80002000 0x00000001
core   0: 0x80000068 (0xff5ff06f) j       pc - 0xc
core   0: 3 0x80000068 (0xff5ff06f)
core   0: 0x8000005c (0x00100093) li      ra, 1
core   0: 3 0x8000005c (0x00100093) x1  0x00000001
core   0: 0x80000060 (0x00002f17) auipc   t5, 0x2
core   0: 3 0x80000060 (0x00002f17) x30 0x80002060
core   0: 0x80000064 (0xfa1f2023) sw      ra, -96(t5)
core   0: 3 0x80000064 (0xfa1f2023) mem 0x80002000 0x00000001
core   0: 0x80000068 (0xff5ff06f) j       pc - 0xc
core   0: 3 0x80000068 (0xff5ff06f)
core   0: 0x8000005c (0x00100093) li      ra, 1
core   0: 3 0x8000005c (0x00100093) x1  0x00000001
core   0: 0x80000060 (0x00002f17) auipc   t5, 0x2
core   0: 3 0x80000060 (0x00002f17) x30 0x80002060
core   0: 0x80000064 (0xfa1f2023) sw      ra, -96(t5)
core   0: 3 0x80000064 (0xfa1f2023) mem 0x80002000 0x00000001
core   0: 0x80000068 (0xff5ff06f) j       pc - 0xc
core   0: 3 0x80000068 (0xff5ff06f)
core   0: 0x8000005c (0x00100093) li      ra, 1
core   0: 3 0x8000005c (0x00100093) x1  0x00000001
core   0: 0x80000060 (0x00002f17) auipc   t5, 0x2
core   0: 3 0x80000060 (0x00002f17) x30 0x80002060
core   0: 0x80000064 (0xfa1f2023) sw      ra, -96(t5)
core   0: 3 0x80000064 (0xfa1f2023) mem 0x80002000 0x00000001
core   0: 0x80000068 (0xff5ff06f) j       pc - 0xc
core   0: 3 0x80000068 (0xff5ff06f)
core   0: 0x8000005c (0x00100093) li      ra, 1
core   0: 3 0x8000005c (0x00100093) x1  0x00000001
core   0: 0x80000060 (0x00002f17) auipc   t5, 0x2
core   0: 3 0x80000060 (0x00002f17) x30 0x80002060
core   0: 0x80000064 (0xfa1f2023) sw      ra, -96(t5)
core   0: 3 0x80000064 (0xfa1f2023) mem 0x80002000 0x00000001
core   0: 0x80000068 (0xff5ff06f) j       pc - 0xc
core   0: 3 0x80000068 (0xff5ff06f)
core   0: 0x8000005c (0x00100093) li      ra, 1
core   0: 3 0x8000005c (0x00100093) x1  0x00000001
core   0: 0x80000060 (0x00002f17) auipc   t5, 0x2
core   0: 3 0x80000060 (0x00002f17) x30 0x80002060
core   0: 0x80000064 (0xfa1f2023) sw      ra, -96(t5)
core   0: 3 0x80000064 (0xfa1f2023) mem 0x80002000 0x00000001
core   0: 0x80000068 (0xff5ff06f) j       pc - 0xc
core   0: 3 0x80000068 (0xff5ff06f)
core   0: 0x8000005c (0x00100093) li      ra, 1
core   0: 3 0x8000005c (0x00100093) x1  0x00000001
core   0: 0x80000060 (0x00002f17) auipc   t5, 0x2
core   0: 3 0x80000060 (0x00002f17) x30 0x80002060
core   0: 0x80000064 (0xfa1f2023) sw      ra, -96(t5)
core   0: 3 0x80000064 (0xfa1f2023) mem 0x80002000 0x00000001
core   0: 0x80000068 (0xff5ff06f) j       pc - 0xc
core   0: 3 0x80000068 (0xff5ff06f)
core   0: 0x8000005c (0x00100093) li      ra, 1
core   0: 3 0x8000005c (0x00100093) x1  0x00000001
core   0: 0x80000060 (0x00002f17) auipc   t5, 0x2
core   0: 3 0x80000060 (0x00002f17) x30 0x80002060
core   0: 0x80000064 (0xfa1f2023) sw      ra, -96(t5)
core   0: 3 0x80000064 (0xfa1f2023) mem 0x80002000 0x00000001
core   0: 0x80000068 (0xff5ff06f) j       pc - 0xc
core   0: 3 0x80000068 (0xff5ff06f)
core   0: 0x8000005c (0x00100093) li      ra, 1
core   0: 3 0x8000005c (0x00100093) x1  0x00000001
core   0: 0x80000060 (0x00002f17) auipc   t5, 0x2
core   0: 3 0x80000060 (0x00002f17) x30 0x80002060
core   0: 0x80000064 (0xfa1f2023) sw      ra, -96(t5)
core   0: 3 0x80000064 (0xfa1f2023) mem 0x80002000 0x00000001
core   0: 0x80000068 (0xff5ff06f) j       pc - 0xc
core   0: 3 0x80000068 (0xff5ff06f)
core   0: 0x8000005c (0x00100093) li      ra, 1
core   0: 3 0x8000005c (0x00100093) x1  0x00000001
core   0: 0x80000060 (0x00002f17) auipc   t5, 0x2
core   0: 3 0x80000060 (0x00002f17) x30 0x80002060
core   0: 0x80000064 (0xfa1f2023) sw      ra, -96(t5)
core   0: 3 0x80000064 (0xfa1f2023) mem 0x80002000 0x00000001
core   0: 0x80000068 (0xff5ff06f) j       pc - 0xc
core   0: 3 0x80000068 (0xff5ff06f)
core   0: 0x8000005c (0x00100093) li      ra, 1
core   0: 3 0x8000005c (0x00100093) x1  0x00000001
core   0: 0x80000060 (0x00002f17) auipc   t5, 0x2
core   0: 3 0x80000060 (0x00002f17) x30 0x80002060
core   0: 0x80000064 (0xfa1f2023) sw      ra, -96(t5)
core   0: 3 0x80000064 (0xfa1f2023) mem 0x80002000 0x00000001
core   0: 0x80000068 (0xff5ff06f) j       pc - 0xc
core   0: 3 0x80000068 (0xff5ff06f)
core   0: 0x8000005c (0x00100093) li      ra, 1
core   0: 3 0x8000005c (0x00100093) x1  0x00000001
core   0: 0x80000060 (0x00002f17) auipc   t5, 0x2
core   0: 3 0x80000060 (0x00002f17) x30 0x80002060
core   0: 0x80000064 (0xfa1f2023) sw      ra, -96(t5)
core   0: 3 0x80000064 (0xfa1f2023) mem 0x80002000 0x00000001
core   0: 0x80000068 (0xff5ff06f) j       pc - 0xc
core   0: 3 0x80000068 (0xff5ff06f)
core   0: 0x8000005c (0x00100093) li      ra, 1
core   0: 3 0x8000005c (0x00100093) x1  0x00000001
core   0: 0x80000060 (0x00002f17) auipc   t5, 0x2
core   0: 3 0x80000060 (0x00002f17) x30 0x80002060
core   0: 0x80000064 (0xfa1f2023) sw      ra, -96(t5)
core   0: 3 0x80000064 (0xfa1f2023) mem 0x80002000 0x00000001
core   0: 0x80000068 (0xff5ff06f) j       pc - 0xc
core   0: 3 0x80000068 (0xff5ff06f)
core   0: 0x8000005c (0x00100093) li      ra, 1
core   0: 3 0x8000005c (0x00100093) x1  0x00000001
core   0: 0x80000060 (0x00002f17) auipc   t5, 0x2
core   0: 3 0x80000060 (0x00002f17) x30 0x80002060
core   0: 0x80000064 (0xfa1f2023) sw      ra, -96(t5)
core   0: 3 0x80000064 (0xfa1f2023) mem 0x80002000 0x00000001
core   0: 0x80000068 (0xff5ff06f) j       pc - 0xc
core   0: 3 0x80000068 (0xff5ff06f)
core   0: 0x8000005c (0x00100093) li      ra, 1
core   0: 3 0x8000005c (0x00100093) x1  0x00000001
core   0: 0x80000060 (0x00002f17) auipc   t5, 0x2
core   0: 3 0x80000060 (0x00002f17) x30 0x80002060
core   0: 0x80000064 (0xfa1f2023) sw      ra, -96(t5)
core   0: 3 0x80000064 (0xfa1f2023) mem 0x80002000 0x00000001
core   0: 0x80000068 (0xff5ff06f) j       pc - 0xc
core   0: 3 0x80000068 (0xff5ff06f)
core   0: 0x8000005c (0x00100093) li      ra, 1
core   0: 3 0x8000005c (0x00100093) x1  0x00000001
core   0: 0x80000060 (0x00002f17) auipc   t5, 0x2
core   0: 3 0x80000060 (0x00002f17) x30 0x80002060
core   0: 0x80000064 (0xfa1f2023) sw      ra, -96(t5)
core   0: 3 0x80000064 (0xfa1f2023) mem 0x80002000 0x00000001
core   0: 0x80000068 (0xff5ff06f) j       pc - 0xc
core   0: 3 0x80000068 (0xff5ff06f)
core   0: 0x8000005c (0x00100093) li      ra, 1
core   0: 3 0x8000005c (0x00100093) x1  0x00000001
core   0: 0x80000060 (0x00002f17) auipc   t5, 0x2
core   0: 3 0x80000060 (0x00002f17) x30 0x80002060
core   0: 0x80000064 (0xfa1f2023) sw      ra, -96(t5)
core   0: 3 0x80000064 (0xfa1f2023) mem 0x80002000 0x00000001
core   0: 0x80000068 (0xff5ff06f) j       pc - 0xc
core   0: 3 0x80000068 (0xff5ff06f)
core   0: 0x8000005c (0x00100093) li      ra, 1
core   0: 3 0x8000005c (0x00100093) x1  0x00000001
core   0: 0x80000060 (0x00002f17) auipc   t5, 0x2
core   0: 3 0x80000060 (0x00002f17) x30 0x80002060
core   0: 0x80000064 (0xfa1f2023) sw      ra, -96(t5)
core   0: 3 0x80000064 (0xfa1f2023) mem 0x80002000 0x00000001
core   0: 0x80000068 (0xff5ff06f) j       pc - 0xc
core   0: 3 0x80000068 (0xff5ff06f)
core   0: 0x8000005c (0x00100093) li      ra, 1
core   0: 3 0x8000005c (0x00100093) x1  0x00000001
core   0: 0x80000060 (0x00002f17) auipc   t5, 0x2
core   0: 3 0x80000060 (0x00002f17) x30 0x80002060
core   0: 0x80000064 (0xfa1f2023) sw      ra, -96(t5)
core   0: 3 0x80000064 (0xfa1f2023) mem 0x80002000 0x00000001
core   0: 0x80000068 (0xff5ff06f) j       pc - 0xc
core   0: 3 0x80000068 (0xff5ff06f)
core   0: 0x8000005c (0x00100093) li      ra, 1
core   0: 3 0x8000005c (0x00100093) x1  0x00000001
core   0: 0x80000060 (0x00002f17) auipc   t5, 0x2
core   0: 3 0x80000060 (0x00002f17) x30 0x80002060
core   0: 0x80000064 (0xfa1f2023) sw      ra, -96(t5)
core   0: 3 0x80000064 (0xfa1f2023) mem 0x80002000 0x00000001
core   0: 0x80000068 (0xff5ff06f) j       pc - 0xc
core   0: 3 0x80000068 (0xff5ff06f)
core   0: 0x8000005c (0x00100093) li      ra, 1
core   0: 3 0x8000005c (0x00100093) x1  0x00000001
core   0: 0x80000060 (0x00002f17) auipc   t5, 0x2
core   0: 3 0x80000060 (0x00002f17) x30 0x80002060
core   0: 0x80000064 (0xfa1f2023) sw      ra, -96(t5)
core   0: 3 0x80000064 (0xfa1f2023) mem 0x80002000 0x00000001
core   0: 0x80000068 (0xff5ff06f) j       pc - 0xc
core   0: 3 0x80000068 (0xff5ff06f)
core   0: 0x8000005c (0x00100093) li      ra, 1
core   0: 3 0x8000005c (0x00100093) x1  0x00000001
core   0: 0x80000060 (0x00002f17) auipc   t5, 0x2
core   0: 3 0x80000060 (0x00002f17) x30 0x80002060
core   0: 0x80000064 (0xfa1f2023) sw      ra, -96(t5)
core   0: 3 0x80000064 (0xfa1f2023) mem 0x80002000 0x00000001
core   0: 0x80000068 (0xff5ff06f) j       pc - 0xc
core   0: 3 0x80000068 (0xff5ff06f)
core   0: 0x8000005c (0x00100093) li      ra, 1
core   0: 3 0x8000005c (0x00100093) x1  0x00000001
core   0: 0x80000060 (0x00002f17) auipc   t5, 0x2
core   0: 3 0x80000060 (0x00002f17) x30 0x80002060
core   0: 0x80000064 (0xfa1f2023) sw      ra, -96(t5)
core   0: 3 0x80000064 (0xfa1f2023) mem 0x80002000 0x00000001
core   0: 0x80000068 (0xff5ff06f) j       pc - 0xc
core   0: 3 0x80000068 (0xff5ff06f)
core   0: 0x8000005c (0x00100093) li      ra, 1
core   0: 3 0x8000005c (0x00100093) x1  0x00000001
core   0: 0x80000060 (0x00002f17) auipc   t5, 0x2
core   0: 3 0x80000060 (0x00002f17) x30 0x80002060
core   0: 0x80000064 (0xfa1f2023) sw      ra, -96(t5)
core   0: 3 0x80000064 (0xfa1f2023) mem 0x80002000 0x00000001
core   0: 0x80000068 (0xff5ff06f) j       pc - 0xc
core   0: 3 0x80000068 (0xff5ff06f)
core   0: 0x8000005c (0x00100093) li      ra, 1
core   0: 3 0x8000005c (0x00100093) x1  0x00000001
core   0: 0x80000060 (0x00002f17) auipc   t5, 0x2
core   0: 3 0x80000060 (0x00002f17) x30 0x80002060
core   0: 0x80000064 (0xfa1f2023) sw      ra, -96(t5)
core   0: 3 0x80000064 (0xfa1f2023) mem 0x80002000 0x00000001
core   0: 0x80000068 (0xff5ff06f) j       pc - 0xc
core   0: 3 0x80000068 (0xff5ff06f)
core   0: 0x8000005c (0x00100093) li      ra, 1
core   0: 3 0x8000005c (0x00100093) x1  0x00000001
core   0: 0x80000060 (0x00002f17) auipc   t5, 0x2
core   0: 3 0x80000060 (0x00002f17) x30 0x80002060
core   0: 0x80000064 (0xfa1f2023) sw      ra, -96(t5)
core   0: 3 0x80000064 (0xfa1f2023) mem 0x80002000 0x00000001
core   0: 0x80000068 (0xff5ff06f) j       pc - 0xc
core   0: 3 0x80000068 (0xff5ff06f)
core   0: 0x8000005c (0x00100093) li      ra, 1
core   0: 3 0x8000005c (0x00100093) x1  0x00000001
core   0: 0x80000060 (0x00002f17) auipc   t5, 0x2
core   0: 3 0x80000060 (0x00002f17) x30 0x80002060
core   0: 0x80000064 (0xfa1f2023) sw      ra, -96(t5)
core   0: 3 0x80000064 (0xfa1f2023) mem 0x80002000 0x00000001
core   0: 0x80000068 (0xff5ff06f) j       pc - 0xc
core   0: 3 0x80000068 (0xff5ff06f)
core   0: 0x8000005c (0x00100093) li      ra, 1
core   0: 3 0x8000005c (0x00100093) x1  0x00000001
core   0: 0x80000060 (0x00002f17) auipc   t5, 0x2
core   0: 3 0x80000060 (0x00002f17) x30 0x80002060
core   0: 0x80000064 (0xfa1f2023) sw      ra, -96(t5)
core   0: 3 0x80000064 (0xfa1f2023) mem 0x80002000 0x00000001
core   0: 0x80000068 (0xff5ff06f) j       pc - 0xc
core   0: 3 0x80000068 (0xff5ff06f)
core   0: 0x8000005c (0x00100093) li      ra, 1
core   0: 3 0x8000005c (0x00100093) x1  0x00000001
core   0: 0x80000060 (0x00002f17) auipc   t5, 0x2
core   0: 3 0x80000060 (0x00002f17) x30 0x80002060
core   0: 0x80000064 (0xfa1f2023) sw      ra, -96(t5)
core   0: 3 0x80000064 (0xfa1f2023) mem 0x80002000 0x00000001
core   0: 0x80000068 (0xff5ff06f) j       pc - 0xc
core   0: 3 0x80000068 (0xff5ff06f)
core   0: 0x8000005c (0x00100093) li      ra, 1
core   0: 3 0x8000005c (0x00100093) x1  0x00000001
core   0: 0x80000060 (0x00002f17) auipc   t5, 0x2
core   0: 3 0x80000060 (0x00002f17) x30 0x80002060
core   0: 0x80000064 (0xfa1f2023) sw      ra, -96(t5)
core   0: 3 0x80000064 (0xfa1f2023) mem 0x80002000 0x00000001
core   0: 0x80000068 (0xff5ff06f) j       pc - 0xc
core   0: 3 0x80000068 (0xff5ff06f)
core   0: 0x8000005c (0x00100093) li      ra, 1
core   0: 3 0x8000005c (0x00100093) x1  0x00000001
core   0: 0x80000060 (0x00002f17) auipc   t5, 0x2
core   0: 3 0x80000060 (0x00002f17) x30 0x80002060
core   0: 0x80000064 (0xfa1f2023) sw      ra, -96(t5)
core   0: 3 0x80000064 (0xfa1f2023) mem 0x80002000 0x00000001
core   0: 0x80000068 (0xff5ff06f) j       pc - 0xc
core   0: 3 0x80000068 (0xff5ff06f)
core   0: 0x8000005c (0x00100093) li      ra, 1
core   0: 3 0x8000005c (0x00100093) x1  0x00000001
core   0: 0x80000060 (0x00002f17) auipc   t5, 0x2
core   0: 3 0x80000060 (0x00002f17) x30 0x80002060
core   0: 0x80000064 (0xfa1f2023) sw      ra, -96(t5)
core   0: 3 0x80000064 (0xfa1f2023) mem 0x80002000 0x00000001
core   0: 0x80000068 (0xff5ff06f) j       pc - 0xc
core   0: 3 0x80000068 (0xff5ff06f)
core   0: 0x8000005c (0x00100093) li      ra, 1
core   0: 3 0x8000005c (0x00100093) x1  0x00000001
core   0: 0x80000060 (0x00002f17) auipc   t5, 0x2
core   0: 3 0x80000060 (0x00002f17) x30 0x80002060
core   0: 0x80000064 (0xfa1f2023) sw      ra, -96(t5)
core   0: 3 0x80000064 (0xfa1f2023) mem 0x80002000 0x00000001
core   0: 0x80000068 (0xff5ff06f) j       pc - 0xc
core   0: 3 0x80000068 (0xff5ff06f)
core   0: 0x8000005c (0x00100093) li      ra, 1
core   0: 3 0x8000005c (0x00100093) x1  0x00000001
core   0: 0x80000060 (0x00002f17) auipc   t5, 0x2
core   0: 3 0x80000060 (0x00002f17) x30 0x80002060
core   0: 0x80000064 (0xfa1f2023) sw      ra, -96(t5)
core   0: 3 0x80000064 (0xfa1f2023) mem 0x80002000 0x00000001
core   0: 0x80000068 (0xff5ff06f) j       pc - 0xc
core   0: 3 0x80000068 (0xff5ff06f)
core   0: 0x8000005c (0x00100093) li      ra, 1
core   0: 3 0x8000005c (0x00100093) x1  0x00000001
core   0: 0x80000060 (0x00002f17) auipc   t5, 0x2
core   0: 3 0x80000060 (0x00002f17) x30 0x80002060
core   0: 0x80000064 (0xfa1f2023) sw      ra, -96(t5)
core   0: 3 0x80000064 (0xfa1f2023) mem 0x80002000 0x00000001
core   0: 0x80000068 (0xff5ff06f) j       pc - 0xc
core   0: 3 0x80000068 (0xff5ff06f)
core   0: 0x8000005c (0x00100093) li      ra, 1
core   0: 3 0x8000005c (0x00100093) x1  0x00000001
core   0: 0x80000060 (0x00002f17) auipc   t5, 0x2
core   0: 3 0x80000060 (0x00002f17) x30 0x80002060
core   0: 0x80000064 (0xfa1f2023) sw      ra, -96(t5)
core   0: 3 0x80000064 (0xfa1f2023) mem 0x80002000 0x00000001
core   0: 0x80000068 (0xff5ff06f) j       pc - 0xc
core   0: 3 0x80000068 (0xff5ff06f)
core   0: 0x8000005c (0x00100093) li      ra, 1
core   0: 3 0x8000005c (0x00100093) x1  0x00000001
core   0: 0x80000060 (0x00002f17) auipc   t5, 0x2
core   0: 3 0x80000060 (0x00002f17) x30 0x80002060
core   0: 0x80000064 (0xfa1f2023) sw      ra, -96(t5)
core   0: 3 0x80000064 (0xfa1f2023) mem 0x80002000 0x00000001
core   0: 0x80000068 (0xff5ff06f) j       pc - 0xc
core   0: 3 0x80000068 (0xff5ff06f)
core   0: 0x8000005c (0x00100093) li      ra, 1
core   0: 3 0x8000005c (0x00100093) x1  0x00000001
core   0: 0x80000060 (0x00002f17) auipc   t5, 0x2
core   0: 3 0x80000060 (0x00002f17) x30 0x80002060
core   0: 0x80000064 (0xfa1f2023) sw      ra, -96(t5)
core   0: 3 0x80000064 (0xfa1f2023) mem 0x80002000 0x00000001
core   0: 0x80000068 (0xff5ff06f) j       pc - 0xc
core   0: 3 0x80000068 (0xff5ff06f)
core   0: 0x8000005c (0x00100093) li      ra, 1
core   0: 3 0x8000005c (0x00100093) x1  0x00000001
core   0: 0x80000060 (0x00002f17) auipc   t5, 0x2
core   0: 3 0x80000060 (0x00002f17) x30 0x80002060
core   0: 0x80000064 (0xfa1f2023) sw      ra, -96(t5)
core   0: 3 0x80000064 (0xfa1f2023) mem 0x80002000 0x00000001
core   0: 0x80000068 (0xff5ff06f) j       pc - 0xc
core   0: 3 0x80000068 (0xff5ff06f)
core   0: 0x8000005c (0x00100093) li      ra, 1
core   0: 3 0x8000005c (0x00100093) x1  0x00000001
core   0: 0x80000060 (0x00002f17) auipc   t5, 0x2
core   0: 3 0x80000060 (0x00002f17) x30 0x80002060
core   0: 0x80000064 (0xfa1f2023) sw      ra, -96(t5)
core   0: 3 0x80000064 (0xfa1f2023) mem 0x80002000 0x00000001
core   0: 0x80000068 (0xff5ff06f) j       pc - 0xc
core   0: 3 0x80000068 (0xff5ff06f)
core   0: 0x8000005c (0x00100093) li      ra, 1
core   0: 3 0x8000005c (0x00100093) x1  0x00000001
core   0: 0x80000060 (0x00002f17) auipc   t5, 0x2
core   0: 3 0x80000060 (0x00002f17) x30 0x80002060
core   0: 0x80000064 (0xfa1f2023) sw      ra, -96(t5)
core   0: 3 0x80000064 (0xfa1f2023) mem 0x80002000 0x00000001
core   0: 0x80000068 (0xff5ff06f) j       pc - 0xc
core   0: 3 0x80000068 (0xff5ff06f)
core   0: 0x8000005c (0x00100093) li      ra, 1
core   0: 3 0x8000005c (0x00100093) x1  0x00000001
core   0: 0x80000060 (0x00002f17) auipc   t5, 0x2
core   0: 3 0x80000060 (0x00002f17) x30 0x80002060
core   0: 0x80000064 (0xfa1f2023) sw      ra, -96(t5)
core   0: 3 0x80000064 (0xfa1f2023) mem 0x80002000 0x00000001
core   0: 0x80000068 (0xff5ff06f) j       pc - 0xc
core   0: 3 0x80000068 (0xff5ff06f)
core   0: 0x8000005c (0x00100093) li      ra, 1
core   0: 3 0x8000005c (0x00100093) x1  0x00000001
core   0: 0x80000060 (0x00002f17) auipc   t5, 0x2
core   0: 3 0x80000060 (0x00002f17) x30 0x80002060
core   0: 0x80000064 (0xfa1f2023) sw      ra, -96(t5)
core   0: 3 0x80000064 (0xfa1f2023) mem 0x80002000 0x00000001
core   0: 0x80000068 (0xff5ff06f) j       pc - 0xc
core   0: 3 0x80000068 (0xff5ff06f)
core   0: 0x8000005c (0x00100093) li      ra, 1
core   0: 3 0x8000005c (0x00100093) x1  0x00000001
core   0: 0x80000060 (0x00002f17) auipc   t5, 0x2
core   0: 3 0x80000060 (0x00002f17) x30 0x80002060
core   0: 0x80000064 (0xfa1f2023) sw      ra, -96(t5)
core   0: 3 0x80000064 (0xfa1f2023) mem 0x80002000 0x00000001
core   0: 0x80000068 (0xff5ff06f) j       pc - 0xc
core   0: 3 0x80000068 (0xff5ff06f)
core   0: 0x8000005c (0x00100093) li      ra, 1
core   0: 3 0x8000005c (0x00100093) x1  0x00000001
core   0: 0x80000060 (0x00002f17) auipc   t5, 0x2
core   0: 3 0x80000060 (0x00002f17) x30 0x80002060
core   0: 0x80000064 (0xfa1f2023) sw      ra, -96(t5)
core   0: 3 0x80000064 (0xfa1f2023) mem 0x80002000 0x00000001
core   0: 0x80000068 (0xff5ff06f) j       pc - 0xc
core   0: 3 0x80000068 (0xff5ff06f)
core   0: 0x8000005c (0x00100093) li      ra, 1
core   0: 3 0x8000005c (0x00100093) x1  0x00000001
core   0: 0x80000060 (0x00002f17) auipc   t5, 0x2
core   0: 3 0x80000060 (0x00002f17) x30 0x80002060
core   0: 0x80000064 (0xfa1f2023) sw      ra, -96(t5)
core   0: 3 0x80000064 (0xfa1f2023) mem 0x80002000 0x00000001
core   0: 0x80000068 (0xff5ff06f) j       pc - 0xc
core   0: 3 0x80000068 (0xff5ff06f)
core   0: 0x8000005c (0x00100093) li      ra, 1
core   0: 3 0x8000005c (0x00100093) x1  0x00000001
core   0: 0x80000060 (0x00002f17) auipc   t5, 0x2
core   0: 3 0x80000060 (0x00002f17) x30 0x80002060
core   0: 0x80000064 (0xfa1f2023) sw      ra, -96(t5)
core   0: 3 0x80000064 (0xfa1f2023) mem 0x80002000 0x00000001
core   0: 0x80000068 (0xff5ff06f) j       pc - 0xc
core   0: 3 0x80000068 (0xff5ff06f)
core   0: 0x8000005c (0x00100093) li      ra, 1
core   0: 3 0x8000005c (0x00100093) x1  0x00000001
core   0: 0x80000060 (0x00002f17) auipc   t5, 0x2
core   0: 3 0x80000060 (0x00002f17) x30 0x80002060
core   0: 0x80000064 (0xfa1f2023) sw      ra, -96(t5)
core   0: 3 0x80000064 (0xfa1f2023) mem 0x80002000 0x00000001
core   0: 0x80000068 (0xff5ff06f) j       pc - 0xc
core   0: 3 0x80000068 (0xff5ff06f)
core   0: 0x8000005c (0x00100093) li      ra, 1
core   0: 3 0x8000005c (0x00100093) x1  0x00000001
core   0: 0x80000060 (0x00002f17) auipc   t5, 0x2
core   0: 3 0x80000060 (0x00002f17) x30 0x80002060
core   0: 0x80000064 (0xfa1f2023) sw      ra, -96(t5)
core   0: 3 0x80000064 (0xfa1f2023) mem 0x80002000 0x00000001
core   0: 0x80000068 (0xff5ff06f) j       pc - 0xc
core   0: 3 0x80000068 (0xff5ff06f)
core   0: 0x8000005c (0x00100093) li      ra, 1
core   0: 3 0x8000005c (0x00100093) x1  0x00000001
core   0: 0x80000060 (0x00002f17) auipc   t5, 0x2
core   0: 3 0x80000060 (0x00002f17) x30 0x80002060
core   0: 0x80000064 (0xfa1f2023) sw      ra, -96(t5)
core   0: 3 0x80000064 (0xfa1f2023) mem 0x80002000 0x00000001
core   0: 0x80000068 (0xff5ff06f) j       pc - 0xc
core   0: 3 0x80000068 (0xff5ff06f)
core   0: 0x8000005c (0x00100093) li      ra, 1
core   0: 3 0x8000005c (0x00100093) x1  0x00000001
core   0: 0x80000060 (0x00002f17) auipc   t5, 0x2
core   0: 3 0x80000060 (0x00002f17) x30 0x80002060
core   0: 0x80000064 (0xfa1f2023) sw      ra, -96(t5)
core   0: 3 0x80000064 (0xfa1f2023) mem 0x80002000 0x00000001
core   0: 0x80000068 (0xff5ff06f) j       pc - 0xc
core   0: 3 0x80000068 (0xff5ff06f)
core   0: 0x8000005c (0x00100093) li      ra, 1
core   0: 3 0x8000005c (0x00100093) x1  0x00000001
core   0: 0x80000060 (0x00002f17) auipc   t5, 0x2
core   0: 3 0x80000060 (0x00002f17) x30 0x80002060
core   0: 0x80000064 (0xfa1f2023) sw      ra, -96(t5)
core   0: 3 0x80000064 (0xfa1f2023) mem 0x80002000 0x00000001
core   0: 0x80000068 (0xff5ff06f) j       pc - 0xc
core   0: 3 0x80000068 (0xff5ff06f)
core   0: 0x8000005c (0x00100093) li      ra, 1
core   0: 3 0x8000005c (0x00100093) x1  0x00000001
core   0: 0x80000060 (0x00002f17) auipc   t5, 0x2
core   0: 3 0x80000060 (0x00002f17) x30 0x80002060
core   0: 0x80000064 (0xfa1f2023) sw      ra, -96(t5)
core   0: 3 0x80000064 (0xfa1f2023) mem 0x80002000 0x00000001
core   0: 0x80000068 (0xff5ff06f) j       pc - 0xc
core   0: 3 0x80000068 (0xff5ff06f)
core   0: 0x8000005c (0x00100093) li      ra, 1
core   0: 3 0x8000005c (0x00100093) x1  0x00000001
core   0: 0x80000060 (0x00002f17) auipc   t5, 0x2
core   0: 3 0x80000060 (0x00002f17) x30 0x80002060
core   0: 0x80000064 (0xfa1f2023) sw      ra, -96(t5)
core   0: 3 0x80000064 (0xfa1f2023) mem 0x80002000 0x00000001
core   0: 0x80000068 (0xff5ff06f) j       pc - 0xc
core   0: 3 0x80000068 (0xff5ff06f)
core   0: 0x8000005c (0x00100093) li      ra, 1
core   0: 3 0x8000005c (0x00100093) x1  0x00000001
core   0: 0x80000060 (0x00002f17) auipc   t5, 0x2
core   0: 3 0x80000060 (0x00002f17) x30 0x80002060
core   0: 0x80000064 (0xfa1f2023) sw      ra, -96(t5)
core   0: 3 0x80000064 (0xfa1f2023) mem 0x80002000 0x00000001
core   0: 0x80000068 (0xff5ff06f) j       pc - 0xc
core   0: 3 0x80000068 (0xff5ff06f)
core   0: 0x8000005c (0x00100093) li      ra, 1
core   0: 3 0x8000005c (0x00100093) x1  0x00000001
core   0: 0x80000060 (0x00002f17) auipc   t5, 0x2
core   0: 3 0x80000060 (0x00002f17) x30 0x80002060
core   0: 0x80000064 (0xfa1f2023) sw      ra, -96(t5)
core   0: 3 0x80000064 (0xfa1f2023) mem 0x80002000 0x00000001
core   0: 0x80000068 (0xff5ff06f) j       pc - 0xc
core   0: 3 0x80000068 (0xff5ff06f)
core   0: 0x8000005c (0x00100093) li      ra, 1
core   0: 3 0x8000005c (0x00100093) x1  0x00000001
core   0: 0x80000060 (0x00002f17) auipc   t5, 0x2
core   0: 3 0x80000060 (0x00002f17) x30 0x80002060
core   0: 0x80000064 (0xfa1f2023) sw      ra, -96(t5)
core   0: 3 0x80000064 (0xfa1f2023) mem 0x80002000 0x00000001
core   0: 0x80000068 (0xff5ff06f) j       pc - 0xc
core   0: 3 0x80000068 (0xff5ff06f)
core   0: 0x8000005c (0x00100093) li      ra, 1
core   0: 3 0x8000005c (0x00100093) x1  0x00000001
core   0: 0x80000060 (0x00002f17) auipc   t5, 0x2
core   0: 3 0x80000060 (0x00002f17) x30 0x80002060
core   0: 0x80000064 (0xfa1f2023) sw      ra, -96(t5)
core   0: 3 0x80000064 (0xfa1f2023) mem 0x80002000 0x00000001
core   0: 0x80000068 (0xff5ff06f) j       pc - 0xc
core   0: 3 0x80000068 (0xff5ff06f)
core   0: 0x8000005c (0x00100093) li      ra, 1
core   0: 3 0x8000005c (0x00100093) x1  0x00000001
core   0: 0x80000060 (0x00002f17) auipc   t5, 0x2
core   0: 3 0x80000060 (0x00002f17) x30 0x80002060
core   0: 0x80000064 (0xfa1f2023) sw      ra, -96(t5)
core   0: 3 0x80000064 (0xfa1f2023) mem 0x80002000 0x00000001
core   0: 0x80000068 (0xff5ff06f) j       pc - 0xc
core   0: 3 0x80000068 (0xff5ff06f)
core   0: 0x8000005c (0x00100093) li      ra, 1
core   0: 3 0x8000005c (0x00100093) x1  0x00000001
core   0: 0x80000060 (0x00002f17) auipc   t5, 0x2
core   0: 3 0x80000060 (0x00002f17) x30 0x80002060
core   0: 0x80000064 (0xfa1f2023) sw      ra, -96(t5)
core   0: 3 0x80000064 (0xfa1f2023) mem 0x80002000 0x00000001
core   0: 0x80000068 (0xff5ff06f) j       pc - 0xc
core   0: 3 0x80000068 (0xff5ff06f)
core   0: 0x8000005c (0x00100093) li      ra, 1
core   0: 3 0x8000005c (0x00100093) x1  0x00000001
core   0: 0x80000060 (0x00002f17) auipc   t5, 0x2
core   0: 3 0x80000060 (0x00002f17) x30 0x80002060
core   0: 0x80000064 (0xfa1f2023) sw      ra, -96(t5)
core   0: 3 0x80000064 (0xfa1f2023) mem 0x80002000 0x00000001
core   0: 0x80000068 (0xff5ff06f) j       pc - 0xc
core   0: 3 0x80000068 (0xff5ff06f)
core   0: 0x8000005c (0x00100093) li      ra, 1
core   0: 3 0x8000005c (0x00100093) x1  0x00000001
core   0: 0x80000060 (0x00002f17) auipc   t5, 0x2
core   0: 3 0x80000060 (0x00002f17) x30 0x80002060
core   0: 0x80000064 (0xfa1f2023) sw      ra, -96(t5)
core   0: 3 0x80000064 (0xfa1f2023) mem 0x80002000 0x00000001
core   0: 0x80000068 (0xff5ff06f) j       pc - 0xc
core   0: 3 0x80000068 (0xff5ff06f)
core   0: 0x8000005c (0x00100093) li      ra, 1
core   0: 3 0x8000005c (0x00100093) x1  0x00000001
core   0: 0x80000060 (0x00002f17) auipc   t5, 0x2
core   0: 3 0x80000060 (0x00002f17) x30 0x80002060
core   0: 0x80000064 (0xfa1f2023) sw      ra, -96(t5)
core   0: 3 0x80000064 (0xfa1f2023) mem 0x80002000 0x00000001
core   0: 0x80000068 (0xff5ff06f) j       pc - 0xc
core   0: 3 0x80000068 (0xff5ff06f)
core   0: 0x8000005c (0x00100093) li      ra, 1
core   0: 3 0x8000005c (0x00100093) x1  0x00000001
core   0: 0x80000060 (0x00002f17) auipc   t5, 0x2
core   0: 3 0x80000060 (0x00002f17) x30 0x80002060
core   0: 0x80000064 (0xfa1f2023) sw      ra, -96(t5)
core   0: 3 0x80000064 (0xfa1f2023) mem 0x80002000 0x00000001
core   0: 0x80000068 (0xff5ff06f) j       pc - 0xc
core   0: 3 0x80000068 (0xff5ff06f)
core   0: 0x8000005c (0x00100093) li      ra, 1
core   0: 3 0x8000005c (0x00100093) x1  0x00000001
core   0: 0x80000060 (0x00002f17) auipc   t5, 0x2
core   0: 3 0x80000060 (0x00002f17) x30 0x80002060
core   0: 0x80000064 (0xfa1f2023) sw      ra, -96(t5)
core   0: 3 0x80000064 (0xfa1f2023) mem 0x80002000 0x00000001
core   0: 0x80000068 (0xff5ff06f) j       pc - 0xc
core   0: 3 0x80000068 (0xff5ff06f)
core   0: 0x8000005c (0x00100093) li      ra, 1
core   0: 3 0x8000005c (0x00100093) x1  0x00000001
core   0: 0x80000060 (0x00002f17) auipc   t5, 0x2
core   0: 3 0x80000060 (0x00002f17) x30 0x80002060
core   0: 0x80000064 (0xfa1f2023) sw      ra, -96(t5)
core   0: 3 0x80000064 (0xfa1f2023) mem 0x80002000 0x00000001
core   0: 0x80000068 (0xff5ff06f) j       pc - 0xc
core   0: 3 0x80000068 (0xff5ff06f)
core   0: 0x8000005c (0x00100093) li      ra, 1
core   0: 3 0x8000005c (0x00100093) x1  0x00000001
core   0: 0x80000060 (0x00002f17) auipc   t5, 0x2
core   0: 3 0x80000060 (0x00002f17) x30 0x80002060
core   0: 0x80000064 (0xfa1f2023) sw      ra, -96(t5)
core   0: 3 0x80000064 (0xfa1f2023) mem 0x80002000 0x00000001
core   0: 0x80000068 (0xff5ff06f) j       pc - 0xc
core   0: 3 0x80000068 (0xff5ff06f)
core   0: 0x8000005c (0x00100093) li      ra, 1
core   0: 3 0x8000005c (0x00100093) x1  0x00000001
core   0: 0x80000060 (0x00002f17) auipc   t5, 0x2
core   0: 3 0x80000060 (0x00002f17) x30 0x80002060
core   0: 0x80000064 (0xfa1f2023) sw      ra, -96(t5)
core   0: 3 0x80000064 (0xfa1f2023) mem 0x80002000 0x00000001
core   0: 0x80000068 (0xff5ff06f) j       pc - 0xc
core   0: 3 0x80000068 (0xff5ff06f)
core   0: 0x8000005c (0x00100093) li      ra, 1
core   0: 3 0x8000005c (0x00100093) x1  0x00000001
core   0: 0x80000060 (0x00002f17) auipc   t5, 0x2
core   0: 3 0x80000060 (0x00002f17) x30 0x80002060
core   0: 0x80000064 (0xfa1f2023) sw      ra, -96(t5)
core   0: 3 0x80000064 (0xfa1f2023) mem 0x80002000 0x00000001
core   0: 0x80000068 (0xff5ff06f) j       pc - 0xc
core   0: 3 0x80000068 (0xff5ff06f)
core   0: 0x8000005c (0x00100093) li      ra, 1
core   0: 3 0x8000005c (0x00100093) x1  0x00000001
core   0: 0x80000060 (0x00002f17) auipc   t5, 0x2
core   0: 3 0x80000060 (0x00002f17) x30 0x80002060
core   0: 0x80000064 (0xfa1f2023) sw      ra, -96(t5)
core   0: 3 0x80000064 (0xfa1f2023) mem 0x80002000 0x00000001
core   0: 0x80000068 (0xff5ff06f) j       pc - 0xc
core   0: 3 0x80000068 (0xff5ff06f)
core   0: 0x8000005c (0x00100093) li      ra, 1
core   0: 3 0x8000005c (0x00100093) x1  0x00000001
core   0: 0x80000060 (0x00002f17) auipc   t5, 0x2
core   0: 3 0x80000060 (0x00002f17) x30 0x80002060
core   0: 0x80000064 (0xfa1f2023) sw      ra, -96(t5)
core   0: 3 0x80000064 (0xfa1f2023) mem 0x80002000 0x00000001
core   0: 0x80000068 (0xff5ff06f) j       pc - 0xc
core   0: 3 0x80000068 (0xff5ff06f)
core   0: 0x8000005c (0x00100093) li      ra, 1
core   0: 3 0x8000005c (0x00100093) x1  0x00000001
core   0: 0x80000060 (0x00002f17) auipc   t5, 0x2
core   0: 3 0x80000060 (0x00002f17) x30 0x80002060
core   0: 0x80000064 (0xfa1f2023) sw      ra, -96(t5)
core   0: 3 0x80000064 (0xfa1f2023) mem 0x80002000 0x00000001
core   0: 0x80000068 (0xff5ff06f) j       pc - 0xc
core   0: 3 0x80000068 (0xff5ff06f)
core   0: 0x8000005c (0x00100093) li      ra, 1
core   0: 3 0x8000005c (0x00100093) x1  0x00000001
core   0: 0x80000060 (0x00002f17) auipc   t5, 0x2
core   0: 3 0x80000060 (0x00002f17) x30 0x80002060
core   0: 0x80000064 (0xfa1f2023) sw      ra, -96(t5)
core   0: 3 0x80000064 (0xfa1f2023) mem 0x80002000 0x00000001
core   0: 0x80000068 (0xff5ff06f) j       pc - 0xc
core   0: 3 0x80000068 (0xff5ff06f)
core   0: 0x8000005c (0x00100093) li      ra, 1
core   0: 3 0x8000005c (0x00100093) x1  0x00000001
core   0: 0x80000060 (0x00002f17) auipc   t5, 0x2
core   0: 3 0x80000060 (0x00002f17) x30 0x80002060
core   0: 0x80000064 (0xfa1f2023) sw      ra, -96(t5)
core   0: 3 0x80000064 (0xfa1f2023) mem 0x80002000 0x00000001
core   0: 0x80000068 (0xff5ff06f) j       pc - 0xc
core   0: 3 0x80000068 (0xff5ff06f)
core   0: 0x8000005c (0x00100093) li      ra, 1
core   0: 3 0x8000005c (0x00100093) x1  0x00000001
core   0: 0x80000060 (0x00002f17) auipc   t5, 0x2
core   0: 3 0x80000060 (0x00002f17) x30 0x80002060
core   0: 0x80000064 (0xfa1f2023) sw      ra, -96(t5)
core   0: 3 0x80000064 (0xfa1f2023) mem 0x80002000 0x00000001
core   0: 0x80000068 (0xff5ff06f) j       pc - 0xc
core   0: 3 0x80000068 (0xff5ff06f)
core   0: 0x8000005c (0x00100093) li      ra, 1
core   0: 3 0x8000005c (0x00100093) x1  0x00000001
core   0: 0x80000060 (0x00002f17) auipc   t5, 0x2
core   0: 3 0x80000060 (0x00002f17) x30 0x80002060
core   0: 0x80000064 (0xfa1f2023) sw      ra, -96(t5)
core   0: 3 0x80000064 (0xfa1f2023) mem 0x80002000 0x00000001
core   0: 0x80000068 (0xff5ff06f) j       pc - 0xc
core   0: 3 0x80000068 (0xff5ff06f)
core   0: 0x8000005c (0x00100093) li      ra, 1
core   0: 3 0x8000005c (0x00100093) x1  0x00000001
core   0: 0x80000060 (0x00002f17) auipc   t5, 0x2
core   0: 3 0x80000060 (0x00002f17) x30 0x80002060
core   0: 0x80000064 (0xfa1f2023) sw      ra, -96(t5)
core   0: 3 0x80000064 (0xfa1f2023) mem 0x80002000 0x00000001
core   0: 0x80000068 (0xff5ff06f) j       pc - 0xc
core   0: 3 0x80000068 (0xff5ff06f)
core   0: 0x8000005c (0x00100093) li      ra, 1
core   0: 3 0x8000005c (0x00100093) x1  0x00000001
core   0: 0x80000060 (0x00002f17) auipc   t5, 0x2
core   0: 3 0x80000060 (0x00002f17) x30 0x80002060
core   0: 0x80000064 (0xfa1f2023) sw      ra, -96(t5)
core   0: 3 0x80000064 (0xfa1f2023) mem 0x80002000 0x00000001
core   0: 0x80000068 (0xff5ff06f) j       pc - 0xc
core   0: 3 0x80000068 (0xff5ff06f)
core   0: 0x8000005c (0x00100093) li      ra, 1
core   0: 3 0x8000005c (0x00100093) x1  0x00000001
core   0: 0x80000060 (0x00002f17) auipc   t5, 0x2
core   0: 3 0x80000060 (0x00002f17) x30 0x80002060
core   0: 0x80000064 (0xfa1f2023) sw      ra, -96(t5)
core   0: 3 0x80000064 (0xfa1f2023) mem 0x80002000 0x00000001
core   0: 0x80000068 (0xff5ff06f) j       pc - 0xc
core   0: 3 0x80000068 (0xff5ff06f)
core   0: 0x8000005c (0x00100093) li      ra, 1
core   0: 3 0x8000005c (0x00100093) x1  0x00000001
core   0: 0x80000060 (0x00002f17) auipc   t5, 0x2
core   0: 3 0x80000060 (0x00002f17) x30 0x80002060
core   0: 0x80000064 (0xfa1f2023) sw      ra, -96(t5)
core   0: 3 0x80000064 (0xfa1f2023) mem 0x80002000 0x00000001
core   0: 0x80000068 (0xff5ff06f) j       pc - 0xc
core   0: 3 0x80000068 (0xff5ff06f)
core   0: 0x8000005c (0x00100093) li      ra, 1
core   0: 3 0x8000005c (0x00100093) x1  0x00000001
core   0: 0x80000060 (0x00002f17) auipc   t5, 0x2
core   0: 3 0x80000060 (0x00002f17) x30 0x80002060
core   0: 0x80000064 (0xfa1f2023) sw      ra, -96(t5)
core   0: 3 0x80000064 (0xfa1f2023) mem 0x80002000 0x00000001
core   0: 0x80000068 (0xff5ff06f) j       pc - 0xc
core   0: 3 0x80000068 (0xff5ff06f)
core   0: 0x8000005c (0x00100093) li      ra, 1
core   0: 3 0x8000005c (0x00100093) x1  0x00000001
core   0: 0x80000060 (0x00002f17) auipc   t5, 0x2
core   0: 3 0x80000060 (0x00002f17) x30 0x80002060
core   0: 0x80000064 (0xfa1f2023) sw      ra, -96(t5)
core   0: 3 0x80000064 (0xfa1f2023) mem 0x80002000 0x00000001
core   0: 0x80000068 (0xff5ff06f) j       pc - 0xc
core   0: 3 0x80000068 (0xff5ff06f)
core   0: 0x8000005c (0x00100093) li      ra, 1
core   0: 3 0x8000005c (0x00100093) x1  0x00000001
core   0: 0x80000060 (0x00002f17) auipc   t5, 0x2
core   0: 3 0x80000060 (0x00002f17) x30 0x80002060
core   0: 0x80000064 (0xfa1f2023) sw      ra, -96(t5)
core   0: 3 0x80000064 (0xfa1f2023) mem 0x80002000 0x00000001
core   0: 0x80000068 (0xff5ff06f) j       pc - 0xc
core   0: 3 0x80000068 (0xff5ff06f)
core   0: 0x8000005c (0x00100093) li      ra, 1
core   0: 3 0x8000005c (0x00100093) x1  0x00000001
core   0: 0x80000060 (0x00002f17) auipc   t5, 0x2
core   0: 3 0x80000060 (0x00002f17) x30 0x80002060
core   0: 0x80000064 (0xfa1f2023) sw      ra, -96(t5)
core   0: 3 0x80000064 (0xfa1f2023) mem 0x80002000 0x00000001
core   0: 0x80000068 (0xff5ff06f) j       pc - 0xc
core   0: 3 0x80000068 (0xff5ff06f)
core   0: 0x8000005c (0x00100093) li      ra, 1
core   0: 3 0x8000005c (0x00100093) x1  0x00000001
core   0: 0x80000060 (0x00002f17) auipc   t5, 0x2
core   0: 3 0x80000060 (0x00002f17) x30 0x80002060
core   0: 0x80000064 (0xfa1f2023) sw      ra, -96(t5)
core   0: 3 0x80000064 (0xfa1f2023) mem 0x80002000 0x00000001
core   0: 0x80000068 (0xff5ff06f) j       pc - 0xc
core   0: 3 0x80000068 (0xff5ff06f)
core   0: 0x8000005c (0x00100093) li      ra, 1
core   0: 3 0x8000005c (0x00100093) x1  0x00000001
core   0: 0x80000060 (0x00002f17) auipc   t5, 0x2
core   0: 3 0x80000060 (0x00002f17) x30 0x80002060
core   0: 0x80000064 (0xfa1f2023) sw      ra, -96(t5)
core   0: 3 0x80000064 (0xfa1f2023) mem 0x80002000 0x00000001
core   0: 0x80000068 (0xff5ff06f) j       pc - 0xc
core   0: 3 0x80000068 (0xff5ff06f)
core   0: 0x8000005c (0x00100093) li      ra, 1
core   0: 3 0x8000005c (0x00100093) x1  0x00000001
core   0: 0x80000060 (0x00002f17) auipc   t5, 0x2
core   0: 3 0x80000060 (0x00002f17) x30 0x80002060
core   0: 0x80000064 (0xfa1f2023) sw      ra, -96(t5)
core   0: 3 0x80000064 (0xfa1f2023) mem 0x80002000 0x00000001
core   0: 0x80000068 (0xff5ff06f) j       pc - 0xc
core   0: 3 0x80000068 (0xff5ff06f)
core   0: 0x8000005c (0x00100093) li      ra, 1
core   0: 3 0x8000005c (0x00100093) x1  0x00000001
core   0: 0x80000060 (0x00002f17) auipc   t5, 0x2
core   0: 3 0x80000060 (0x00002f17) x30 0x80002060
core   0: 0x80000064 (0xfa1f2023) sw      ra, -96(t5)
core   0: 3 0x80000064 (0xfa1f2023) mem 0x80002000 0x00000001
core   0: 0x80000068 (0xff5ff06f) j       pc - 0xc
core   0: 3 0x80000068 (0xff5ff06f)
core   0: 0x8000005c (0x00100093) li      ra, 1
core   0: 3 0x8000005c (0x00100093) x1  0x00000001
core   0: 0x80000060 (0x00002f17) auipc   t5, 0x2
core   0: 3 0x80000060 (0x00002f17) x30 0x80002060
core   0: 0x80000064 (0xfa1f2023) sw      ra, -96(t5)
core   0: 3 0x80000064 (0xfa1f2023) mem 0x80002000 0x00000001
core   0: 0x80000068 (0xff5ff06f) j       pc - 0xc
core   0: 3 0x80000068 (0xff5ff06f)
core   0: 0x8000005c (0x00100093) li      ra, 1
core   0: 3 0x8000005c (0x00100093) x1  0x00000001
core   0: 0x80000060 (0x00002f17) auipc   t5, 0x2
core   0: 3 0x80000060 (0x00002f17) x30 0x80002060
core   0: 0x80000064 (0xfa1f2023) sw      ra, -96(t5)
core   0: 3 0x80000064 (0xfa1f2023) mem 0x80002000 0x00000001
core   0: 0x80000068 (0xff5ff06f) j       pc - 0xc
core   0: 3 0x80000068 (0xff5ff06f)
core   0: 0x8000005c (0x00100093) li      ra, 1
core   0: 3 0x8000005c (0x00100093) x1  0x00000001
core   0: 0x80000060 (0x00002f17) auipc   t5, 0x2
core   0: 3 0x80000060 (0x00002f17) x30 0x80002060
core   0: 0x80000064 (0xfa1f2023) sw      ra, -96(t5)
core   0: 3 0x80000064 (0xfa1f2023) mem 0x80002000 0x00000001
core   0: 0x80000068 (0xff5ff06f) j       pc - 0xc
core   0: 3 0x80000068 (0xff5ff06f)
core   0: 0x8000005c (0x00100093) li      ra, 1
core   0: 3 0x8000005c (0x00100093) x1  0x00000001
core   0: 0x80000060 (0x00002f17) auipc   t5, 0x2
core   0: 3 0x80000060 (0x00002f17) x30 0x80002060
core   0: 0x80000064 (0xfa1f2023) sw      ra, -96(t5)
core   0: 3 0x80000064 (0xfa1f2023) mem 0x80002000 0x00000001
core   0: 0x80000068 (0xff5ff06f) j       pc - 0xc
core   0: 3 0x80000068 (0xff5ff06f)
core   0: 0x8000005c (0x00100093) li      ra, 1
core   0: 3 0x8000005c (0x00100093) x1  0x00000001
core   0: 0x80000060 (0x00002f17) auipc   t5, 0x2
core   0: 3 0x80000060 (0x00002f17) x30 0x80002060
core   0: 0x80000064 (0xfa1f2023) sw      ra, -96(t5)
core   0: 3 0x80000064 (0xfa1f2023) mem 0x80002000 0x00000001
core   0: 0x80000068 (0xff5ff06f) j       pc - 0xc
core   0: 3 0x80000068 (0xff5ff06f)
core   0: 0x8000005c (0x00100093) li      ra, 1
core   0: 3 0x8000005c (0x00100093) x1  0x00000001
core   0: 0x80000060 (0x00002f17) auipc   t5, 0x2
core   0: 3 0x80000060 (0x00002f17) x30 0x80002060
core   0: 0x80000064 (0xfa1f2023) sw      ra, -96(t5)
core   0: 3 0x80000064 (0xfa1f2023) mem 0x80002000 0x00000001
core   0: 0x80000068 (0xff5ff06f) j       pc - 0xc
core   0: 3 0x80000068 (0xff5ff06f)
core   0: 0x8000005c (0x00100093) li      ra, 1
core   0: 3 0x8000005c (0x00100093) x1  0x00000001
core   0: 0x80000060 (0x00002f17) auipc   t5, 0x2
core   0: 3 0x80000060 (0x00002f17) x30 0x80002060
core   0: 0x80000064 (0xfa1f2023) sw      ra, -96(t5)
core   0: 3 0x80000064 (0xfa1f2023) mem 0x80002000 0x00000001
core   0: 0x80000068 (0xff5ff06f) j       pc - 0xc
core   0: 3 0x80000068 (0xff5ff06f)
core   0: 0x8000005c (0x00100093) li      ra, 1
core   0: 3 0x8000005c (0x00100093) x1  0x00000001
core   0: 0x80000060 (0x00002f17) auipc   t5, 0x2
core   0: 3 0x80000060 (0x00002f17) x30 0x80002060
core   0: 0x80000064 (0xfa1f2023) sw      ra, -96(t5)
core   0: 3 0x80000064 (0xfa1f2023) mem 0x80002000 0x00000001
core   0: 0x80000068 (0xff5ff06f) j       pc - 0xc
core   0: 3 0x80000068 (0xff5ff06f)
core   0: 0x8000005c (0x00100093) li      ra, 1
core   0: 3 0x8000005c (0x00100093) x1  0x00000001
core   0: 0x80000060 (0x00002f17) auipc   t5, 0x2
core   0: 3 0x80000060 (0x00002f17) x30 0x80002060
core   0: 0x80000064 (0xfa1f2023) sw      ra, -96(t5)
core   0: 3 0x80000064 (0xfa1f2023) mem 0x80002000 0x00000001
core   0: 0x80000068 (0xff5ff06f) j       pc - 0xc
core   0: 3 0x80000068 (0xff5ff06f)
core   0: 0x8000005c (0x00100093) li      ra, 1
core   0: 3 0x8000005c (0x00100093) x1  0x00000001
core   0: 0x80000060 (0x00002f17) auipc   t5, 0x2
core   0: 3 0x80000060 (0x00002f17) x30 0x80002060
core   0: 0x80000064 (0xfa1f2023) sw      ra, -96(t5)
core   0: 3 0x80000064 (0xfa1f2023) mem 0x80002000 0x00000001
core   0: 0x80000068 (0xff5ff06f) j       pc - 0xc
core   0: 3 0x80000068 (0xff5ff06f)
core   0: 0x8000005c (0x00100093) li      ra, 1
core   0: 3 0x8000005c (0x00100093) x1  0x00000001
core   0: 0x80000060 (0x00002f17) auipc   t5, 0x2
core   0: 3 0x80000060 (0x00002f17) x30 0x80002060
core   0: 0x80000064 (0xfa1f2023) sw      ra, -96(t5)
core   0: 3 0x80000064 (0xfa1f2023) mem 0x80002000 0x00000001
core   0: 0x80000068 (0xff5ff06f) j       pc - 0xc
core   0: 3 0x80000068 (0xff5ff06f)
core   0: 0x8000005c (0x00100093) li      ra, 1
core   0: 3 0x8000005c (0x00100093) x1  0x00000001
core   0: 0x80000060 (0x00002f17) auipc   t5, 0x2
core   0: 3 0x80000060 (0x00002f17) x30 0x80002060
core   0: 0x80000064 (0xfa1f2023) sw      ra, -96(t5)
core   0: 3 0x80000064 (0xfa1f2023) mem 0x80002000 0x00000001
core   0: 0x80000068 (0xff5ff06f) j       pc - 0xc
core   0: 3 0x80000068 (0xff5ff06f)
core   0: 0x8000005c (0x00100093) li      ra, 1
core   0: 3 0x8000005c (0x00100093) x1  0x00000001
core   0: 0x80000060 (0x00002f17) auipc   t5, 0x2
core   0: 3 0x80000060 (0x00002f17) x30 0x80002060
core   0: 0x80000064 (0xfa1f2023) sw      ra, -96(t5)
core   0: 3 0x80000064 (0xfa1f2023) mem 0x80002000 0x00000001
core   0: 0x80000068 (0xff5ff06f) j       pc - 0xc
core   0: 3 0x80000068 (0xff5ff06f)
core   0: 0x8000005c (0x00100093) li      ra, 1
core   0: 3 0x8000005c (0x00100093) x1  0x00000001
core   0: 0x80000060 (0x00002f17) auipc   t5, 0x2
core   0: 3 0x80000060 (0x00002f17) x30 0x80002060
core   0: 0x80000064 (0xfa1f2023) sw      ra, -96(t5)
core   0: 3 0x80000064 (0xfa1f2023) mem 0x80002000 0x00000001
core   0: 0x80000068 (0xff5ff06f) j       pc - 0xc
core   0: 3 0x80000068 (0xff5ff06f)
core   0: 0x8000005c (0x00100093) li      ra, 1
core   0: 3 0x8000005c (0x00100093) x1  0x00000001
core   0: 0x80000060 (0x00002f17) auipc   t5, 0x2
core   0: 3 0x80000060 (0x00002f17) x30 0x80002060
core   0: 0x80000064 (0xfa1f2023) sw      ra, -96(t5)
core   0: 3 0x80000064 (0xfa1f2023) mem 0x80002000 0x00000001
core   0: 0x80000068 (0xff5ff06f) j       pc - 0xc
core   0: 3 0x80000068 (0xff5ff06f)
core   0: 0x8000005c (0x00100093) li      ra, 1
core   0: 3 0x8000005c (0x00100093) x1  0x00000001
core   0: 0x80000060 (0x00002f17) auipc   t5, 0x2
core   0: 3 0x80000060 (0x00002f17) x30 0x80002060
core   0: 0x80000064 (0xfa1f2023) sw      ra, -96(t5)
core   0: 3 0x80000064 (0xfa1f2023) mem 0x80002000 0x00000001
core   0: 0x80000068 (0xff5ff06f) j       pc - 0xc
core   0: 3 0x80000068 (0xff5ff06f)
core   0: 0x8000005c (0x00100093) li      ra, 1
core   0: 3 0x8000005c (0x00100093) x1  0x00000001
core   0: 0x80000060 (0x00002f17) auipc   t5, 0x2
core   0: 3 0x80000060 (0x00002f17) x30 0x80002060
core   0: 0x80000064 (0xfa1f2023) sw      ra, -96(t5)
core   0: 3 0x80000064 (0xfa1f2023) mem 0x80002000 0x00000001
core   0: 0x80000068 (0xff5ff06f) j       pc - 0xc
core   0: 3 0x80000068 (0xff5ff06f)
core   0: 0x8000005c (0x00100093) li      ra, 1
core   0: 3 0x8000005c (0x00100093) x1  0x00000001
core   0: 0x80000060 (0x00002f17) auipc   t5, 0x2
core   0: 3 0x80000060 (0x00002f17) x30 0x80002060
core   0: 0x80000064 (0xfa1f2023) sw      ra, -96(t5)
core   0: 3 0x80000064 (0xfa1f2023) mem 0x80002000 0x00000001
core   0: 0x80000068 (0xff5ff06f) j       pc - 0xc
core   0: 3 0x80000068 (0xff5ff06f)
core   0: 0x8000005c (0x00100093) li      ra, 1
core   0: 3 0x8000005c (0x00100093) x1  0x00000001
core   0: 0x80000060 (0x00002f17) auipc   t5, 0x2
core   0: 3 0x80000060 (0x00002f17) x30 0x80002060
core   0: 0x80000064 (0xfa1f2023) sw      ra, -96(t5)
core   0: 3 0x80000064 (0xfa1f2023) mem 0x80002000 0x00000001
core   0: 0x80000068 (0xff5ff06f) j       pc - 0xc
core   0: 3 0x80000068 (0xff5ff06f)
core   0: 0x8000005c (0x00100093) li      ra, 1
core   0: 3 0x8000005c (0x00100093) x1  0x00000001
core   0: 0x80000060 (0x00002f17) auipc   t5, 0x2
core   0: 3 0x80000060 (0x00002f17) x30 0x80002060
core   0: 0x80000064 (0xfa1f2023) sw      ra, -96(t5)
core   0: 3 0x80000064 (0xfa1f2023) mem 0x80002000 0x00000001
core   0: 0x80000068 (0xff5ff06f) j       pc - 0xc
core   0: 3 0x80000068 (0xff5ff06f)
core   0: 0x8000005c (0x00100093) li      ra, 1
core   0: 3 0x8000005c (0x00100093) x1  0x00000001
core   0: 0x80000060 (0x00002f17) auipc   t5, 0x2
core   0: 3 0x80000060 (0x00002f17) x30 0x80002060
core   0: 0x80000064 (0xfa1f2023) sw      ra, -96(t5)
core   0: 3 0x80000064 (0xfa1f2023) mem 0x80002000 0x00000001
core   0: 0x80000068 (0xff5ff06f) j       pc - 0xc
core   0: 3 0x80000068 (0xff5ff06f)
core   0: 0x8000005c (0x00100093) li      ra, 1
core   0: 3 0x8000005c (0x00100093) x1  0x00000001
core   0: 0x80000060 (0x00002f17) auipc   t5, 0x2
core   0: 3 0x80000060 (0x00002f17) x30 0x80002060
core   0: 0x80000064 (0xfa1f2023) sw      ra, -96(t5)
core   0: 3 0x80000064 (0xfa1f2023) mem 0x80002000 0x00000001
core   0: 0x80000068 (0xff5ff06f) j       pc - 0xc
core   0: 3 0x80000068 (0xff5ff06f)
core   0: 0x8000005c (0x00100093) li      ra, 1
core   0: 3 0x8000005c (0x00100093) x1  0x00000001
core   0: 0x80000060 (0x00002f17) auipc   t5, 0x2
core   0: 3 0x80000060 (0x00002f17) x30 0x80002060
core   0: 0x80000064 (0xfa1f2023) sw      ra, -96(t5)
core   0: 3 0x80000064 (0xfa1f2023) mem 0x80002000 0x00000001
core   0: 0x80000068 (0xff5ff06f) j       pc - 0xc
core   0: 3 0x80000068 (0xff5ff06f)
core   0: 0x8000005c (0x00100093) li      ra, 1
core   0: 3 0x8000005c (0x00100093) x1  0x00000001
core   0: 0x80000060 (0x00002f17) auipc   t5, 0x2
core   0: 3 0x80000060 (0x00002f17) x30 0x80002060
core   0: 0x80000064 (0xfa1f2023) sw      ra, -96(t5)
core   0: 3 0x80000064 (0xfa1f2023) mem 0x80002000 0x00000001
core   0: 0x80000068 (0xff5ff06f) j       pc - 0xc
core   0: 3 0x80000068 (0xff5ff06f)
core   0: 0x8000005c (0x00100093) li      ra, 1
core   0: 3 0x8000005c (0x00100093) x1  0x00000001
core   0: 0x80000060 (0x00002f17) auipc   t5, 0x2
core   0: 3 0x80000060 (0x00002f17) x30 0x80002060
core   0: 0x80000064 (0xfa1f2023) sw      ra, -96(t5)
core   0: 3 0x80000064 (0xfa1f2023) mem 0x80002000 0x00000001
core   0: 0x80000068 (0xff5ff06f) j       pc - 0xc
core   0: 3 0x80000068 (0xff5ff06f)
core   0: 0x8000005c (0x00100093) li      ra, 1
core   0: 3 0x8000005c (0x00100093) x1  0x00000001
core   0: 0x80000060 (0x00002f17) auipc   t5, 0x2
core   0: 3 0x80000060 (0x00002f17) x30 0x80002060
core   0: 0x80000064 (0xfa1f2023) sw      ra, -96(t5)
core   0: 3 0x80000064 (0xfa1f2023) mem 0x80002000 0x00000001
core   0: 0x80000068 (0xff5ff06f) j       pc - 0xc
core   0: 3 0x80000068 (0xff5ff06f)
core   0: 0x8000005c (0x00100093) li      ra, 1
core   0: 3 0x8000005c (0x00100093) x1  0x00000001
core   0: 0x80000060 (0x00002f17) auipc   t5, 0x2
core   0: 3 0x80000060 (0x00002f17) x30 0x80002060
core   0: 0x80000064 (0xfa1f2023) sw      ra, -96(t5)
core   0: 3 0x80000064 (0xfa1f2023) mem 0x80002000 0x00000001
core   0: 0x80000068 (0xff5ff06f) j       pc - 0xc
core   0: 3 0x80000068 (0xff5ff06f)
core   0: 0x8000005c (0x00100093) li      ra, 1
core   0: 3 0x8000005c (0x00100093) x1  0x00000001
core   0: 0x80000060 (0x00002f17) auipc   t5, 0x2
core   0: 3 0x80000060 (0x00002f17) x30 0x80002060
core   0: 0x80000064 (0xfa1f2023) sw      ra, -96(t5)
core   0: 3 0x80000064 (0xfa1f2023) mem 0x80002000 0x00000001
core   0: 0x80000068 (0xff5ff06f) j       pc - 0xc
core   0: 3 0x80000068 (0xff5ff06f)
core   0: 0x8000005c (0x00100093) li      ra, 1
core   0: 3 0x8000005c (0x00100093) x1  0x00000001
core   0: 0x80000060 (0x00002f17) auipc   t5, 0x2
core   0: 3 0x80000060 (0x00002f17) x30 0x80002060
core   0: 0x80000064 (0xfa1f2023) sw      ra, -96(t5)
core   0: 3 0x80000064 (0xfa1f2023) mem 0x80002000 0x00000001
core   0: 0x80000068 (0xff5ff06f) j       pc - 0xc
core   0: 3 0x80000068 (0xff5ff06f)
core   0: 0x8000005c (0x00100093) li      ra, 1
core   0: 3 0x8000005c (0x00100093) x1  0x00000001
core   0: 0x80000060 (0x00002f17) auipc   t5, 0x2
core   0: 3 0x80000060 (0x00002f17) x30 0x80002060
core   0: 0x80000064 (0xfa1f2023) sw      ra, -96(t5)
core   0: 3 0x80000064 (0xfa1f2023) mem 0x80002000 0x00000001
core   0: 0x80000068 (0xff5ff06f) j       pc - 0xc
core   0: 3 0x80000068 (0xff5ff06f)
core   0: 0x8000005c (0x00100093) li      ra, 1
core   0: 3 0x8000005c (0x00100093) x1  0x00000001
core   0: 0x80000060 (0x00002f17) auipc   t5, 0x2
core   0: 3 0x80000060 (0x00002f17) x30 0x80002060
core   0: 0x80000064 (0xfa1f2023) sw      ra, -96(t5)
core   0: 3 0x80000064 (0xfa1f2023) mem 0x80002000 0x00000001
core   0: 0x80000068 (0xff5ff06f) j       pc - 0xc
core   0: 3 0x80000068 (0xff5ff06f)
core   0: 0x8000005c (0x00100093) li      ra, 1
core   0: 3 0x8000005c (0x00100093) x1  0x00000001
core   0: 0x80000060 (0x00002f17) auipc   t5, 0x2
core   0: 3 0x80000060 (0x00002f17) x30 0x80002060
core   0: 0x80000064 (0xfa1f2023) sw      ra, -96(t5)
core   0: 3 0x80000064 (0xfa1f2023) mem 0x80002000 0x00000001
core   0: 0x80000068 (0xff5ff06f) j       pc - 0xc
core   0: 3 0x80000068 (0xff5ff06f)
core   0: 0x8000005c (0x00100093) li      ra, 1
core   0: 3 0x8000005c (0x00100093) x1  0x00000001
core   0: 0x80000060 (0x00002f17) auipc   t5, 0x2
core   0: 3 0x80000060 (0x00002f17) x30 0x80002060
core   0: 0x80000064 (0xfa1f2023) sw      ra, -96(t5)
core   0: 3 0x80000064 (0xfa1f2023) mem 0x80002000 0x00000001
core   0: 0x80000068 (0xff5ff06f) j       pc - 0xc
core   0: 3 0x80000068 (0xff5ff06f)
core   0: 0x8000005c (0x00100093) li      ra, 1
core   0: 3 0x8000005c (0x00100093) x1  0x00000001
core   0: 0x80000060 (0x00002f17) auipc   t5, 0x2
core   0: 3 0x80000060 (0x00002f17) x30 0x80002060
core   0: 0x80000064 (0xfa1f2023) sw      ra, -96(t5)
core   0: 3 0x80000064 (0xfa1f2023) mem 0x80002000 0x00000001
core   0: 0x80000068 (0xff5ff06f) j       pc - 0xc
core   0: 3 0x80000068 (0xff5ff06f)
core   0: 0x8000005c (0x00100093) li      ra, 1
core   0: 3 0x8000005c (0x00100093) x1  0x00000001
core   0: 0x80000060 (0x00002f17) auipc   t5, 0x2
core   0: 3 0x80000060 (0x00002f17) x30 0x80002060
core   0: 0x80000064 (0xfa1f2023) sw      ra, -96(t5)
core   0: 3 0x80000064 (0xfa1f2023) mem 0x80002000 0x00000001
core   0: 0x80000068 (0xff5ff06f) j       pc - 0xc
core   0: 3 0x80000068 (0xff5ff06f)
core   0: 0x8000005c (0x00100093) li      ra, 1
core   0: 3 0x8000005c (0x00100093) x1  0x00000001
core   0: 0x80000060 (0x00002f17) auipc   t5, 0x2
core   0: 3 0x80000060 (0x00002f17) x30 0x80002060
core   0: 0x80000064 (0xfa1f2023) sw      ra, -96(t5)
core   0: 3 0x80000064 (0xfa1f2023) mem 0x80002000 0x00000001
core   0: 0x80000068 (0xff5ff06f) j       pc - 0xc
core   0: 3 0x80000068 (0xff5ff06f)
core   0: 0x8000005c (0x00100093) li      ra, 1
core   0: 3 0x8000005c (0x00100093) x1  0x00000001
core   0: 0x80000060 (0x00002f17) auipc   t5, 0x2
core   0: 3 0x80000060 (0x00002f17) x30 0x80002060
core   0: 0x80000064 (0xfa1f2023) sw      ra, -96(t5)
core   0: 3 0x80000064 (0xfa1f2023) mem 0x80002000 0x00000001
core   0: 0x80000068 (0xff5ff06f) j       pc - 0xc
core   0: 3 0x80000068 (0xff5ff06f)
core   0: 0x8000005c (0x00100093) li      ra, 1
core   0: 3 0x8000005c (0x00100093) x1  0x00000001
core   0: 0x80000060 (0x00002f17) auipc   t5, 0x2
core   0: 3 0x80000060 (0x00002f17) x30 0x80002060
core   0: 0x80000064 (0xfa1f2023) sw      ra, -96(t5)
core   0: 3 0x80000064 (0xfa1f2023) mem 0x80002000 0x00000001
core   0: 0x80000068 (0xff5ff06f) j       pc - 0xc
core   0: 3 0x80000068 (0xff5ff06f)
core   0: 0x8000005c (0x00100093) li      ra, 1
core   0: 3 0x8000005c (0x00100093) x1  0x00000001
core   0: 0x80000060 (0x00002f17) auipc   t5, 0x2
core   0: 3 0x80000060 (0x00002f17) x30 0x80002060
core   0: 0x80000064 (0xfa1f2023) sw      ra, -96(t5)
core   0: 3 0x80000064 (0xfa1f2023) mem 0x80002000 0x00000001
core   0: 0x80000068 (0xff5ff06f) j       pc - 0xc
core   0: 3 0x80000068 (0xff5ff06f)
core   0: 0x8000005c (0x00100093) li      ra, 1
core   0: 3 0x8000005c (0x00100093) x1  0x00000001
core   0: 0x80000060 (0x00002f17) auipc   t5, 0x2
core   0: 3 0x80000060 (0x00002f17) x30 0x80002060
core   0: 0x80000064 (0xfa1f2023) sw      ra, -96(t5)
core   0: 3 0x80000064 (0xfa1f2023) mem 0x80002000 0x00000001
core   0: 0x80000068 (0xff5ff06f) j       pc - 0xc
core   0: 3 0x80000068 (0xff5ff06f)
core   0: 0x8000005c (0x00100093) li      ra, 1
core   0: 3 0x8000005c (0x00100093) x1  0x00000001
core   0: 0x80000060 (0x00002f17) auipc   t5, 0x2
core   0: 3 0x80000060 (0x00002f17) x30 0x80002060
core   0: 0x80000064 (0xfa1f2023) sw      ra, -96(t5)
core   0: 3 0x80000064 (0xfa1f2023) mem 0x80002000 0x00000001
core   0: 0x80000068 (0xff5ff06f) j       pc - 0xc
core   0: 3 0x80000068 (0xff5ff06f)
core   0: 0x8000005c (0x00100093) li      ra, 1
core   0: 3 0x8000005c (0x00100093) x1  0x00000001
core   0: 0x80000060 (0x00002f17) auipc   t5, 0x2
core   0: 3 0x80000060 (0x00002f17) x30 0x80002060
core   0: 0x80000064 (0xfa1f2023) sw      ra, -96(t5)
core   0: 3 0x80000064 (0xfa1f2023) mem 0x80002000 0x00000001
core   0: 0x80000068 (0xff5ff06f) j       pc - 0xc
core   0: 3 0x80000068 (0xff5ff06f)
core   0: 0x8000005c (0x00100093) li      ra, 1
core   0: 3 0x8000005c (0x00100093) x1  0x00000001
core   0: 0x80000060 (0x00002f17) auipc   t5, 0x2
core   0: 3 0x80000060 (0x00002f17) x30 0x80002060
core   0: 0x80000064 (0xfa1f2023) sw      ra, -96(t5)
core   0: 3 0x80000064 (0xfa1f2023) mem 0x80002000 0x00000001
core   0: 0x80000068 (0xff5ff06f) j       pc - 0xc
core   0: 3 0x80000068 (0xff5ff06f)
core   0: 0x8000005c (0x00100093) li      ra, 1
core   0: 3 0x8000005c (0x00100093) x1  0x00000001
core   0: 0x80000060 (0x00002f17) auipc   t5, 0x2
core   0: 3 0x80000060 (0x00002f17) x30 0x80002060
core   0: 0x80000064 (0xfa1f2023) sw      ra, -96(t5)
core   0: 3 0x80000064 (0xfa1f2023) mem 0x80002000 0x00000001
core   0: 0x80000068 (0xff5ff06f) j       pc - 0xc
core   0: 3 0x80000068 (0xff5ff06f)
core   0: 0x8000005c (0x00100093) li      ra, 1
core   0: 3 0x8000005c (0x00100093) x1  0x00000001
core   0: 0x80000060 (0x00002f17) auipc   t5, 0x2
core   0: 3 0x80000060 (0x00002f17) x30 0x80002060
core   0: 0x80000064 (0xfa1f2023) sw      ra, -96(t5)
core   0: 3 0x80000064 (0xfa1f2023) mem 0x80002000 0x00000001
core   0: 0x80000068 (0xff5ff06f) j       pc - 0xc
core   0: 3 0x80000068 (0xff5ff06f)
core   0: 0x8000005c (0x00100093) li      ra, 1
core   0: 3 0x8000005c (0x00100093) x1  0x00000001
core   0: 0x80000060 (0x00002f17) auipc   t5, 0x2
core   0: 3 0x80000060 (0x00002f17) x30 0x80002060
core   0: 0x80000064 (0xfa1f2023) sw      ra, -96(t5)
core   0: 3 0x80000064 (0xfa1f2023) mem 0x80002000 0x00000001
core   0: 0x80000068 (0xff5ff06f) j       pc - 0xc
core   0: 3 0x80000068 (0xff5ff06f)
core   0: 0x8000005c (0x00100093) li      ra, 1
core   0: 3 0x8000005c (0x00100093) x1  0x00000001
core   0: 0x80000060 (0x00002f17) auipc   t5, 0x2
core   0: 3 0x80000060 (0x00002f17) x30 0x80002060
core   0: 0x80000064 (0xfa1f2023) sw      ra, -96(t5)
core   0: 3 0x80000064 (0xfa1f2023) mem 0x80002000 0x00000001
core   0: 0x80000068 (0xff5ff06f) j       pc - 0xc
core   0: 3 0x80000068 (0xff5ff06f)
core   0: 0x8000005c (0x00100093) li      ra, 1
core   0: 3 0x8000005c (0x00100093) x1  0x00000001
core   0: 0x80000060 (0x00002f17) auipc   t5, 0x2
core   0: 3 0x80000060 (0x00002f17) x30 0x80002060
core   0: 0x80000064 (0xfa1f2023) sw      ra, -96(t5)
core   0: 3 0x80000064 (0xfa1f2023) mem 0x80002000 0x00000001
core   0: 0x80000068 (0xff5ff06f) j       pc - 0xc
core   0: 3 0x80000068 (0xff5ff06f)
core   0: 0x8000005c (0x00100093) li      ra, 1
core   0: 3 0x8000005c (0x00100093) x1  0x00000001
core   0: 0x80000060 (0x00002f17) auipc   t5, 0x2
core   0: 3 0x80000060 (0x00002f17) x30 0x80002060
core   0: 0x80000064 (0xfa1f2023) sw      ra, -96(t5)
core   0: 3 0x80000064 (0xfa1f2023) mem 0x80002000 0x00000001
core   0: 0x80000068 (0xff5ff06f) j       pc - 0xc
core   0: 3 0x80000068 (0xff5ff06f)
core   0: 0x8000005c (0x00100093) li      ra, 1
core   0: 3 0x8000005c (0x00100093) x1  0x00000001
core   0: 0x80000060 (0x00002f17) auipc   t5, 0x2
core   0: 3 0x80000060 (0x00002f17) x30 0x80002060
core   0: 0x80000064 (0xfa1f2023) sw      ra, -96(t5)
core   0: 3 0x80000064 (0xfa1f2023) mem 0x80002000 0x00000001
core   0: 0x80000068 (0xff5ff06f) j       pc - 0xc
core   0: 3 0x80000068 (0xff5ff06f)
core   0: 0x8000005c (0x00100093) li      ra, 1
core   0: 3 0x8000005c (0x00100093) x1  0x00000001
core   0: 0x80000060 (0x00002f17) auipc   t5, 0x2
core   0: 3 0x80000060 (0x00002f17) x30 0x80002060
core   0: 0x80000064 (0xfa1f2023) sw      ra, -96(t5)
core   0: 3 0x80000064 (0xfa1f2023) mem 0x80002000 0x00000001
core   0: 0x80000068 (0xff5ff06f) j       pc - 0xc
core   0: 3 0x80000068 (0xff5ff06f)
core   0: 0x8000005c (0x00100093) li      ra, 1
core   0: 3 0x8000005c (0x00100093) x1  0x00000001
core   0: 0x80000060 (0x00002f17) auipc   t5, 0x2
core   0: 3 0x80000060 (0x00002f17) x30 0x80002060
core   0: 0x80000064 (0xfa1f2023) sw      ra, -96(t5)
core   0: 3 0x80000064 (0xfa1f2023) mem 0x80002000 0x00000001
core   0: 0x80000068 (0xff5ff06f) j       pc - 0xc
core   0: 3 0x80000068 (0xff5ff06f)
core   0: 0x8000005c (0x00100093) li      ra, 1
core   0: 3 0x8000005c (0x00100093) x1  0x00000001
core   0: 0x80000060 (0x00002f17) auipc   t5, 0x2
core   0: 3 0x80000060 (0x00002f17) x30 0x80002060
core   0: 0x80000064 (0xfa1f2023) sw      ra, -96(t5)
core   0: 3 0x80000064 (0xfa1f2023) mem 0x80002000 0x00000001
core   0: 0x80000068 (0xff5ff06f) j       pc - 0xc
core   0: 3 0x80000068 (0xff5ff06f)
core   0: 0x8000005c (0x00100093) li      ra, 1
core   0: 3 0x8000005c (0x00100093) x1  0x00000001
core   0: 0x80000060 (0x00002f17) auipc   t5, 0x2
core   0: 3 0x80000060 (0x00002f17) x30 0x80002060
core   0: 0x80000064 (0xfa1f2023) sw      ra, -96(t5)
core   0: 3 0x80000064 (0xfa1f2023) mem 0x80002000 0x00000001
core   0: 0x80000068 (0xff5ff06f) j       pc - 0xc
core   0: 3 0x80000068 (0xff5ff06f)
core   0: 0x8000005c (0x00100093) li      ra, 1
core   0: 3 0x8000005c (0x00100093) x1  0x00000001
core   0: 0x80000060 (0x00002f17) auipc   t5, 0x2
core   0: 3 0x80000060 (0x00002f17) x30 0x80002060
core   0: 0x80000064 (0xfa1f2023) sw      ra, -96(t5)
core   0: 3 0x80000064 (0xfa1f2023) mem 0x80002000 0x00000001
core   0: 0x80000068 (0xff5ff06f) j       pc - 0xc
core   0: 3 0x80000068 (0xff5ff06f)
core   0: 0x8000005c (0x00100093) li      ra, 1
core   0: 3 0x8000005c (0x00100093) x1  0x00000001
core   0: 0x80000060 (0x00002f17) auipc   t5, 0x2
core   0: 3 0x80000060 (0x00002f17) x30 0x80002060
core   0: 0x80000064 (0xfa1f2023) sw      ra, -96(t5)
core   0: 3 0x80000064 (0xfa1f2023) mem 0x80002000 0x00000001
core   0: 0x80000068 (0xff5ff06f) j       pc - 0xc
core   0: 3 0x80000068 (0xff5ff06f)
core   0: 0x8000005c (0x00100093) li      ra, 1
core   0: 3 0x8000005c (0x00100093) x1  0x00000001
core   0: 0x80000060 (0x00002f17) auipc   t5, 0x2
core   0: 3 0x80000060 (0x00002f17) x30 0x80002060
core   0: 0x80000064 (0xfa1f2023) sw      ra, -96(t5)
core   0: 3 0x80000064 (0xfa1f2023) mem 0x80002000 0x00000001
core   0: 0x80000068 (0xff5ff06f) j       pc - 0xc
core   0: 3 0x80000068 (0xff5ff06f)
core   0: 0x8000005c (0x00100093) li      ra, 1
core   0: 3 0x8000005c (0x00100093) x1  0x00000001
core   0: 0x80000060 (0x00002f17) auipc   t5, 0x2
core   0: 3 0x80000060 (0x00002f17) x30 0x80002060
core   0: 0x80000064 (0xfa1f2023) sw      ra, -96(t5)
core   0: 3 0x80000064 (0xfa1f2023) mem 0x80002000 0x00000001
core   0: 0x80000068 (0xff5ff06f) j       pc - 0xc
core   0: 3 0x80000068 (0xff5ff06f)
core   0: 0x8000005c (0x00100093) li      ra, 1
core   0: 3 0x8000005c (0x00100093) x1  0x00000001
core   0: 0x80000060 (0x00002f17) auipc   t5, 0x2
core   0: 3 0x80000060 (0x00002f17) x30 0x80002060
core   0: 0x80000064 (0xfa1f2023) sw      ra, -96(t5)
core   0: 3 0x80000064 (0xfa1f2023) mem 0x80002000 0x00000001
core   0: 0x80000068 (0xff5ff06f) j       pc - 0xc
core   0: 3 0x80000068 (0xff5ff06f)
core   0: 0x8000005c (0x00100093) li      ra, 1
core   0: 3 0x8000005c (0x00100093) x1  0x00000001
core   0: 0x80000060 (0x00002f17) auipc   t5, 0x2
core   0: 3 0x80000060 (0x00002f17) x30 0x80002060
core   0: 0x80000064 (0xfa1f2023) sw      ra, -96(t5)
core   0: 3 0x80000064 (0xfa1f2023) mem 0x80002000 0x00000001
core   0: 0x80000068 (0xff5ff06f) j       pc - 0xc
core   0: 3 0x80000068 (0xff5ff06f)
core   0: 0x8000005c (0x00100093) li      ra, 1
core   0: 3 0x8000005c (0x00100093) x1  0x00000001
core   0: 0x80000060 (0x00002f17) auipc   t5, 0x2
core   0: 3 0x80000060 (0x00002f17) x30 0x80002060
core   0: 0x80000064 (0xfa1f2023) sw      ra, -96(t5)
core   0: 3 0x80000064 (0xfa1f2023) mem 0x80002000 0x00000001
core   0: 0x80000068 (0xff5ff06f) j       pc - 0xc
core   0: 3 0x80000068 (0xff5ff06f)
core   0: 0x8000005c (0x00100093) li      ra, 1
core   0: 3 0x8000005c (0x00100093) x1  0x00000001
core   0: 0x80000060 (0x00002f17) auipc   t5, 0x2
core   0: 3 0x80000060 (0x00002f17) x30 0x80002060
core   0: 0x80000064 (0xfa1f2023) sw      ra, -96(t5)
core   0: 3 0x80000064 (0xfa1f2023) mem 0x80002000 0x00000001
core   0: 0x80000068 (0xff5ff06f) j       pc - 0xc
core   0: 3 0x80000068 (0xff5ff06f)
core   0: 0x8000005c (0x00100093) li      ra, 1
core   0: 3 0x8000005c (0x00100093) x1  0x00000001
core   0: 0x80000060 (0x00002f17) auipc   t5, 0x2
core   0: 3 0x80000060 (0x00002f17) x30 0x80002060
core   0: 0x80000064 (0xfa1f2023) sw      ra, -96(t5)
core   0: 3 0x80000064 (0xfa1f2023) mem 0x80002000 0x00000001
core   0: 0x80000068 (0xff5ff06f) j       pc - 0xc
core   0: 3 0x80000068 (0xff5ff06f)
core   0: 0x8000005c (0x00100093) li      ra, 1
core   0: 3 0x8000005c (0x00100093) x1  0x00000001
core   0: 0x80000060 (0x00002f17) auipc   t5, 0x2
core   0: 3 0x80000060 (0x00002f17) x30 0x80002060
core   0: 0x80000064 (0xfa1f2023) sw      ra, -96(t5)
core   0: 3 0x80000064 (0xfa1f2023) mem 0x80002000 0x00000001
core   0: 0x80000068 (0xff5ff06f) j       pc - 0xc
core   0: 3 0x80000068 (0xff5ff06f)
core   0: 0x8000005c (0x00100093) li      ra, 1
core   0: 3 0x8000005c (0x00100093) x1  0x00000001
core   0: 0x80000060 (0x00002f17) auipc   t5, 0x2
core   0: 3 0x80000060 (0x00002f17) x30 0x80002060
core   0: 0x80000064 (0xfa1f2023) sw      ra, -96(t5)
core   0: 3 0x80000064 (0xfa1f2023) mem 0x80002000 0x00000001
core   0: 0x80000068 (0xff5ff06f) j       pc - 0xc
core   0: 3 0x80000068 (0xff5ff06f)
core   0: 0x8000005c (0x00100093) li      ra, 1
core   0: 3 0x8000005c (0x00100093) x1  0x00000001
core   0: 0x80000060 (0x00002f17) auipc   t5, 0x2
core   0: 3 0x80000060 (0x00002f17) x30 0x80002060
core   0: 0x80000064 (0xfa1f2023) sw      ra, -96(t5)
core   0: 3 0x80000064 (0xfa1f2023) mem 0x80002000 0x00000001
core   0: 0x80000068 (0xff5ff06f) j       pc - 0xc
core   0: 3 0x80000068 (0xff5ff06f)
core   0: 0x8000005c (0x00100093) li      ra, 1
core   0: 3 0x8000005c (0x00100093) x1  0x00000001
core   0: 0x80000060 (0x00002f17) auipc   t5, 0x2
core   0: 3 0x80000060 (0x00002f17) x30 0x80002060
core   0: 0x80000064 (0xfa1f2023) sw      ra, -96(t5)
core   0: 3 0x80000064 (0xfa1f2023) mem 0x80002000 0x00000001
core   0: 0x80000068 (0xff5ff06f) j       pc - 0xc
core   0: 3 0x80000068 (0xff5ff06f)
core   0: 0x8000005c (0x00100093) li      ra, 1
core   0: 3 0x8000005c (0x00100093) x1  0x00000001
core   0: 0x80000060 (0x00002f17) auipc   t5, 0x2
core   0: 3 0x80000060 (0x00002f17) x30 0x80002060
core   0: 0x80000064 (0xfa1f2023) sw      ra, -96(t5)
core   0: 3 0x80000064 (0xfa1f2023) mem 0x80002000 0x00000001
core   0: 0x80000068 (0xff5ff06f) j       pc - 0xc
core   0: 3 0x80000068 (0xff5ff06f)
core   0: 0x8000005c (0x00100093) li      ra, 1
core   0: 3 0x8000005c (0x00100093) x1  0x00000001
core   0: 0x80000060 (0x00002f17) auipc   t5, 0x2
core   0: 3 0x80000060 (0x00002f17) x30 0x80002060
core   0: 0x80000064 (0xfa1f2023) sw      ra, -96(t5)
core   0: 3 0x80000064 (0xfa1f2023) mem 0x80002000 0x00000001
core   0: 0x80000068 (0xff5ff06f) j       pc - 0xc
core   0: 3 0x80000068 (0xff5ff06f)
core   0: 0x8000005c (0x00100093) li      ra, 1
core   0: 3 0x8000005c (0x00100093) x1  0x00000001
core   0: 0x80000060 (0x00002f17) auipc   t5, 0x2
core   0: 3 0x80000060 (0x00002f17) x30 0x80002060
core   0: 0x80000064 (0xfa1f2023) sw      ra, -96(t5)
core   0: 3 0x80000064 (0xfa1f2023) mem 0x80002000 0x00000001
core   0: 0x80000068 (0xff5ff06f) j       pc - 0xc
core   0: 3 0x80000068 (0xff5ff06f)
core   0: 0x8000005c (0x00100093) li      ra, 1
core   0: 3 0x8000005c (0x00100093) x1  0x00000001
core   0: 0x80000060 (0x00002f17) auipc   t5, 0x2
core   0: 3 0x80000060 (0x00002f17) x30 0x80002060
core   0: 0x80000064 (0xfa1f2023) sw      ra, -96(t5)
core   0: 3 0x80000064 (0xfa1f2023) mem 0x80002000 0x00000001
core   0: 0x80000068 (0xff5ff06f) j       pc - 0xc
core   0: 3 0x80000068 (0xff5ff06f)
core   0: 0x8000005c (0x00100093) li      ra, 1
core   0: 3 0x8000005c (0x00100093) x1  0x00000001
core   0: 0x80000060 (0x00002f17) auipc   t5, 0x2
core   0: 3 0x80000060 (0x00002f17) x30 0x80002060
core   0: 0x80000064 (0xfa1f2023) sw      ra, -96(t5)
core   0: 3 0x80000064 (0xfa1f2023) mem 0x80002000 0x00000001
core   0: 0x80000068 (0xff5ff06f) j       pc - 0xc
core   0: 3 0x80000068 (0xff5ff06f)
core   0: 0x8000005c (0x00100093) li      ra, 1
core   0: 3 0x8000005c (0x00100093) x1  0x00000001
core   0: 0x80000060 (0x00002f17) auipc   t5, 0x2
core   0: 3 0x80000060 (0x00002f17) x30 0x80002060
core   0: 0x80000064 (0xfa1f2023) sw      ra, -96(t5)
core   0: 3 0x80000064 (0xfa1f2023) mem 0x80002000 0x00000001
core   0: 0x80000068 (0xff5ff06f) j       pc - 0xc
core   0: 3 0x80000068 (0xff5ff06f)
core   0: 0x8000005c (0x00100093) li      ra, 1
core   0: 3 0x8000005c (0x00100093) x1  0x00000001
core   0: 0x80000060 (0x00002f17) auipc   t5, 0x2
core   0: 3 0x80000060 (0x00002f17) x30 0x80002060
core   0: 0x80000064 (0xfa1f2023) sw      ra, -96(t5)
core   0: 3 0x80000064 (0xfa1f2023) mem 0x80002000 0x00000001
core   0: 0x80000068 (0xff5ff06f) j       pc - 0xc
core   0: 3 0x80000068 (0xff5ff06f)
core   0: 0x8000005c (0x00100093) li      ra, 1
core   0: 3 0x8000005c (0x00100093) x1  0x00000001
core   0: 0x80000060 (0x00002f17) auipc   t5, 0x2
core   0: 3 0x80000060 (0x00002f17) x30 0x80002060
core   0: 0x80000064 (0xfa1f2023) sw      ra, -96(t5)
core   0: 3 0x80000064 (0xfa1f2023) mem 0x80002000 0x00000001
core   0: 0x80000068 (0xff5ff06f) j       pc - 0xc
core   0: 3 0x80000068 (0xff5ff06f)
core   0: 0x8000005c (0x00100093) li      ra, 1
core   0: 3 0x8000005c (0x00100093) x1  0x00000001
core   0: 0x80000060 (0x00002f17) auipc   t5, 0x2
core   0: 3 0x80000060 (0x00002f17) x30 0x80002060
core   0: 0x80000064 (0xfa1f2023) sw      ra, -96(t5)
core   0: 3 0x80000064 (0xfa1f2023) mem 0x80002000 0x00000001
core   0: 0x80000068 (0xff5ff06f) j       pc - 0xc
core   0: 3 0x80000068 (0xff5ff06f)
core   0: 0x8000005c (0x00100093) li      ra, 1
core   0: 3 0x8000005c (0x00100093) x1  0x00000001
core   0: 0x80000060 (0x00002f17) auipc   t5, 0x2
core   0: 3 0x80000060 (0x00002f17) x30 0x80002060
core   0: 0x80000064 (0xfa1f2023) sw      ra, -96(t5)
core   0: 3 0x80000064 (0xfa1f2023) mem 0x80002000 0x00000001
core   0: 0x80000068 (0xff5ff06f) j       pc - 0xc
core   0: 3 0x80000068 (0xff5ff06f)
core   0: 0x8000005c (0x00100093) li      ra, 1
core   0: 3 0x8000005c (0x00100093) x1  0x00000001
core   0: 0x80000060 (0x00002f17) auipc   t5, 0x2
core   0: 3 0x80000060 (0x00002f17) x30 0x80002060
core   0: 0x80000064 (0xfa1f2023) sw      ra, -96(t5)
core   0: 3 0x80000064 (0xfa1f2023) mem 0x80002000 0x00000001
core   0: 0x80000068 (0xff5ff06f) j       pc - 0xc
core   0: 3 0x80000068 (0xff5ff06f)
core   0: 0x8000005c (0x00100093) li      ra, 1
core   0: 3 0x8000005c (0x00100093) x1  0x00000001
core   0: 0x80000060 (0x00002f17) auipc   t5, 0x2
core   0: 3 0x80000060 (0x00002f17) x30 0x80002060
core   0: 0x80000064 (0xfa1f2023) sw      ra, -96(t5)
core   0: 3 0x80000064 (0xfa1f2023) mem 0x80002000 0x00000001
core   0: 0x80000068 (0xff5ff06f) j       pc - 0xc
core   0: 3 0x80000068 (0xff5ff06f)
core   0: 0x8000005c (0x00100093) li      ra, 1
core   0: 3 0x8000005c (0x00100093) x1  0x00000001
core   0: 0x80000060 (0x00002f17) auipc   t5, 0x2
core   0: 3 0x80000060 (0x00002f17) x30 0x80002060
core   0: 0x80000064 (0xfa1f2023) sw      ra, -96(t5)
core   0: 3 0x80000064 (0xfa1f2023) mem 0x80002000 0x00000001
core   0: 0x80000068 (0xff5ff06f) j       pc - 0xc
core   0: 3 0x80000068 (0xff5ff06f)
core   0: 0x8000005c (0x00100093) li      ra, 1
core   0: 3 0x8000005c (0x00100093) x1  0x00000001
core   0: 0x80000060 (0x00002f17) auipc   t5, 0x2
core   0: 3 0x80000060 (0x00002f17) x30 0x80002060
core   0: 0x80000064 (0xfa1f2023) sw      ra, -96(t5)
core   0: 3 0x80000064 (0xfa1f2023) mem 0x80002000 0x00000001
core   0: 0x80000068 (0xff5ff06f) j       pc - 0xc
core   0: 3 0x80000068 (0xff5ff06f)
core   0: 0x8000005c (0x00100093) li      ra, 1
core   0: 3 0x8000005c (0x00100093) x1  0x00000001
core   0: 0x80000060 (0x00002f17) auipc   t5, 0x2
core   0: 3 0x80000060 (0x00002f17) x30 0x80002060
core   0: 0x80000064 (0xfa1f2023) sw      ra, -96(t5)
core   0: 3 0x80000064 (0xfa1f2023) mem 0x80002000 0x00000001
core   0: 0x80000068 (0xff5ff06f) j       pc - 0xc
core   0: 3 0x80000068 (0xff5ff06f)
core   0: 0x8000005c (0x00100093) li      ra, 1
core   0: 3 0x8000005c (0x00100093) x1  0x00000001
core   0: 0x80000060 (0x00002f17) auipc   t5, 0x2
core   0: 3 0x80000060 (0x00002f17) x30 0x80002060
core   0: 0x80000064 (0xfa1f2023) sw      ra, -96(t5)
core   0: 3 0x80000064 (0xfa1f2023) mem 0x80002000 0x00000001
core   0: 0x80000068 (0xff5ff06f) j       pc - 0xc
core   0: 3 0x80000068 (0xff5ff06f)
core   0: 0x8000005c (0x00100093) li      ra, 1
core   0: 3 0x8000005c (0x00100093) x1  0x00000001
core   0: 0x80000060 (0x00002f17) auipc   t5, 0x2
core   0: 3 0x80000060 (0x00002f17) x30 0x80002060
core   0: 0x80000064 (0xfa1f2023) sw      ra, -96(t5)
core   0: 3 0x80000064 (0xfa1f2023) mem 0x80002000 0x00000001
core   0: 0x80000068 (0xff5ff06f) j       pc - 0xc
core   0: 3 0x80000068 (0xff5ff06f)
core   0: 0x8000005c (0x00100093) li      ra, 1
core   0: 3 0x8000005c (0x00100093) x1  0x00000001
core   0: 0x80000060 (0x00002f17) auipc   t5, 0x2
core   0: 3 0x80000060 (0x00002f17) x30 0x80002060
core   0: 0x80000064 (0xfa1f2023) sw      ra, -96(t5)
core   0: 3 0x80000064 (0xfa1f2023) mem 0x80002000 0x00000001
core   0: 0x80000068 (0xff5ff06f) j       pc - 0xc
core   0: 3 0x80000068 (0xff5ff06f)
core   0: 0x8000005c (0x00100093) li      ra, 1
core   0: 3 0x8000005c (0x00100093) x1  0x00000001
core   0: 0x80000060 (0x00002f17) auipc   t5, 0x2
core   0: 3 0x80000060 (0x00002f17) x30 0x80002060
core   0: 0x80000064 (0xfa1f2023) sw      ra, -96(t5)
core   0: 3 0x80000064 (0xfa1f2023) mem 0x80002000 0x00000001
core   0: 0x80000068 (0xff5ff06f) j       pc - 0xc
core   0: 3 0x80000068 (0xff5ff06f)
core   0: 0x8000005c (0x00100093) li      ra, 1
core   0: 3 0x8000005c (0x00100093) x1  0x00000001
core   0: 0x80000060 (0x00002f17) auipc   t5, 0x2
core   0: 3 0x80000060 (0x00002f17) x30 0x80002060
core   0: 0x80000064 (0xfa1f2023) sw      ra, -96(t5)
core   0: 3 0x80000064 (0xfa1f2023) mem 0x80002000 0x00000001
core   0: 0x80000068 (0xff5ff06f) j       pc - 0xc
core   0: 3 0x80000068 (0xff5ff06f)
core   0: 0x8000005c (0x00100093) li      ra, 1
core   0: 3 0x8000005c (0x00100093) x1  0x00000001
core   0: 0x80000060 (0x00002f17) auipc   t5, 0x2
core   0: 3 0x80000060 (0x00002f17) x30 0x80002060
core   0: 0x80000064 (0xfa1f2023) sw      ra, -96(t5)
core   0: 3 0x80000064 (0xfa1f2023) mem 0x80002000 0x00000001
core   0: 0x80000068 (0xff5ff06f) j       pc - 0xc
core   0: 3 0x80000068 (0xff5ff06f)
core   0: 0x8000005c (0x00100093) li      ra, 1
core   0: 3 0x8000005c (0x00100093) x1  0x00000001
core   0: 0x80000060 (0x00002f17) auipc   t5, 0x2
core   0: 3 0x80000060 (0x00002f17) x30 0x80002060
core   0: 0x80000064 (0xfa1f2023) sw      ra, -96(t5)
core   0: 3 0x80000064 (0xfa1f2023) mem 0x80002000 0x00000001
core   0: 0x80000068 (0xff5ff06f) j       pc - 0xc
core   0: 3 0x80000068 (0xff5ff06f)
core   0: 0x8000005c (0x00100093) li      ra, 1
core   0: 3 0x8000005c (0x00100093) x1  0x00000001
core   0: 0x80000060 (0x00002f17) auipc   t5, 0x2
core   0: 3 0x80000060 (0x00002f17) x30 0x80002060
core   0: 0x80000064 (0xfa1f2023) sw      ra, -96(t5)
core   0: 3 0x80000064 (0xfa1f2023) mem 0x80002000 0x00000001
core   0: 0x80000068 (0xff5ff06f) j       pc - 0xc
core   0: 3 0x80000068 (0xff5ff06f)
core   0: 0x8000005c (0x00100093) li      ra, 1
core   0: 3 0x8000005c (0x00100093) x1  0x00000001
core   0: 0x80000060 (0x00002f17) auipc   t5, 0x2
core   0: 3 0x80000060 (0x00002f17) x30 0x80002060
core   0: 0x80000064 (0xfa1f2023) sw      ra, -96(t5)
core   0: 3 0x80000064 (0xfa1f2023) mem 0x80002000 0x00000001
core   0: 0x80000068 (0xff5ff06f) j       pc - 0xc
core   0: 3 0x80000068 (0xff5ff06f)
core   0: 0x8000005c (0x00100093) li      ra, 1
core   0: 3 0x8000005c (0x00100093) x1  0x00000001
core   0: 0x80000060 (0x00002f17) auipc   t5, 0x2
core   0: 3 0x80000060 (0x00002f17) x30 0x80002060
core   0: 0x80000064 (0xfa1f2023) sw      ra, -96(t5)
core   0: 3 0x80000064 (0xfa1f2023) mem 0x80002000 0x00000001
core   0: 0x80000068 (0xff5ff06f) j       pc - 0xc
core   0: 3 0x80000068 (0xff5ff06f)
core   0: 0x8000005c (0x00100093) li      ra, 1
core   0: 3 0x8000005c (0x00100093) x1  0x00000001
core   0: 0x80000060 (0x00002f17) auipc   t5, 0x2
core   0: 3 0x80000060 (0x00002f17) x30 0x80002060
core   0: 0x80000064 (0xfa1f2023) sw      ra, -96(t5)
core   0: 3 0x80000064 (0xfa1f2023) mem 0x80002000 0x00000001
core   0: 0x80000068 (0xff5ff06f) j       pc - 0xc
core   0: 3 0x80000068 (0xff5ff06f)
core   0: 0x8000005c (0x00100093) li      ra, 1
core   0: 3 0x8000005c (0x00100093) x1  0x00000001
core   0: 0x80000060 (0x00002f17) auipc   t5, 0x2
core   0: 3 0x80000060 (0x00002f17) x30 0x80002060
core   0: 0x80000064 (0xfa1f2023) sw      ra, -96(t5)
core   0: 3 0x80000064 (0xfa1f2023) mem 0x80002000 0x00000001
core   0: 0x80000068 (0xff5ff06f) j       pc - 0xc
core   0: 3 0x80000068 (0xff5ff06f)
core   0: 0x8000005c (0x00100093) li      ra, 1
core   0: 3 0x8000005c (0x00100093) x1  0x00000001
core   0: 0x80000060 (0x00002f17) auipc   t5, 0x2
core   0: 3 0x80000060 (0x00002f17) x30 0x80002060
core   0: 0x80000064 (0xfa1f2023) sw      ra, -96(t5)
core   0: 3 0x80000064 (0xfa1f2023) mem 0x80002000 0x00000001
core   0: 0x80000068 (0xff5ff06f) j       pc - 0xc
core   0: 3 0x80000068 (0xff5ff06f)
core   0: 0x8000005c (0x00100093) li      ra, 1
core   0: 3 0x8000005c (0x00100093) x1  0x00000001
core   0: 0x80000060 (0x00002f17) auipc   t5, 0x2
core   0: 3 0x80000060 (0x00002f17) x30 0x80002060
core   0: 0x80000064 (0xfa1f2023) sw      ra, -96(t5)
core   0: 3 0x80000064 (0xfa1f2023) mem 0x80002000 0x00000001
core   0: 0x80000068 (0xff5ff06f) j       pc - 0xc
core   0: 3 0x80000068 (0xff5ff06f)
core   0: 0x8000005c (0x00100093) li      ra, 1
core   0: 3 0x8000005c (0x00100093) x1  0x00000001
core   0: 0x80000060 (0x00002f17) auipc   t5, 0x2
core   0: 3 0x80000060 (0x00002f17) x30 0x80002060
core   0: 0x80000064 (0xfa1f2023) sw      ra, -96(t5)
core   0: 3 0x80000064 (0xfa1f2023) mem 0x80002000 0x00000001
core   0: 0x80000068 (0xff5ff06f) j       pc - 0xc
core   0: 3 0x80000068 (0xff5ff06f)
core   0: 0x8000005c (0x00100093) li      ra, 1
core   0: 3 0x8000005c (0x00100093) x1  0x00000001
core   0: 0x80000060 (0x00002f17) auipc   t5, 0x2
core   0: 3 0x80000060 (0x00002f17) x30 0x80002060
core   0: 0x80000064 (0xfa1f2023) sw      ra, -96(t5)
core   0: 3 0x80000064 (0xfa1f2023) mem 0x80002000 0x00000001
core   0: 0x80000068 (0xff5ff06f) j       pc - 0xc
core   0: 3 0x80000068 (0xff5ff06f)
core   0: 0x8000005c (0x00100093) li      ra, 1
core   0: 3 0x8000005c (0x00100093) x1  0x00000001
core   0: 0x80000060 (0x00002f17) auipc   t5, 0x2
core   0: 3 0x80000060 (0x00002f17) x30 0x80002060
core   0: 0x80000064 (0xfa1f2023) sw      ra, -96(t5)
core   0: 3 0x80000064 (0xfa1f2023) mem 0x80002000 0x00000001
core   0: 0x80000068 (0xff5ff06f) j       pc - 0xc
core   0: 3 0x80000068 (0xff5ff06f)
core   0: 0x8000005c (0x00100093) li      ra, 1
core   0: 3 0x8000005c (0x00100093) x1  0x00000001
core   0: 0x80000060 (0x00002f17) auipc   t5, 0x2
core   0: 3 0x80000060 (0x00002f17) x30 0x80002060
core   0: 0x80000064 (0xfa1f2023) sw      ra, -96(t5)
core   0: 3 0x80000064 (0xfa1f2023) mem 0x80002000 0x00000001
core   0: 0x80000068 (0xff5ff06f) j       pc - 0xc
core   0: 3 0x80000068 (0xff5ff06f)
core   0: 0x8000005c (0x00100093) li      ra, 1
core   0: 3 0x8000005c (0x00100093) x1  0x00000001
core   0: 0x80000060 (0x00002f17) auipc   t5, 0x2
core   0: 3 0x80000060 (0x00002f17) x30 0x80002060
core   0: 0x80000064 (0xfa1f2023) sw      ra, -96(t5)
core   0: 3 0x80000064 (0xfa1f2023) mem 0x80002000 0x00000001
core   0: 0x80000068 (0xff5ff06f) j       pc - 0xc
core   0: 3 0x80000068 (0xff5ff06f)
core   0: 0x8000005c (0x00100093) li      ra, 1
core   0: 3 0x8000005c (0x00100093) x1  0x00000001
core   0: 0x80000060 (0x00002f17) auipc   t5, 0x2
core   0: 3 0x80000060 (0x00002f17) x30 0x80002060
core   0: 0x80000064 (0xfa1f2023) sw      ra, -96(t5)
core   0: 3 0x80000064 (0xfa1f2023) mem 0x80002000 0x00000001
core   0: 0x80000068 (0xff5ff06f) j       pc - 0xc
core   0: 3 0x80000068 (0xff5ff06f)
core   0: 0x8000005c (0x00100093) li      ra, 1
core   0: 3 0x8000005c (0x00100093) x1  0x00000001
core   0: 0x80000060 (0x00002f17) auipc   t5, 0x2
core   0: 3 0x80000060 (0x00002f17) x30 0x80002060
core   0: 0x80000064 (0xfa1f2023) sw      ra, -96(t5)
core   0: 3 0x80000064 (0xfa1f2023) mem 0x80002000 0x00000001
core   0: 0x80000068 (0xff5ff06f) j       pc - 0xc
core   0: 3 0x80000068 (0xff5ff06f)
core   0: 0x8000005c (0x00100093) li      ra, 1
core   0: 3 0x8000005c (0x00100093) x1  0x00000001
core   0: 0x80000060 (0x00002f17) auipc   t5, 0x2
core   0: 3 0x80000060 (0x00002f17) x30 0x80002060
core   0: 0x80000064 (0xfa1f2023) sw      ra, -96(t5)
core   0: 3 0x80000064 (0xfa1f2023) mem 0x80002000 0x00000001
core   0: 0x80000068 (0xff5ff06f) j       pc - 0xc
core   0: 3 0x80000068 (0xff5ff06f)
core   0: 0x8000005c (0x00100093) li      ra, 1
core   0: 3 0x8000005c (0x00100093) x1  0x00000001
core   0: 0x80000060 (0x00002f17) auipc   t5, 0x2
core   0: 3 0x80000060 (0x00002f17) x30 0x80002060
core   0: 0x80000064 (0xfa1f2023) sw      ra, -96(t5)
core   0: 3 0x80000064 (0xfa1f2023) mem 0x80002000 0x00000001
core   0: 0x80000068 (0xff5ff06f) j       pc - 0xc
core   0: 3 0x80000068 (0xff5ff06f)
core   0: 0x8000005c (0x00100093) li      ra, 1
core   0: 3 0x8000005c (0x00100093) x1  0x00000001
core   0: 0x80000060 (0x00002f17) auipc   t5, 0x2
core   0: 3 0x80000060 (0x00002f17) x30 0x80002060
core   0: 0x80000064 (0xfa1f2023) sw      ra, -96(t5)
core   0: 3 0x80000064 (0xfa1f2023) mem 0x80002000 0x00000001
core   0: 0x80000068 (0xff5ff06f) j       pc - 0xc
core   0: 3 0x80000068 (0xff5ff06f)
core   0: 0x8000005c (0x00100093) li      ra, 1
core   0: 3 0x8000005c (0x00100093) x1  0x00000001
core   0: 0x80000060 (0x00002f17) auipc   t5, 0x2
core   0: 3 0x80000060 (0x00002f17) x30 0x80002060
core   0: 0x80000064 (0xfa1f2023) sw      ra, -96(t5)
core   0: 3 0x80000064 (0xfa1f2023) mem 0x80002000 0x00000001
core   0: 0x80000068 (0xff5ff06f) j       pc - 0xc
core   0: 3 0x80000068 (0xff5ff06f)
core   0: 0x8000005c (0x00100093) li      ra, 1
core   0: 3 0x8000005c (0x00100093) x1  0x00000001
core   0: 0x80000060 (0x00002f17) auipc   t5, 0x2
core   0: 3 0x80000060 (0x00002f17) x30 0x80002060
core   0: 0x80000064 (0xfa1f2023) sw      ra, -96(t5)
core   0: 3 0x80000064 (0xfa1f2023) mem 0x80002000 0x00000001
core   0: 0x80000068 (0xff5ff06f) j       pc - 0xc
core   0: 3 0x80000068 (0xff5ff06f)
core   0: 0x8000005c (0x00100093) li      ra, 1
core   0: 3 0x8000005c (0x00100093) x1  0x00000001
core   0: 0x80000060 (0x00002f17) auipc   t5, 0x2
core   0: 3 0x80000060 (0x00002f17) x30 0x80002060
core   0: 0x80000064 (0xfa1f2023) sw      ra, -96(t5)
core   0: 3 0x80000064 (0xfa1f2023) mem 0x80002000 0x00000001
core   0: 0x80000068 (0xff5ff06f) j       pc - 0xc
core   0: 3 0x80000068 (0xff5ff06f)
core   0: 0x8000005c (0x00100093) li      ra, 1
core   0: 3 0x8000005c (0x00100093) x1  0x00000001
core   0: 0x80000060 (0x00002f17) auipc   t5, 0x2
core   0: 3 0x80000060 (0x00002f17) x30 0x80002060
core   0: 0x80000064 (0xfa1f2023) sw      ra, -96(t5)
core   0: 3 0x80000064 (0xfa1f2023) mem 0x80002000 0x00000001
core   0: 0x80000068 (0xff5ff06f) j       pc - 0xc
core   0: 3 0x80000068 (0xff5ff06f)
core   0: 0x8000005c (0x00100093) li      ra, 1
core   0: 3 0x8000005c (0x00100093) x1  0x00000001
core   0: 0x80000060 (0x00002f17) auipc   t5, 0x2
core   0: 3 0x80000060 (0x00002f17) x30 0x80002060
core   0: 0x80000064 (0xfa1f2023) sw      ra, -96(t5)
core   0: 3 0x80000064 (0xfa1f2023) mem 0x80002000 0x00000001
core   0: 0x80000068 (0xff5ff06f) j       pc - 0xc
core   0: 3 0x80000068 (0xff5ff06f)
core   0: 0x8000005c (0x00100093) li      ra, 1
core   0: 3 0x8000005c (0x00100093) x1  0x00000001
core   0: 0x80000060 (0x00002f17) auipc   t5, 0x2
core   0: 3 0x80000060 (0x00002f17) x30 0x80002060
core   0: 0x80000064 (0xfa1f2023) sw      ra, -96(t5)
core   0: 3 0x80000064 (0xfa1f2023) mem 0x80002000 0x00000001
core   0: 0x80000068 (0xff5ff06f) j       pc - 0xc
core   0: 3 0x80000068 (0xff5ff06f)
core   0: 0x8000005c (0x00100093) li      ra, 1
core   0: 3 0x8000005c (0x00100093) x1  0x00000001
core   0: 0x80000060 (0x00002f17) auipc   t5, 0x2
core   0: 3 0x80000060 (0x00002f17) x30 0x80002060
core   0: 0x80000064 (0xfa1f2023) sw      ra, -96(t5)
core   0: 3 0x80000064 (0xfa1f2023) mem 0x80002000 0x00000001
core   0: 0x80000068 (0xff5ff06f) j       pc - 0xc
core   0: 3 0x80000068 (0xff5ff06f)
core   0: 0x8000005c (0x00100093) li      ra, 1
core   0: 3 0x8000005c (0x00100093) x1  0x00000001
core   0: 0x80000060 (0x00002f17) auipc   t5, 0x2
core   0: 3 0x80000060 (0x00002f17) x30 0x80002060
core   0: 0x80000064 (0xfa1f2023) sw      ra, -96(t5)
core   0: 3 0x80000064 (0xfa1f2023) mem 0x80002000 0x00000001
core   0: 0x80000068 (0xff5ff06f) j       pc - 0xc
core   0: 3 0x80000068 (0xff5ff06f)
core   0: 0x8000005c (0x00100093) li      ra, 1
core   0: 3 0x8000005c (0x00100093) x1  0x00000001
core   0: 0x80000060 (0x00002f17) auipc   t5, 0x2
core   0: 3 0x80000060 (0x00002f17) x30 0x80002060
core   0: 0x80000064 (0xfa1f2023) sw      ra, -96(t5)
core   0: 3 0x80000064 (0xfa1f2023) mem 0x80002000 0x00000001
core   0: 0x80000068 (0xff5ff06f) j       pc - 0xc
core   0: 3 0x80000068 (0xff5ff06f)
core   0: 0x8000005c (0x00100093) li      ra, 1
core   0: 3 0x8000005c (0x00100093) x1  0x00000001
core   0: 0x80000060 (0x00002f17) auipc   t5, 0x2
core   0: 3 0x80000060 (0x00002f17) x30 0x80002060
core   0: 0x80000064 (0xfa1f2023) sw      ra, -96(t5)
core   0: 3 0x80000064 (0xfa1f2023) mem 0x80002000 0x00000001
core   0: 0x80000068 (0xff5ff06f) j       pc - 0xc
core   0: 3 0x80000068 (0xff5ff06f)
core   0: 0x8000005c (0x00100093) li      ra, 1
core   0: 3 0x8000005c (0x00100093) x1  0x00000001
core   0: 0x80000060 (0x00002f17) auipc   t5, 0x2
core   0: 3 0x80000060 (0x00002f17) x30 0x80002060
core   0: 0x80000064 (0xfa1f2023) sw      ra, -96(t5)
core   0: 3 0x80000064 (0xfa1f2023) mem 0x80002000 0x00000001
core   0: 0x80000068 (0xff5ff06f) j       pc - 0xc
core   0: 3 0x80000068 (0xff5ff06f)
core   0: 0x8000005c (0x00100093) li      ra, 1
core   0: 3 0x8000005c (0x00100093) x1  0x00000001
core   0: 0x80000060 (0x00002f17) auipc   t5, 0x2
core   0: 3 0x80000060 (0x00002f17) x30 0x80002060
core   0: 0x80000064 (0xfa1f2023) sw      ra, -96(t5)
core   0: 3 0x80000064 (0xfa1f2023) mem 0x80002000 0x00000001
core   0: 0x80000068 (0xff5ff06f) j       pc - 0xc
core   0: 3 0x80000068 (0xff5ff06f)
core   0: 0x8000005c (0x00100093) li      ra, 1
core   0: 3 0x8000005c (0x00100093) x1  0x00000001
core   0: 0x80000060 (0x00002f17) auipc   t5, 0x2
core   0: 3 0x80000060 (0x00002f17) x30 0x80002060
core   0: 0x80000064 (0xfa1f2023) sw      ra, -96(t5)
core   0: 3 0x80000064 (0xfa1f2023) mem 0x80002000 0x00000001
core   0: 0x80000068 (0xff5ff06f) j       pc - 0xc
core   0: 3 0x80000068 (0xff5ff06f)
core   0: 0x8000005c (0x00100093) li      ra, 1
core   0: 3 0x8000005c (0x00100093) x1  0x00000001
core   0: 0x80000060 (0x00002f17) auipc   t5, 0x2
core   0: 3 0x80000060 (0x00002f17) x30 0x80002060
core   0: 0x80000064 (0xfa1f2023) sw      ra, -96(t5)
core   0: 3 0x80000064 (0xfa1f2023) mem 0x80002000 0x00000001
core   0: 0x80000068 (0xff5ff06f) j       pc - 0xc
core   0: 3 0x80000068 (0xff5ff06f)
core   0: 0x8000005c (0x00100093) li      ra, 1
core   0: 3 0x8000005c (0x00100093) x1  0x00000001
core   0: 0x80000060 (0x00002f17) auipc   t5, 0x2
core   0: 3 0x80000060 (0x00002f17) x30 0x80002060
core   0: 0x80000064 (0xfa1f2023) sw      ra, -96(t5)
core   0: 3 0x80000064 (0xfa1f2023) mem 0x80002000 0x00000001
core   0: 0x80000068 (0xff5ff06f) j       pc - 0xc
core   0: 3 0x80000068 (0xff5ff06f)
core   0: 0x8000005c (0x00100093) li      ra, 1
core   0: 3 0x8000005c (0x00100093) x1  0x00000001
core   0: 0x80000060 (0x00002f17) auipc   t5, 0x2
core   0: 3 0x80000060 (0x00002f17) x30 0x80002060
core   0: 0x80000064 (0xfa1f2023) sw      ra, -96(t5)
core   0: 3 0x80000064 (0xfa1f2023) mem 0x80002000 0x00000001
core   0: 0x80000068 (0xff5ff06f) j       pc - 0xc
core   0: 3 0x80000068 (0xff5ff06f)
core   0: 0x8000005c (0x00100093) li      ra, 1
core   0: 3 0x8000005c (0x00100093) x1  0x00000001
core   0: 0x80000060 (0x00002f17) auipc   t5, 0x2
core   0: 3 0x80000060 (0x00002f17) x30 0x80002060
core   0: 0x80000064 (0xfa1f2023) sw      ra, -96(t5)
core   0: 3 0x80000064 (0xfa1f2023) mem 0x80002000 0x00000001
core   0: 0x80000068 (0xff5ff06f) j       pc - 0xc
core   0: 3 0x80000068 (0xff5ff06f)
core   0: 0x8000005c (0x00100093) li      ra, 1
core   0: 3 0x8000005c (0x00100093) x1  0x00000001
core   0: 0x80000060 (0x00002f17) auipc   t5, 0x2
core   0: 3 0x80000060 (0x00002f17) x30 0x80002060
core   0: 0x80000064 (0xfa1f2023) sw      ra, -96(t5)
core   0: 3 0x80000064 (0xfa1f2023) mem 0x80002000 0x00000001
core   0: 0x80000068 (0xff5ff06f) j       pc - 0xc
core   0: 3 0x80000068 (0xff5ff06f)
core   0: 0x8000005c (0x00100093) li      ra, 1
core   0: 3 0x8000005c (0x00100093) x1  0x00000001
core   0: 0x80000060 (0x00002f17) auipc   t5, 0x2
core   0: 3 0x80000060 (0x00002f17) x30 0x80002060
core   0: 0x80000064 (0xfa1f2023) sw      ra, -96(t5)
core   0: 3 0x80000064 (0xfa1f2023) mem 0x80002000 0x00000001
core   0: 0x80000068 (0xff5ff06f) j       pc - 0xc
core   0: 3 0x80000068 (0xff5ff06f)
core   0: 0x8000005c (0x00100093) li      ra, 1
core   0: 3 0x8000005c (0x00100093) x1  0x00000001
core   0: 0x80000060 (0x00002f17) auipc   t5, 0x2
core   0: 3 0x80000060 (0x00002f17) x30 0x80002060
core   0: 0x80000064 (0xfa1f2023) sw      ra, -96(t5)
core   0: 3 0x80000064 (0xfa1f2023) mem 0x80002000 0x00000001
core   0: 0x80000068 (0xff5ff06f) j       pc - 0xc
core   0: 3 0x80000068 (0xff5ff06f)
core   0: 0x8000005c (0x00100093) li      ra, 1
core   0: 3 0x8000005c (0x00100093) x1  0x00000001
core   0: 0x80000060 (0x00002f17) auipc   t5, 0x2
core   0: 3 0x80000060 (0x00002f17) x30 0x80002060
core   0: 0x80000064 (0xfa1f2023) sw      ra, -96(t5)
core   0: 3 0x80000064 (0xfa1f2023) mem 0x80002000 0x00000001
core   0: 0x80000068 (0xff5ff06f) j       pc - 0xc
core   0: 3 0x80000068 (0xff5ff06f)
core   0: 0x8000005c (0x00100093) li      ra, 1
core   0: 3 0x8000005c (0x00100093) x1  0x00000001
core   0: 0x80000060 (0x00002f17) auipc   t5, 0x2
core   0: 3 0x80000060 (0x00002f17) x30 0x80002060
core   0: 0x80000064 (0xfa1f2023) sw      ra, -96(t5)
core   0: 3 0x80000064 (0xfa1f2023) mem 0x80002000 0x00000001
core   0: 0x80000068 (0xff5ff06f) j       pc - 0xc
core   0: 3 0x80000068 (0xff5ff06f)
core   0: 0x8000005c (0x00100093) li      ra, 1
core   0: 3 0x8000005c (0x00100093) x1  0x00000001
core   0: 0x80000060 (0x00002f17) auipc   t5, 0x2
core   0: 3 0x80000060 (0x00002f17) x30 0x80002060
core   0: 0x80000064 (0xfa1f2023) sw      ra, -96(t5)
core   0: 3 0x80000064 (0xfa1f2023) mem 0x80002000 0x00000001
core   0: 0x80000068 (0xff5ff06f) j       pc - 0xc
core   0: 3 0x80000068 (0xff5ff06f)
core   0: 0x8000005c (0x00100093) li      ra, 1
core   0: 3 0x8000005c (0x00100093) x1  0x00000001
core   0: 0x80000060 (0x00002f17) auipc   t5, 0x2
core   0: 3 0x80000060 (0x00002f17) x30 0x80002060
core   0: 0x80000064 (0xfa1f2023) sw      ra, -96(t5)
core   0: 3 0x80000064 (0xfa1f2023) mem 0x80002000 0x00000001
core   0: 0x80000068 (0xff5ff06f) j       pc - 0xc
core   0: 3 0x80000068 (0xff5ff06f)
core   0: 0x8000005c (0x00100093) li      ra, 1
core   0: 3 0x8000005c (0x00100093) x1  0x00000001
core   0: 0x80000060 (0x00002f17) auipc   t5, 0x2
core   0: 3 0x80000060 (0x00002f17) x30 0x80002060
core   0: 0x80000064 (0xfa1f2023) sw      ra, -96(t5)
core   0: 3 0x80000064 (0xfa1f2023) mem 0x80002000 0x00000001
core   0: 0x80000068 (0xff5ff06f) j       pc - 0xc
core   0: 3 0x80000068 (0xff5ff06f)
core   0: 0x8000005c (0x00100093) li      ra, 1
core   0: 3 0x8000005c (0x00100093) x1  0x00000001
core   0: 0x80000060 (0x00002f17) auipc   t5, 0x2
core   0: 3 0x80000060 (0x00002f17) x30 0x80002060
core   0: 0x80000064 (0xfa1f2023) sw      ra, -96(t5)
core   0: 3 0x80000064 (0xfa1f2023) mem 0x80002000 0x00000001
core   0: 0x80000068 (0xff5ff06f) j       pc - 0xc
core   0: 3 0x80000068 (0xff5ff06f)
core   0: 0x8000005c (0x00100093) li      ra, 1
core   0: 3 0x8000005c (0x00100093) x1  0x00000001
core   0: 0x80000060 (0x00002f17) auipc   t5, 0x2
core   0: 3 0x80000060 (0x00002f17) x30 0x80002060
core   0: 0x80000064 (0xfa1f2023) sw      ra, -96(t5)
core   0: 3 0x80000064 (0xfa1f2023) mem 0x80002000 0x00000001
core   0: 0x80000068 (0xff5ff06f) j       pc - 0xc
core   0: 3 0x80000068 (0xff5ff06f)
core   0: 0x8000005c (0x00100093) li      ra, 1
core   0: 3 0x8000005c (0x00100093) x1  0x00000001
core   0: 0x80000060 (0x00002f17) auipc   t5, 0x2
core   0: 3 0x80000060 (0x00002f17) x30 0x80002060
core   0: 0x80000064 (0xfa1f2023) sw      ra, -96(t5)
core   0: 3 0x80000064 (0xfa1f2023) mem 0x80002000 0x00000001
core   0: 0x80000068 (0xff5ff06f) j       pc - 0xc
core   0: 3 0x80000068 (0xff5ff06f)
core   0: 0x8000005c (0x00100093) li      ra, 1
core   0: 3 0x8000005c (0x00100093) x1  0x00000001
core   0: 0x80000060 (0x00002f17) auipc   t5, 0x2
core   0: 3 0x80000060 (0x00002f17) x30 0x80002060
core   0: 0x80000064 (0xfa1f2023) sw      ra, -96(t5)
core   0: 3 0x80000064 (0xfa1f2023) mem 0x80002000 0x00000001
core   0: 0x80000068 (0xff5ff06f) j       pc - 0xc
core   0: 3 0x80000068 (0xff5ff06f)
core   0: 0x8000005c (0x00100093) li      ra, 1
core   0: 3 0x8000005c (0x00100093) x1  0x00000001
core   0: 0x80000060 (0x00002f17) auipc   t5, 0x2
core   0: 3 0x80000060 (0x00002f17) x30 0x80002060
core   0: 0x80000064 (0xfa1f2023) sw      ra, -96(t5)
core   0: 3 0x80000064 (0xfa1f2023) mem 0x80002000 0x00000001
core   0: 0x80000068 (0xff5ff06f) j       pc - 0xc
core   0: 3 0x80000068 (0xff5ff06f)
core   0: 0x8000005c (0x00100093) li      ra, 1
core   0: 3 0x8000005c (0x00100093) x1  0x00000001
core   0: 0x80000060 (0x00002f17) auipc   t5, 0x2
core   0: 3 0x80000060 (0x00002f17) x30 0x80002060
core   0: 0x80000064 (0xfa1f2023) sw      ra, -96(t5)
core   0: 3 0x80000064 (0xfa1f2023) mem 0x80002000 0x00000001
core   0: 0x80000068 (0xff5ff06f) j       pc - 0xc
core   0: 3 0x80000068 (0xff5ff06f)
core   0: 0x8000005c (0x00100093) li      ra, 1
core   0: 3 0x8000005c (0x00100093) x1  0x00000001
core   0: 0x80000060 (0x00002f17) auipc   t5, 0x2
core   0: 3 0x80000060 (0x00002f17) x30 0x80002060
core   0: 0x80000064 (0xfa1f2023) sw      ra, -96(t5)
core   0: 3 0x80000064 (0xfa1f2023) mem 0x80002000 0x00000001
core   0: 0x80000068 (0xff5ff06f) j       pc - 0xc
core   0: 3 0x80000068 (0xff5ff06f)
core   0: 0x8000005c (0x00100093) li      ra, 1
core   0: 3 0x8000005c (0x00100093) x1  0x00000001
core   0: 0x80000060 (0x00002f17) auipc   t5, 0x2
core   0: 3 0x80000060 (0x00002f17) x30 0x80002060
core   0: 0x80000064 (0xfa1f2023) sw      ra, -96(t5)
core   0: 3 0x80000064 (0xfa1f2023) mem 0x80002000 0x00000001
core   0: 0x80000068 (0xff5ff06f) j       pc - 0xc
core   0: 3 0x80000068 (0xff5ff06f)
core   0: 0x8000005c (0x00100093) li      ra, 1
core   0: 3 0x8000005c (0x00100093) x1  0x00000001
core   0: 0x80000060 (0x00002f17) auipc   t5, 0x2
core   0: 3 0x80000060 (0x00002f17) x30 0x80002060
core   0: 0x80000064 (0xfa1f2023) sw      ra, -96(t5)
core   0: 3 0x80000064 (0xfa1f2023) mem 0x80002000 0x00000001
core   0: 0x80000068 (0xff5ff06f) j       pc - 0xc
core   0: 3 0x80000068 (0xff5ff06f)
core   0: 0x8000005c (0x00100093) li      ra, 1
core   0: 3 0x8000005c (0x00100093) x1  0x00000001
core   0: 0x80000060 (0x00002f17) auipc   t5, 0x2
core   0: 3 0x80000060 (0x00002f17) x30 0x80002060
core   0: 0x80000064 (0xfa1f2023) sw      ra, -96(t5)
core   0: 3 0x80000064 (0xfa1f2023) mem 0x80002000 0x00000001
core   0: 0x80000068 (0xff5ff06f) j       pc - 0xc
core   0: 3 0x80000068 (0xff5ff06f)
core   0: 0x8000005c (0x00100093) li      ra, 1
core   0: 3 0x8000005c (0x00100093) x1  0x00000001
core   0: 0x80000060 (0x00002f17) auipc   t5, 0x2
core   0: 3 0x80000060 (0x00002f17) x30 0x80002060
core   0: 0x80000064 (0xfa1f2023) sw      ra, -96(t5)
core   0: 3 0x80000064 (0xfa1f2023) mem 0x80002000 0x00000001
core   0: 0x80000068 (0xff5ff06f) j       pc - 0xc
core   0: 3 0x80000068 (0xff5ff06f)
core   0: 0x8000005c (0x00100093) li      ra, 1
core   0: 3 0x8000005c (0x00100093) x1  0x00000001
core   0: 0x80000060 (0x00002f17) auipc   t5, 0x2
core   0: 3 0x80000060 (0x00002f17) x30 0x80002060
core   0: 0x80000064 (0xfa1f2023) sw      ra, -96(t5)
core   0: 3 0x80000064 (0xfa1f2023) mem 0x80002000 0x00000001
core   0: 0x80000068 (0xff5ff06f) j       pc - 0xc
core   0: 3 0x80000068 (0xff5ff06f)
core   0: 0x8000005c (0x00100093) li      ra, 1
core   0: 3 0x8000005c (0x00100093) x1  0x00000001
core   0: 0x80000060 (0x00002f17) auipc   t5, 0x2
core   0: 3 0x80000060 (0x00002f17) x30 0x80002060
core   0: 0x80000064 (0xfa1f2023) sw      ra, -96(t5)
core   0: 3 0x80000064 (0xfa1f2023) mem 0x80002000 0x00000001
core   0: 0x80000068 (0xff5ff06f) j       pc - 0xc
core   0: 3 0x80000068 (0xff5ff06f)
core   0: 0x8000005c (0x00100093) li      ra, 1
core   0: 3 0x8000005c (0x00100093) x1  0x00000001
core   0: 0x80000060 (0x00002f17) auipc   t5, 0x2
core   0: 3 0x80000060 (0x00002f17) x30 0x80002060
core   0: 0x80000064 (0xfa1f2023) sw      ra, -96(t5)
core   0: 3 0x80000064 (0xfa1f2023) mem 0x80002000 0x00000001
core   0: 0x80000068 (0xff5ff06f) j       pc - 0xc
core   0: 3 0x80000068 (0xff5ff06f)
core   0: 0x8000005c (0x00100093) li      ra, 1
core   0: 3 0x8000005c (0x00100093) x1  0x00000001
core   0: 0x80000060 (0x00002f17) auipc   t5, 0x2
core   0: 3 0x80000060 (0x00002f17) x30 0x80002060
core   0: 0x80000064 (0xfa1f2023) sw      ra, -96(t5)
core   0: 3 0x80000064 (0xfa1f2023) mem 0x80002000 0x00000001
core   0: 0x80000068 (0xff5ff06f) j       pc - 0xc
core   0: 3 0x80000068 (0xff5ff06f)
core   0: 0x8000005c (0x00100093) li      ra, 1
core   0: 3 0x8000005c (0x00100093) x1  0x00000001
core   0: 0x80000060 (0x00002f17) auipc   t5, 0x2
core   0: 3 0x80000060 (0x00002f17) x30 0x80002060
core   0: 0x80000064 (0xfa1f2023) sw      ra, -96(t5)
core   0: 3 0x80000064 (0xfa1f2023) mem 0x80002000 0x00000001
core   0: 0x80000068 (0xff5ff06f) j       pc - 0xc
core   0: 3 0x80000068 (0xff5ff06f)
core   0: 0x8000005c (0x00100093) li      ra, 1
core   0: 3 0x8000005c (0x00100093) x1  0x00000001
core   0: 0x80000060 (0x00002f17) auipc   t5, 0x2
core   0: 3 0x80000060 (0x00002f17) x30 0x80002060
core   0: 0x80000064 (0xfa1f2023) sw      ra, -96(t5)
core   0: 3 0x80000064 (0xfa1f2023) mem 0x80002000 0x00000001
core   0: 0x80000068 (0xff5ff06f) j       pc - 0xc
core   0: 3 0x80000068 (0xff5ff06f)
core   0: 0x8000005c (0x00100093) li      ra, 1
core   0: 3 0x8000005c (0x00100093) x1  0x00000001
core   0: 0x80000060 (0x00002f17) auipc   t5, 0x2
core   0: 3 0x80000060 (0x00002f17) x30 0x80002060
core   0: 0x80000064 (0xfa1f2023) sw      ra, -96(t5)
core   0: 3 0x80000064 (0xfa1f2023) mem 0x80002000 0x00000001
core   0: 0x80000068 (0xff5ff06f) j       pc - 0xc
core   0: 3 0x80000068 (0xff5ff06f)
core   0: 0x8000005c (0x00100093) li      ra, 1
core   0: 3 0x8000005c (0x00100093) x1  0x00000001
core   0: 0x80000060 (0x00002f17) auipc   t5, 0x2
core   0: 3 0x80000060 (0x00002f17) x30 0x80002060
core   0: 0x80000064 (0xfa1f2023) sw      ra, -96(t5)
core   0: 3 0x80000064 (0xfa1f2023) mem 0x80002000 0x00000001
core   0: 0x80000068 (0xff5ff06f) j       pc - 0xc
core   0: 3 0x80000068 (0xff5ff06f)
core   0: 0x8000005c (0x00100093) li      ra, 1
core   0: 3 0x8000005c (0x00100093) x1  0x00000001
core   0: 0x80000060 (0x00002f17) auipc   t5, 0x2
core   0: 3 0x80000060 (0x00002f17) x30 0x80002060
core   0: 0x80000064 (0xfa1f2023) sw      ra, -96(t5)
core   0: 3 0x80000064 (0xfa1f2023) mem 0x80002000 0x00000001
core   0: 0x80000068 (0xff5ff06f) j       pc - 0xc
core   0: 3 0x80000068 (0xff5ff06f)
core   0: 0x8000005c (0x00100093) li      ra, 1
core   0: 3 0x8000005c (0x00100093) x1  0x00000001
core   0: 0x80000060 (0x00002f17) auipc   t5, 0x2
core   0: 3 0x80000060 (0x00002f17) x30 0x80002060
core   0: 0x80000064 (0xfa1f2023) sw      ra, -96(t5)
core   0: 3 0x80000064 (0xfa1f2023) mem 0x80002000 0x00000001
core   0: 0x80000068 (0xff5ff06f) j       pc - 0xc
core   0: 3 0x80000068 (0xff5ff06f)
core   0: 0x8000005c (0x00100093) li      ra, 1
core   0: 3 0x8000005c (0x00100093) x1  0x00000001
core   0: 0x80000060 (0x00002f17) auipc   t5, 0x2
core   0: 3 0x80000060 (0x00002f17) x30 0x80002060
core   0: 0x80000064 (0xfa1f2023) sw      ra, -96(t5)
core   0: 3 0x80000064 (0xfa1f2023) mem 0x80002000 0x00000001
core   0: 0x80000068 (0xff5ff06f) j       pc - 0xc
core   0: 3 0x80000068 (0xff5ff06f)
core   0: 0x8000005c (0x00100093) li      ra, 1
core   0: 3 0x8000005c (0x00100093) x1  0x00000001
core   0: 0x80000060 (0x00002f17) auipc   t5, 0x2
core   0: 3 0x80000060 (0x00002f17) x30 0x80002060
core   0: 0x80000064 (0xfa1f2023) sw      ra, -96(t5)
core   0: 3 0x80000064 (0xfa1f2023) mem 0x80002000 0x00000001
core   0: 0x80000068 (0xff5ff06f) j       pc - 0xc
core   0: 3 0x80000068 (0xff5ff06f)
core   0: 0x8000005c (0x00100093) li      ra, 1
core   0: 3 0x8000005c (0x00100093) x1  0x00000001
core   0: 0x80000060 (0x00002f17) auipc   t5, 0x2
core   0: 3 0x80000060 (0x00002f17) x30 0x80002060
core   0: 0x80000064 (0xfa1f2023) sw      ra, -96(t5)
core   0: 3 0x80000064 (0xfa1f2023) mem 0x80002000 0x00000001
core   0: 0x80000068 (0xff5ff06f) j       pc - 0xc
core   0: 3 0x80000068 (0xff5ff06f)
core   0: 0x8000005c (0x00100093) li      ra, 1
core   0: 3 0x8000005c (0x00100093) x1  0x00000001
core   0: 0x80000060 (0x00002f17) auipc   t5, 0x2
core   0: 3 0x80000060 (0x00002f17) x30 0x80002060
core   0: 0x80000064 (0xfa1f2023) sw      ra, -96(t5)
core   0: 3 0x80000064 (0xfa1f2023) mem 0x80002000 0x00000001
core   0: 0x80000068 (0xff5ff06f) j       pc - 0xc
core   0: 3 0x80000068 (0xff5ff06f)
core   0: 0x8000005c (0x00100093) li      ra, 1
core   0: 3 0x8000005c (0x00100093) x1  0x00000001
core   0: 0x80000060 (0x00002f17) auipc   t5, 0x2
core   0: 3 0x80000060 (0x00002f17) x30 0x80002060
core   0: 0x80000064 (0xfa1f2023) sw      ra, -96(t5)
core   0: 3 0x80000064 (0xfa1f2023) mem 0x80002000 0x00000001
core   0: 0x80000068 (0xff5ff06f) j       pc - 0xc
core   0: 3 0x80000068 (0xff5ff06f)
core   0: 0x8000005c (0x00100093) li      ra, 1
core   0: 3 0x8000005c (0x00100093) x1  0x00000001
core   0: 0x80000060 (0x00002f17) auipc   t5, 0x2
core   0: 3 0x80000060 (0x00002f17) x30 0x80002060
core   0: 0x80000064 (0xfa1f2023) sw      ra, -96(t5)
core   0: 3 0x80000064 (0xfa1f2023) mem 0x80002000 0x00000001
core   0: 0x80000068 (0xff5ff06f) j       pc - 0xc
core   0: 3 0x80000068 (0xff5ff06f)
core   0: 0x8000005c (0x00100093) li      ra, 1
core   0: 3 0x8000005c (0x00100093) x1  0x00000001
core   0: 0x80000060 (0x00002f17) auipc   t5, 0x2
core   0: 3 0x80000060 (0x00002f17) x30 0x80002060
core   0: 0x80000064 (0xfa1f2023) sw      ra, -96(t5)
core   0: 3 0x80000064 (0xfa1f2023) mem 0x80002000 0x00000001
core   0: 0x80000068 (0xff5ff06f) j       pc - 0xc
core   0: 3 0x80000068 (0xff5ff06f)
core   0: 0x8000005c (0x00100093) li      ra, 1
core   0: 3 0x8000005c (0x00100093) x1  0x00000001
core   0: 0x80000060 (0x00002f17) auipc   t5, 0x2
core   0: 3 0x80000060 (0x00002f17) x30 0x80002060
core   0: 0x80000064 (0xfa1f2023) sw      ra, -96(t5)
core   0: 3 0x80000064 (0xfa1f2023) mem 0x80002000 0x00000001
core   0: 0x80000068 (0xff5ff06f) j       pc - 0xc
core   0: 3 0x80000068 (0xff5ff06f)
core   0: 0x8000005c (0x00100093) li      ra, 1
core   0: 3 0x8000005c (0x00100093) x1  0x00000001
core   0: 0x80000060 (0x00002f17) auipc   t5, 0x2
core   0: 3 0x80000060 (0x00002f17) x30 0x80002060
core   0: 0x80000064 (0xfa1f2023) sw      ra, -96(t5)
core   0: 3 0x80000064 (0xfa1f2023) mem 0x80002000 0x00000001
core   0: 0x80000068 (0xff5ff06f) j       pc - 0xc
core   0: 3 0x80000068 (0xff5ff06f)
core   0: 0x8000005c (0x00100093) li      ra, 1
core   0: 3 0x8000005c (0x00100093) x1  0x00000001
core   0: 0x80000060 (0x00002f17) auipc   t5, 0x2
core   0: 3 0x80000060 (0x00002f17) x30 0x80002060
core   0: 0x80000064 (0xfa1f2023) sw      ra, -96(t5)
core   0: 3 0x80000064 (0xfa1f2023) mem 0x80002000 0x00000001
core   0: 0x80000068 (0xff5ff06f) j       pc - 0xc
core   0: 3 0x80000068 (0xff5ff06f)
core   0: 0x8000005c (0x00100093) li      ra, 1
core   0: 3 0x8000005c (0x00100093) x1  0x00000001
core   0: 0x80000060 (0x00002f17) auipc   t5, 0x2
core   0: 3 0x80000060 (0x00002f17) x30 0x80002060
core   0: 0x80000064 (0xfa1f2023) sw      ra, -96(t5)
core   0: 3 0x80000064 (0xfa1f2023) mem 0x80002000 0x00000001
core   0: 0x80000068 (0xff5ff06f) j       pc - 0xc
core   0: 3 0x80000068 (0xff5ff06f)
core   0: 0x8000005c (0x00100093) li      ra, 1
core   0: 3 0x8000005c (0x00100093) x1  0x00000001
core   0: 0x80000060 (0x00002f17) auipc   t5, 0x2
core   0: 3 0x80000060 (0x00002f17) x30 0x80002060
core   0: 0x80000064 (0xfa1f2023) sw      ra, -96(t5)
core   0: 3 0x80000064 (0xfa1f2023) mem 0x80002000 0x00000001
core   0: 0x80000068 (0xff5ff06f) j       pc - 0xc
core   0: 3 0x80000068 (0xff5ff06f)
core   0: 0x8000005c (0x00100093) li      ra, 1
core   0: 3 0x8000005c (0x00100093) x1  0x00000001
core   0: 0x80000060 (0x00002f17) auipc   t5, 0x2
core   0: 3 0x80000060 (0x00002f17) x30 0x80002060
core   0: 0x80000064 (0xfa1f2023) sw      ra, -96(t5)
core   0: 3 0x80000064 (0xfa1f2023) mem 0x80002000 0x00000001
core   0: 0x80000068 (0xff5ff06f) j       pc - 0xc
core   0: 3 0x80000068 (0xff5ff06f)
core   0: 0x8000005c (0x00100093) li      ra, 1
core   0: 3 0x8000005c (0x00100093) x1  0x00000001
core   0: 0x80000060 (0x00002f17) auipc   t5, 0x2
core   0: 3 0x80000060 (0x00002f17) x30 0x80002060
core   0: 0x80000064 (0xfa1f2023) sw      ra, -96(t5)
core   0: 3 0x80000064 (0xfa1f2023) mem 0x80002000 0x00000001
core   0: 0x80000068 (0xff5ff06f) j       pc - 0xc
core   0: 3 0x80000068 (0xff5ff06f)
core   0: 0x8000005c (0x00100093) li      ra, 1
core   0: 3 0x8000005c (0x00100093) x1  0x00000001
core   0: 0x80000060 (0x00002f17) auipc   t5, 0x2
core   0: 3 0x80000060 (0x00002f17) x30 0x80002060
core   0: 0x80000064 (0xfa1f2023) sw      ra, -96(t5)
core   0: 3 0x80000064 (0xfa1f2023) mem 0x80002000 0x00000001
core   0: 0x80000068 (0xff5ff06f) j       pc - 0xc
core   0: 3 0x80000068 (0xff5ff06f)
core   0: 0x8000005c (0x00100093) li      ra, 1
core   0: 3 0x8000005c (0x00100093) x1  0x00000001
core   0: 0x80000060 (0x00002f17) auipc   t5, 0x2
core   0: 3 0x80000060 (0x00002f17) x30 0x80002060
core   0: 0x80000064 (0xfa1f2023) sw      ra, -96(t5)
core   0: 3 0x80000064 (0xfa1f2023) mem 0x80002000 0x00000001
core   0: 0x80000068 (0xff5ff06f) j       pc - 0xc
core   0: 3 0x80000068 (0xff5ff06f)
core   0: 0x8000005c (0x00100093) li      ra, 1
core   0: 3 0x8000005c (0x00100093) x1  0x00000001
core   0: 0x80000060 (0x00002f17) auipc   t5, 0x2
core   0: 3 0x80000060 (0x00002f17) x30 0x80002060
core   0: 0x80000064 (0xfa1f2023) sw      ra, -96(t5)
core   0: 3 0x80000064 (0xfa1f2023) mem 0x80002000 0x00000001
core   0: 0x80000068 (0xff5ff06f) j       pc - 0xc
core   0: 3 0x80000068 (0xff5ff06f)
core   0: 0x8000005c (0x00100093) li      ra, 1
core   0: 3 0x8000005c (0x00100093) x1  0x00000001
core   0: 0x80000060 (0x00002f17) auipc   t5, 0x2
core   0: 3 0x80000060 (0x00002f17) x30 0x80002060
core   0: 0x80000064 (0xfa1f2023) sw      ra, -96(t5)
core   0: 3 0x80000064 (0xfa1f2023) mem 0x80002000 0x00000001
core   0: 0x80000068 (0xff5ff06f) j       pc - 0xc
core   0: 3 0x80000068 (0xff5ff06f)
core   0: 0x8000005c (0x00100093) li      ra, 1
core   0: 3 0x8000005c (0x00100093) x1  0x00000001
core   0: 0x80000060 (0x00002f17) auipc   t5, 0x2
core   0: 3 0x80000060 (0x00002f17) x30 0x80002060
core   0: 0x80000064 (0xfa1f2023) sw      ra, -96(t5)
core   0: 3 0x80000064 (0xfa1f2023) mem 0x80002000 0x00000001
core   0: 0x80000068 (0xff5ff06f) j       pc - 0xc
core   0: 3 0x80000068 (0xff5ff06f)
core   0: 0x8000005c (0x00100093) li      ra, 1
core   0: 3 0x8000005c (0x00100093) x1  0x00000001
core   0: 0x80000060 (0x00002f17) auipc   t5, 0x2
core   0: 3 0x80000060 (0x00002f17) x30 0x80002060
core   0: 0x80000064 (0xfa1f2023) sw      ra, -96(t5)
core   0: 3 0x80000064 (0xfa1f2023) mem 0x80002000 0x00000001
core   0: 0x80000068 (0xff5ff06f) j       pc - 0xc
core   0: 3 0x80000068 (0xff5ff06f)
core   0: 0x8000005c (0x00100093) li      ra, 1
core   0: 3 0x8000005c (0x00100093) x1  0x00000001
core   0: 0x80000060 (0x00002f17) auipc   t5, 0x2
core   0: 3 0x80000060 (0x00002f17) x30 0x80002060
core   0: 0x80000064 (0xfa1f2023) sw      ra, -96(t5)
core   0: 3 0x80000064 (0xfa1f2023) mem 0x80002000 0x00000001
core   0: 0x80000068 (0xff5ff06f) j       pc - 0xc
core   0: 3 0x80000068 (0xff5ff06f)
core   0: 0x8000005c (0x00100093) li      ra, 1
core   0: 3 0x8000005c (0x00100093) x1  0x00000001
core   0: 0x80000060 (0x00002f17) auipc   t5, 0x2
core   0: 3 0x80000060 (0x00002f17) x30 0x80002060
core   0: 0x80000064 (0xfa1f2023) sw      ra, -96(t5)
core   0: 3 0x80000064 (0xfa1f2023) mem 0x80002000 0x00000001
core   0: 0x80000068 (0xff5ff06f) j       pc - 0xc
core   0: 3 0x80000068 (0xff5ff06f)
core   0: 0x8000005c (0x00100093) li      ra, 1
core   0: 3 0x8000005c (0x00100093) x1  0x00000001
core   0: 0x80000060 (0x00002f17) auipc   t5, 0x2
core   0: 3 0x80000060 (0x00002f17) x30 0x80002060
core   0: 0x80000064 (0xfa1f2023) sw      ra, -96(t5)
core   0: 3 0x80000064 (0xfa1f2023) mem 0x80002000 0x00000001
core   0: 0x80000068 (0xff5ff06f) j       pc - 0xc
core   0: 3 0x80000068 (0xff5ff06f)
core   0: 0x8000005c (0x00100093) li      ra, 1
core   0: 3 0x8000005c (0x00100093) x1  0x00000001
core   0: 0x80000060 (0x00002f17) auipc   t5, 0x2
core   0: 3 0x80000060 (0x00002f17) x30 0x80002060
core   0: 0x80000064 (0xfa1f2023) sw      ra, -96(t5)
core   0: 3 0x80000064 (0xfa1f2023) mem 0x80002000 0x00000001
core   0: 0x80000068 (0xff5ff06f) j       pc - 0xc
core   0: 3 0x80000068 (0xff5ff06f)
core   0: 0x8000005c (0x00100093) li      ra, 1
core   0: 3 0x8000005c (0x00100093) x1  0x00000001
core   0: 0x80000060 (0x00002f17) auipc   t5, 0x2
core   0: 3 0x80000060 (0x00002f17) x30 0x80002060
core   0: 0x80000064 (0xfa1f2023) sw      ra, -96(t5)
core   0: 3 0x80000064 (0xfa1f2023) mem 0x80002000 0x00000001
core   0: 0x80000068 (0xff5ff06f) j       pc - 0xc
core   0: 3 0x80000068 (0xff5ff06f)
core   0: 0x8000005c (0x00100093) li      ra, 1
core   0: 3 0x8000005c (0x00100093) x1  0x00000001
core   0: 0x80000060 (0x00002f17) auipc   t5, 0x2
core   0: 3 0x80000060 (0x00002f17) x30 0x80002060
core   0: 0x80000064 (0xfa1f2023) sw      ra, -96(t5)
core   0: 3 0x80000064 (0xfa1f2023) mem 0x80002000 0x00000001
core   0: 0x80000068 (0xff5ff06f) j       pc - 0xc
core   0: 3 0x80000068 (0xff5ff06f)
core   0: 0x8000005c (0x00100093) li      ra, 1
core   0: 3 0x8000005c (0x00100093) x1  0x00000001
core   0: 0x80000060 (0x00002f17) auipc   t5, 0x2
core   0: 3 0x80000060 (0x00002f17) x30 0x80002060
core   0: 0x80000064 (0xfa1f2023) sw      ra, -96(t5)
core   0: 3 0x80000064 (0xfa1f2023) mem 0x80002000 0x00000001
core   0: 0x80000068 (0xff5ff06f) j       pc - 0xc
core   0: 3 0x80000068 (0xff5ff06f)
core   0: 0x8000005c (0x00100093) li      ra, 1
core   0: 3 0x8000005c (0x00100093) x1  0x00000001
core   0: 0x80000060 (0x00002f17) auipc   t5, 0x2
core   0: 3 0x80000060 (0x00002f17) x30 0x80002060
core   0: 0x80000064 (0xfa1f2023) sw      ra, -96(t5)
core   0: 3 0x80000064 (0xfa1f2023) mem 0x80002000 0x00000001
core   0: 0x80000068 (0xff5ff06f) j       pc - 0xc
core   0: 3 0x80000068 (0xff5ff06f)
core   0: 0x8000005c (0x00100093) li      ra, 1
core   0: 3 0x8000005c (0x00100093) x1  0x00000001
core   0: 0x80000060 (0x00002f17) auipc   t5, 0x2
core   0: 3 0x80000060 (0x00002f17) x30 0x80002060
core   0: 0x80000064 (0xfa1f2023) sw      ra, -96(t5)
core   0: 3 0x80000064 (0xfa1f2023) mem 0x80002000 0x00000001
core   0: 0x80000068 (0xff5ff06f) j       pc - 0xc
core   0: 3 0x80000068 (0xff5ff06f)
core   0: 0x8000005c (0x00100093) li      ra, 1
core   0: 3 0x8000005c (0x00100093) x1  0x00000001
core   0: 0x80000060 (0x00002f17) auipc   t5, 0x2
core   0: 3 0x80000060 (0x00002f17) x30 0x80002060
core   0: 0x80000064 (0xfa1f2023) sw      ra, -96(t5)
core   0: 3 0x80000064 (0xfa1f2023) mem 0x80002000 0x00000001
core   0: 0x80000068 (0xff5ff06f) j       pc - 0xc
core   0: 3 0x80000068 (0xff5ff06f)
core   0: 0x8000005c (0x00100093) li      ra, 1
core   0: 3 0x8000005c (0x00100093) x1  0x00000001
core   0: 0x80000060 (0x00002f17) auipc   t5, 0x2
core   0: 3 0x80000060 (0x00002f17) x30 0x80002060
core   0: 0x80000064 (0xfa1f2023) sw      ra, -96(t5)
core   0: 3 0x80000064 (0xfa1f2023) mem 0x80002000 0x00000001
core   0: 0x80000068 (0xff5ff06f) j       pc - 0xc
core   0: 3 0x80000068 (0xff5ff06f)
core   0: 0x8000005c (0x00100093) li      ra, 1
core   0: 3 0x8000005c (0x00100093) x1  0x00000001
core   0: 0x80000060 (0x00002f17) auipc   t5, 0x2
core   0: 3 0x80000060 (0x00002f17) x30 0x80002060
core   0: 0x80000064 (0xfa1f2023) sw      ra, -96(t5)
core   0: 3 0x80000064 (0xfa1f2023) mem 0x80002000 0x00000001
core   0: 0x80000068 (0xff5ff06f) j       pc - 0xc
core   0: 3 0x80000068 (0xff5ff06f)
core   0: 0x8000005c (0x00100093) li      ra, 1
core   0: 3 0x8000005c (0x00100093) x1  0x00000001
core   0: 0x80000060 (0x00002f17) auipc   t5, 0x2
core   0: 3 0x80000060 (0x00002f17) x30 0x80002060
core   0: 0x80000064 (0xfa1f2023) sw      ra, -96(t5)
core   0: 3 0x80000064 (0xfa1f2023) mem 0x80002000 0x00000001
core   0: 0x80000068 (0xff5ff06f) j       pc - 0xc
core   0: 3 0x80000068 (0xff5ff06f)
core   0: 0x8000005c (0x00100093) li      ra, 1
core   0: 3 0x8000005c (0x00100093) x1  0x00000001
core   0: 0x80000060 (0x00002f17) auipc   t5, 0x2
core   0: 3 0x80000060 (0x00002f17) x30 0x80002060
core   0: 0x80000064 (0xfa1f2023) sw      ra, -96(t5)
core   0: 3 0x80000064 (0xfa1f2023) mem 0x80002000 0x00000001
core   0: 0x80000068 (0xff5ff06f) j       pc - 0xc
core   0: 3 0x80000068 (0xff5ff06f)
core   0: 0x8000005c (0x00100093) li      ra, 1
core   0: 3 0x8000005c (0x00100093) x1  0x00000001
core   0: 0x80000060 (0x00002f17) auipc   t5, 0x2
core   0: 3 0x80000060 (0x00002f17) x30 0x80002060
core   0: 0x80000064 (0xfa1f2023) sw      ra, -96(t5)
core   0: 3 0x80000064 (0xfa1f2023) mem 0x80002000 0x00000001
core   0: 0x80000068 (0xff5ff06f) j       pc - 0xc
core   0: 3 0x80000068 (0xff5ff06f)
core   0: 0x8000005c (0x00100093) li      ra, 1
core   0: 3 0x8000005c (0x00100093) x1  0x00000001
core   0: 0x80000060 (0x00002f17) auipc   t5, 0x2
core   0: 3 0x80000060 (0x00002f17) x30 0x80002060
core   0: 0x80000064 (0xfa1f2023) sw      ra, -96(t5)
core   0: 3 0x80000064 (0xfa1f2023) mem 0x80002000 0x00000001
core   0: 0x80000068 (0xff5ff06f) j       pc - 0xc
core   0: 3 0x80000068 (0xff5ff06f)
core   0: 0x8000005c (0x00100093) li      ra, 1
core   0: 3 0x8000005c (0x00100093) x1  0x00000001
core   0: 0x80000060 (0x00002f17) auipc   t5, 0x2
core   0: 3 0x80000060 (0x00002f17) x30 0x80002060
core   0: 0x80000064 (0xfa1f2023) sw      ra, -96(t5)
core   0: 3 0x80000064 (0xfa1f2023) mem 0x80002000 0x00000001
core   0: 0x80000068 (0xff5ff06f) j       pc - 0xc
core   0: 3 0x80000068 (0xff5ff06f)
core   0: 0x8000005c (0x00100093) li      ra, 1
core   0: 3 0x8000005c (0x00100093) x1  0x00000001
core   0: 0x80000060 (0x00002f17) auipc   t5, 0x2
core   0: 3 0x80000060 (0x00002f17) x30 0x80002060
core   0: 0x80000064 (0xfa1f2023) sw      ra, -96(t5)
core   0: 3 0x80000064 (0xfa1f2023) mem 0x80002000 0x00000001
core   0: 0x80000068 (0xff5ff06f) j       pc - 0xc
core   0: 3 0x80000068 (0xff5ff06f)
core   0: 0x8000005c (0x00100093) li      ra, 1
core   0: 3 0x8000005c (0x00100093) x1  0x00000001
core   0: 0x80000060 (0x00002f17) auipc   t5, 0x2
core   0: 3 0x80000060 (0x00002f17) x30 0x80002060
core   0: 0x80000064 (0xfa1f2023) sw      ra, -96(t5)
core   0: 3 0x80000064 (0xfa1f2023) mem 0x80002000 0x00000001
core   0: 0x80000068 (0xff5ff06f) j       pc - 0xc
core   0: 3 0x80000068 (0xff5ff06f)
core   0: 0x8000005c (0x00100093) li      ra, 1
core   0: 3 0x8000005c (0x00100093) x1  0x00000001
core   0: 0x80000060 (0x00002f17) auipc   t5, 0x2
core   0: 3 0x80000060 (0x00002f17) x30 0x80002060
core   0: 0x80000064 (0xfa1f2023) sw      ra, -96(t5)
core   0: 3 0x80000064 (0xfa1f2023) mem 0x80002000 0x00000001
core   0: 0x80000068 (0xff5ff06f) j       pc - 0xc
core   0: 3 0x80000068 (0xff5ff06f)
core   0: 0x8000005c (0x00100093) li      ra, 1
core   0: 3 0x8000005c (0x00100093) x1  0x00000001
core   0: 0x80000060 (0x00002f17) auipc   t5, 0x2
core   0: 3 0x80000060 (0x00002f17) x30 0x80002060
core   0: 0x80000064 (0xfa1f2023) sw      ra, -96(t5)
core   0: 3 0x80000064 (0xfa1f2023) mem 0x80002000 0x00000001
core   0: 0x80000068 (0xff5ff06f) j       pc - 0xc
core   0: 3 0x80000068 (0xff5ff06f)
core   0: 0x8000005c (0x00100093) li      ra, 1
core   0: 3 0x8000005c (0x00100093) x1  0x00000001
core   0: 0x80000060 (0x00002f17) auipc   t5, 0x2
core   0: 3 0x80000060 (0x00002f17) x30 0x80002060
core   0: 0x80000064 (0xfa1f2023) sw      ra, -96(t5)
core   0: 3 0x80000064 (0xfa1f2023) mem 0x80002000 0x00000001
core   0: 0x80000068 (0xff5ff06f) j       pc - 0xc
core   0: 3 0x80000068 (0xff5ff06f)
core   0: 0x8000005c (0x00100093) li      ra, 1
core   0: 3 0x8000005c (0x00100093) x1  0x00000001
core   0: 0x80000060 (0x00002f17) auipc   t5, 0x2
core   0: 3 0x80000060 (0x00002f17) x30 0x80002060
core   0: 0x80000064 (0xfa1f2023) sw      ra, -96(t5)
core   0: 3 0x80000064 (0xfa1f2023) mem 0x80002000 0x00000001
core   0: 0x80000068 (0xff5ff06f) j       pc - 0xc
core   0: 3 0x80000068 (0xff5ff06f)
core   0: 0x8000005c (0x00100093) li      ra, 1
core   0: 3 0x8000005c (0x00100093) x1  0x00000001
core   0: 0x80000060 (0x00002f17) auipc   t5, 0x2
core   0: 3 0x80000060 (0x00002f17) x30 0x80002060
core   0: 0x80000064 (0xfa1f2023) sw      ra, -96(t5)
core   0: 3 0x80000064 (0xfa1f2023) mem 0x80002000 0x00000001
core   0: 0x80000068 (0xff5ff06f) j       pc - 0xc
core   0: 3 0x80000068 (0xff5ff06f)
core   0: 0x8000005c (0x00100093) li      ra, 1
core   0: 3 0x8000005c (0x00100093) x1  0x00000001
core   0: 0x80000060 (0x00002f17) auipc   t5, 0x2
core   0: 3 0x80000060 (0x00002f17) x30 0x80002060
core   0: 0x80000064 (0xfa1f2023) sw      ra, -96(t5)
core   0: 3 0x80000064 (0xfa1f2023) mem 0x80002000 0x00000001
core   0: 0x80000068 (0xff5ff06f) j       pc - 0xc
core   0: 3 0x80000068 (0xff5ff06f)
core   0: 0x8000005c (0x00100093) li      ra, 1
core   0: 3 0x8000005c (0x00100093) x1  0x00000001
core   0: 0x80000060 (0x00002f17) auipc   t5, 0x2
core   0: 3 0x80000060 (0x00002f17) x30 0x80002060
core   0: 0x80000064 (0xfa1f2023) sw      ra, -96(t5)
core   0: 3 0x80000064 (0xfa1f2023) mem 0x80002000 0x00000001
core   0: 0x80000068 (0xff5ff06f) j       pc - 0xc
core   0: 3 0x80000068 (0xff5ff06f)
core   0: 0x8000005c (0x00100093) li      ra, 1
core   0: 3 0x8000005c (0x00100093) x1  0x00000001
core   0: 0x80000060 (0x00002f17) auipc   t5, 0x2
core   0: 3 0x80000060 (0x00002f17) x30 0x80002060
core   0: 0x80000064 (0xfa1f2023) sw      ra, -96(t5)
core   0: 3 0x80000064 (0xfa1f2023) mem 0x80002000 0x00000001
core   0: 0x80000068 (0xff5ff06f) j       pc - 0xc
core   0: 3 0x80000068 (0xff5ff06f)
core   0: 0x8000005c (0x00100093) li      ra, 1
core   0: 3 0x8000005c (0x00100093) x1  0x00000001
core   0: 0x80000060 (0x00002f17) auipc   t5, 0x2
core   0: 3 0x80000060 (0x00002f17) x30 0x80002060
core   0: 0x80000064 (0xfa1f2023) sw      ra, -96(t5)
core   0: 3 0x80000064 (0xfa1f2023) mem 0x80002000 0x00000001
core   0: 0x80000068 (0xff5ff06f) j       pc - 0xc
core   0: 3 0x80000068 (0xff5ff06f)
core   0: 0x8000005c (0x00100093) li      ra, 1
core   0: 3 0x8000005c (0x00100093) x1  0x00000001
core   0: 0x80000060 (0x00002f17) auipc   t5, 0x2
core   0: 3 0x80000060 (0x00002f17) x30 0x80002060
core   0: 0x80000064 (0xfa1f2023) sw      ra, -96(t5)
core   0: 3 0x80000064 (0xfa1f2023) mem 0x80002000 0x00000001
core   0: 0x80000068 (0xff5ff06f) j       pc - 0xc
core   0: 3 0x80000068 (0xff5ff06f)
core   0: 0x8000005c (0x00100093) li      ra, 1
core   0: 3 0x8000005c (0x00100093) x1  0x00000001
core   0: 0x80000060 (0x00002f17) auipc   t5, 0x2
core   0: 3 0x80000060 (0x00002f17) x30 0x80002060
core   0: 0x80000064 (0xfa1f2023) sw      ra, -96(t5)
core   0: 3 0x80000064 (0xfa1f2023) mem 0x80002000 0x00000001
core   0: 0x80000068 (0xff5ff06f) j       pc - 0xc
core   0: 3 0x80000068 (0xff5ff06f)
core   0: 0x8000005c (0x00100093) li      ra, 1
core   0: 3 0x8000005c (0x00100093) x1  0x00000001
core   0: 0x80000060 (0x00002f17) auipc   t5, 0x2
core   0: 3 0x80000060 (0x00002f17) x30 0x80002060
core   0: 0x80000064 (0xfa1f2023) sw      ra, -96(t5)
core   0: 3 0x80000064 (0xfa1f2023) mem 0x80002000 0x00000001
core   0: 0x80000068 (0xff5ff06f) j       pc - 0xc
core   0: 3 0x80000068 (0xff5ff06f)
core   0: 0x8000005c (0x00100093) li      ra, 1
core   0: 3 0x8000005c (0x00100093) x1  0x00000001
core   0: 0x80000060 (0x00002f17) auipc   t5, 0x2
core   0: 3 0x80000060 (0x00002f17) x30 0x80002060
core   0: 0x80000064 (0xfa1f2023) sw      ra, -96(t5)
core   0: 3 0x80000064 (0xfa1f2023) mem 0x80002000 0x00000001
core   0: 0x80000068 (0xff5ff06f) j       pc - 0xc
core   0: 3 0x80000068 (0xff5ff06f)
core   0: 0x8000005c (0x00100093) li      ra, 1
core   0: 3 0x8000005c (0x00100093) x1  0x00000001
core   0: 0x80000060 (0x00002f17) auipc   t5, 0x2
core   0: 3 0x80000060 (0x00002f17) x30 0x80002060
core   0: 0x80000064 (0xfa1f2023) sw      ra, -96(t5)
core   0: 3 0x80000064 (0xfa1f2023) mem 0x80002000 0x00000001
core   0: 0x80000068 (0xff5ff06f) j       pc - 0xc
core   0: 3 0x80000068 (0xff5ff06f)
core   0: 0x8000005c (0x00100093) li      ra, 1
core   0: 3 0x8000005c (0x00100093) x1  0x00000001
core   0: 0x80000060 (0x00002f17) auipc   t5, 0x2
core   0: 3 0x80000060 (0x00002f17) x30 0x80002060
core   0: 0x80000064 (0xfa1f2023) sw      ra, -96(t5)
core   0: 3 0x80000064 (0xfa1f2023) mem 0x80002000 0x00000001
core   0: 0x80000068 (0xff5ff06f) j       pc - 0xc
core   0: 3 0x80000068 (0xff5ff06f)
core   0: 0x8000005c (0x00100093) li      ra, 1
core   0: 3 0x8000005c (0x00100093) x1  0x00000001
core   0: 0x80000060 (0x00002f17) auipc   t5, 0x2
core   0: 3 0x80000060 (0x00002f17) x30 0x80002060
core   0: 0x80000064 (0xfa1f2023) sw      ra, -96(t5)
core   0: 3 0x80000064 (0xfa1f2023) mem 0x80002000 0x00000001
core   0: 0x80000068 (0xff5ff06f) j       pc - 0xc
core   0: 3 0x80000068 (0xff5ff06f)
core   0: 0x8000005c (0x00100093) li      ra, 1
core   0: 3 0x8000005c (0x00100093) x1  0x00000001
core   0: 0x80000060 (0x00002f17) auipc   t5, 0x2
core   0: 3 0x80000060 (0x00002f17) x30 0x80002060
core   0: 0x80000064 (0xfa1f2023) sw      ra, -96(t5)
core   0: 3 0x80000064 (0xfa1f2023) mem 0x80002000 0x00000001
core   0: 0x80000068 (0xff5ff06f) j       pc - 0xc
core   0: 3 0x80000068 (0xff5ff06f)
core   0: 0x8000005c (0x00100093) li      ra, 1
core   0: 3 0x8000005c (0x00100093) x1  0x00000001
core   0: 0x80000060 (0x00002f17) auipc   t5, 0x2
core   0: 3 0x80000060 (0x00002f17) x30 0x80002060
core   0: 0x80000064 (0xfa1f2023) sw      ra, -96(t5)
core   0: 3 0x80000064 (0xfa1f2023) mem 0x80002000 0x00000001
core   0: 0x80000068 (0xff5ff06f) j       pc - 0xc
core   0: 3 0x80000068 (0xff5ff06f)
core   0: 0x8000005c (0x00100093) li      ra, 1
core   0: 3 0x8000005c (0x00100093) x1  0x00000001
core   0: 0x80000060 (0x00002f17) auipc   t5, 0x2
core   0: 3 0x80000060 (0x00002f17) x30 0x80002060
core   0: 0x80000064 (0xfa1f2023) sw      ra, -96(t5)
core   0: 3 0x80000064 (0xfa1f2023) mem 0x80002000 0x00000001
core   0: 0x80000068 (0xff5ff06f) j       pc - 0xc
core   0: 3 0x80000068 (0xff5ff06f)
core   0: 0x8000005c (0x00100093) li      ra, 1
core   0: 3 0x8000005c (0x00100093) x1  0x00000001
core   0: 0x80000060 (0x00002f17) auipc   t5, 0x2
core   0: 3 0x80000060 (0x00002f17) x30 0x80002060
core   0: 0x80000064 (0xfa1f2023) sw      ra, -96(t5)
core   0: 3 0x80000064 (0xfa1f2023) mem 0x80002000 0x00000001
core   0: 0x80000068 (0xff5ff06f) j       pc - 0xc
core   0: 3 0x80000068 (0xff5ff06f)
core   0: 0x8000005c (0x00100093) li      ra, 1
core   0: 3 0x8000005c (0x00100093) x1  0x00000001
core   0: 0x80000060 (0x00002f17) auipc   t5, 0x2
core   0: 3 0x80000060 (0x00002f17) x30 0x80002060
core   0: 0x80000064 (0xfa1f2023) sw      ra, -96(t5)
core   0: 3 0x80000064 (0xfa1f2023) mem 0x80002000 0x00000001
core   0: 0x80000068 (0xff5ff06f) j       pc - 0xc
core   0: 3 0x80000068 (0xff5ff06f)
core   0: 0x8000005c (0x00100093) li      ra, 1
core   0: 3 0x8000005c (0x00100093) x1  0x00000001
core   0: 0x80000060 (0x00002f17) auipc   t5, 0x2
core   0: 3 0x80000060 (0x00002f17) x30 0x80002060
core   0: 0x80000064 (0xfa1f2023) sw      ra, -96(t5)
core   0: 3 0x80000064 (0xfa1f2023) mem 0x80002000 0x00000001
core   0: 0x80000068 (0xff5ff06f) j       pc - 0xc
core   0: 3 0x80000068 (0xff5ff06f)
core   0: 0x8000005c (0x00100093) li      ra, 1
core   0: 3 0x8000005c (0x00100093) x1  0x00000001
core   0: 0x80000060 (0x00002f17) auipc   t5, 0x2
core   0: 3 0x80000060 (0x00002f17) x30 0x80002060
core   0: 0x80000064 (0xfa1f2023) sw      ra, -96(t5)
core   0: 3 0x80000064 (0xfa1f2023) mem 0x80002000 0x00000001
core   0: 0x80000068 (0xff5ff06f) j       pc - 0xc
core   0: 3 0x80000068 (0xff5ff06f)
core   0: 0x8000005c (0x00100093) li      ra, 1
core   0: 3 0x8000005c (0x00100093) x1  0x00000001
core   0: 0x80000060 (0x00002f17) auipc   t5, 0x2
core   0: 3 0x80000060 (0x00002f17) x30 0x80002060
core   0: 0x80000064 (0xfa1f2023) sw      ra, -96(t5)
core   0: 3 0x80000064 (0xfa1f2023) mem 0x80002000 0x00000001
core   0: 0x80000068 (0xff5ff06f) j       pc - 0xc
core   0: 3 0x80000068 (0xff5ff06f)
core   0: 0x8000005c (0x00100093) li      ra, 1
core   0: 3 0x8000005c (0x00100093) x1  0x00000001
core   0: 0x80000060 (0x00002f17) auipc   t5, 0x2
core   0: 3 0x80000060 (0x00002f17) x30 0x80002060
core   0: 0x80000064 (0xfa1f2023) sw      ra, -96(t5)
core   0: 3 0x80000064 (0xfa1f2023) mem 0x80002000 0x00000001
core   0: 0x80000068 (0xff5ff06f) j       pc - 0xc
core   0: 3 0x80000068 (0xff5ff06f)
core   0: 0x8000005c (0x00100093) li      ra, 1
core   0: 3 0x8000005c (0x00100093) x1  0x00000001
core   0: 0x80000060 (0x00002f17) auipc   t5, 0x2
core   0: 3 0x80000060 (0x00002f17) x30 0x80002060
core   0: 0x80000064 (0xfa1f2023) sw      ra, -96(t5)
core   0: 3 0x80000064 (0xfa1f2023) mem 0x80002000 0x00000001
core   0: 0x80000068 (0xff5ff06f) j       pc - 0xc
core   0: 3 0x80000068 (0xff5ff06f)
core   0: 0x8000005c (0x00100093) li      ra, 1
core   0: 3 0x8000005c (0x00100093) x1  0x00000001
core   0: 0x80000060 (0x00002f17) auipc   t5, 0x2
core   0: 3 0x80000060 (0x00002f17) x30 0x80002060
core   0: 0x80000064 (0xfa1f2023) sw      ra, -96(t5)
core   0: 3 0x80000064 (0xfa1f2023) mem 0x80002000 0x00000001
core   0: 0x80000068 (0xff5ff06f) j       pc - 0xc
core   0: 3 0x80000068 (0xff5ff06f)
core   0: 0x8000005c (0x00100093) li      ra, 1
core   0: 3 0x8000005c (0x00100093) x1  0x00000001
core   0: 0x80000060 (0x00002f17) auipc   t5, 0x2
core   0: 3 0x80000060 (0x00002f17) x30 0x80002060
core   0: 0x80000064 (0xfa1f2023) sw      ra, -96(t5)
core   0: 3 0x80000064 (0xfa1f2023) mem 0x80002000 0x00000001
core   0: 0x80000068 (0xff5ff06f) j       pc - 0xc
core   0: 3 0x80000068 (0xff5ff06f)
core   0: 0x8000005c (0x00100093) li      ra, 1
core   0: 3 0x8000005c (0x00100093) x1  0x00000001
core   0: 0x80000060 (0x00002f17) auipc   t5, 0x2
core   0: 3 0x80000060 (0x00002f17) x30 0x80002060
core   0: 0x80000064 (0xfa1f2023) sw      ra, -96(t5)
core   0: 3 0x80000064 (0xfa1f2023) mem 0x80002000 0x00000001
core   0: 0x80000068 (0xff5ff06f) j       pc - 0xc
core   0: 3 0x80000068 (0xff5ff06f)
core   0: 0x8000005c (0x00100093) li      ra, 1
core   0: 3 0x8000005c (0x00100093) x1  0x00000001
core   0: 0x80000060 (0x00002f17) auipc   t5, 0x2
core   0: 3 0x80000060 (0x00002f17) x30 0x80002060
core   0: 0x80000064 (0xfa1f2023) sw      ra, -96(t5)
core   0: 3 0x80000064 (0xfa1f2023) mem 0x80002000 0x00000001
core   0: 0x80000068 (0xff5ff06f) j       pc - 0xc
core   0: 3 0x80000068 (0xff5ff06f)
core   0: 0x8000005c (0x00100093) li      ra, 1
core   0: 3 0x8000005c (0x00100093) x1  0x00000001
core   0: 0x80000060 (0x00002f17) auipc   t5, 0x2
core   0: 3 0x80000060 (0x00002f17) x30 0x80002060
core   0: 0x80000064 (0xfa1f2023) sw      ra, -96(t5)
core   0: 3 0x80000064 (0xfa1f2023) mem 0x80002000 0x00000001
core   0: 0x80000068 (0xff5ff06f) j       pc - 0xc
core   0: 3 0x80000068 (0xff5ff06f)
core   0: 0x8000005c (0x00100093) li      ra, 1
core   0: 3 0x8000005c (0x00100093) x1  0x00000001
core   0: 0x80000060 (0x00002f17) auipc   t5, 0x2
core   0: 3 0x80000060 (0x00002f17) x30 0x80002060
core   0: 0x80000064 (0xfa1f2023) sw      ra, -96(t5)
core   0: 3 0x80000064 (0xfa1f2023) mem 0x80002000 0x00000001
core   0: 0x80000068 (0xff5ff06f) j       pc - 0xc
core   0: 3 0x80000068 (0xff5ff06f)
core   0: 0x8000005c (0x00100093) li      ra, 1
core   0: 3 0x8000005c (0x00100093) x1  0x00000001
core   0: 0x80000060 (0x00002f17) auipc   t5, 0x2
core   0: 3 0x80000060 (0x00002f17) x30 0x80002060
core   0: 0x80000064 (0xfa1f2023) sw      ra, -96(t5)
core   0: 3 0x80000064 (0xfa1f2023) mem 0x80002000 0x00000001
core   0: 0x80000068 (0xff5ff06f) j       pc - 0xc
core   0: 3 0x80000068 (0xff5ff06f)
core   0: 0x8000005c (0x00100093) li      ra, 1
core   0: 3 0x8000005c (0x00100093) x1  0x00000001
core   0: 0x80000060 (0x00002f17) auipc   t5, 0x2
core   0: 3 0x80000060 (0x00002f17) x30 0x80002060
core   0: 0x80000064 (0xfa1f2023) sw      ra, -96(t5)
core   0: 3 0x80000064 (0xfa1f2023) mem 0x80002000 0x00000001
core   0: 0x80000068 (0xff5ff06f) j       pc - 0xc
core   0: 3 0x80000068 (0xff5ff06f)
core   0: 0x8000005c (0x00100093) li      ra, 1
core   0: 3 0x8000005c (0x00100093) x1  0x00000001
core   0: 0x80000060 (0x00002f17) auipc   t5, 0x2
core   0: 3 0x80000060 (0x00002f17) x30 0x80002060
core   0: 0x80000064 (0xfa1f2023) sw      ra, -96(t5)
core   0: 3 0x80000064 (0xfa1f2023) mem 0x80002000 0x00000001
core   0: 0x80000068 (0xff5ff06f) j       pc - 0xc
core   0: 3 0x80000068 (0xff5ff06f)
core   0: 0x8000005c (0x00100093) li      ra, 1
core   0: 3 0x8000005c (0x00100093) x1  0x00000001
core   0: 0x80000060 (0x00002f17) auipc   t5, 0x2
core   0: 3 0x80000060 (0x00002f17) x30 0x80002060
core   0: 0x80000064 (0xfa1f2023) sw      ra, -96(t5)
core   0: 3 0x80000064 (0xfa1f2023) mem 0x80002000 0x00000001
core   0: 0x80000068 (0xff5ff06f) j       pc - 0xc
core   0: 3 0x80000068 (0xff5ff06f)
core   0: 0x8000005c (0x00100093) li      ra, 1
core   0: 3 0x8000005c (0x00100093) x1  0x00000001
core   0: 0x80000060 (0x00002f17) auipc   t5, 0x2
core   0: 3 0x80000060 (0x00002f17) x30 0x80002060
core   0: 0x80000064 (0xfa1f2023) sw      ra, -96(t5)
core   0: 3 0x80000064 (0xfa1f2023) mem 0x80002000 0x00000001
core   0: 0x80000068 (0xff5ff06f) j       pc - 0xc
core   0: 3 0x80000068 (0xff5ff06f)
core   0: 0x8000005c (0x00100093) li      ra, 1
core   0: 3 0x8000005c (0x00100093) x1  0x00000001
core   0: 0x80000060 (0x00002f17) auipc   t5, 0x2
core   0: 3 0x80000060 (0x00002f17) x30 0x80002060
core   0: 0x80000064 (0xfa1f2023) sw      ra, -96(t5)
core   0: 3 0x80000064 (0xfa1f2023) mem 0x80002000 0x00000001
core   0: 0x80000068 (0xff5ff06f) j       pc - 0xc
core   0: 3 0x80000068 (0xff5ff06f)
core   0: 0x8000005c (0x00100093) li      ra, 1
core   0: 3 0x8000005c (0x00100093) x1  0x00000001
core   0: 0x80000060 (0x00002f17) auipc   t5, 0x2
core   0: 3 0x80000060 (0x00002f17) x30 0x80002060
core   0: 0x80000064 (0xfa1f2023) sw      ra, -96(t5)
core   0: 3 0x80000064 (0xfa1f2023) mem 0x80002000 0x00000001
core   0: 0x80000068 (0xff5ff06f) j       pc - 0xc
core   0: 3 0x80000068 (0xff5ff06f)
core   0: 0x8000005c (0x00100093) li      ra, 1
core   0: 3 0x8000005c (0x00100093) x1  0x00000001
core   0: 0x80000060 (0x00002f17) auipc   t5, 0x2
core   0: 3 0x80000060 (0x00002f17) x30 0x80002060
core   0: 0x80000064 (0xfa1f2023) sw      ra, -96(t5)
core   0: 3 0x80000064 (0xfa1f2023) mem 0x80002000 0x00000001
core   0: 0x80000068 (0xff5ff06f) j       pc - 0xc
core   0: 3 0x80000068 (0xff5ff06f)
core   0: 0x8000005c (0x00100093) li      ra, 1
core   0: 3 0x8000005c (0x00100093) x1  0x00000001
core   0: 0x80000060 (0x00002f17) auipc   t5, 0x2
core   0: 3 0x80000060 (0x00002f17) x30 0x80002060
core   0: 0x80000064 (0xfa1f2023) sw      ra, -96(t5)
core   0: 3 0x80000064 (0xfa1f2023) mem 0x80002000 0x00000001
core   0: 0x80000068 (0xff5ff06f) j       pc - 0xc
core   0: 3 0x80000068 (0xff5ff06f)
core   0: 0x8000005c (0x00100093) li      ra, 1
core   0: 3 0x8000005c (0x00100093) x1  0x00000001
core   0: 0x80000060 (0x00002f17) auipc   t5, 0x2
core   0: 3 0x80000060 (0x00002f17) x30 0x80002060
core   0: 0x80000064 (0xfa1f2023) sw      ra, -96(t5)
core   0: 3 0x80000064 (0xfa1f2023) mem 0x80002000 0x00000001
core   0: 0x80000068 (0xff5ff06f) j       pc - 0xc
core   0: 3 0x80000068 (0xff5ff06f)
core   0: 0x8000005c (0x00100093) li      ra, 1
core   0: 3 0x8000005c (0x00100093) x1  0x00000001
core   0: 0x80000060 (0x00002f17) auipc   t5, 0x2
core   0: 3 0x80000060 (0x00002f17) x30 0x80002060
core   0: 0x80000064 (0xfa1f2023) sw      ra, -96(t5)
core   0: 3 0x80000064 (0xfa1f2023) mem 0x80002000 0x00000001
core   0: 0x80000068 (0xff5ff06f) j       pc - 0xc
core   0: 3 0x80000068 (0xff5ff06f)
core   0: 0x8000005c (0x00100093) li      ra, 1
core   0: 3 0x8000005c (0x00100093) x1  0x00000001
core   0: 0x80000060 (0x00002f17) auipc   t5, 0x2
core   0: 3 0x80000060 (0x00002f17) x30 0x80002060
core   0: 0x80000064 (0xfa1f2023) sw      ra, -96(t5)
core   0: 3 0x80000064 (0xfa1f2023) mem 0x80002000 0x00000001
core   0: 0x80000068 (0xff5ff06f) j       pc - 0xc
core   0: 3 0x80000068 (0xff5ff06f)
core   0: 0x8000005c (0x00100093) li      ra, 1
core   0: 3 0x8000005c (0x00100093) x1  0x00000001
core   0: 0x80000060 (0x00002f17) auipc   t5, 0x2
core   0: 3 0x80000060 (0x00002f17) x30 0x80002060
core   0: 0x80000064 (0xfa1f2023) sw      ra, -96(t5)
core   0: 3 0x80000064 (0xfa1f2023) mem 0x80002000 0x00000001
core   0: 0x80000068 (0xff5ff06f) j       pc - 0xc
core   0: 3 0x80000068 (0xff5ff06f)
core   0: 0x8000005c (0x00100093) li      ra, 1
core   0: 3 0x8000005c (0x00100093) x1  0x00000001
core   0: 0x80000060 (0x00002f17) auipc   t5, 0x2
core   0: 3 0x80000060 (0x00002f17) x30 0x80002060
core   0: 0x80000064 (0xfa1f2023) sw      ra, -96(t5)
core   0: 3 0x80000064 (0xfa1f2023) mem 0x80002000 0x00000001
core   0: 0x80000068 (0xff5ff06f) j       pc - 0xc
core   0: 3 0x80000068 (0xff5ff06f)
core   0: 0x8000005c (0x00100093) li      ra, 1
core   0: 3 0x8000005c (0x00100093) x1  0x00000001
core   0: 0x80000060 (0x00002f17) auipc   t5, 0x2
core   0: 3 0x80000060 (0x00002f17) x30 0x80002060
core   0: 0x80000064 (0xfa1f2023) sw      ra, -96(t5)
core   0: 3 0x80000064 (0xfa1f2023) mem 0x80002000 0x00000001
core   0: 0x80000068 (0xff5ff06f) j       pc - 0xc
core   0: 3 0x80000068 (0xff5ff06f)
core   0: 0x8000005c (0x00100093) li      ra, 1
core   0: 3 0x8000005c (0x00100093) x1  0x00000001
core   0: 0x80000060 (0x00002f17) auipc   t5, 0x2
core   0: 3 0x80000060 (0x00002f17) x30 0x80002060
core   0: 0x80000064 (0xfa1f2023) sw      ra, -96(t5)
core   0: 3 0x80000064 (0xfa1f2023) mem 0x80002000 0x00000001
core   0: 0x80000068 (0xff5ff06f) j       pc - 0xc
core   0: 3 0x80000068 (0xff5ff06f)
core   0: 0x8000005c (0x00100093) li      ra, 1
core   0: 3 0x8000005c (0x00100093) x1  0x00000001
core   0: 0x80000060 (0x00002f17) auipc   t5, 0x2
core   0: 3 0x80000060 (0x00002f17) x30 0x80002060
core   0: 0x80000064 (0xfa1f2023) sw      ra, -96(t5)
core   0: 3 0x80000064 (0xfa1f2023) mem 0x80002000 0x00000001
core   0: 0x80000068 (0xff5ff06f) j       pc - 0xc
core   0: 3 0x80000068 (0xff5ff06f)
core   0: 0x8000005c (0x00100093) li      ra, 1
core   0: 3 0x8000005c (0x00100093) x1  0x00000001
core   0: 0x80000060 (0x00002f17) auipc   t5, 0x2
core   0: 3 0x80000060 (0x00002f17) x30 0x80002060
core   0: 0x80000064 (0xfa1f2023) sw      ra, -96(t5)
core   0: 3 0x80000064 (0xfa1f2023) mem 0x80002000 0x00000001
core   0: 0x80000068 (0xff5ff06f) j       pc - 0xc
core   0: 3 0x80000068 (0xff5ff06f)
core   0: 0x8000005c (0x00100093) li      ra, 1
core   0: 3 0x8000005c (0x00100093) x1  0x00000001
core   0: 0x80000060 (0x00002f17) auipc   t5, 0x2
core   0: 3 0x80000060 (0x00002f17) x30 0x80002060
core   0: 0x80000064 (0xfa1f2023) sw      ra, -96(t5)
core   0: 3 0x80000064 (0xfa1f2023) mem 0x80002000 0x00000001
core   0: 0x80000068 (0xff5ff06f) j       pc - 0xc
core   0: 3 0x80000068 (0xff5ff06f)
core   0: 0x8000005c (0x00100093) li      ra, 1
core   0: 3 0x8000005c (0x00100093) x1  0x00000001
core   0: 0x80000060 (0x00002f17) auipc   t5, 0x2
core   0: 3 0x80000060 (0x00002f17) x30 0x80002060
core   0: 0x80000064 (0xfa1f2023) sw      ra, -96(t5)
core   0: 3 0x80000064 (0xfa1f2023) mem 0x80002000 0x00000001
core   0: 0x80000068 (0xff5ff06f) j       pc - 0xc
core   0: 3 0x80000068 (0xff5ff06f)
core   0: 0x8000005c (0x00100093) li      ra, 1
core   0: 3 0x8000005c (0x00100093) x1  0x00000001
core   0: 0x80000060 (0x00002f17) auipc   t5, 0x2
core   0: 3 0x80000060 (0x00002f17) x30 0x80002060
core   0: 0x80000064 (0xfa1f2023) sw      ra, -96(t5)
core   0: 3 0x80000064 (0xfa1f2023) mem 0x80002000 0x00000001
core   0: 0x80000068 (0xff5ff06f) j       pc - 0xc
core   0: 3 0x80000068 (0xff5ff06f)
core   0: 0x8000005c (0x00100093) li      ra, 1
core   0: 3 0x8000005c (0x00100093) x1  0x00000001
core   0: 0x80000060 (0x00002f17) auipc   t5, 0x2
core   0: 3 0x80000060 (0x00002f17) x30 0x80002060
core   0: 0x80000064 (0xfa1f2023) sw      ra, -96(t5)
core   0: 3 0x80000064 (0xfa1f2023) mem 0x80002000 0x00000001
core   0: 0x80000068 (0xff5ff06f) j       pc - 0xc
core   0: 3 0x80000068 (0xff5ff06f)
core   0: 0x8000005c (0x00100093) li      ra, 1
core   0: 3 0x8000005c (0x00100093) x1  0x00000001
core   0: 0x80000060 (0x00002f17) auipc   t5, 0x2
core   0: 3 0x80000060 (0x00002f17) x30 0x80002060
core   0: 0x80000064 (0xfa1f2023) sw      ra, -96(t5)
core   0: 3 0x80000064 (0xfa1f2023) mem 0x80002000 0x00000001
core   0: 0x80000068 (0xff5ff06f) j       pc - 0xc
core   0: 3 0x80000068 (0xff5ff06f)
core   0: 0x8000005c (0x00100093) li      ra, 1
core   0: 3 0x8000005c (0x00100093) x1  0x00000001
core   0: 0x80000060 (0x00002f17) auipc   t5, 0x2
core   0: 3 0x80000060 (0x00002f17) x30 0x80002060
core   0: 0x80000064 (0xfa1f2023) sw      ra, -96(t5)
core   0: 3 0x80000064 (0xfa1f2023) mem 0x80002000 0x00000001
core   0: 0x80000068 (0xff5ff06f) j       pc - 0xc
core   0: 3 0x80000068 (0xff5ff06f)
core   0: 0x8000005c (0x00100093) li      ra, 1
core   0: 3 0x8000005c (0x00100093) x1  0x00000001
core   0: 0x80000060 (0x00002f17) auipc   t5, 0x2
core   0: 3 0x80000060 (0x00002f17) x30 0x80002060
core   0: 0x80000064 (0xfa1f2023) sw      ra, -96(t5)
core   0: 3 0x80000064 (0xfa1f2023) mem 0x80002000 0x00000001
core   0: 0x80000068 (0xff5ff06f) j       pc - 0xc
core   0: 3 0x80000068 (0xff5ff06f)
core   0: 0x8000005c (0x00100093) li      ra, 1
core   0: 3 0x8000005c (0x00100093) x1  0x00000001
core   0: 0x80000060 (0x00002f17) auipc   t5, 0x2
core   0: 3 0x80000060 (0x00002f17) x30 0x80002060
core   0: 0x80000064 (0xfa1f2023) sw      ra, -96(t5)
core   0: 3 0x80000064 (0xfa1f2023) mem 0x80002000 0x00000001
core   0: 0x80000068 (0xff5ff06f) j       pc - 0xc
core   0: 3 0x80000068 (0xff5ff06f)
core   0: 0x8000005c (0x00100093) li      ra, 1
core   0: 3 0x8000005c (0x00100093) x1  0x00000001
core   0: 0x80000060 (0x00002f17) auipc   t5, 0x2
core   0: 3 0x80000060 (0x00002f17) x30 0x80002060
core   0: 0x80000064 (0xfa1f2023) sw      ra, -96(t5)
core   0: 3 0x80000064 (0xfa1f2023) mem 0x80002000 0x00000001
core   0: 0x80000068 (0xff5ff06f) j       pc - 0xc
core   0: 3 0x80000068 (0xff5ff06f)
core   0: 0x8000005c (0x00100093) li      ra, 1
core   0: 3 0x8000005c (0x00100093) x1  0x00000001
core   0: 0x80000060 (0x00002f17) auipc   t5, 0x2
core   0: 3 0x80000060 (0x00002f17) x30 0x80002060
core   0: 0x80000064 (0xfa1f2023) sw      ra, -96(t5)
core   0: 3 0x80000064 (0xfa1f2023) mem 0x80002000 0x00000001
core   0: 0x80000068 (0xff5ff06f) j       pc - 0xc
core   0: 3 0x80000068 (0xff5ff06f)
core   0: 0x8000005c (0x00100093) li      ra, 1
core   0: 3 0x8000005c (0x00100093) x1  0x00000001
core   0: 0x80000060 (0x00002f17) auipc   t5, 0x2
core   0: 3 0x80000060 (0x00002f17) x30 0x80002060
core   0: 0x80000064 (0xfa1f2023) sw      ra, -96(t5)
core   0: 3 0x80000064 (0xfa1f2023) mem 0x80002000 0x00000001
core   0: 0x80000068 (0xff5ff06f) j       pc - 0xc
core   0: 3 0x80000068 (0xff5ff06f)
core   0: 0x8000005c (0x00100093) li      ra, 1
core   0: 3 0x8000005c (0x00100093) x1  0x00000001
core   0: 0x80000060 (0x00002f17) auipc   t5, 0x2
core   0: 3 0x80000060 (0x00002f17) x30 0x80002060
core   0: 0x80000064 (0xfa1f2023) sw      ra, -96(t5)
core   0: 3 0x80000064 (0xfa1f2023) mem 0x80002000 0x00000001
core   0: 0x80000068 (0xff5ff06f) j       pc - 0xc
core   0: 3 0x80000068 (0xff5ff06f)
core   0: 0x8000005c (0x00100093) li      ra, 1
core   0: 3 0x8000005c (0x00100093) x1  0x00000001
core   0: 0x80000060 (0x00002f17) auipc   t5, 0x2
core   0: 3 0x80000060 (0x00002f17) x30 0x80002060
core   0: 0x80000064 (0xfa1f2023) sw      ra, -96(t5)
core   0: 3 0x80000064 (0xfa1f2023) mem 0x80002000 0x00000001
core   0: 0x80000068 (0xff5ff06f) j       pc - 0xc
core   0: 3 0x80000068 (0xff5ff06f)
core   0: 0x8000005c (0x00100093) li      ra, 1
core   0: 3 0x8000005c (0x00100093) x1  0x00000001
core   0: 0x80000060 (0x00002f17) auipc   t5, 0x2
core   0: 3 0x80000060 (0x00002f17) x30 0x80002060
core   0: 0x80000064 (0xfa1f2023) sw      ra, -96(t5)
core   0: 3 0x80000064 (0xfa1f2023) mem 0x80002000 0x00000001
core   0: 0x80000068 (0xff5ff06f) j       pc - 0xc
core   0: 3 0x80000068 (0xff5ff06f)
core   0: 0x8000005c (0x00100093) li      ra, 1
core   0: 3 0x8000005c (0x00100093) x1  0x00000001
core   0: 0x80000060 (0x00002f17) auipc   t5, 0x2
core   0: 3 0x80000060 (0x00002f17) x30 0x80002060
core   0: 0x80000064 (0xfa1f2023) sw      ra, -96(t5)
core   0: 3 0x80000064 (0xfa1f2023) mem 0x80002000 0x00000001
core   0: 0x80000068 (0xff5ff06f) j       pc - 0xc
core   0: 3 0x80000068 (0xff5ff06f)
core   0: 0x8000005c (0x00100093) li      ra, 1
core   0: 3 0x8000005c (0x00100093) x1  0x00000001
core   0: 0x80000060 (0x00002f17) auipc   t5, 0x2
core   0: 3 0x80000060 (0x00002f17) x30 0x80002060
core   0: 0x80000064 (0xfa1f2023) sw      ra, -96(t5)
core   0: 3 0x80000064 (0xfa1f2023) mem 0x80002000 0x00000001
core   0: 0x80000068 (0xff5ff06f) j       pc - 0xc
core   0: 3 0x80000068 (0xff5ff06f)
core   0: 0x8000005c (0x00100093) li      ra, 1
core   0: 3 0x8000005c (0x00100093) x1  0x00000001
core   0: 0x80000060 (0x00002f17) auipc   t5, 0x2
core   0: 3 0x80000060 (0x00002f17) x30 0x80002060
core   0: 0x80000064 (0xfa1f2023) sw      ra, -96(t5)
core   0: 3 0x80000064 (0xfa1f2023) mem 0x80002000 0x00000001
core   0: 0x80000068 (0xff5ff06f) j       pc - 0xc
core   0: 3 0x80000068 (0xff5ff06f)
core   0: 0x8000005c (0x00100093) li      ra, 1
core   0: 3 0x8000005c (0x00100093) x1  0x00000001
core   0: 0x80000060 (0x00002f17) auipc   t5, 0x2
core   0: 3 0x80000060 (0x00002f17) x30 0x80002060
core   0: 0x80000064 (0xfa1f2023) sw      ra, -96(t5)
core   0: 3 0x80000064 (0xfa1f2023) mem 0x80002000 0x00000001
core   0: 0x80000068 (0xff5ff06f) j       pc - 0xc
core   0: 3 0x80000068 (0xff5ff06f)
core   0: 0x8000005c (0x00100093) li      ra, 1
core   0: 3 0x8000005c (0x00100093) x1  0x00000001
core   0: 0x80000060 (0x00002f17) auipc   t5, 0x2
core   0: 3 0x80000060 (0x00002f17) x30 0x80002060
core   0: 0x80000064 (0xfa1f2023) sw      ra, -96(t5)
core   0: 3 0x80000064 (0xfa1f2023) mem 0x80002000 0x00000001
core   0: 0x80000068 (0xff5ff06f) j       pc - 0xc
core   0: 3 0x80000068 (0xff5ff06f)
core   0: 0x8000005c (0x00100093) li      ra, 1
core   0: 3 0x8000005c (0x00100093) x1  0x00000001
core   0: 0x80000060 (0x00002f17) auipc   t5, 0x2
core   0: 3 0x80000060 (0x00002f17) x30 0x80002060
core   0: 0x80000064 (0xfa1f2023) sw      ra, -96(t5)
core   0: 3 0x80000064 (0xfa1f2023) mem 0x80002000 0x00000001
core   0: 0x80000068 (0xff5ff06f) j       pc - 0xc
core   0: 3 0x80000068 (0xff5ff06f)
core   0: 0x8000005c (0x00100093) li      ra, 1
core   0: 3 0x8000005c (0x00100093) x1  0x00000001
core   0: 0x80000060 (0x00002f17) auipc   t5, 0x2
core   0: 3 0x80000060 (0x00002f17) x30 0x80002060
core   0: 0x80000064 (0xfa1f2023) sw      ra, -96(t5)
core   0: 3 0x80000064 (0xfa1f2023) mem 0x80002000 0x00000001
core   0: 0x80000068 (0xff5ff06f) j       pc - 0xc
core   0: 3 0x80000068 (0xff5ff06f)
core   0: 0x8000005c (0x00100093) li      ra, 1
core   0: 3 0x8000005c (0x00100093) x1  0x00000001
core   0: 0x80000060 (0x00002f17) auipc   t5, 0x2
core   0: 3 0x80000060 (0x00002f17) x30 0x80002060
core   0: 0x80000064 (0xfa1f2023) sw      ra, -96(t5)
core   0: 3 0x80000064 (0xfa1f2023) mem 0x80002000 0x00000001
core   0: 0x80000068 (0xff5ff06f) j       pc - 0xc
core   0: 3 0x80000068 (0xff5ff06f)
core   0: 0x8000005c (0x00100093) li      ra, 1
core   0: 3 0x8000005c (0x00100093) x1  0x00000001
core   0: 0x80000060 (0x00002f17) auipc   t5, 0x2
core   0: 3 0x80000060 (0x00002f17) x30 0x80002060
core   0: 0x80000064 (0xfa1f2023) sw      ra, -96(t5)
core   0: 3 0x80000064 (0xfa1f2023) mem 0x80002000 0x00000001
core   0: 0x80000068 (0xff5ff06f) j       pc - 0xc
core   0: 3 0x80000068 (0xff5ff06f)
core   0: 0x8000005c (0x00100093) li      ra, 1
core   0: 3 0x8000005c (0x00100093) x1  0x00000001
core   0: 0x80000060 (0x00002f17) auipc   t5, 0x2
core   0: 3 0x80000060 (0x00002f17) x30 0x80002060
core   0: 0x80000064 (0xfa1f2023) sw      ra, -96(t5)
core   0: 3 0x80000064 (0xfa1f2023) mem 0x80002000 0x00000001
core   0: 0x80000068 (0xff5ff06f) j       pc - 0xc
core   0: 3 0x80000068 (0xff5ff06f)
core   0: 0x8000005c (0x00100093) li      ra, 1
core   0: 3 0x8000005c (0x00100093) x1  0x00000001
core   0: 0x80000060 (0x00002f17) auipc   t5, 0x2
core   0: 3 0x80000060 (0x00002f17) x30 0x80002060
core   0: 0x80000064 (0xfa1f2023) sw      ra, -96(t5)
core   0: 3 0x80000064 (0xfa1f2023) mem 0x80002000 0x00000001
core   0: 0x80000068 (0xff5ff06f) j       pc - 0xc
core   0: 3 0x80000068 (0xff5ff06f)
core   0: 0x8000005c (0x00100093) li      ra, 1
core   0: 3 0x8000005c (0x00100093) x1  0x00000001
core   0: 0x80000060 (0x00002f17) auipc   t5, 0x2
core   0: 3 0x80000060 (0x00002f17) x30 0x80002060
core   0: 0x80000064 (0xfa1f2023) sw      ra, -96(t5)
core   0: 3 0x80000064 (0xfa1f2023) mem 0x80002000 0x00000001
core   0: 0x80000068 (0xff5ff06f) j       pc - 0xc
core   0: 3 0x80000068 (0xff5ff06f)
core   0: 0x8000005c (0x00100093) li      ra, 1
core   0: 3 0x8000005c (0x00100093) x1  0x00000001
core   0: 0x80000060 (0x00002f17) auipc   t5, 0x2
core   0: 3 0x80000060 (0x00002f17) x30 0x80002060
core   0: 0x80000064 (0xfa1f2023) sw      ra, -96(t5)
core   0: 3 0x80000064 (0xfa1f2023) mem 0x80002000 0x00000001
core   0: 0x80000068 (0xff5ff06f) j       pc - 0xc
core   0: 3 0x80000068 (0xff5ff06f)
core   0: 0x8000005c (0x00100093) li      ra, 1
core   0: 3 0x8000005c (0x00100093) x1  0x00000001
core   0: 0x80000060 (0x00002f17) auipc   t5, 0x2
core   0: 3 0x80000060 (0x00002f17) x30 0x80002060
core   0: 0x80000064 (0xfa1f2023) sw      ra, -96(t5)
core   0: 3 0x80000064 (0xfa1f2023) mem 0x80002000 0x00000001
core   0: 0x80000068 (0xff5ff06f) j       pc - 0xc
core   0: 3 0x80000068 (0xff5ff06f)
core   0: 0x8000005c (0x00100093) li      ra, 1
core   0: 3 0x8000005c (0x00100093) x1  0x00000001
core   0: 0x80000060 (0x00002f17) auipc   t5, 0x2
core   0: 3 0x80000060 (0x00002f17) x30 0x80002060
core   0: 0x80000064 (0xfa1f2023) sw      ra, -96(t5)
core   0: 3 0x80000064 (0xfa1f2023) mem 0x80002000 0x00000001
core   0: 0x80000068 (0xff5ff06f) j       pc - 0xc
core   0: 3 0x80000068 (0xff5ff06f)
core   0: 0x8000005c (0x00100093) li      ra, 1
core   0: 3 0x8000005c (0x00100093) x1  0x00000001
core   0: 0x80000060 (0x00002f17) auipc   t5, 0x2
core   0: 3 0x80000060 (0x00002f17) x30 0x80002060
core   0: 0x80000064 (0xfa1f2023) sw      ra, -96(t5)
core   0: 3 0x80000064 (0xfa1f2023) mem 0x80002000 0x00000001
core   0: 0x80000068 (0xff5ff06f) j       pc - 0xc
core   0: 3 0x80000068 (0xff5ff06f)
core   0: 0x8000005c (0x00100093) li      ra, 1
core   0: 3 0x8000005c (0x00100093) x1  0x00000001
core   0: 0x80000060 (0x00002f17) auipc   t5, 0x2
core   0: 3 0x80000060 (0x00002f17) x30 0x80002060
core   0: 0x80000064 (0xfa1f2023) sw      ra, -96(t5)
core   0: 3 0x80000064 (0xfa1f2023) mem 0x80002000 0x00000001
core   0: 0x80000068 (0xff5ff06f) j       pc - 0xc
core   0: 3 0x80000068 (0xff5ff06f)
core   0: 0x8000005c (0x00100093) li      ra, 1
core   0: 3 0x8000005c (0x00100093) x1  0x00000001
core   0: 0x80000060 (0x00002f17) auipc   t5, 0x2
core   0: 3 0x80000060 (0x00002f17) x30 0x80002060
core   0: 0x80000064 (0xfa1f2023) sw      ra, -96(t5)
core   0: 3 0x80000064 (0xfa1f2023) mem 0x80002000 0x00000001
core   0: 0x80000068 (0xff5ff06f) j       pc - 0xc
core   0: 3 0x80000068 (0xff5ff06f)
core   0: 0x8000005c (0x00100093) li      ra, 1
core   0: 3 0x8000005c (0x00100093) x1  0x00000001
core   0: 0x80000060 (0x00002f17) auipc   t5, 0x2
core   0: 3 0x80000060 (0x00002f17) x30 0x80002060
core   0: 0x80000064 (0xfa1f2023) sw      ra, -96(t5)
core   0: 3 0x80000064 (0xfa1f2023) mem 0x80002000 0x00000001
core   0: 0x80000068 (0xff5ff06f) j       pc - 0xc
core   0: 3 0x80000068 (0xff5ff06f)
core   0: 0x8000005c (0x00100093) li      ra, 1
core   0: 3 0x8000005c (0x00100093) x1  0x00000001
core   0: 0x80000060 (0x00002f17) auipc   t5, 0x2
core   0: 3 0x80000060 (0x00002f17) x30 0x80002060
core   0: 0x80000064 (0xfa1f2023) sw      ra, -96(t5)
core   0: 3 0x80000064 (0xfa1f2023) mem 0x80002000 0x00000001
core   0: 0x80000068 (0xff5ff06f) j       pc - 0xc
core   0: 3 0x80000068 (0xff5ff06f)
core   0: 0x8000005c (0x00100093) li      ra, 1
core   0: 3 0x8000005c (0x00100093) x1  0x00000001
core   0: 0x80000060 (0x00002f17) auipc   t5, 0x2
core   0: 3 0x80000060 (0x00002f17) x30 0x80002060
core   0: 0x80000064 (0xfa1f2023) sw      ra, -96(t5)
core   0: 3 0x80000064 (0xfa1f2023) mem 0x80002000 0x00000001
core   0: 0x80000068 (0xff5ff06f) j       pc - 0xc
core   0: 3 0x80000068 (0xff5ff06f)
core   0: 0x8000005c (0x00100093) li      ra, 1
core   0: 3 0x8000005c (0x00100093) x1  0x00000001
core   0: 0x80000060 (0x00002f17) auipc   t5, 0x2
core   0: 3 0x80000060 (0x00002f17) x30 0x80002060
core   0: 0x80000064 (0xfa1f2023) sw      ra, -96(t5)
core   0: 3 0x80000064 (0xfa1f2023) mem 0x80002000 0x00000001
core   0: 0x80000068 (0xff5ff06f) j       pc - 0xc
core   0: 3 0x80000068 (0xff5ff06f)
core   0: 0x8000005c (0x00100093) li      ra, 1
core   0: 3 0x8000005c (0x00100093) x1  0x00000001
core   0: 0x80000060 (0x00002f17) auipc   t5, 0x2
core   0: 3 0x80000060 (0x00002f17) x30 0x80002060
core   0: 0x80000064 (0xfa1f2023) sw      ra, -96(t5)
core   0: 3 0x80000064 (0xfa1f2023) mem 0x80002000 0x00000001
core   0: 0x80000068 (0xff5ff06f) j       pc - 0xc
core   0: 3 0x80000068 (0xff5ff06f)
core   0: 0x8000005c (0x00100093) li      ra, 1
core   0: 3 0x8000005c (0x00100093) x1  0x00000001
core   0: 0x80000060 (0x00002f17) auipc   t5, 0x2
core   0: 3 0x80000060 (0x00002f17) x30 0x80002060
core   0: 0x80000064 (0xfa1f2023) sw      ra, -96(t5)
core   0: 3 0x80000064 (0xfa1f2023) mem 0x80002000 0x00000001
core   0: 0x80000068 (0xff5ff06f) j       pc - 0xc
core   0: 3 0x80000068 (0xff5ff06f)
core   0: 0x8000005c (0x00100093) li      ra, 1
core   0: 3 0x8000005c (0x00100093) x1  0x00000001
core   0: 0x80000060 (0x00002f17) auipc   t5, 0x2
core   0: 3 0x80000060 (0x00002f17) x30 0x80002060
core   0: 0x80000064 (0xfa1f2023) sw      ra, -96(t5)
core   0: 3 0x80000064 (0xfa1f2023) mem 0x80002000 0x00000001
core   0: 0x80000068 (0xff5ff06f) j       pc - 0xc
core   0: 3 0x80000068 (0xff5ff06f)
core   0: 0x8000005c (0x00100093) li      ra, 1
core   0: 3 0x8000005c (0x00100093) x1  0x00000001
core   0: 0x80000060 (0x00002f17) auipc   t5, 0x2
core   0: 3 0x80000060 (0x00002f17) x30 0x80002060
core   0: 0x80000064 (0xfa1f2023) sw      ra, -96(t5)
core   0: 3 0x80000064 (0xfa1f2023) mem 0x80002000 0x00000001
core   0: 0x80000068 (0xff5ff06f) j       pc - 0xc
core   0: 3 0x80000068 (0xff5ff06f)
core   0: 0x8000005c (0x00100093) li      ra, 1
core   0: 3 0x8000005c (0x00100093) x1  0x00000001
core   0: 0x80000060 (0x00002f17) auipc   t5, 0x2
core   0: 3 0x80000060 (0x00002f17) x30 0x80002060
core   0: 0x80000064 (0xfa1f2023) sw      ra, -96(t5)
core   0: 3 0x80000064 (0xfa1f2023) mem 0x80002000 0x00000001
core   0: 0x80000068 (0xff5ff06f) j       pc - 0xc
core   0: 3 0x80000068 (0xff5ff06f)
core   0: 0x8000005c (0x00100093) li      ra, 1
core   0: 3 0x8000005c (0x00100093) x1  0x00000001
core   0: 0x80000060 (0x00002f17) auipc   t5, 0x2
core   0: 3 0x80000060 (0x00002f17) x30 0x80002060
core   0: 0x80000064 (0xfa1f2023) sw      ra, -96(t5)
core   0: 3 0x80000064 (0xfa1f2023) mem 0x80002000 0x00000001
core   0: 0x80000068 (0xff5ff06f) j       pc - 0xc
core   0: 3 0x80000068 (0xff5ff06f)
core   0: 0x8000005c (0x00100093) li      ra, 1
core   0: 3 0x8000005c (0x00100093) x1  0x00000001
core   0: 0x80000060 (0x00002f17) auipc   t5, 0x2
core   0: 3 0x80000060 (0x00002f17) x30 0x80002060
core   0: 0x80000064 (0xfa1f2023) sw      ra, -96(t5)
core   0: 3 0x80000064 (0xfa1f2023) mem 0x80002000 0x00000001
core   0: 0x80000068 (0xff5ff06f) j       pc - 0xc
core   0: 3 0x80000068 (0xff5ff06f)
core   0: 0x8000005c (0x00100093) li      ra, 1
core   0: 3 0x8000005c (0x00100093) x1  0x00000001
core   0: 0x80000060 (0x00002f17) auipc   t5, 0x2
core   0: 3 0x80000060 (0x00002f17) x30 0x80002060
core   0: 0x80000064 (0xfa1f2023) sw      ra, -96(t5)
core   0: 3 0x80000064 (0xfa1f2023) mem 0x80002000 0x00000001
core   0: 0x80000068 (0xff5ff06f) j       pc - 0xc
core   0: 3 0x80000068 (0xff5ff06f)
core   0: 0x8000005c (0x00100093) li      ra, 1
core   0: 3 0x8000005c (0x00100093) x1  0x00000001
core   0: 0x80000060 (0x00002f17) auipc   t5, 0x2
core   0: 3 0x80000060 (0x00002f17) x30 0x80002060
core   0: 0x80000064 (0xfa1f2023) sw      ra, -96(t5)
core   0: 3 0x80000064 (0xfa1f2023) mem 0x80002000 0x00000001
core   0: 0x80000068 (0xff5ff06f) j       pc - 0xc
core   0: 3 0x80000068 (0xff5ff06f)
core   0: 0x8000005c (0x00100093) li      ra, 1
core   0: 3 0x8000005c (0x00100093) x1  0x00000001
core   0: 0x80000060 (0x00002f17) auipc   t5, 0x2
core   0: 3 0x80000060 (0x00002f17) x30 0x80002060
core   0: 0x80000064 (0xfa1f2023) sw      ra, -96(t5)
core   0: 3 0x80000064 (0xfa1f2023) mem 0x80002000 0x00000001
core   0: 0x80000068 (0xff5ff06f) j       pc - 0xc
core   0: 3 0x80000068 (0xff5ff06f)
core   0: 0x8000005c (0x00100093) li      ra, 1
core   0: 3 0x8000005c (0x00100093) x1  0x00000001
core   0: 0x80000060 (0x00002f17) auipc   t5, 0x2
core   0: 3 0x80000060 (0x00002f17) x30 0x80002060
core   0: 0x80000064 (0xfa1f2023) sw      ra, -96(t5)
core   0: 3 0x80000064 (0xfa1f2023) mem 0x80002000 0x00000001
core   0: 0x80000068 (0xff5ff06f) j       pc - 0xc
core   0: 3 0x80000068 (0xff5ff06f)
core   0: 0x8000005c (0x00100093) li      ra, 1
core   0: 3 0x8000005c (0x00100093) x1  0x00000001
core   0: 0x80000060 (0x00002f17) auipc   t5, 0x2
core   0: 3 0x80000060 (0x00002f17) x30 0x80002060
core   0: 0x80000064 (0xfa1f2023) sw      ra, -96(t5)
core   0: 3 0x80000064 (0xfa1f2023) mem 0x80002000 0x00000001
core   0: 0x80000068 (0xff5ff06f) j       pc - 0xc
core   0: 3 0x80000068 (0xff5ff06f)
core   0: 0x8000005c (0x00100093) li      ra, 1
core   0: 3 0x8000005c (0x00100093) x1  0x00000001
core   0: 0x80000060 (0x00002f17) auipc   t5, 0x2
core   0: 3 0x80000060 (0x00002f17) x30 0x80002060
core   0: 0x80000064 (0xfa1f2023) sw      ra, -96(t5)
core   0: 3 0x80000064 (0xfa1f2023) mem 0x80002000 0x00000001
core   0: 0x80000068 (0xff5ff06f) j       pc - 0xc
core   0: 3 0x80000068 (0xff5ff06f)
core   0: 0x8000005c (0x00100093) li      ra, 1
core   0: 3 0x8000005c (0x00100093) x1  0x00000001
core   0: 0x80000060 (0x00002f17) auipc   t5, 0x2
core   0: 3 0x80000060 (0x00002f17) x30 0x80002060
core   0: 0x80000064 (0xfa1f2023) sw      ra, -96(t5)
core   0: 3 0x80000064 (0xfa1f2023) mem 0x80002000 0x00000001
core   0: 0x80000068 (0xff5ff06f) j       pc - 0xc
core   0: 3 0x80000068 (0xff5ff06f)
core   0: 0x8000005c (0x00100093) li      ra, 1
core   0: 3 0x8000005c (0x00100093) x1  0x00000001
core   0: 0x80000060 (0x00002f17) auipc   t5, 0x2
core   0: 3 0x80000060 (0x00002f17) x30 0x80002060
core   0: 0x80000064 (0xfa1f2023) sw      ra, -96(t5)
core   0: 3 0x80000064 (0xfa1f2023) mem 0x80002000 0x00000001
core   0: 0x80000068 (0xff5ff06f) j       pc - 0xc
core   0: 3 0x80000068 (0xff5ff06f)
core   0: 0x8000005c (0x00100093) li      ra, 1
core   0: 3 0x8000005c (0x00100093) x1  0x00000001
core   0: 0x80000060 (0x00002f17) auipc   t5, 0x2
core   0: 3 0x80000060 (0x00002f17) x30 0x80002060
core   0: 0x80000064 (0xfa1f2023) sw      ra, -96(t5)
core   0: 3 0x80000064 (0xfa1f2023) mem 0x80002000 0x00000001
core   0: 0x80000068 (0xff5ff06f) j       pc - 0xc
core   0: 3 0x80000068 (0xff5ff06f)
core   0: 0x8000005c (0x00100093) li      ra, 1
core   0: 3 0x8000005c (0x00100093) x1  0x00000001
core   0: 0x80000060 (0x00002f17) auipc   t5, 0x2
core   0: 3 0x80000060 (0x00002f17) x30 0x80002060
core   0: 0x80000064 (0xfa1f2023) sw      ra, -96(t5)
core   0: 3 0x80000064 (0xfa1f2023) mem 0x80002000 0x00000001
core   0: 0x80000068 (0xff5ff06f) j       pc - 0xc
core   0: 3 0x80000068 (0xff5ff06f)
core   0: 0x8000005c (0x00100093) li      ra, 1
core   0: 3 0x8000005c (0x00100093) x1  0x00000001
core   0: 0x80000060 (0x00002f17) auipc   t5, 0x2
core   0: 3 0x80000060 (0x00002f17) x30 0x80002060
core   0: 0x80000064 (0xfa1f2023) sw      ra, -96(t5)
core   0: 3 0x80000064 (0xfa1f2023) mem 0x80002000 0x00000001
core   0: 0x80000068 (0xff5ff06f) j       pc - 0xc
core   0: 3 0x80000068 (0xff5ff06f)
core   0: 0x8000005c (0x00100093) li      ra, 1
core   0: 3 0x8000005c (0x00100093) x1  0x00000001
core   0: 0x80000060 (0x00002f17) auipc   t5, 0x2
core   0: 3 0x80000060 (0x00002f17) x30 0x80002060
core   0: 0x80000064 (0xfa1f2023) sw      ra, -96(t5)
core   0: 3 0x80000064 (0xfa1f2023) mem 0x80002000 0x00000001
core   0: 0x80000068 (0xff5ff06f) j       pc - 0xc
core   0: 3 0x80000068 (0xff5ff06f)
core   0: 0x8000005c (0x00100093) li      ra, 1
core   0: 3 0x8000005c (0x00100093) x1  0x00000001
core   0: 0x80000060 (0x00002f17) auipc   t5, 0x2
core   0: 3 0x80000060 (0x00002f17) x30 0x80002060
core   0: 0x80000064 (0xfa1f2023) sw      ra, -96(t5)
core   0: 3 0x80000064 (0xfa1f2023) mem 0x80002000 0x00000001
core   0: 0x80000068 (0xff5ff06f) j       pc - 0xc
core   0: 3 0x80000068 (0xff5ff06f)
core   0: 0x8000005c (0x00100093) li      ra, 1
core   0: 3 0x8000005c (0x00100093) x1  0x00000001
core   0: 0x80000060 (0x00002f17) auipc   t5, 0x2
core   0: 3 0x80000060 (0x00002f17) x30 0x80002060
core   0: 0x80000064 (0xfa1f2023) sw      ra, -96(t5)
core   0: 3 0x80000064 (0xfa1f2023) mem 0x80002000 0x00000001
core   0: 0x80000068 (0xff5ff06f) j       pc - 0xc
core   0: 3 0x80000068 (0xff5ff06f)
core   0: 0x8000005c (0x00100093) li      ra, 1
core   0: 3 0x8000005c (0x00100093) x1  0x00000001
core   0: 0x80000060 (0x00002f17) auipc   t5, 0x2
core   0: 3 0x80000060 (0x00002f17) x30 0x80002060
core   0: 0x80000064 (0xfa1f2023) sw      ra, -96(t5)
core   0: 3 0x80000064 (0xfa1f2023) mem 0x80002000 0x00000001
core   0: 0x80000068 (0xff5ff06f) j       pc - 0xc
core   0: 3 0x80000068 (0xff5ff06f)
core   0: 0x8000005c (0x00100093) li      ra, 1
core   0: 3 0x8000005c (0x00100093) x1  0x00000001
core   0: 0x80000060 (0x00002f17) auipc   t5, 0x2
core   0: 3 0x80000060 (0x00002f17) x30 0x80002060
core   0: 0x80000064 (0xfa1f2023) sw      ra, -96(t5)
core   0: 3 0x80000064 (0xfa1f2023) mem 0x80002000 0x00000001
core   0: 0x80000068 (0xff5ff06f) j       pc - 0xc
core   0: 3 0x80000068 (0xff5ff06f)
core   0: 0x8000005c (0x00100093) li      ra, 1
core   0: 3 0x8000005c (0x00100093) x1  0x00000001
core   0: 0x80000060 (0x00002f17) auipc   t5, 0x2
core   0: 3 0x80000060 (0x00002f17) x30 0x80002060
core   0: 0x80000064 (0xfa1f2023) sw      ra, -96(t5)
core   0: 3 0x80000064 (0xfa1f2023) mem 0x80002000 0x00000001
core   0: 0x80000068 (0xff5ff06f) j       pc - 0xc
core   0: 3 0x80000068 (0xff5ff06f)
core   0: 0x8000005c (0x00100093) li      ra, 1
core   0: 3 0x8000005c (0x00100093) x1  0x00000001
core   0: 0x80000060 (0x00002f17) auipc   t5, 0x2
core   0: 3 0x80000060 (0x00002f17) x30 0x80002060
core   0: 0x80000064 (0xfa1f2023) sw      ra, -96(t5)
core   0: 3 0x80000064 (0xfa1f2023) mem 0x80002000 0x00000001
core   0: 0x80000068 (0xff5ff06f) j       pc - 0xc
core   0: 3 0x80000068 (0xff5ff06f)
core   0: 0x8000005c (0x00100093) li      ra, 1
core   0: 3 0x8000005c (0x00100093) x1  0x00000001
core   0: 0x80000060 (0x00002f17) auipc   t5, 0x2
core   0: 3 0x80000060 (0x00002f17) x30 0x80002060
core   0: 0x80000064 (0xfa1f2023) sw      ra, -96(t5)
core   0: 3 0x80000064 (0xfa1f2023) mem 0x80002000 0x00000001
core   0: 0x80000068 (0xff5ff06f) j       pc - 0xc
core   0: 3 0x80000068 (0xff5ff06f)
core   0: 0x8000005c (0x00100093) li      ra, 1
core   0: 3 0x8000005c (0x00100093) x1  0x00000001
core   0: 0x80000060 (0x00002f17) auipc   t5, 0x2
core   0: 3 0x80000060 (0x00002f17) x30 0x80002060
core   0: 0x80000064 (0xfa1f2023) sw      ra, -96(t5)
core   0: 3 0x80000064 (0xfa1f2023) mem 0x80002000 0x00000001
core   0: 0x80000068 (0xff5ff06f) j       pc - 0xc
core   0: 3 0x80000068 (0xff5ff06f)
core   0: 0x8000005c (0x00100093) li      ra, 1
core   0: 3 0x8000005c (0x00100093) x1  0x00000001
core   0: 0x80000060 (0x00002f17) auipc   t5, 0x2
core   0: 3 0x80000060 (0x00002f17) x30 0x80002060
core   0: 0x80000064 (0xfa1f2023) sw      ra, -96(t5)
core   0: 3 0x80000064 (0xfa1f2023) mem 0x80002000 0x00000001
core   0: 0x80000068 (0xff5ff06f) j       pc - 0xc
core   0: 3 0x80000068 (0xff5ff06f)
core   0: 0x8000005c (0x00100093) li      ra, 1
core   0: 3 0x8000005c (0x00100093) x1  0x00000001
core   0: 0x80000060 (0x00002f17) auipc   t5, 0x2
core   0: 3 0x80000060 (0x00002f17) x30 0x80002060
core   0: 0x80000064 (0xfa1f2023) sw      ra, -96(t5)
core   0: 3 0x80000064 (0xfa1f2023) mem 0x80002000 0x00000001
core   0: 0x80000068 (0xff5ff06f) j       pc - 0xc
core   0: 3 0x80000068 (0xff5ff06f)
core   0: 0x8000005c (0x00100093) li      ra, 1
core   0: 3 0x8000005c (0x00100093) x1  0x00000001
core   0: 0x80000060 (0x00002f17) auipc   t5, 0x2
core   0: 3 0x80000060 (0x00002f17) x30 0x80002060
core   0: 0x80000064 (0xfa1f2023) sw      ra, -96(t5)
core   0: 3 0x80000064 (0xfa1f2023) mem 0x80002000 0x00000001
core   0: 0x80000068 (0xff5ff06f) j       pc - 0xc
core   0: 3 0x80000068 (0xff5ff06f)
core   0: 0x8000005c (0x00100093) li      ra, 1
core   0: 3 0x8000005c (0x00100093) x1  0x00000001
core   0: 0x80000060 (0x00002f17) auipc   t5, 0x2
core   0: 3 0x80000060 (0x00002f17) x30 0x80002060
core   0: 0x80000064 (0xfa1f2023) sw      ra, -96(t5)
core   0: 3 0x80000064 (0xfa1f2023) mem 0x80002000 0x00000001
core   0: 0x80000068 (0xff5ff06f) j       pc - 0xc
core   0: 3 0x80000068 (0xff5ff06f)
core   0: 0x8000005c (0x00100093) li      ra, 1
core   0: 3 0x8000005c (0x00100093) x1  0x00000001
core   0: 0x80000060 (0x00002f17) auipc   t5, 0x2
core   0: 3 0x80000060 (0x00002f17) x30 0x80002060
core   0: 0x80000064 (0xfa1f2023) sw      ra, -96(t5)
core   0: 3 0x80000064 (0xfa1f2023) mem 0x80002000 0x00000001
core   0: 0x80000068 (0xff5ff06f) j       pc - 0xc
core   0: 3 0x80000068 (0xff5ff06f)
core   0: 0x8000005c (0x00100093) li      ra, 1
core   0: 3 0x8000005c (0x00100093) x1  0x00000001
core   0: 0x80000060 (0x00002f17) auipc   t5, 0x2
core   0: 3 0x80000060 (0x00002f17) x30 0x80002060
core   0: 0x80000064 (0xfa1f2023) sw      ra, -96(t5)
core   0: 3 0x80000064 (0xfa1f2023) mem 0x80002000 0x00000001
core   0: 0x80000068 (0xff5ff06f) j       pc - 0xc
core   0: 3 0x80000068 (0xff5ff06f)
core   0: 0x8000005c (0x00100093) li      ra, 1
core   0: 3 0x8000005c (0x00100093) x1  0x00000001
core   0: 0x80000060 (0x00002f17) auipc   t5, 0x2
core   0: 3 0x80000060 (0x00002f17) x30 0x80002060
core   0: 0x80000064 (0xfa1f2023) sw      ra, -96(t5)
core   0: 3 0x80000064 (0xfa1f2023) mem 0x80002000 0x00000001
core   0: 0x80000068 (0xff5ff06f) j       pc - 0xc
core   0: 3 0x80000068 (0xff5ff06f)
core   0: 0x8000005c (0x00100093) li      ra, 1
core   0: 3 0x8000005c (0x00100093) x1  0x00000001
core   0: 0x80000060 (0x00002f17) auipc   t5, 0x2
core   0: 3 0x80000060 (0x00002f17) x30 0x80002060
core   0: 0x80000064 (0xfa1f2023) sw      ra, -96(t5)
core   0: 3 0x80000064 (0xfa1f2023) mem 0x80002000 0x00000001
core   0: 0x80000068 (0xff5ff06f) j       pc - 0xc
core   0: 3 0x80000068 (0xff5ff06f)
core   0: 0x8000005c (0x00100093) li      ra, 1
core   0: 3 0x8000005c (0x00100093) x1  0x00000001
core   0: 0x80000060 (0x00002f17) auipc   t5, 0x2
core   0: 3 0x80000060 (0x00002f17) x30 0x80002060
core   0: 0x80000064 (0xfa1f2023) sw      ra, -96(t5)
core   0: 3 0x80000064 (0xfa1f2023) mem 0x80002000 0x00000001
core   0: 0x80000068 (0xff5ff06f) j       pc - 0xc
core   0: 3 0x80000068 (0xff5ff06f)
core   0: 0x8000005c (0x00100093) li      ra, 1
core   0: 3 0x8000005c (0x00100093) x1  0x00000001
core   0: 0x80000060 (0x00002f17) auipc   t5, 0x2
core   0: 3 0x80000060 (0x00002f17) x30 0x80002060
core   0: 0x80000064 (0xfa1f2023) sw      ra, -96(t5)
core   0: 3 0x80000064 (0xfa1f2023) mem 0x80002000 0x00000001
core   0: 0x80000068 (0xff5ff06f) j       pc - 0xc
core   0: 3 0x80000068 (0xff5ff06f)
core   0: 0x8000005c (0x00100093) li      ra, 1
core   0: 3 0x8000005c (0x00100093) x1  0x00000001
core   0: 0x80000060 (0x00002f17) auipc   t5, 0x2
core   0: 3 0x80000060 (0x00002f17) x30 0x80002060
core   0: 0x80000064 (0xfa1f2023) sw      ra, -96(t5)
core   0: 3 0x80000064 (0xfa1f2023) mem 0x80002000 0x00000001
core   0: 0x80000068 (0xff5ff06f) j       pc - 0xc
core   0: 3 0x80000068 (0xff5ff06f)
core   0: 0x8000005c (0x00100093) li      ra, 1
core   0: 3 0x8000005c (0x00100093) x1  0x00000001
core   0: 0x80000060 (0x00002f17) auipc   t5, 0x2
core   0: 3 0x80000060 (0x00002f17) x30 0x80002060
core   0: 0x80000064 (0xfa1f2023) sw      ra, -96(t5)
core   0: 3 0x80000064 (0xfa1f2023) mem 0x80002000 0x00000001
core   0: 0x80000068 (0xff5ff06f) j       pc - 0xc
core   0: 3 0x80000068 (0xff5ff06f)
core   0: 0x8000005c (0x00100093) li      ra, 1
core   0: 3 0x8000005c (0x00100093) x1  0x00000001
core   0: 0x80000060 (0x00002f17) auipc   t5, 0x2
core   0: 3 0x80000060 (0x00002f17) x30 0x80002060
core   0: 0x80000064 (0xfa1f2023) sw      ra, -96(t5)
core   0: 3 0x80000064 (0xfa1f2023) mem 0x80002000 0x00000001
core   0: 0x80000068 (0xff5ff06f) j       pc - 0xc
core   0: 3 0x80000068 (0xff5ff06f)
core   0: 0x8000005c (0x00100093) li      ra, 1
core   0: 3 0x8000005c (0x00100093) x1  0x00000001
core   0: 0x80000060 (0x00002f17) auipc   t5, 0x2
core   0: 3 0x80000060 (0x00002f17) x30 0x80002060
core   0: 0x80000064 (0xfa1f2023) sw      ra, -96(t5)
core   0: 3 0x80000064 (0xfa1f2023) mem 0x80002000 0x00000001
core   0: 0x80000068 (0xff5ff06f) j       pc - 0xc
core   0: 3 0x80000068 (0xff5ff06f)
core   0: 0x8000005c (0x00100093) li      ra, 1
core   0: 3 0x8000005c (0x00100093) x1  0x00000001
core   0: 0x80000060 (0x00002f17) auipc   t5, 0x2
core   0: 3 0x80000060 (0x00002f17) x30 0x80002060
core   0: 0x80000064 (0xfa1f2023) sw      ra, -96(t5)
core   0: 3 0x80000064 (0xfa1f2023) mem 0x80002000 0x00000001
core   0: 0x80000068 (0xff5ff06f) j       pc - 0xc
core   0: 3 0x80000068 (0xff5ff06f)
core   0: 0x8000005c (0x00100093) li      ra, 1
core   0: 3 0x8000005c (0x00100093) x1  0x00000001
core   0: 0x80000060 (0x00002f17) auipc   t5, 0x2
core   0: 3 0x80000060 (0x00002f17) x30 0x80002060
core   0: 0x80000064 (0xfa1f2023) sw      ra, -96(t5)
core   0: 3 0x80000064 (0xfa1f2023) mem 0x80002000 0x00000001
core   0: 0x80000068 (0xff5ff06f) j       pc - 0xc
core   0: 3 0x80000068 (0xff5ff06f)
core   0: 0x8000005c (0x00100093) li      ra, 1
core   0: 3 0x8000005c (0x00100093) x1  0x00000001
core   0: 0x80000060 (0x00002f17) auipc   t5, 0x2
core   0: 3 0x80000060 (0x00002f17) x30 0x80002060
core   0: 0x80000064 (0xfa1f2023) sw      ra, -96(t5)
core   0: 3 0x80000064 (0xfa1f2023) mem 0x80002000 0x00000001
core   0: 0x80000068 (0xff5ff06f) j       pc - 0xc
core   0: 3 0x80000068 (0xff5ff06f)
core   0: 0x8000005c (0x00100093) li      ra, 1
core   0: 3 0x8000005c (0x00100093) x1  0x00000001
core   0: 0x80000060 (0x00002f17) auipc   t5, 0x2
core   0: 3 0x80000060 (0x00002f17) x30 0x80002060
core   0: 0x80000064 (0xfa1f2023) sw      ra, -96(t5)
core   0: 3 0x80000064 (0xfa1f2023) mem 0x80002000 0x00000001
core   0: 0x80000068 (0xff5ff06f) j       pc - 0xc
core   0: 3 0x80000068 (0xff5ff06f)
core   0: 0x8000005c (0x00100093) li      ra, 1
core   0: 3 0x8000005c (0x00100093) x1  0x00000001
core   0: 0x80000060 (0x00002f17) auipc   t5, 0x2
core   0: 3 0x80000060 (0x00002f17) x30 0x80002060
core   0: 0x80000064 (0xfa1f2023) sw      ra, -96(t5)
core   0: 3 0x80000064 (0xfa1f2023) mem 0x80002000 0x00000001
core   0: 0x80000068 (0xff5ff06f) j       pc - 0xc
core   0: 3 0x80000068 (0xff5ff06f)
core   0: 0x8000005c (0x00100093) li      ra, 1
core   0: 3 0x8000005c (0x00100093) x1  0x00000001
core   0: 0x80000060 (0x00002f17) auipc   t5, 0x2
core   0: 3 0x80000060 (0x00002f17) x30 0x80002060
core   0: 0x80000064 (0xfa1f2023) sw      ra, -96(t5)
core   0: 3 0x80000064 (0xfa1f2023) mem 0x80002000 0x00000001
core   0: 0x80000068 (0xff5ff06f) j       pc - 0xc
core   0: 3 0x80000068 (0xff5ff06f)
core   0: 0x8000005c (0x00100093) li      ra, 1
core   0: 3 0x8000005c (0x00100093) x1  0x00000001
core   0: 0x80000060 (0x00002f17) auipc   t5, 0x2
core   0: 3 0x80000060 (0x00002f17) x30 0x80002060
core   0: 0x80000064 (0xfa1f2023) sw      ra, -96(t5)
core   0: 3 0x80000064 (0xfa1f2023) mem 0x80002000 0x00000001
core   0: 0x80000068 (0xff5ff06f) j       pc - 0xc
core   0: 3 0x80000068 (0xff5ff06f)
core   0: 0x8000005c (0x00100093) li      ra, 1
core   0: 3 0x8000005c (0x00100093) x1  0x00000001
core   0: 0x80000060 (0x00002f17) auipc   t5, 0x2
core   0: 3 0x80000060 (0x00002f17) x30 0x80002060
core   0: 0x80000064 (0xfa1f2023) sw      ra, -96(t5)
core   0: 3 0x80000064 (0xfa1f2023) mem 0x80002000 0x00000001
core   0: 0x80000068 (0xff5ff06f) j       pc - 0xc
core   0: 3 0x80000068 (0xff5ff06f)
core   0: 0x8000005c (0x00100093) li      ra, 1
core   0: 3 0x8000005c (0x00100093) x1  0x00000001
core   0: 0x80000060 (0x00002f17) auipc   t5, 0x2
core   0: 3 0x80000060 (0x00002f17) x30 0x80002060
core   0: 0x80000064 (0xfa1f2023) sw      ra, -96(t5)
core   0: 3 0x80000064 (0xfa1f2023) mem 0x80002000 0x00000001
core   0: 0x80000068 (0xff5ff06f) j       pc - 0xc
core   0: 3 0x80000068 (0xff5ff06f)
core   0: 0x8000005c (0x00100093) li      ra, 1
core   0: 3 0x8000005c (0x00100093) x1  0x00000001
core   0: 0x80000060 (0x00002f17) auipc   t5, 0x2
core   0: 3 0x80000060 (0x00002f17) x30 0x80002060
core   0: 0x80000064 (0xfa1f2023) sw      ra, -96(t5)
core   0: 3 0x80000064 (0xfa1f2023) mem 0x80002000 0x00000001
core   0: 0x80000068 (0xff5ff06f) j       pc - 0xc
core   0: 3 0x80000068 (0xff5ff06f)
core   0: 0x8000005c (0x00100093) li      ra, 1
core   0: 3 0x8000005c (0x00100093) x1  0x00000001
core   0: 0x80000060 (0x00002f17) auipc   t5, 0x2
core   0: 3 0x80000060 (0x00002f17) x30 0x80002060
core   0: 0x80000064 (0xfa1f2023) sw      ra, -96(t5)
core   0: 3 0x80000064 (0xfa1f2023) mem 0x80002000 0x00000001
core   0: 0x80000068 (0xff5ff06f) j       pc - 0xc
core   0: 3 0x80000068 (0xff5ff06f)
core   0: 0x8000005c (0x00100093) li      ra, 1
core   0: 3 0x8000005c (0x00100093) x1  0x00000001
core   0: 0x80000060 (0x00002f17) auipc   t5, 0x2
core   0: 3 0x80000060 (0x00002f17) x30 0x80002060
core   0: 0x80000064 (0xfa1f2023) sw      ra, -96(t5)
core   0: 3 0x80000064 (0xfa1f2023) mem 0x80002000 0x00000001
core   0: 0x80000068 (0xff5ff06f) j       pc - 0xc
core   0: 3 0x80000068 (0xff5ff06f)
core   0: 0x8000005c (0x00100093) li      ra, 1
core   0: 3 0x8000005c (0x00100093) x1  0x00000001
core   0: 0x80000060 (0x00002f17) auipc   t5, 0x2
core   0: 3 0x80000060 (0x00002f17) x30 0x80002060
core   0: 0x80000064 (0xfa1f2023) sw      ra, -96(t5)
core   0: 3 0x80000064 (0xfa1f2023) mem 0x80002000 0x00000001
core   0: 0x80000068 (0xff5ff06f) j       pc - 0xc
core   0: 3 0x80000068 (0xff5ff06f)
core   0: 0x8000005c (0x00100093) li      ra, 1
core   0: 3 0x8000005c (0x00100093) x1  0x00000001
core   0: 0x80000060 (0x00002f17) auipc   t5, 0x2
core   0: 3 0x80000060 (0x00002f17) x30 0x80002060
core   0: 0x80000064 (0xfa1f2023) sw      ra, -96(t5)
core   0: 3 0x80000064 (0xfa1f2023) mem 0x80002000 0x00000001
core   0: 0x80000068 (0xff5ff06f) j       pc - 0xc
core   0: 3 0x80000068 (0xff5ff06f)
core   0: 0x8000005c (0x00100093) li      ra, 1
core   0: 3 0x8000005c (0x00100093) x1  0x00000001
core   0: 0x80000060 (0x00002f17) auipc   t5, 0x2
core   0: 3 0x80000060 (0x00002f17) x30 0x80002060
core   0: 0x80000064 (0xfa1f2023) sw      ra, -96(t5)
core   0: 3 0x80000064 (0xfa1f2023) mem 0x80002000 0x00000001
core   0: 0x80000068 (0xff5ff06f) j       pc - 0xc
core   0: 3 0x80000068 (0xff5ff06f)
core   0: 0x8000005c (0x00100093) li      ra, 1
core   0: 3 0x8000005c (0x00100093) x1  0x00000001
core   0: 0x80000060 (0x00002f17) auipc   t5, 0x2
core   0: 3 0x80000060 (0x00002f17) x30 0x80002060
core   0: 0x80000064 (0xfa1f2023) sw      ra, -96(t5)
core   0: 3 0x80000064 (0xfa1f2023) mem 0x80002000 0x00000001
core   0: 0x80000068 (0xff5ff06f) j       pc - 0xc
core   0: 3 0x80000068 (0xff5ff06f)
core   0: 0x8000005c (0x00100093) li      ra, 1
core   0: 3 0x8000005c (0x00100093) x1  0x00000001
core   0: 0x80000060 (0x00002f17) auipc   t5, 0x2
core   0: 3 0x80000060 (0x00002f17) x30 0x80002060
core   0: 0x80000064 (0xfa1f2023) sw      ra, -96(t5)
core   0: 3 0x80000064 (0xfa1f2023) mem 0x80002000 0x00000001
core   0: 0x80000068 (0xff5ff06f) j       pc - 0xc
core   0: 3 0x80000068 (0xff5ff06f)
core   0: 0x8000005c (0x00100093) li      ra, 1
core   0: 3 0x8000005c (0x00100093) x1  0x00000001
core   0: 0x80000060 (0x00002f17) auipc   t5, 0x2
core   0: 3 0x80000060 (0x00002f17) x30 0x80002060
core   0: 0x80000064 (0xfa1f2023) sw      ra, -96(t5)
core   0: 3 0x80000064 (0xfa1f2023) mem 0x80002000 0x00000001
core   0: 0x80000068 (0xff5ff06f) j       pc - 0xc
core   0: 3 0x80000068 (0xff5ff06f)
core   0: 0x8000005c (0x00100093) li      ra, 1
core   0: 3 0x8000005c (0x00100093) x1  0x00000001
core   0: 0x80000060 (0x00002f17) auipc   t5, 0x2
core   0: 3 0x80000060 (0x00002f17) x30 0x80002060
core   0: 0x80000064 (0xfa1f2023) sw      ra, -96(t5)
core   0: 3 0x80000064 (0xfa1f2023) mem 0x80002000 0x00000001
core   0: 0x80000068 (0xff5ff06f) j       pc - 0xc
core   0: 3 0x80000068 (0xff5ff06f)
core   0: 0x8000005c (0x00100093) li      ra, 1
core   0: 3 0x8000005c (0x00100093) x1  0x00000001
core   0: 0x80000060 (0x00002f17) auipc   t5, 0x2
core   0: 3 0x80000060 (0x00002f17) x30 0x80002060
core   0: 0x80000064 (0xfa1f2023) sw      ra, -96(t5)
core   0: 3 0x80000064 (0xfa1f2023) mem 0x80002000 0x00000001
core   0: 0x80000068 (0xff5ff06f) j       pc - 0xc
core   0: 3 0x80000068 (0xff5ff06f)
core   0: 0x8000005c (0x00100093) li      ra, 1
core   0: 3 0x8000005c (0x00100093) x1  0x00000001
core   0: 0x80000060 (0x00002f17) auipc   t5, 0x2
core   0: 3 0x80000060 (0x00002f17) x30 0x80002060
core   0: 0x80000064 (0xfa1f2023) sw      ra, -96(t5)
core   0: 3 0x80000064 (0xfa1f2023) mem 0x80002000 0x00000001
core   0: 0x80000068 (0xff5ff06f) j       pc - 0xc
core   0: 3 0x80000068 (0xff5ff06f)
core   0: 0x8000005c (0x00100093) li      ra, 1
core   0: 3 0x8000005c (0x00100093) x1  0x00000001
core   0: 0x80000060 (0x00002f17) auipc   t5, 0x2
core   0: 3 0x80000060 (0x00002f17) x30 0x80002060
core   0: 0x80000064 (0xfa1f2023) sw      ra, -96(t5)
core   0: 3 0x80000064 (0xfa1f2023) mem 0x80002000 0x00000001
core   0: 0x80000068 (0xff5ff06f) j       pc - 0xc
core   0: 3 0x80000068 (0xff5ff06f)
core   0: 0x8000005c (0x00100093) li      ra, 1
core   0: 3 0x8000005c (0x00100093) x1  0x00000001
core   0: 0x80000060 (0x00002f17) auipc   t5, 0x2
core   0: 3 0x80000060 (0x00002f17) x30 0x80002060
core   0: 0x80000064 (0xfa1f2023) sw      ra, -96(t5)
core   0: 3 0x80000064 (0xfa1f2023) mem 0x80002000 0x00000001
core   0: 0x80000068 (0xff5ff06f) j       pc - 0xc
core   0: 3 0x80000068 (0xff5ff06f)
core   0: 0x8000005c (0x00100093) li      ra, 1
core   0: 3 0x8000005c (0x00100093) x1  0x00000001
core   0: 0x80000060 (0x00002f17) auipc   t5, 0x2
core   0: 3 0x80000060 (0x00002f17) x30 0x80002060
core   0: 0x80000064 (0xfa1f2023) sw      ra, -96(t5)
core   0: 3 0x80000064 (0xfa1f2023) mem 0x80002000 0x00000001
core   0: 0x80000068 (0xff5ff06f) j       pc - 0xc
core   0: 3 0x80000068 (0xff5ff06f)
core   0: 0x8000005c (0x00100093) li      ra, 1
core   0: 3 0x8000005c (0x00100093) x1  0x00000001
core   0: 0x80000060 (0x00002f17) auipc   t5, 0x2
core   0: 3 0x80000060 (0x00002f17) x30 0x80002060
core   0: 0x80000064 (0xfa1f2023) sw      ra, -96(t5)
core   0: 3 0x80000064 (0xfa1f2023) mem 0x80002000 0x00000001
core   0: 0x80000068 (0xff5ff06f) j       pc - 0xc
core   0: 3 0x80000068 (0xff5ff06f)
core   0: 0x8000005c (0x00100093) li      ra, 1
core   0: 3 0x8000005c (0x00100093) x1  0x00000001
core   0: 0x80000060 (0x00002f17) auipc   t5, 0x2
core   0: 3 0x80000060 (0x00002f17) x30 0x80002060
core   0: 0x80000064 (0xfa1f2023) sw      ra, -96(t5)
core   0: 3 0x80000064 (0xfa1f2023) mem 0x80002000 0x00000001
core   0: 0x80000068 (0xff5ff06f) j       pc - 0xc
core   0: 3 0x80000068 (0xff5ff06f)
core   0: 0x8000005c (0x00100093) li      ra, 1
core   0: 3 0x8000005c (0x00100093) x1  0x00000001
core   0: 0x80000060 (0x00002f17) auipc   t5, 0x2
core   0: 3 0x80000060 (0x00002f17) x30 0x80002060
core   0: 0x80000064 (0xfa1f2023) sw      ra, -96(t5)
core   0: 3 0x80000064 (0xfa1f2023) mem 0x80002000 0x00000001
core   0: 0x80000068 (0xff5ff06f) j       pc - 0xc
core   0: 3 0x80000068 (0xff5ff06f)
core   0: 0x8000005c (0x00100093) li      ra, 1
core   0: 3 0x8000005c (0x00100093) x1  0x00000001
core   0: 0x80000060 (0x00002f17) auipc   t5, 0x2
core   0: 3 0x80000060 (0x00002f17) x30 0x80002060
core   0: 0x80000064 (0xfa1f2023) sw      ra, -96(t5)
core   0: 3 0x80000064 (0xfa1f2023) mem 0x80002000 0x00000001
core   0: 0x80000068 (0xff5ff06f) j       pc - 0xc
core   0: 3 0x80000068 (0xff5ff06f)
core   0: 0x8000005c (0x00100093) li      ra, 1
core   0: 3 0x8000005c (0x00100093) x1  0x00000001
core   0: 0x80000060 (0x00002f17) auipc   t5, 0x2
core   0: 3 0x80000060 (0x00002f17) x30 0x80002060
core   0: 0x80000064 (0xfa1f2023) sw      ra, -96(t5)
core   0: 3 0x80000064 (0xfa1f2023) mem 0x80002000 0x00000001
core   0: 0x80000068 (0xff5ff06f) j       pc - 0xc
core   0: 3 0x80000068 (0xff5ff06f)
core   0: 0x8000005c (0x00100093) li      ra, 1
core   0: 3 0x8000005c (0x00100093) x1  0x00000001
core   0: 0x80000060 (0x00002f17) auipc   t5, 0x2
core   0: 3 0x80000060 (0x00002f17) x30 0x80002060
core   0: 0x80000064 (0xfa1f2023) sw      ra, -96(t5)
core   0: 3 0x80000064 (0xfa1f2023) mem 0x80002000 0x00000001
core   0: 0x80000068 (0xff5ff06f) j       pc - 0xc
core   0: 3 0x80000068 (0xff5ff06f)
core   0: 0x8000005c (0x00100093) li      ra, 1
core   0: 3 0x8000005c (0x00100093) x1  0x00000001
core   0: 0x80000060 (0x00002f17) auipc   t5, 0x2
core   0: 3 0x80000060 (0x00002f17) x30 0x80002060
core   0: 0x80000064 (0xfa1f2023) sw      ra, -96(t5)
core   0: 3 0x80000064 (0xfa1f2023) mem 0x80002000 0x00000001
core   0: 0x80000068 (0xff5ff06f) j       pc - 0xc
core   0: 3 0x80000068 (0xff5ff06f)
core   0: 0x8000005c (0x00100093) li      ra, 1
core   0: 3 0x8000005c (0x00100093) x1  0x00000001
core   0: 0x80000060 (0x00002f17) auipc   t5, 0x2
core   0: 3 0x80000060 (0x00002f17) x30 0x80002060
core   0: 0x80000064 (0xfa1f2023) sw      ra, -96(t5)
core   0: 3 0x80000064 (0xfa1f2023) mem 0x80002000 0x00000001
core   0: 0x80000068 (0xff5ff06f) j       pc - 0xc
core   0: 3 0x80000068 (0xff5ff06f)
core   0: 0x8000005c (0x00100093) li      ra, 1
core   0: 3 0x8000005c (0x00100093) x1  0x00000001
core   0: 0x80000060 (0x00002f17) auipc   t5, 0x2
core   0: 3 0x80000060 (0x00002f17) x30 0x80002060
core   0: 0x80000064 (0xfa1f2023) sw      ra, -96(t5)
core   0: 3 0x80000064 (0xfa1f2023) mem 0x80002000 0x00000001
core   0: 0x80000068 (0xff5ff06f) j       pc - 0xc
core   0: 3 0x80000068 (0xff5ff06f)
core   0: 0x8000005c (0x00100093) li      ra, 1
core   0: 3 0x8000005c (0x00100093) x1  0x00000001
core   0: 0x80000060 (0x00002f17) auipc   t5, 0x2
core   0: 3 0x80000060 (0x00002f17) x30 0x80002060
core   0: 0x80000064 (0xfa1f2023) sw      ra, -96(t5)
core   0: 3 0x80000064 (0xfa1f2023) mem 0x80002000 0x00000001
core   0: 0x80000068 (0xff5ff06f) j       pc - 0xc
core   0: 3 0x80000068 (0xff5ff06f)
core   0: 0x8000005c (0x00100093) li      ra, 1
core   0: 3 0x8000005c (0x00100093) x1  0x00000001
core   0: 0x80000060 (0x00002f17) auipc   t5, 0x2
core   0: 3 0x80000060 (0x00002f17) x30 0x80002060
core   0: 0x80000064 (0xfa1f2023) sw      ra, -96(t5)
core   0: 3 0x80000064 (0xfa1f2023) mem 0x80002000 0x00000001
core   0: 0x80000068 (0xff5ff06f) j       pc - 0xc
core   0: 3 0x80000068 (0xff5ff06f)
core   0: 0x8000005c (0x00100093) li      ra, 1
core   0: 3 0x8000005c (0x00100093) x1  0x00000001
core   0: 0x80000060 (0x00002f17) auipc   t5, 0x2
core   0: 3 0x80000060 (0x00002f17) x30 0x80002060
core   0: 0x80000064 (0xfa1f2023) sw      ra, -96(t5)
core   0: 3 0x80000064 (0xfa1f2023) mem 0x80002000 0x00000001
core   0: 0x80000068 (0xff5ff06f) j       pc - 0xc
core   0: 3 0x80000068 (0xff5ff06f)
core   0: 0x8000005c (0x00100093) li      ra, 1
core   0: 3 0x8000005c (0x00100093) x1  0x00000001
core   0: 0x80000060 (0x00002f17) auipc   t5, 0x2
core   0: 3 0x80000060 (0x00002f17) x30 0x80002060
core   0: 0x80000064 (0xfa1f2023) sw      ra, -96(t5)
core   0: 3 0x80000064 (0xfa1f2023) mem 0x80002000 0x00000001
core   0: 0x80000068 (0xff5ff06f) j       pc - 0xc
core   0: 3 0x80000068 (0xff5ff06f)
core   0: 0x8000005c (0x00100093) li      ra, 1
core   0: 3 0x8000005c (0x00100093) x1  0x00000001
core   0: 0x80000060 (0x00002f17) auipc   t5, 0x2
core   0: 3 0x80000060 (0x00002f17) x30 0x80002060
core   0: 0x80000064 (0xfa1f2023) sw      ra, -96(t5)
core   0: 3 0x80000064 (0xfa1f2023) mem 0x80002000 0x00000001
core   0: 0x80000068 (0xff5ff06f) j       pc - 0xc
core   0: 3 0x80000068 (0xff5ff06f)
core   0: 0x8000005c (0x00100093) li      ra, 1
core   0: 3 0x8000005c (0x00100093) x1  0x00000001
core   0: 0x80000060 (0x00002f17) auipc   t5, 0x2
core   0: 3 0x80000060 (0x00002f17) x30 0x80002060
core   0: 0x80000064 (0xfa1f2023) sw      ra, -96(t5)
core   0: 3 0x80000064 (0xfa1f2023) mem 0x80002000 0x00000001
core   0: 0x80000068 (0xff5ff06f) j       pc - 0xc
core   0: 3 0x80000068 (0xff5ff06f)
core   0: 0x8000005c (0x00100093) li      ra, 1
core   0: 3 0x8000005c (0x00100093) x1  0x00000001
core   0: 0x80000060 (0x00002f17) auipc   t5, 0x2
core   0: 3 0x80000060 (0x00002f17) x30 0x80002060
core   0: 0x80000064 (0xfa1f2023) sw      ra, -96(t5)
core   0: 3 0x80000064 (0xfa1f2023) mem 0x80002000 0x00000001
core   0: 0x80000068 (0xff5ff06f) j       pc - 0xc
core   0: 3 0x80000068 (0xff5ff06f)
core   0: 0x8000005c (0x00100093) li      ra, 1
core   0: 3 0x8000005c (0x00100093) x1  0x00000001
core   0: 0x80000060 (0x00002f17) auipc   t5, 0x2
core   0: 3 0x80000060 (0x00002f17) x30 0x80002060
core   0: 0x80000064 (0xfa1f2023) sw      ra, -96(t5)
core   0: 3 0x80000064 (0xfa1f2023) mem 0x80002000 0x00000001
core   0: 0x80000068 (0xff5ff06f) j       pc - 0xc
core   0: 3 0x80000068 (0xff5ff06f)
core   0: 0x8000005c (0x00100093) li      ra, 1
core   0: 3 0x8000005c (0x00100093) x1  0x00000001
core   0: 0x80000060 (0x00002f17) auipc   t5, 0x2
core   0: 3 0x80000060 (0x00002f17) x30 0x80002060
core   0: 0x80000064 (0xfa1f2023) sw      ra, -96(t5)
core   0: 3 0x80000064 (0xfa1f2023) mem 0x80002000 0x00000001
core   0: 0x80000068 (0xff5ff06f) j       pc - 0xc
core   0: 3 0x80000068 (0xff5ff06f)
core   0: 0x8000005c (0x00100093) li      ra, 1
core   0: 3 0x8000005c (0x00100093) x1  0x00000001
core   0: 0x80000060 (0x00002f17) auipc   t5, 0x2
core   0: 3 0x80000060 (0x00002f17) x30 0x80002060
core   0: 0x80000064 (0xfa1f2023) sw      ra, -96(t5)
core   0: 3 0x80000064 (0xfa1f2023) mem 0x80002000 0x00000001
core   0: 0x80000068 (0xff5ff06f) j       pc - 0xc
core   0: 3 0x80000068 (0xff5ff06f)
core   0: 0x8000005c (0x00100093) li      ra, 1
core   0: 3 0x8000005c (0x00100093) x1  0x00000001
core   0: 0x80000060 (0x00002f17) auipc   t5, 0x2
core   0: 3 0x80000060 (0x00002f17) x30 0x80002060
core   0: 0x80000064 (0xfa1f2023) sw      ra, -96(t5)
core   0: 3 0x80000064 (0xfa1f2023) mem 0x80002000 0x00000001
core   0: 0x80000068 (0xff5ff06f) j       pc - 0xc
core   0: 3 0x80000068 (0xff5ff06f)
core   0: 0x8000005c (0x00100093) li      ra, 1
core   0: 3 0x8000005c (0x00100093) x1  0x00000001
core   0: 0x80000060 (0x00002f17) auipc   t5, 0x2
core   0: 3 0x80000060 (0x00002f17) x30 0x80002060
core   0: 0x80000064 (0xfa1f2023) sw      ra, -96(t5)
core   0: 3 0x80000064 (0xfa1f2023) mem 0x80002000 0x00000001
core   0: 0x80000068 (0xff5ff06f) j       pc - 0xc
core   0: 3 0x80000068 (0xff5ff06f)
core   0: 0x8000005c (0x00100093) li      ra, 1
core   0: 3 0x8000005c (0x00100093) x1  0x00000001
core   0: 0x80000060 (0x00002f17) auipc   t5, 0x2
core   0: 3 0x80000060 (0x00002f17) x30 0x80002060
core   0: 0x80000064 (0xfa1f2023) sw      ra, -96(t5)
core   0: 3 0x80000064 (0xfa1f2023) mem 0x80002000 0x00000001
core   0: 0x80000068 (0xff5ff06f) j       pc - 0xc
core   0: 3 0x80000068 (0xff5ff06f)
core   0: 0x8000005c (0x00100093) li      ra, 1
core   0: 3 0x8000005c (0x00100093) x1  0x00000001
core   0: 0x80000060 (0x00002f17) auipc   t5, 0x2
core   0: 3 0x80000060 (0x00002f17) x30 0x80002060
core   0: 0x80000064 (0xfa1f2023) sw      ra, -96(t5)
core   0: 3 0x80000064 (0xfa1f2023) mem 0x80002000 0x00000001
core   0: 0x80000068 (0xff5ff06f) j       pc - 0xc
core   0: 3 0x80000068 (0xff5ff06f)
core   0: 0x8000005c (0x00100093) li      ra, 1
core   0: 3 0x8000005c (0x00100093) x1  0x00000001
core   0: 0x80000060 (0x00002f17) auipc   t5, 0x2
core   0: 3 0x80000060 (0x00002f17) x30 0x80002060
core   0: 0x80000064 (0xfa1f2023) sw      ra, -96(t5)
core   0: 3 0x80000064 (0xfa1f2023) mem 0x80002000 0x00000001
core   0: 0x80000068 (0xff5ff06f) j       pc - 0xc
core   0: 3 0x80000068 (0xff5ff06f)
core   0: 0x8000005c (0x00100093) li      ra, 1
core   0: 3 0x8000005c (0x00100093) x1  0x00000001
core   0: 0x80000060 (0x00002f17) auipc   t5, 0x2
core   0: 3 0x80000060 (0x00002f17) x30 0x80002060
core   0: 0x80000064 (0xfa1f2023) sw      ra, -96(t5)
core   0: 3 0x80000064 (0xfa1f2023) mem 0x80002000 0x00000001
core   0: 0x80000068 (0xff5ff06f) j       pc - 0xc
core   0: 3 0x80000068 (0xff5ff06f)
core   0: 0x8000005c (0x00100093) li      ra, 1
core   0: 3 0x8000005c (0x00100093) x1  0x00000001
core   0: 0x80000060 (0x00002f17) auipc   t5, 0x2
core   0: 3 0x80000060 (0x00002f17) x30 0x80002060
core   0: 0x80000064 (0xfa1f2023) sw      ra, -96(t5)
core   0: 3 0x80000064 (0xfa1f2023) mem 0x80002000 0x00000001
core   0: 0x80000068 (0xff5ff06f) j       pc - 0xc
core   0: 3 0x80000068 (0xff5ff06f)
core   0: 0x8000005c (0x00100093) li      ra, 1
core   0: 3 0x8000005c (0x00100093) x1  0x00000001
core   0: 0x80000060 (0x00002f17) auipc   t5, 0x2
core   0: 3 0x80000060 (0x00002f17) x30 0x80002060
core   0: 0x80000064 (0xfa1f2023) sw      ra, -96(t5)
core   0: 3 0x80000064 (0xfa1f2023) mem 0x80002000 0x00000001
core   0: 0x80000068 (0xff5ff06f) j       pc - 0xc
core   0: 3 0x80000068 (0xff5ff06f)
core   0: 0x8000005c (0x00100093) li      ra, 1
core   0: 3 0x8000005c (0x00100093) x1  0x00000001
core   0: 0x80000060 (0x00002f17) auipc   t5, 0x2
core   0: 3 0x80000060 (0x00002f17) x30 0x80002060
core   0: 0x80000064 (0xfa1f2023) sw      ra, -96(t5)
core   0: 3 0x80000064 (0xfa1f2023) mem 0x80002000 0x00000001
core   0: 0x80000068 (0xff5ff06f) j       pc - 0xc
core   0: 3 0x80000068 (0xff5ff06f)
core   0: 0x8000005c (0x00100093) li      ra, 1
core   0: 3 0x8000005c (0x00100093) x1  0x00000001
core   0: 0x80000060 (0x00002f17) auipc   t5, 0x2
core   0: 3 0x80000060 (0x00002f17) x30 0x80002060
core   0: 0x80000064 (0xfa1f2023) sw      ra, -96(t5)
core   0: 3 0x80000064 (0xfa1f2023) mem 0x80002000 0x00000001
core   0: 0x80000068 (0xff5ff06f) j       pc - 0xc
core   0: 3 0x80000068 (0xff5ff06f)
core   0: 0x8000005c (0x00100093) li      ra, 1
core   0: 3 0x8000005c (0x00100093) x1  0x00000001
core   0: 0x80000060 (0x00002f17) auipc   t5, 0x2
core   0: 3 0x80000060 (0x00002f17) x30 0x80002060
core   0: 0x80000064 (0xfa1f2023) sw      ra, -96(t5)
core   0: 3 0x80000064 (0xfa1f2023) mem 0x80002000 0x00000001
core   0: 0x80000068 (0xff5ff06f) j       pc - 0xc
core   0: 3 0x80000068 (0xff5ff06f)
core   0: 0x8000005c (0x00100093) li      ra, 1
core   0: 3 0x8000005c (0x00100093) x1  0x00000001
core   0: 0x80000060 (0x00002f17) auipc   t5, 0x2
core   0: 3 0x80000060 (0x00002f17) x30 0x80002060
core   0: 0x80000064 (0xfa1f2023) sw      ra, -96(t5)
core   0: 3 0x80000064 (0xfa1f2023) mem 0x80002000 0x00000001
core   0: 0x80000068 (0xff5ff06f) j       pc - 0xc
core   0: 3 0x80000068 (0xff5ff06f)
core   0: 0x8000005c (0x00100093) li      ra, 1
core   0: 3 0x8000005c (0x00100093) x1  0x00000001
core   0: 0x80000060 (0x00002f17) auipc   t5, 0x2
core   0: 3 0x80000060 (0x00002f17) x30 0x80002060
core   0: 0x80000064 (0xfa1f2023) sw      ra, -96(t5)
core   0: 3 0x80000064 (0xfa1f2023) mem 0x80002000 0x00000001
core   0: 0x80000068 (0xff5ff06f) j       pc - 0xc
core   0: 3 0x80000068 (0xff5ff06f)
core   0: 0x8000005c (0x00100093) li      ra, 1
core   0: 3 0x8000005c (0x00100093) x1  0x00000001
core   0: 0x80000060 (0x00002f17) auipc   t5, 0x2
core   0: 3 0x80000060 (0x00002f17) x30 0x80002060
core   0: 0x80000064 (0xfa1f2023) sw      ra, -96(t5)
core   0: 3 0x80000064 (0xfa1f2023) mem 0x80002000 0x00000001
core   0: 0x80000068 (0xff5ff06f) j       pc - 0xc
core   0: 3 0x80000068 (0xff5ff06f)
core   0: 0x8000005c (0x00100093) li      ra, 1
core   0: 3 0x8000005c (0x00100093) x1  0x00000001
core   0: 0x80000060 (0x00002f17) auipc   t5, 0x2
core   0: 3 0x80000060 (0x00002f17) x30 0x80002060
core   0: 0x80000064 (0xfa1f2023) sw      ra, -96(t5)
core   0: 3 0x80000064 (0xfa1f2023) mem 0x80002000 0x00000001
core   0: 0x80000068 (0xff5ff06f) j       pc - 0xc
core   0: 3 0x80000068 (0xff5ff06f)
core   0: 0x8000005c (0x00100093) li      ra, 1
core   0: 3 0x8000005c (0x00100093) x1  0x00000001
core   0: 0x80000060 (0x00002f17) auipc   t5, 0x2
core   0: 3 0x80000060 (0x00002f17) x30 0x80002060
core   0: 0x80000064 (0xfa1f2023) sw      ra, -96(t5)
core   0: 3 0x80000064 (0xfa1f2023) mem 0x80002000 0x00000001
core   0: 0x80000068 (0xff5ff06f) j       pc - 0xc
core   0: 3 0x80000068 (0xff5ff06f)
core   0: 0x8000005c (0x00100093) li      ra, 1
core   0: 3 0x8000005c (0x00100093) x1  0x00000001
core   0: 0x80000060 (0x00002f17) auipc   t5, 0x2
core   0: 3 0x80000060 (0x00002f17) x30 0x80002060
core   0: 0x80000064 (0xfa1f2023) sw      ra, -96(t5)
core   0: 3 0x80000064 (0xfa1f2023) mem 0x80002000 0x00000001
core   0: 0x80000068 (0xff5ff06f) j       pc - 0xc
core   0: 3 0x80000068 (0xff5ff06f)
core   0: 0x8000005c (0x00100093) li      ra, 1
core   0: 3 0x8000005c (0x00100093) x1  0x00000001
core   0: 0x80000060 (0x00002f17) auipc   t5, 0x2
core   0: 3 0x80000060 (0x00002f17) x30 0x80002060
core   0: 0x80000064 (0xfa1f2023) sw      ra, -96(t5)
core   0: 3 0x80000064 (0xfa1f2023) mem 0x80002000 0x00000001
core   0: 0x80000068 (0xff5ff06f) j       pc - 0xc
core   0: 3 0x80000068 (0xff5ff06f)
core   0: 0x8000005c (0x00100093) li      ra, 1
core   0: 3 0x8000005c (0x00100093) x1  0x00000001
core   0: 0x80000060 (0x00002f17) auipc   t5, 0x2
core   0: 3 0x80000060 (0x00002f17) x30 0x80002060
core   0: 0x80000064 (0xfa1f2023) sw      ra, -96(t5)
core   0: 3 0x80000064 (0xfa1f2023) mem 0x80002000 0x00000001
core   0: 0x80000068 (0xff5ff06f) j       pc - 0xc
core   0: 3 0x80000068 (0xff5ff06f)
core   0: 0x8000005c (0x00100093) li      ra, 1
core   0: 3 0x8000005c (0x00100093) x1  0x00000001
core   0: 0x80000060 (0x00002f17) auipc   t5, 0x2
core   0: 3 0x80000060 (0x00002f17) x30 0x80002060
core   0: 0x80000064 (0xfa1f2023) sw      ra, -96(t5)
core   0: 3 0x80000064 (0xfa1f2023) mem 0x80002000 0x00000001
core   0: 0x80000068 (0xff5ff06f) j       pc - 0xc
core   0: 3 0x80000068 (0xff5ff06f)
core   0: 0x8000005c (0x00100093) li      ra, 1
core   0: 3 0x8000005c (0x00100093) x1  0x00000001
core   0: 0x80000060 (0x00002f17) auipc   t5, 0x2
core   0: 3 0x80000060 (0x00002f17) x30 0x80002060
core   0: 0x80000064 (0xfa1f2023) sw      ra, -96(t5)
core   0: 3 0x80000064 (0xfa1f2023) mem 0x80002000 0x00000001
core   0: 0x80000068 (0xff5ff06f) j       pc - 0xc
core   0: 3 0x80000068 (0xff5ff06f)
core   0: 0x8000005c (0x00100093) li      ra, 1
core   0: 3 0x8000005c (0x00100093) x1  0x00000001
core   0: 0x80000060 (0x00002f17) auipc   t5, 0x2
core   0: 3 0x80000060 (0x00002f17) x30 0x80002060
core   0: 0x80000064 (0xfa1f2023) sw      ra, -96(t5)
core   0: 3 0x80000064 (0xfa1f2023) mem 0x80002000 0x00000001
core   0: 0x80000068 (0xff5ff06f) j       pc - 0xc
core   0: 3 0x80000068 (0xff5ff06f)
core   0: 0x8000005c (0x00100093) li      ra, 1
core   0: 3 0x8000005c (0x00100093) x1  0x00000001
core   0: 0x80000060 (0x00002f17) auipc   t5, 0x2
core   0: 3 0x80000060 (0x00002f17) x30 0x80002060
core   0: 0x80000064 (0xfa1f2023) sw      ra, -96(t5)
core   0: 3 0x80000064 (0xfa1f2023) mem 0x80002000 0x00000001
core   0: 0x80000068 (0xff5ff06f) j       pc - 0xc
core   0: 3 0x80000068 (0xff5ff06f)
core   0: 0x8000005c (0x00100093) li      ra, 1
core   0: 3 0x8000005c (0x00100093) x1  0x00000001
core   0: 0x80000060 (0x00002f17) auipc   t5, 0x2
core   0: 3 0x80000060 (0x00002f17) x30 0x80002060
core   0: 0x80000064 (0xfa1f2023) sw      ra, -96(t5)
core   0: 3 0x80000064 (0xfa1f2023) mem 0x80002000 0x00000001
core   0: 0x80000068 (0xff5ff06f) j       pc - 0xc
core   0: 3 0x80000068 (0xff5ff06f)
core   0: 0x8000005c (0x00100093) li      ra, 1
core   0: 3 0x8000005c (0x00100093) x1  0x00000001
core   0: 0x80000060 (0x00002f17) auipc   t5, 0x2
core   0: 3 0x80000060 (0x00002f17) x30 0x80002060
core   0: 0x80000064 (0xfa1f2023) sw      ra, -96(t5)
core   0: 3 0x80000064 (0xfa1f2023) mem 0x80002000 0x00000001
core   0: 0x80000068 (0xff5ff06f) j       pc - 0xc
core   0: 3 0x80000068 (0xff5ff06f)
core   0: 0x8000005c (0x00100093) li      ra, 1
core   0: 3 0x8000005c (0x00100093) x1  0x00000001
core   0: 0x80000060 (0x00002f17) auipc   t5, 0x2
core   0: 3 0x80000060 (0x00002f17) x30 0x80002060
core   0: 0x80000064 (0xfa1f2023) sw      ra, -96(t5)
core   0: 3 0x80000064 (0xfa1f2023) mem 0x80002000 0x00000001
core   0: 0x80000068 (0xff5ff06f) j       pc - 0xc
core   0: 3 0x80000068 (0xff5ff06f)
core   0: 0x8000005c (0x00100093) li      ra, 1
core   0: 3 0x8000005c (0x00100093) x1  0x00000001
core   0: 0x80000060 (0x00002f17) auipc   t5, 0x2
core   0: 3 0x80000060 (0x00002f17) x30 0x80002060
core   0: 0x80000064 (0xfa1f2023) sw      ra, -96(t5)
core   0: 3 0x80000064 (0xfa1f2023) mem 0x80002000 0x00000001
core   0: 0x80000068 (0xff5ff06f) j       pc - 0xc
core   0: 3 0x80000068 (0xff5ff06f)
core   0: 0x8000005c (0x00100093) li      ra, 1
core   0: 3 0x8000005c (0x00100093) x1  0x00000001
core   0: 0x80000060 (0x00002f17) auipc   t5, 0x2
core   0: 3 0x80000060 (0x00002f17) x30 0x80002060
core   0: 0x80000064 (0xfa1f2023) sw      ra, -96(t5)
core   0: 3 0x80000064 (0xfa1f2023) mem 0x80002000 0x00000001
core   0: 0x80000068 (0xff5ff06f) j       pc - 0xc
core   0: 3 0x80000068 (0xff5ff06f)
core   0: 0x8000005c (0x00100093) li      ra, 1
core   0: 3 0x8000005c (0x00100093) x1  0x00000001
core   0: 0x80000060 (0x00002f17) auipc   t5, 0x2
core   0: 3 0x80000060 (0x00002f17) x30 0x80002060
core   0: 0x80000064 (0xfa1f2023) sw      ra, -96(t5)
core   0: 3 0x80000064 (0xfa1f2023) mem 0x80002000 0x00000001
core   0: 0x80000068 (0xff5ff06f) j       pc - 0xc
core   0: 3 0x80000068 (0xff5ff06f)
core   0: 0x8000005c (0x00100093) li      ra, 1
core   0: 3 0x8000005c (0x00100093) x1  0x00000001
core   0: 0x80000060 (0x00002f17) auipc   t5, 0x2
core   0: 3 0x80000060 (0x00002f17) x30 0x80002060
core   0: 0x80000064 (0xfa1f2023) sw      ra, -96(t5)
core   0: 3 0x80000064 (0xfa1f2023) mem 0x80002000 0x00000001
core   0: 0x80000068 (0xff5ff06f) j       pc - 0xc
core   0: 3 0x80000068 (0xff5ff06f)
core   0: 0x8000005c (0x00100093) li      ra, 1
core   0: 3 0x8000005c (0x00100093) x1  0x00000001
core   0: 0x80000060 (0x00002f17) auipc   t5, 0x2
core   0: 3 0x80000060 (0x00002f17) x30 0x80002060
core   0: 0x80000064 (0xfa1f2023) sw      ra, -96(t5)
core   0: 3 0x80000064 (0xfa1f2023) mem 0x80002000 0x00000001
core   0: 0x80000068 (0xff5ff06f) j       pc - 0xc
core   0: 3 0x80000068 (0xff5ff06f)
core   0: 0x8000005c (0x00100093) li      ra, 1
core   0: 3 0x8000005c (0x00100093) x1  0x00000001
core   0: 0x80000060 (0x00002f17) auipc   t5, 0x2
core   0: 3 0x80000060 (0x00002f17) x30 0x80002060
core   0: 0x80000064 (0xfa1f2023) sw      ra, -96(t5)
core   0: 3 0x80000064 (0xfa1f2023) mem 0x80002000 0x00000001
core   0: 0x80000068 (0xff5ff06f) j       pc - 0xc
core   0: 3 0x80000068 (0xff5ff06f)
core   0: 0x8000005c (0x00100093) li      ra, 1
core   0: 3 0x8000005c (0x00100093) x1  0x00000001
core   0: 0x80000060 (0x00002f17) auipc   t5, 0x2
core   0: 3 0x80000060 (0x00002f17) x30 0x80002060
core   0: 0x80000064 (0xfa1f2023) sw      ra, -96(t5)
core   0: 3 0x80000064 (0xfa1f2023) mem 0x80002000 0x00000001
core   0: 0x80000068 (0xff5ff06f) j       pc - 0xc
core   0: 3 0x80000068 (0xff5ff06f)
core   0: 0x8000005c (0x00100093) li      ra, 1
core   0: 3 0x8000005c (0x00100093) x1  0x00000001
core   0: 0x80000060 (0x00002f17) auipc   t5, 0x2
core   0: 3 0x80000060 (0x00002f17) x30 0x80002060
core   0: 0x80000064 (0xfa1f2023) sw      ra, -96(t5)
core   0: 3 0x80000064 (0xfa1f2023) mem 0x80002000 0x00000001
core   0: 0x80000068 (0xff5ff06f) j       pc - 0xc
core   0: 3 0x80000068 (0xff5ff06f)
core   0: 0x8000005c (0x00100093) li      ra, 1
core   0: 3 0x8000005c (0x00100093) x1  0x00000001
core   0: 0x80000060 (0x00002f17) auipc   t5, 0x2
core   0: 3 0x80000060 (0x00002f17) x30 0x80002060
core   0: 0x80000064 (0xfa1f2023) sw      ra, -96(t5)
core   0: 3 0x80000064 (0xfa1f2023) mem 0x80002000 0x00000001
core   0: 0x80000068 (0xff5ff06f) j       pc - 0xc
core   0: 3 0x80000068 (0xff5ff06f)
core   0: 0x8000005c (0x00100093) li      ra, 1
core   0: 3 0x8000005c (0x00100093) x1  0x00000001
core   0: 0x80000060 (0x00002f17) auipc   t5, 0x2
core   0: 3 0x80000060 (0x00002f17) x30 0x80002060
core   0: 0x80000064 (0xfa1f2023) sw      ra, -96(t5)
core   0: 3 0x80000064 (0xfa1f2023) mem 0x80002000 0x00000001
core   0: 0x80000068 (0xff5ff06f) j       pc - 0xc
core   0: 3 0x80000068 (0xff5ff06f)
core   0: 0x8000005c (0x00100093) li      ra, 1
core   0: 3 0x8000005c (0x00100093) x1  0x00000001
core   0: 0x80000060 (0x00002f17) auipc   t5, 0x2
core   0: 3 0x80000060 (0x00002f17) x30 0x80002060
core   0: 0x80000064 (0xfa1f2023) sw      ra, -96(t5)
core   0: 3 0x80000064 (0xfa1f2023) mem 0x80002000 0x00000001
core   0: 0x80000068 (0xff5ff06f) j       pc - 0xc
core   0: 3 0x80000068 (0xff5ff06f)
core   0: 0x8000005c (0x00100093) li      ra, 1
core   0: 3 0x8000005c (0x00100093) x1  0x00000001
core   0: 0x80000060 (0x00002f17) auipc   t5, 0x2
core   0: 3 0x80000060 (0x00002f17) x30 0x80002060
core   0: 0x80000064 (0xfa1f2023) sw      ra, -96(t5)
core   0: 3 0x80000064 (0xfa1f2023) mem 0x80002000 0x00000001
core   0: 0x80000068 (0xff5ff06f) j       pc - 0xc
core   0: 3 0x80000068 (0xff5ff06f)
core   0: 0x8000005c (0x00100093) li      ra, 1
core   0: 3 0x8000005c (0x00100093) x1  0x00000001
core   0: 0x80000060 (0x00002f17) auipc   t5, 0x2
core   0: 3 0x80000060 (0x00002f17) x30 0x80002060
core   0: 0x80000064 (0xfa1f2023) sw      ra, -96(t5)
core   0: 3 0x80000064 (0xfa1f2023) mem 0x80002000 0x00000001
core   0: 0x80000068 (0xff5ff06f) j       pc - 0xc
core   0: 3 0x80000068 (0xff5ff06f)
core   0: 0x8000005c (0x00100093) li      ra, 1
core   0: 3 0x8000005c (0x00100093) x1  0x00000001
core   0: 0x80000060 (0x00002f17) auipc   t5, 0x2
core   0: 3 0x80000060 (0x00002f17) x30 0x80002060
core   0: 0x80000064 (0xfa1f2023) sw      ra, -96(t5)
core   0: 3 0x80000064 (0xfa1f2023) mem 0x80002000 0x00000001
core   0: 0x80000068 (0xff5ff06f) j       pc - 0xc
core   0: 3 0x80000068 (0xff5ff06f)
core   0: 0x8000005c (0x00100093) li      ra, 1
core   0: 3 0x8000005c (0x00100093) x1  0x00000001
core   0: 0x80000060 (0x00002f17) auipc   t5, 0x2
core   0: 3 0x80000060 (0x00002f17) x30 0x80002060
core   0: 0x80000064 (0xfa1f2023) sw      ra, -96(t5)
core   0: 3 0x80000064 (0xfa1f2023) mem 0x80002000 0x00000001
core   0: 0x80000068 (0xff5ff06f) j       pc - 0xc
core   0: 3 0x80000068 (0xff5ff06f)
core   0: 0x8000005c (0x00100093) li      ra, 1
core   0: 3 0x8000005c (0x00100093) x1  0x00000001
core   0: 0x80000060 (0x00002f17) auipc   t5, 0x2
core   0: 3 0x80000060 (0x00002f17) x30 0x80002060
core   0: 0x80000064 (0xfa1f2023) sw      ra, -96(t5)
core   0: 3 0x80000064 (0xfa1f2023) mem 0x80002000 0x00000001
core   0: 0x80000068 (0xff5ff06f) j       pc - 0xc
core   0: 3 0x80000068 (0xff5ff06f)
core   0: 0x8000005c (0x00100093) li      ra, 1
core   0: 3 0x8000005c (0x00100093) x1  0x00000001
core   0: 0x80000060 (0x00002f17) auipc   t5, 0x2
core   0: 3 0x80000060 (0x00002f17) x30 0x80002060
core   0: 0x80000064 (0xfa1f2023) sw      ra, -96(t5)
core   0: 3 0x80000064 (0xfa1f2023) mem 0x80002000 0x00000001
core   0: 0x80000068 (0xff5ff06f) j       pc - 0xc
core   0: 3 0x80000068 (0xff5ff06f)
core   0: 0x8000005c (0x00100093) li      ra, 1
core   0: 3 0x8000005c (0x00100093) x1  0x00000001
core   0: 0x80000060 (0x00002f17) auipc   t5, 0x2
core   0: 3 0x80000060 (0x00002f17) x30 0x80002060
core   0: 0x80000064 (0xfa1f2023) sw      ra, -96(t5)
core   0: 3 0x80000064 (0xfa1f2023) mem 0x80002000 0x00000001
core   0: 0x80000068 (0xff5ff06f) j       pc - 0xc
core   0: 3 0x80000068 (0xff5ff06f)
core   0: 0x8000005c (0x00100093) li      ra, 1
core   0: 3 0x8000005c (0x00100093) x1  0x00000001
core   0: 0x80000060 (0x00002f17) auipc   t5, 0x2
core   0: 3 0x80000060 (0x00002f17) x30 0x80002060
core   0: 0x80000064 (0xfa1f2023) sw      ra, -96(t5)
core   0: 3 0x80000064 (0xfa1f2023) mem 0x80002000 0x00000001
core   0: 0x80000068 (0xff5ff06f) j       pc - 0xc
core   0: 3 0x80000068 (0xff5ff06f)
core   0: 0x8000005c (0x00100093) li      ra, 1
core   0: 3 0x8000005c (0x00100093) x1  0x00000001
core   0: 0x80000060 (0x00002f17) auipc   t5, 0x2
core   0: 3 0x80000060 (0x00002f17) x30 0x80002060
core   0: 0x80000064 (0xfa1f2023) sw      ra, -96(t5)
core   0: 3 0x80000064 (0xfa1f2023) mem 0x80002000 0x00000001
core   0: 0x80000068 (0xff5ff06f) j       pc - 0xc
core   0: 3 0x80000068 (0xff5ff06f)
core   0: 0x8000005c (0x00100093) li      ra, 1
core   0: 3 0x8000005c (0x00100093) x1  0x00000001
core   0: 0x80000060 (0x00002f17) auipc   t5, 0x2
core   0: 3 0x80000060 (0x00002f17) x30 0x80002060
core   0: 0x80000064 (0xfa1f2023) sw      ra, -96(t5)
core   0: 3 0x80000064 (0xfa1f2023) mem 0x80002000 0x00000001
core   0: 0x80000068 (0xff5ff06f) j       pc - 0xc
core   0: 3 0x80000068 (0xff5ff06f)
core   0: 0x8000005c (0x00100093) li      ra, 1
core   0: 3 0x8000005c (0x00100093) x1  0x00000001
core   0: 0x80000060 (0x00002f17) auipc   t5, 0x2
core   0: 3 0x80000060 (0x00002f17) x30 0x80002060
core   0: 0x80000064 (0xfa1f2023) sw      ra, -96(t5)
core   0: 3 0x80000064 (0xfa1f2023) mem 0x80002000 0x00000001
core   0: 0x80000068 (0xff5ff06f) j       pc - 0xc
core   0: 3 0x80000068 (0xff5ff06f)
core   0: 0x8000005c (0x00100093) li      ra, 1
core   0: 3 0x8000005c (0x00100093) x1  0x00000001
core   0: 0x80000060 (0x00002f17) auipc   t5, 0x2
core   0: 3 0x80000060 (0x00002f17) x30 0x80002060
core   0: 0x80000064 (0xfa1f2023) sw      ra, -96(t5)
core   0: 3 0x80000064 (0xfa1f2023) mem 0x80002000 0x00000001
core   0: 0x80000068 (0xff5ff06f) j       pc - 0xc
core   0: 3 0x80000068 (0xff5ff06f)
core   0: 0x8000005c (0x00100093) li      ra, 1
core   0: 3 0x8000005c (0x00100093) x1  0x00000001
core   0: 0x80000060 (0x00002f17) auipc   t5, 0x2
core   0: 3 0x80000060 (0x00002f17) x30 0x80002060
core   0: 0x80000064 (0xfa1f2023) sw      ra, -96(t5)
core   0: 3 0x80000064 (0xfa1f2023) mem 0x80002000 0x00000001
core   0: 0x80000068 (0xff5ff06f) j       pc - 0xc
core   0: 3 0x80000068 (0xff5ff06f)
core   0: 0x8000005c (0x00100093) li      ra, 1
core   0: 3 0x8000005c (0x00100093) x1  0x00000001
core   0: 0x80000060 (0x00002f17) auipc   t5, 0x2
core   0: 3 0x80000060 (0x00002f17) x30 0x80002060
core   0: 0x80000064 (0xfa1f2023) sw      ra, -96(t5)
core   0: 3 0x80000064 (0xfa1f2023) mem 0x80002000 0x00000001
core   0: 0x80000068 (0xff5ff06f) j       pc - 0xc
core   0: 3 0x80000068 (0xff5ff06f)
core   0: 0x8000005c (0x00100093) li      ra, 1
core   0: 3 0x8000005c (0x00100093) x1  0x00000001
core   0: 0x80000060 (0x00002f17) auipc   t5, 0x2
core   0: 3 0x80000060 (0x00002f17) x30 0x80002060
core   0: 0x80000064 (0xfa1f2023) sw      ra, -96(t5)
core   0: 3 0x80000064 (0xfa1f2023) mem 0x80002000 0x00000001
core   0: 0x80000068 (0xff5ff06f) j       pc - 0xc
core   0: 3 0x80000068 (0xff5ff06f)
core   0: 0x8000005c (0x00100093) li      ra, 1
core   0: 3 0x8000005c (0x00100093) x1  0x00000001
core   0: 0x80000060 (0x00002f17) auipc   t5, 0x2
core   0: 3 0x80000060 (0x00002f17) x30 0x80002060
core   0: 0x80000064 (0xfa1f2023) sw      ra, -96(t5)
core   0: 3 0x80000064 (0xfa1f2023) mem 0x80002000 0x00000001
core   0: 0x80000068 (0xff5ff06f) j       pc - 0xc
core   0: 3 0x80000068 (0xff5ff06f)
core   0: 0x8000005c (0x00100093) li      ra, 1
core   0: 3 0x8000005c (0x00100093) x1  0x00000001
core   0: 0x80000060 (0x00002f17) auipc   t5, 0x2
core   0: 3 0x80000060 (0x00002f17) x30 0x80002060
core   0: 0x80000064 (0xfa1f2023) sw      ra, -96(t5)
core   0: 3 0x80000064 (0xfa1f2023) mem 0x80002000 0x00000001
core   0: 0x80000068 (0xff5ff06f) j       pc - 0xc
core   0: 3 0x80000068 (0xff5ff06f)
core   0: 0x8000005c (0x00100093) li      ra, 1
core   0: 3 0x8000005c (0x00100093) x1  0x00000001
core   0: 0x80000060 (0x00002f17) auipc   t5, 0x2
core   0: 3 0x80000060 (0x00002f17) x30 0x80002060
core   0: 0x80000064 (0xfa1f2023) sw      ra, -96(t5)
core   0: 3 0x80000064 (0xfa1f2023) mem 0x80002000 0x00000001
core   0: 0x80000068 (0xff5ff06f) j       pc - 0xc
core   0: 3 0x80000068 (0xff5ff06f)
core   0: 0x8000005c (0x00100093) li      ra, 1
core   0: 3 0x8000005c (0x00100093) x1  0x00000001
core   0: 0x80000060 (0x00002f17) auipc   t5, 0x2
core   0: 3 0x80000060 (0x00002f17) x30 0x80002060
core   0: 0x80000064 (0xfa1f2023) sw      ra, -96(t5)
core   0: 3 0x80000064 (0xfa1f2023) mem 0x80002000 0x00000001
core   0: 0x80000068 (0xff5ff06f) j       pc - 0xc
core   0: 3 0x80000068 (0xff5ff06f)
core   0: 0x8000005c (0x00100093) li      ra, 1
core   0: 3 0x8000005c (0x00100093) x1  0x00000001
core   0: 0x80000060 (0x00002f17) auipc   t5, 0x2
core   0: 3 0x80000060 (0x00002f17) x30 0x80002060
core   0: 0x80000064 (0xfa1f2023) sw      ra, -96(t5)
core   0: 3 0x80000064 (0xfa1f2023) mem 0x80002000 0x00000001
core   0: 0x80000068 (0xff5ff06f) j       pc - 0xc
core   0: 3 0x80000068 (0xff5ff06f)
core   0: 0x8000005c (0x00100093) li      ra, 1
core   0: 3 0x8000005c (0x00100093) x1  0x00000001
core   0: 0x80000060 (0x00002f17) auipc   t5, 0x2
core   0: 3 0x80000060 (0x00002f17) x30 0x80002060
core   0: 0x80000064 (0xfa1f2023) sw      ra, -96(t5)
core   0: 3 0x80000064 (0xfa1f2023) mem 0x80002000 0x00000001
core   0: 0x80000068 (0xff5ff06f) j       pc - 0xc
core   0: 3 0x80000068 (0xff5ff06f)
core   0: 0x8000005c (0x00100093) li      ra, 1
core   0: 3 0x8000005c (0x00100093) x1  0x00000001
core   0: 0x80000060 (0x00002f17) auipc   t5, 0x2
core   0: 3 0x80000060 (0x00002f17) x30 0x80002060
core   0: 0x80000064 (0xfa1f2023) sw      ra, -96(t5)
core   0: 3 0x80000064 (0xfa1f2023) mem 0x80002000 0x00000001
core   0: 0x80000068 (0xff5ff06f) j       pc - 0xc
core   0: 3 0x80000068 (0xff5ff06f)
core   0: 0x8000005c (0x00100093) li      ra, 1
core   0: 3 0x8000005c (0x00100093) x1  0x00000001
core   0: 0x80000060 (0x00002f17) auipc   t5, 0x2
core   0: 3 0x80000060 (0x00002f17) x30 0x80002060
core   0: 0x80000064 (0xfa1f2023) sw      ra, -96(t5)
core   0: 3 0x80000064 (0xfa1f2023) mem 0x80002000 0x00000001
core   0: 0x80000068 (0xff5ff06f) j       pc - 0xc
core   0: 3 0x80000068 (0xff5ff06f)
core   0: 0x8000005c (0x00100093) li      ra, 1
core   0: 3 0x8000005c (0x00100093) x1  0x00000001
core   0: 0x80000060 (0x00002f17) auipc   t5, 0x2
core   0: 3 0x80000060 (0x00002f17) x30 0x80002060
core   0: 0x80000064 (0xfa1f2023) sw      ra, -96(t5)
core   0: 3 0x80000064 (0xfa1f2023) mem 0x80002000 0x00000001
core   0: 0x80000068 (0xff5ff06f) j       pc - 0xc
core   0: 3 0x80000068 (0xff5ff06f)
core   0: 0x8000005c (0x00100093) li      ra, 1
core   0: 3 0x8000005c (0x00100093) x1  0x00000001
core   0: 0x80000060 (0x00002f17) auipc   t5, 0x2
core   0: 3 0x80000060 (0x00002f17) x30 0x80002060
core   0: 0x80000064 (0xfa1f2023) sw      ra, -96(t5)
core   0: 3 0x80000064 (0xfa1f2023) mem 0x80002000 0x00000001
core   0: 0x80000068 (0xff5ff06f) j       pc - 0xc
core   0: 3 0x80000068 (0xff5ff06f)
core   0: 0x8000005c (0x00100093) li      ra, 1
core   0: 3 0x8000005c (0x00100093) x1  0x00000001
core   0: 0x80000060 (0x00002f17) auipc   t5, 0x2
core   0: 3 0x80000060 (0x00002f17) x30 0x80002060
core   0: 0x80000064 (0xfa1f2023) sw      ra, -96(t5)
core   0: 3 0x80000064 (0xfa1f2023) mem 0x80002000 0x00000001
core   0: 0x80000068 (0xff5ff06f) j       pc - 0xc
core   0: 3 0x80000068 (0xff5ff06f)
core   0: 0x8000005c (0x00100093) li      ra, 1
core   0: 3 0x8000005c (0x00100093) x1  0x00000001
core   0: 0x80000060 (0x00002f17) auipc   t5, 0x2
core   0: 3 0x80000060 (0x00002f17) x30 0x80002060
core   0: 0x80000064 (0xfa1f2023) sw      ra, -96(t5)
core   0: 3 0x80000064 (0xfa1f2023) mem 0x80002000 0x00000001
core   0: 0x80000068 (0xff5ff06f) j       pc - 0xc
core   0: 3 0x80000068 (0xff5ff06f)
core   0: 0x8000005c (0x00100093) li      ra, 1
core   0: 3 0x8000005c (0x00100093) x1  0x00000001
core   0: 0x80000060 (0x00002f17) auipc   t5, 0x2
core   0: 3 0x80000060 (0x00002f17) x30 0x80002060
core   0: 0x80000064 (0xfa1f2023) sw      ra, -96(t5)
core   0: 3 0x80000064 (0xfa1f2023) mem 0x80002000 0x00000001
core   0: 0x80000068 (0xff5ff06f) j       pc - 0xc
core   0: 3 0x80000068 (0xff5ff06f)
core   0: 0x8000005c (0x00100093) li      ra, 1
core   0: 3 0x8000005c (0x00100093) x1  0x00000001
core   0: 0x80000060 (0x00002f17) auipc   t5, 0x2
core   0: 3 0x80000060 (0x00002f17) x30 0x80002060
core   0: 0x80000064 (0xfa1f2023) sw      ra, -96(t5)
core   0: 3 0x80000064 (0xfa1f2023) mem 0x80002000 0x00000001
core   0: 0x80000068 (0xff5ff06f) j       pc - 0xc
core   0: 3 0x80000068 (0xff5ff06f)
core   0: 0x8000005c (0x00100093) li      ra, 1
core   0: 3 0x8000005c (0x00100093) x1  0x00000001
core   0: 0x80000060 (0x00002f17) auipc   t5, 0x2
core   0: 3 0x80000060 (0x00002f17) x30 0x80002060
core   0: 0x80000064 (0xfa1f2023) sw      ra, -96(t5)
core   0: 3 0x80000064 (0xfa1f2023) mem 0x80002000 0x00000001
core   0: 0x80000068 (0xff5ff06f) j       pc - 0xc
core   0: 3 0x80000068 (0xff5ff06f)
core   0: 0x8000005c (0x00100093) li      ra, 1
core   0: 3 0x8000005c (0x00100093) x1  0x00000001
core   0: 0x80000060 (0x00002f17) auipc   t5, 0x2
core   0: 3 0x80000060 (0x00002f17) x30 0x80002060
core   0: 0x80000064 (0xfa1f2023) sw      ra, -96(t5)
core   0: 3 0x80000064 (0xfa1f2023) mem 0x80002000 0x00000001
core   0: 0x80000068 (0xff5ff06f) j       pc - 0xc
core   0: 3 0x80000068 (0xff5ff06f)
core   0: 0x8000005c (0x00100093) li      ra, 1
core   0: 3 0x8000005c (0x00100093) x1  0x00000001
core   0: 0x80000060 (0x00002f17) auipc   t5, 0x2
core   0: 3 0x80000060 (0x00002f17) x30 0x80002060
core   0: 0x80000064 (0xfa1f2023) sw      ra, -96(t5)
core   0: 3 0x80000064 (0xfa1f2023) mem 0x80002000 0x00000001
core   0: 0x80000068 (0xff5ff06f) j       pc - 0xc
core   0: 3 0x80000068 (0xff5ff06f)
core   0: 0x8000005c (0x00100093) li      ra, 1
core   0: 3 0x8000005c (0x00100093) x1  0x00000001
core   0: 0x80000060 (0x00002f17) auipc   t5, 0x2
core   0: 3 0x80000060 (0x00002f17) x30 0x80002060
core   0: 0x80000064 (0xfa1f2023) sw      ra, -96(t5)
core   0: 3 0x80000064 (0xfa1f2023) mem 0x80002000 0x00000001
core   0: 0x80000068 (0xff5ff06f) j       pc - 0xc
core   0: 3 0x80000068 (0xff5ff06f)
core   0: 0x8000005c (0x00100093) li      ra, 1
core   0: 3 0x8000005c (0x00100093) x1  0x00000001
core   0: 0x80000060 (0x00002f17) auipc   t5, 0x2
core   0: 3 0x80000060 (0x00002f17) x30 0x80002060
core   0: 0x80000064 (0xfa1f2023) sw      ra, -96(t5)
core   0: 3 0x80000064 (0xfa1f2023) mem 0x80002000 0x00000001
core   0: 0x80000068 (0xff5ff06f) j       pc - 0xc
core   0: 3 0x80000068 (0xff5ff06f)
core   0: 0x8000005c (0x00100093) li      ra, 1
core   0: 3 0x8000005c (0x00100093) x1  0x00000001
core   0: 0x80000060 (0x00002f17) auipc   t5, 0x2
core   0: 3 0x80000060 (0x00002f17) x30 0x80002060
core   0: 0x80000064 (0xfa1f2023) sw      ra, -96(t5)
core   0: 3 0x80000064 (0xfa1f2023) mem 0x80002000 0x00000001
core   0: 0x80000068 (0xff5ff06f) j       pc - 0xc
core   0: 3 0x80000068 (0xff5ff06f)
core   0: 0x8000005c (0x00100093) li      ra, 1
core   0: 3 0x8000005c (0x00100093) x1  0x00000001
core   0: 0x80000060 (0x00002f17) auipc   t5, 0x2
core   0: 3 0x80000060 (0x00002f17) x30 0x80002060
core   0: 0x80000064 (0xfa1f2023) sw      ra, -96(t5)
core   0: 3 0x80000064 (0xfa1f2023) mem 0x80002000 0x00000001
core   0: 0x80000068 (0xff5ff06f) j       pc - 0xc
core   0: 3 0x80000068 (0xff5ff06f)
core   0: 0x8000005c (0x00100093) li      ra, 1
core   0: 3 0x8000005c (0x00100093) x1  0x00000001
core   0: 0x80000060 (0x00002f17) auipc   t5, 0x2
core   0: 3 0x80000060 (0x00002f17) x30 0x80002060
core   0: 0x80000064 (0xfa1f2023) sw      ra, -96(t5)
core   0: 3 0x80000064 (0xfa1f2023) mem 0x80002000 0x00000001
core   0: 0x80000068 (0xff5ff06f) j       pc - 0xc
core   0: 3 0x80000068 (0xff5ff06f)
core   0: 0x8000005c (0x00100093) li      ra, 1
core   0: 3 0x8000005c (0x00100093) x1  0x00000001
core   0: 0x80000060 (0x00002f17) auipc   t5, 0x2
core   0: 3 0x80000060 (0x00002f17) x30 0x80002060
core   0: 0x80000064 (0xfa1f2023) sw      ra, -96(t5)
core   0: 3 0x80000064 (0xfa1f2023) mem 0x80002000 0x00000001
core   0: 0x80000068 (0xff5ff06f) j       pc - 0xc
core   0: 3 0x80000068 (0xff5ff06f)
core   0: 0x8000005c (0x00100093) li      ra, 1
core   0: 3 0x8000005c (0x00100093) x1  0x00000001
core   0: 0x80000060 (0x00002f17) auipc   t5, 0x2
core   0: 3 0x80000060 (0x00002f17) x30 0x80002060
core   0: 0x80000064 (0xfa1f2023) sw      ra, -96(t5)
core   0: 3 0x80000064 (0xfa1f2023) mem 0x80002000 0x00000001
core   0: 0x80000068 (0xff5ff06f) j       pc - 0xc
core   0: 3 0x80000068 (0xff5ff06f)
core   0: 0x8000005c (0x00100093) li      ra, 1
core   0: 3 0x8000005c (0x00100093) x1  0x00000001
core   0: 0x80000060 (0x00002f17) auipc   t5, 0x2
core   0: 3 0x80000060 (0x00002f17) x30 0x80002060
core   0: 0x80000064 (0xfa1f2023) sw      ra, -96(t5)
core   0: 3 0x80000064 (0xfa1f2023) mem 0x80002000 0x00000001
core   0: 0x80000068 (0xff5ff06f) j       pc - 0xc
core   0: 3 0x80000068 (0xff5ff06f)
core   0: 0x8000005c (0x00100093) li      ra, 1
core   0: 3 0x8000005c (0x00100093) x1  0x00000001
core   0: 0x80000060 (0x00002f17) auipc   t5, 0x2
core   0: 3 0x80000060 (0x00002f17) x30 0x80002060
core   0: 0x80000064 (0xfa1f2023) sw      ra, -96(t5)
core   0: 3 0x80000064 (0xfa1f2023) mem 0x80002000 0x00000001
core   0: 0x80000068 (0xff5ff06f) j       pc - 0xc
core   0: 3 0x80000068 (0xff5ff06f)
core   0: 0x8000005c (0x00100093) li      ra, 1
core   0: 3 0x8000005c (0x00100093) x1  0x00000001
core   0: 0x80000060 (0x00002f17) auipc   t5, 0x2
core   0: 3 0x80000060 (0x00002f17) x30 0x80002060
core   0: 0x80000064 (0xfa1f2023) sw      ra, -96(t5)
core   0: 3 0x80000064 (0xfa1f2023) mem 0x80002000 0x00000001
core   0: 0x80000068 (0xff5ff06f) j       pc - 0xc
core   0: 3 0x80000068 (0xff5ff06f)
core   0: 0x8000005c (0x00100093) li      ra, 1
core   0: 3 0x8000005c (0x00100093) x1  0x00000001
core   0: 0x80000060 (0x00002f17) auipc   t5, 0x2
core   0: 3 0x80000060 (0x00002f17) x30 0x80002060
core   0: 0x80000064 (0xfa1f2023) sw      ra, -96(t5)
core   0: 3 0x80000064 (0xfa1f2023) mem 0x80002000 0x00000001
core   0: 0x80000068 (0xff5ff06f) j       pc - 0xc
core   0: 3 0x80000068 (0xff5ff06f)
core   0: 0x8000005c (0x00100093) li      ra, 1
core   0: 3 0x8000005c (0x00100093) x1  0x00000001
core   0: 0x80000060 (0x00002f17) auipc   t5, 0x2
core   0: 3 0x80000060 (0x00002f17) x30 0x80002060
core   0: 0x80000064 (0xfa1f2023) sw      ra, -96(t5)
core   0: 3 0x80000064 (0xfa1f2023) mem 0x80002000 0x00000001
core   0: 0x80000068 (0xff5ff06f) j       pc - 0xc
core   0: 3 0x80000068 (0xff5ff06f)
core   0: 0x8000005c (0x00100093) li      ra, 1
core   0: 3 0x8000005c (0x00100093) x1  0x00000001
core   0: 0x80000060 (0x00002f17) auipc   t5, 0x2
core   0: 3 0x80000060 (0x00002f17) x30 0x80002060
core   0: 0x80000064 (0xfa1f2023) sw      ra, -96(t5)
core   0: 3 0x80000064 (0xfa1f2023) mem 0x80002000 0x00000001
core   0: 0x80000068 (0xff5ff06f) j       pc - 0xc
core   0: 3 0x80000068 (0xff5ff06f)
core   0: 0x8000005c (0x00100093) li      ra, 1
core   0: 3 0x8000005c (0x00100093) x1  0x00000001
core   0: 0x80000060 (0x00002f17) auipc   t5, 0x2
core   0: 3 0x80000060 (0x00002f17) x30 0x80002060
core   0: 0x80000064 (0xfa1f2023) sw      ra, -96(t5)
core   0: 3 0x80000064 (0xfa1f2023) mem 0x80002000 0x00000001
core   0: 0x80000068 (0xff5ff06f) j       pc - 0xc
core   0: 3 0x80000068 (0xff5ff06f)
core   0: 0x8000005c (0x00100093) li      ra, 1
core   0: 3 0x8000005c (0x00100093) x1  0x00000001
core   0: 0x80000060 (0x00002f17) auipc   t5, 0x2
core   0: 3 0x80000060 (0x00002f17) x30 0x80002060
core   0: 0x80000064 (0xfa1f2023) sw      ra, -96(t5)
core   0: 3 0x80000064 (0xfa1f2023) mem 0x80002000 0x00000001
core   0: 0x80000068 (0xff5ff06f) j       pc - 0xc
core   0: 3 0x80000068 (0xff5ff06f)
core   0: 0x8000005c (0x00100093) li      ra, 1
core   0: 3 0x8000005c (0x00100093) x1  0x00000001
core   0: 0x80000060 (0x00002f17) auipc   t5, 0x2
core   0: 3 0x80000060 (0x00002f17) x30 0x80002060
core   0: 0x80000064 (0xfa1f2023) sw      ra, -96(t5)
core   0: 3 0x80000064 (0xfa1f2023) mem 0x80002000 0x00000001
core   0: 0x80000068 (0xff5ff06f) j       pc - 0xc
core   0: 3 0x80000068 (0xff5ff06f)
core   0: 0x8000005c (0x00100093) li      ra, 1
core   0: 3 0x8000005c (0x00100093) x1  0x00000001
core   0: 0x80000060 (0x00002f17) auipc   t5, 0x2
core   0: 3 0x80000060 (0x00002f17) x30 0x80002060
core   0: 0x80000064 (0xfa1f2023) sw      ra, -96(t5)
core   0: 3 0x80000064 (0xfa1f2023) mem 0x80002000 0x00000001
core   0: 0x80000068 (0xff5ff06f) j       pc - 0xc
core   0: 3 0x80000068 (0xff5ff06f)
core   0: 0x8000005c (0x00100093) li      ra, 1
core   0: 3 0x8000005c (0x00100093) x1  0x00000001
core   0: 0x80000060 (0x00002f17) auipc   t5, 0x2
core   0: 3 0x80000060 (0x00002f17) x30 0x80002060
core   0: 0x80000064 (0xfa1f2023) sw      ra, -96(t5)
core   0: 3 0x80000064 (0xfa1f2023) mem 0x80002000 0x00000001
core   0: 0x80000068 (0xff5ff06f) j       pc - 0xc
core   0: 3 0x80000068 (0xff5ff06f)
core   0: 0x8000005c (0x00100093) li      ra, 1
core   0: 3 0x8000005c (0x00100093) x1  0x00000001
core   0: 0x80000060 (0x00002f17) auipc   t5, 0x2
core   0: 3 0x80000060 (0x00002f17) x30 0x80002060
core   0: 0x80000064 (0xfa1f2023) sw      ra, -96(t5)
core   0: 3 0x80000064 (0xfa1f2023) mem 0x80002000 0x00000001
core   0: 0x80000068 (0xff5ff06f) j       pc - 0xc
core   0: 3 0x80000068 (0xff5ff06f)
core   0: 0x8000005c (0x00100093) li      ra, 1
core   0: 3 0x8000005c (0x00100093) x1  0x00000001
core   0: 0x80000060 (0x00002f17) auipc   t5, 0x2
core   0: 3 0x80000060 (0x00002f17) x30 0x80002060
core   0: 0x80000064 (0xfa1f2023) sw      ra, -96(t5)
core   0: 3 0x80000064 (0xfa1f2023) mem 0x80002000 0x00000001
core   0: 0x80000068 (0xff5ff06f) j       pc - 0xc
core   0: 3 0x80000068 (0xff5ff06f)
core   0: 0x8000005c (0x00100093) li      ra, 1
core   0: 3 0x8000005c (0x00100093) x1  0x00000001
core   0: 0x80000060 (0x00002f17) auipc   t5, 0x2
core   0: 3 0x80000060 (0x00002f17) x30 0x80002060
core   0: 0x80000064 (0xfa1f2023) sw      ra, -96(t5)
core   0: 3 0x80000064 (0xfa1f2023) mem 0x80002000 0x00000001
core   0: 0x80000068 (0xff5ff06f) j       pc - 0xc
core   0: 3 0x80000068 (0xff5ff06f)
core   0: 0x8000005c (0x00100093) li      ra, 1
core   0: 3 0x8000005c (0x00100093) x1  0x00000001
core   0: 0x80000060 (0x00002f17) auipc   t5, 0x2
core   0: 3 0x80000060 (0x00002f17) x30 0x80002060
core   0: 0x80000064 (0xfa1f2023) sw      ra, -96(t5)
core   0: 3 0x80000064 (0xfa1f2023) mem 0x80002000 0x00000001
core   0: 0x80000068 (0xff5ff06f) j       pc - 0xc
core   0: 3 0x80000068 (0xff5ff06f)
core   0: 0x8000005c (0x00100093) li      ra, 1
core   0: 3 0x8000005c (0x00100093) x1  0x00000001
core   0: 0x80000060 (0x00002f17) auipc   t5, 0x2
core   0: 3 0x80000060 (0x00002f17) x30 0x80002060
core   0: 0x80000064 (0xfa1f2023) sw      ra, -96(t5)
core   0: 3 0x80000064 (0xfa1f2023) mem 0x80002000 0x00000001
core   0: 0x80000068 (0xff5ff06f) j       pc - 0xc
core   0: 3 0x80000068 (0xff5ff06f)
core   0: 0x8000005c (0x00100093) li      ra, 1
core   0: 3 0x8000005c (0x00100093) x1  0x00000001
core   0: 0x80000060 (0x00002f17) auipc   t5, 0x2
core   0: 3 0x80000060 (0x00002f17) x30 0x80002060
core   0: 0x80000064 (0xfa1f2023) sw      ra, -96(t5)
core   0: 3 0x80000064 (0xfa1f2023) mem 0x80002000 0x00000001
core   0: 0x80000068 (0xff5ff06f) j       pc - 0xc
core   0: 3 0x80000068 (0xff5ff06f)
core   0: 0x8000005c (0x00100093) li      ra, 1
core   0: 3 0x8000005c (0x00100093) x1  0x00000001
core   0: 0x80000060 (0x00002f17) auipc   t5, 0x2
core   0: 3 0x80000060 (0x00002f17) x30 0x80002060
core   0: 0x80000064 (0xfa1f2023) sw      ra, -96(t5)
core   0: 3 0x80000064 (0xfa1f2023) mem 0x80002000 0x00000001
core   0: 0x80000068 (0xff5ff06f) j       pc - 0xc
core   0: 3 0x80000068 (0xff5ff06f)
core   0: 0x8000005c (0x00100093) li      ra, 1
core   0: 3 0x8000005c (0x00100093) x1  0x00000001
core   0: 0x80000060 (0x00002f17) auipc   t5, 0x2
core   0: 3 0x80000060 (0x00002f17) x30 0x80002060
core   0: 0x80000064 (0xfa1f2023) sw      ra, -96(t5)
core   0: 3 0x80000064 (0xfa1f2023) mem 0x80002000 0x00000001
core   0: 0x80000068 (0xff5ff06f) j       pc - 0xc
core   0: 3 0x80000068 (0xff5ff06f)
core   0: 0x8000005c (0x00100093) li      ra, 1
core   0: 3 0x8000005c (0x00100093) x1  0x00000001
core   0: 0x80000060 (0x00002f17) auipc   t5, 0x2
core   0: 3 0x80000060 (0x00002f17) x30 0x80002060
core   0: 0x80000064 (0xfa1f2023) sw      ra, -96(t5)
core   0: 3 0x80000064 (0xfa1f2023) mem 0x80002000 0x00000001
core   0: 0x80000068 (0xff5ff06f) j       pc - 0xc
core   0: 3 0x80000068 (0xff5ff06f)
core   0: 0x8000005c (0x00100093) li      ra, 1
core   0: 3 0x8000005c (0x00100093) x1  0x00000001
core   0: 0x80000060 (0x00002f17) auipc   t5, 0x2
core   0: 3 0x80000060 (0x00002f17) x30 0x80002060
core   0: 0x80000064 (0xfa1f2023) sw      ra, -96(t5)
core   0: 3 0x80000064 (0xfa1f2023) mem 0x80002000 0x00000001
core   0: 0x80000068 (0xff5ff06f) j       pc - 0xc
core   0: 3 0x80000068 (0xff5ff06f)
core   0: 0x8000005c (0x00100093) li      ra, 1
core   0: 3 0x8000005c (0x00100093) x1  0x00000001
core   0: 0x80000060 (0x00002f17) auipc   t5, 0x2
core   0: 3 0x80000060 (0x00002f17) x30 0x80002060
core   0: 0x80000064 (0xfa1f2023) sw      ra, -96(t5)
core   0: 3 0x80000064 (0xfa1f2023) mem 0x80002000 0x00000001
core   0: 0x80000068 (0xff5ff06f) j       pc - 0xc
core   0: 3 0x80000068 (0xff5ff06f)
core   0: 0x8000005c (0x00100093) li      ra, 1
core   0: 3 0x8000005c (0x00100093) x1  0x00000001
core   0: 0x80000060 (0x00002f17) auipc   t5, 0x2
core   0: 3 0x80000060 (0x00002f17) x30 0x80002060
core   0: 0x80000064 (0xfa1f2023) sw      ra, -96(t5)
core   0: 3 0x80000064 (0xfa1f2023) mem 0x80002000 0x00000001
core   0: 0x80000068 (0xff5ff06f) j       pc - 0xc
core   0: 3 0x80000068 (0xff5ff06f)
core   0: 0x8000005c (0x00100093) li      ra, 1
core   0: 3 0x8000005c (0x00100093) x1  0x00000001
core   0: 0x80000060 (0x00002f17) auipc   t5, 0x2
core   0: 3 0x80000060 (0x00002f17) x30 0x80002060
core   0: 0x80000064 (0xfa1f2023) sw      ra, -96(t5)
core   0: 3 0x80000064 (0xfa1f2023) mem 0x80002000 0x00000001
core   0: 0x80000068 (0xff5ff06f) j       pc - 0xc
core   0: 3 0x80000068 (0xff5ff06f)
core   0: 0x8000005c (0x00100093) li      ra, 1
core   0: 3 0x8000005c (0x00100093) x1  0x00000001
core   0: 0x80000060 (0x00002f17) auipc   t5, 0x2
core   0: 3 0x80000060 (0x00002f17) x30 0x80002060
core   0: 0x80000064 (0xfa1f2023) sw      ra, -96(t5)
core   0: 3 0x80000064 (0xfa1f2023) mem 0x80002000 0x00000001
core   0: 0x80000068 (0xff5ff06f) j       pc - 0xc
core   0: 3 0x80000068 (0xff5ff06f)
core   0: 0x8000005c (0x00100093) li      ra, 1
core   0: 3 0x8000005c (0x00100093) x1  0x00000001
core   0: 0x80000060 (0x00002f17) auipc   t5, 0x2
core   0: 3 0x80000060 (0x00002f17) x30 0x80002060
core   0: 0x80000064 (0xfa1f2023) sw      ra, -96(t5)
core   0: 3 0x80000064 (0xfa1f2023) mem 0x80002000 0x00000001
core   0: 0x80000068 (0xff5ff06f) j       pc - 0xc
core   0: 3 0x80000068 (0xff5ff06f)
core   0: 0x8000005c (0x00100093) li      ra, 1
core   0: 3 0x8000005c (0x00100093) x1  0x00000001
core   0: 0x80000060 (0x00002f17) auipc   t5, 0x2
core   0: 3 0x80000060 (0x00002f17) x30 0x80002060
core   0: 0x80000064 (0xfa1f2023) sw      ra, -96(t5)
core   0: 3 0x80000064 (0xfa1f2023) mem 0x80002000 0x00000001
core   0: 0x80000068 (0xff5ff06f) j       pc - 0xc
core   0: 3 0x80000068 (0xff5ff06f)
core   0: 0x8000005c (0x00100093) li      ra, 1
core   0: 3 0x8000005c (0x00100093) x1  0x00000001
core   0: 0x80000060 (0x00002f17) auipc   t5, 0x2
core   0: 3 0x80000060 (0x00002f17) x30 0x80002060
core   0: 0x80000064 (0xfa1f2023) sw      ra, -96(t5)
core   0: 3 0x80000064 (0xfa1f2023) mem 0x80002000 0x00000001
core   0: 0x80000068 (0xff5ff06f) j       pc - 0xc
core   0: 3 0x80000068 (0xff5ff06f)
core   0: 0x8000005c (0x00100093) li      ra, 1
core   0: 3 0x8000005c (0x00100093) x1  0x00000001
core   0: 0x80000060 (0x00002f17) auipc   t5, 0x2
core   0: 3 0x80000060 (0x00002f17) x30 0x80002060
core   0: 0x80000064 (0xfa1f2023) sw      ra, -96(t5)
core   0: 3 0x80000064 (0xfa1f2023) mem 0x80002000 0x00000001
core   0: 0x80000068 (0xff5ff06f) j       pc - 0xc
core   0: 3 0x80000068 (0xff5ff06f)
core   0: 0x8000005c (0x00100093) li      ra, 1
core   0: 3 0x8000005c (0x00100093) x1  0x00000001
core   0: 0x80000060 (0x00002f17) auipc   t5, 0x2
core   0: 3 0x80000060 (0x00002f17) x30 0x80002060
core   0: 0x80000064 (0xfa1f2023) sw      ra, -96(t5)
core   0: 3 0x80000064 (0xfa1f2023) mem 0x80002000 0x00000001
core   0: 0x80000068 (0xff5ff06f) j       pc - 0xc
core   0: 3 0x80000068 (0xff5ff06f)
core   0: 0x8000005c (0x00100093) li      ra, 1
core   0: 3 0x8000005c (0x00100093) x1  0x00000001
core   0: 0x80000060 (0x00002f17) auipc   t5, 0x2
core   0: 3 0x80000060 (0x00002f17) x30 0x80002060
core   0: 0x80000064 (0xfa1f2023) sw      ra, -96(t5)
core   0: 3 0x80000064 (0xfa1f2023) mem 0x80002000 0x00000001
core   0: 0x80000068 (0xff5ff06f) j       pc - 0xc
core   0: 3 0x80000068 (0xff5ff06f)
core   0: 0x8000005c (0x00100093) li      ra, 1
core   0: 3 0x8000005c (0x00100093) x1  0x00000001
core   0: 0x80000060 (0x00002f17) auipc   t5, 0x2
core   0: 3 0x80000060 (0x00002f17) x30 0x80002060
core   0: 0x80000064 (0xfa1f2023) sw      ra, -96(t5)
core   0: 3 0x80000064 (0xfa1f2023) mem 0x80002000 0x00000001
core   0: 0x80000068 (0xff5ff06f) j       pc - 0xc
core   0: 3 0x80000068 (0xff5ff06f)
core   0: 0x8000005c (0x00100093) li      ra, 1
core   0: 3 0x8000005c (0x00100093) x1  0x00000001
core   0: 0x80000060 (0x00002f17) auipc   t5, 0x2
core   0: 3 0x80000060 (0x00002f17) x30 0x80002060
core   0: 0x80000064 (0xfa1f2023) sw      ra, -96(t5)
core   0: 3 0x80000064 (0xfa1f2023) mem 0x80002000 0x00000001
core   0: 0x80000068 (0xff5ff06f) j       pc - 0xc
core   0: 3 0x80000068 (0xff5ff06f)
core   0: 0x8000005c (0x00100093) li      ra, 1
core   0: 3 0x8000005c (0x00100093) x1  0x00000001
core   0: 0x80000060 (0x00002f17) auipc   t5, 0x2
core   0: 3 0x80000060 (0x00002f17) x30 0x80002060
core   0: 0x80000064 (0xfa1f2023) sw      ra, -96(t5)
core   0: 3 0x80000064 (0xfa1f2023) mem 0x80002000 0x00000001
core   0: 0x80000068 (0xff5ff06f) j       pc - 0xc
core   0: 3 0x80000068 (0xff5ff06f)
core   0: 0x8000005c (0x00100093) li      ra, 1
core   0: 3 0x8000005c (0x00100093) x1  0x00000001
core   0: 0x80000060 (0x00002f17) auipc   t5, 0x2
core   0: 3 0x80000060 (0x00002f17) x30 0x80002060
core   0: 0x80000064 (0xfa1f2023) sw      ra, -96(t5)
core   0: 3 0x80000064 (0xfa1f2023) mem 0x80002000 0x00000001
core   0: 0x80000068 (0xff5ff06f) j       pc - 0xc
core   0: 3 0x80000068 (0xff5ff06f)
core   0: 0x8000005c (0x00100093) li      ra, 1
core   0: 3 0x8000005c (0x00100093) x1  0x00000001
core   0: 0x80000060 (0x00002f17) auipc   t5, 0x2
core   0: 3 0x80000060 (0x00002f17) x30 0x80002060
core   0: 0x80000064 (0xfa1f2023) sw      ra, -96(t5)
core   0: 3 0x80000064 (0xfa1f2023) mem 0x80002000 0x00000001
core   0: 0x80000068 (0xff5ff06f) j       pc - 0xc
core   0: 3 0x80000068 (0xff5ff06f)
core   0: 0x8000005c (0x00100093) li      ra, 1
core   0: 3 0x8000005c (0x00100093) x1  0x00000001
core   0: 0x80000060 (0x00002f17) auipc   t5, 0x2
core   0: 3 0x80000060 (0x00002f17) x30 0x80002060
core   0: 0x80000064 (0xfa1f2023) sw      ra, -96(t5)
core   0: 3 0x80000064 (0xfa1f2023) mem 0x80002000 0x00000001
core   0: 0x80000068 (0xff5ff06f) j       pc - 0xc
core   0: 3 0x80000068 (0xff5ff06f)
core   0: 0x8000005c (0x00100093) li      ra, 1
core   0: 3 0x8000005c (0x00100093) x1  0x00000001
core   0: 0x80000060 (0x00002f17) auipc   t5, 0x2
core   0: 3 0x80000060 (0x00002f17) x30 0x80002060
core   0: 0x80000064 (0xfa1f2023) sw      ra, -96(t5)
core   0: 3 0x80000064 (0xfa1f2023) mem 0x80002000 0x00000001
core   0: 0x80000068 (0xff5ff06f) j       pc - 0xc
core   0: 3 0x80000068 (0xff5ff06f)
core   0: 0x8000005c (0x00100093) li      ra, 1
core   0: 3 0x8000005c (0x00100093) x1  0x00000001
core   0: 0x80000060 (0x00002f17) auipc   t5, 0x2
core   0: 3 0x80000060 (0x00002f17) x30 0x80002060
core   0: 0x80000064 (0xfa1f2023) sw      ra, -96(t5)
core   0: 3 0x80000064 (0xfa1f2023) mem 0x80002000 0x00000001
core   0: 0x80000068 (0xff5ff06f) j       pc - 0xc
core   0: 3 0x80000068 (0xff5ff06f)
core   0: 0x8000005c (0x00100093) li      ra, 1
core   0: 3 0x8000005c (0x00100093) x1  0x00000001
core   0: 0x80000060 (0x00002f17) auipc   t5, 0x2
core   0: 3 0x80000060 (0x00002f17) x30 0x80002060
core   0: 0x80000064 (0xfa1f2023) sw      ra, -96(t5)
core   0: 3 0x80000064 (0xfa1f2023) mem 0x80002000 0x00000001
core   0: 0x80000068 (0xff5ff06f) j       pc - 0xc
core   0: 3 0x80000068 (0xff5ff06f)
core   0: 0x8000005c (0x00100093) li      ra, 1
core   0: 3 0x8000005c (0x00100093) x1  0x00000001
core   0: 0x80000060 (0x00002f17) auipc   t5, 0x2
core   0: 3 0x80000060 (0x00002f17) x30 0x80002060
core   0: 0x80000064 (0xfa1f2023) sw      ra, -96(t5)
core   0: 3 0x80000064 (0xfa1f2023) mem 0x80002000 0x00000001
core   0: 0x80000068 (0xff5ff06f) j       pc - 0xc
core   0: 3 0x80000068 (0xff5ff06f)
core   0: 0x8000005c (0x00100093) li      ra, 1
core   0: 3 0x8000005c (0x00100093) x1  0x00000001
core   0: 0x80000060 (0x00002f17) auipc   t5, 0x2
core   0: 3 0x80000060 (0x00002f17) x30 0x80002060
core   0: 0x80000064 (0xfa1f2023) sw      ra, -96(t5)
core   0: 3 0x80000064 (0xfa1f2023) mem 0x80002000 0x00000001
core   0: 0x80000068 (0xff5ff06f) j       pc - 0xc
core   0: 3 0x80000068 (0xff5ff06f)
core   0: 0x8000005c (0x00100093) li      ra, 1
core   0: 3 0x8000005c (0x00100093) x1  0x00000001
core   0: 0x80000060 (0x00002f17) auipc   t5, 0x2
core   0: 3 0x80000060 (0x00002f17) x30 0x80002060
core   0: 0x80000064 (0xfa1f2023) sw      ra, -96(t5)
core   0: 3 0x80000064 (0xfa1f2023) mem 0x80002000 0x00000001
core   0: 0x80000068 (0xff5ff06f) j       pc - 0xc
core   0: 3 0x80000068 (0xff5ff06f)
core   0: 0x8000005c (0x00100093) li      ra, 1
core   0: 3 0x8000005c (0x00100093) x1  0x00000001
core   0: 0x80000060 (0x00002f17) auipc   t5, 0x2
core   0: 3 0x80000060 (0x00002f17) x30 0x80002060
core   0: 0x80000064 (0xfa1f2023) sw      ra, -96(t5)
core   0: 3 0x80000064 (0xfa1f2023) mem 0x80002000 0x00000001
core   0: 0x80000068 (0xff5ff06f) j       pc - 0xc
core   0: 3 0x80000068 (0xff5ff06f)
core   0: 0x8000005c (0x00100093) li      ra, 1
core   0: 3 0x8000005c (0x00100093) x1  0x00000001
core   0: 0x80000060 (0x00002f17) auipc   t5, 0x2
core   0: 3 0x80000060 (0x00002f17) x30 0x80002060
core   0: 0x80000064 (0xfa1f2023) sw      ra, -96(t5)
core   0: 3 0x80000064 (0xfa1f2023) mem 0x80002000 0x00000001
core   0: 0x80000068 (0xff5ff06f) j       pc - 0xc
core   0: 3 0x80000068 (0xff5ff06f)
core   0: 0x8000005c (0x00100093) li      ra, 1
core   0: 3 0x8000005c (0x00100093) x1  0x00000001
core   0: 0x80000060 (0x00002f17) auipc   t5, 0x2
core   0: 3 0x80000060 (0x00002f17) x30 0x80002060
core   0: 0x80000064 (0xfa1f2023) sw      ra, -96(t5)
core   0: 3 0x80000064 (0xfa1f2023) mem 0x80002000 0x00000001
core   0: 0x80000068 (0xff5ff06f) j       pc - 0xc
core   0: 3 0x80000068 (0xff5ff06f)
core   0: 0x8000005c (0x00100093) li      ra, 1
core   0: 3 0x8000005c (0x00100093) x1  0x00000001
core   0: 0x80000060 (0x00002f17) auipc   t5, 0x2
core   0: 3 0x80000060 (0x00002f17) x30 0x80002060
core   0: 0x80000064 (0xfa1f2023) sw      ra, -96(t5)
core   0: 3 0x80000064 (0xfa1f2023) mem 0x80002000 0x00000001
core   0: 0x80000068 (0xff5ff06f) j       pc - 0xc
core   0: 3 0x80000068 (0xff5ff06f)
core   0: 0x8000005c (0x00100093) li      ra, 1
core   0: 3 0x8000005c (0x00100093) x1  0x00000001
core   0: 0x80000060 (0x00002f17) auipc   t5, 0x2
core   0: 3 0x80000060 (0x00002f17) x30 0x80002060
core   0: 0x80000064 (0xfa1f2023) sw      ra, -96(t5)
core   0: 3 0x80000064 (0xfa1f2023) mem 0x80002000 0x00000001
core   0: 0x80000068 (0xff5ff06f) j       pc - 0xc
core   0: 3 0x80000068 (0xff5ff06f)
core   0: 0x8000005c (0x00100093) li      ra, 1
core   0: 3 0x8000005c (0x00100093) x1  0x00000001
core   0: 0x80000060 (0x00002f17) auipc   t5, 0x2
core   0: 3 0x80000060 (0x00002f17) x30 0x80002060
core   0: 0x80000064 (0xfa1f2023) sw      ra, -96(t5)
core   0: 3 0x80000064 (0xfa1f2023) mem 0x80002000 0x00000001
core   0: 0x80000068 (0xff5ff06f) j       pc - 0xc
core   0: 3 0x80000068 (0xff5ff06f)
core   0: 0x8000005c (0x00100093) li      ra, 1
core   0: 3 0x8000005c (0x00100093) x1  0x00000001
core   0: 0x80000060 (0x00002f17) auipc   t5, 0x2
core   0: 3 0x80000060 (0x00002f17) x30 0x80002060
core   0: 0x80000064 (0xfa1f2023) sw      ra, -96(t5)
core   0: 3 0x80000064 (0xfa1f2023) mem 0x80002000 0x00000001
core   0: 0x80000068 (0xff5ff06f) j       pc - 0xc
core   0: 3 0x80000068 (0xff5ff06f)
core   0: 0x8000005c (0x00100093) li      ra, 1
core   0: 3 0x8000005c (0x00100093) x1  0x00000001
core   0: 0x80000060 (0x00002f17) auipc   t5, 0x2
core   0: 3 0x80000060 (0x00002f17) x30 0x80002060
core   0: 0x80000064 (0xfa1f2023) sw      ra, -96(t5)
core   0: 3 0x80000064 (0xfa1f2023) mem 0x80002000 0x00000001
core   0: 0x80000068 (0xff5ff06f) j       pc - 0xc
core   0: 3 0x80000068 (0xff5ff06f)
core   0: 0x8000005c (0x00100093) li      ra, 1
core   0: 3 0x8000005c (0x00100093) x1  0x00000001
core   0: 0x80000060 (0x00002f17) auipc   t5, 0x2
core   0: 3 0x80000060 (0x00002f17) x30 0x80002060
core   0: 0x80000064 (0xfa1f2023) sw      ra, -96(t5)
core   0: 3 0x80000064 (0xfa1f2023) mem 0x80002000 0x00000001
core   0: 0x80000068 (0xff5ff06f) j       pc - 0xc
core   0: 3 0x80000068 (0xff5ff06f)
core   0: 0x8000005c (0x00100093) li      ra, 1
core   0: 3 0x8000005c (0x00100093) x1  0x00000001
core   0: 0x80000060 (0x00002f17) auipc   t5, 0x2
core   0: 3 0x80000060 (0x00002f17) x30 0x80002060
core   0: 0x80000064 (0xfa1f2023) sw      ra, -96(t5)
core   0: 3 0x80000064 (0xfa1f2023) mem 0x80002000 0x00000001
core   0: 0x80000068 (0xff5ff06f) j       pc - 0xc
core   0: 3 0x80000068 (0xff5ff06f)
core   0: 0x8000005c (0x00100093) li      ra, 1
core   0: 3 0x8000005c (0x00100093) x1  0x00000001
core   0: 0x80000060 (0x00002f17) auipc   t5, 0x2
core   0: 3 0x80000060 (0x00002f17) x30 0x80002060
core   0: 0x80000064 (0xfa1f2023) sw      ra, -96(t5)
core   0: 3 0x80000064 (0xfa1f2023) mem 0x80002000 0x00000001
core   0: 0x80000068 (0xff5ff06f) j       pc - 0xc
core   0: 3 0x80000068 (0xff5ff06f)
core   0: 0x8000005c (0x00100093) li      ra, 1
core   0: 3 0x8000005c (0x00100093) x1  0x00000001
core   0: 0x80000060 (0x00002f17) auipc   t5, 0x2
core   0: 3 0x80000060 (0x00002f17) x30 0x80002060
core   0: 0x80000064 (0xfa1f2023) sw      ra, -96(t5)
core   0: 3 0x80000064 (0xfa1f2023) mem 0x80002000 0x00000001
core   0: 0x80000068 (0xff5ff06f) j       pc - 0xc
core   0: 3 0x80000068 (0xff5ff06f)
core   0: 0x8000005c (0x00100093) li      ra, 1
core   0: 3 0x8000005c (0x00100093) x1  0x00000001
core   0: 0x80000060 (0x00002f17) auipc   t5, 0x2
core   0: 3 0x80000060 (0x00002f17) x30 0x80002060
core   0: 0x80000064 (0xfa1f2023) sw      ra, -96(t5)
core   0: 3 0x80000064 (0xfa1f2023) mem 0x80002000 0x00000001
core   0: 0x80000068 (0xff5ff06f) j       pc - 0xc
core   0: 3 0x80000068 (0xff5ff06f)
core   0: 0x8000005c (0x00100093) li      ra, 1
core   0: 3 0x8000005c (0x00100093) x1  0x00000001
core   0: 0x80000060 (0x00002f17) auipc   t5, 0x2
core   0: 3 0x80000060 (0x00002f17) x30 0x80002060
core   0: 0x80000064 (0xfa1f2023) sw      ra, -96(t5)
core   0: 3 0x80000064 (0xfa1f2023) mem 0x80002000 0x00000001
core   0: 0x80000068 (0xff5ff06f) j       pc - 0xc
core   0: 3 0x80000068 (0xff5ff06f)
core   0: 0x8000005c (0x00100093) li      ra, 1
core   0: 3 0x8000005c (0x00100093) x1  0x00000001
core   0: 0x80000060 (0x00002f17) auipc   t5, 0x2
core   0: 3 0x80000060 (0x00002f17) x30 0x80002060
core   0: 0x80000064 (0xfa1f2023) sw      ra, -96(t5)
core   0: 3 0x80000064 (0xfa1f2023) mem 0x80002000 0x00000001
core   0: 0x80000068 (0xff5ff06f) j       pc - 0xc
core   0: 3 0x80000068 (0xff5ff06f)
core   0: 0x8000005c (0x00100093) li      ra, 1
core   0: 3 0x8000005c (0x00100093) x1  0x00000001
core   0: 0x80000060 (0x00002f17) auipc   t5, 0x2
core   0: 3 0x80000060 (0x00002f17) x30 0x80002060
core   0: 0x80000064 (0xfa1f2023) sw      ra, -96(t5)
core   0: 3 0x80000064 (0xfa1f2023) mem 0x80002000 0x00000001
core   0: 0x80000068 (0xff5ff06f) j       pc - 0xc
core   0: 3 0x80000068 (0xff5ff06f)
core   0: 0x8000005c (0x00100093) li      ra, 1
core   0: 3 0x8000005c (0x00100093) x1  0x00000001
core   0: 0x80000060 (0x00002f17) auipc   t5, 0x2
core   0: 3 0x80000060 (0x00002f17) x30 0x80002060
core   0: 0x80000064 (0xfa1f2023) sw      ra, -96(t5)
core   0: 3 0x80000064 (0xfa1f2023) mem 0x80002000 0x00000001
core   0: 0x80000068 (0xff5ff06f) j       pc - 0xc
core   0: 3 0x80000068 (0xff5ff06f)
core   0: 0x8000005c (0x00100093) li      ra, 1
core   0: 3 0x8000005c (0x00100093) x1  0x00000001
core   0: 0x80000060 (0x00002f17) auipc   t5, 0x2
core   0: 3 0x80000060 (0x00002f17) x30 0x80002060
core   0: 0x80000064 (0xfa1f2023) sw      ra, -96(t5)
core   0: 3 0x80000064 (0xfa1f2023) mem 0x80002000 0x00000001
core   0: 0x80000068 (0xff5ff06f) j       pc - 0xc
core   0: 3 0x80000068 (0xff5ff06f)
core   0: 0x8000005c (0x00100093) li      ra, 1
core   0: 3 0x8000005c (0x00100093) x1  0x00000001
core   0: 0x80000060 (0x00002f17) auipc   t5, 0x2
core   0: 3 0x80000060 (0x00002f17) x30 0x80002060
core   0: 0x80000064 (0xfa1f2023) sw      ra, -96(t5)
core   0: 3 0x80000064 (0xfa1f2023) mem 0x80002000 0x00000001
core   0: 0x80000068 (0xff5ff06f) j       pc - 0xc
core   0: 3 0x80000068 (0xff5ff06f)
core   0: 0x8000005c (0x00100093) li      ra, 1
core   0: 3 0x8000005c (0x00100093) x1  0x00000001
core   0: 0x80000060 (0x00002f17) auipc   t5, 0x2
core   0: 3 0x80000060 (0x00002f17) x30 0x80002060
core   0: 0x80000064 (0xfa1f2023) sw      ra, -96(t5)
core   0: 3 0x80000064 (0xfa1f2023) mem 0x80002000 0x00000001
core   0: 0x80000068 (0xff5ff06f) j       pc - 0xc
core   0: 3 0x80000068 (0xff5ff06f)
core   0: 0x8000005c (0x00100093) li      ra, 1
core   0: 3 0x8000005c (0x00100093) x1  0x00000001
core   0: 0x80000060 (0x00002f17) auipc   t5, 0x2
core   0: 3 0x80000060 (0x00002f17) x30 0x80002060
core   0: 0x80000064 (0xfa1f2023) sw      ra, -96(t5)
core   0: 3 0x80000064 (0xfa1f2023) mem 0x80002000 0x00000001
core   0: 0x80000068 (0xff5ff06f) j       pc - 0xc
core   0: 3 0x80000068 (0xff5ff06f)
core   0: 0x8000005c (0x00100093) li      ra, 1
core   0: 3 0x8000005c (0x00100093) x1  0x00000001
core   0: 0x80000060 (0x00002f17) auipc   t5, 0x2
core   0: 3 0x80000060 (0x00002f17) x30 0x80002060
core   0: 0x80000064 (0xfa1f2023) sw      ra, -96(t5)
core   0: 3 0x80000064 (0xfa1f2023) mem 0x80002000 0x00000001
core   0: 0x80000068 (0xff5ff06f) j       pc - 0xc
core   0: 3 0x80000068 (0xff5ff06f)
core   0: 0x8000005c (0x00100093) li      ra, 1
core   0: 3 0x8000005c (0x00100093) x1  0x00000001
core   0: 0x80000060 (0x00002f17) auipc   t5, 0x2
core   0: 3 0x80000060 (0x00002f17) x30 0x80002060
core   0: 0x80000064 (0xfa1f2023) sw      ra, -96(t5)
core   0: 3 0x80000064 (0xfa1f2023) mem 0x80002000 0x00000001
core   0: 0x80000068 (0xff5ff06f) j       pc - 0xc
core   0: 3 0x80000068 (0xff5ff06f)
core   0: 0x8000005c (0x00100093) li      ra, 1
core   0: 3 0x8000005c (0x00100093) x1  0x00000001
core   0: 0x80000060 (0x00002f17) auipc   t5, 0x2
core   0: 3 0x80000060 (0x00002f17) x30 0x80002060
core   0: 0x80000064 (0xfa1f2023) sw      ra, -96(t5)
core   0: 3 0x80000064 (0xfa1f2023) mem 0x80002000 0x00000001
core   0: 0x80000068 (0xff5ff06f) j       pc - 0xc
core   0: 3 0x80000068 (0xff5ff06f)
core   0: 0x8000005c (0x00100093) li      ra, 1
core   0: 3 0x8000005c (0x00100093) x1  0x00000001
core   0: 0x80000060 (0x00002f17) auipc   t5, 0x2
core   0: 3 0x80000060 (0x00002f17) x30 0x80002060
core   0: 0x80000064 (0xfa1f2023) sw      ra, -96(t5)
core   0: 3 0x80000064 (0xfa1f2023) mem 0x80002000 0x00000001
core   0: 0x80000068 (0xff5ff06f) j       pc - 0xc
core   0: 3 0x80000068 (0xff5ff06f)
core   0: 0x8000005c (0x00100093) li      ra, 1
core   0: 3 0x8000005c (0x00100093) x1  0x00000001
core   0: 0x80000060 (0x00002f17) auipc   t5, 0x2
core   0: 3 0x80000060 (0x00002f17) x30 0x80002060
core   0: 0x80000064 (0xfa1f2023) sw      ra, -96(t5)
core   0: 3 0x80000064 (0xfa1f2023) mem 0x80002000 0x00000001
core   0: 0x80000068 (0xff5ff06f) j       pc - 0xc
core   0: 3 0x80000068 (0xff5ff06f)
core   0: 0x8000005c (0x00100093) li      ra, 1
core   0: 3 0x8000005c (0x00100093) x1  0x00000001
core   0: 0x80000060 (0x00002f17) auipc   t5, 0x2
core   0: 3 0x80000060 (0x00002f17) x30 0x80002060
core   0: 0x80000064 (0xfa1f2023) sw      ra, -96(t5)
core   0: 3 0x80000064 (0xfa1f2023) mem 0x80002000 0x00000001
core   0: 0x80000068 (0xff5ff06f) j       pc - 0xc
core   0: 3 0x80000068 (0xff5ff06f)
core   0: 0x8000005c (0x00100093) li      ra, 1
core   0: 3 0x8000005c (0x00100093) x1  0x00000001
core   0: 0x80000060 (0x00002f17) auipc   t5, 0x2
core   0: 3 0x80000060 (0x00002f17) x30 0x80002060
core   0: 0x80000064 (0xfa1f2023) sw      ra, -96(t5)
core   0: 3 0x80000064 (0xfa1f2023) mem 0x80002000 0x00000001
core   0: 0x80000068 (0xff5ff06f) j       pc - 0xc
core   0: 3 0x80000068 (0xff5ff06f)
core   0: 0x8000005c (0x00100093) li      ra, 1
core   0: 3 0x8000005c (0x00100093) x1  0x00000001
core   0: 0x80000060 (0x00002f17) auipc   t5, 0x2
core   0: 3 0x80000060 (0x00002f17) x30 0x80002060
core   0: 0x80000064 (0xfa1f2023) sw      ra, -96(t5)
core   0: 3 0x80000064 (0xfa1f2023) mem 0x80002000 0x00000001
core   0: 0x80000068 (0xff5ff06f) j       pc - 0xc
core   0: 3 0x80000068 (0xff5ff06f)
core   0: 0x8000005c (0x00100093) li      ra, 1
core   0: 3 0x8000005c (0x00100093) x1  0x00000001
core   0: 0x80000060 (0x00002f17) auipc   t5, 0x2
core   0: 3 0x80000060 (0x00002f17) x30 0x80002060
core   0: 0x80000064 (0xfa1f2023) sw      ra, -96(t5)
core   0: 3 0x80000064 (0xfa1f2023) mem 0x80002000 0x00000001
core   0: 0x80000068 (0xff5ff06f) j       pc - 0xc
core   0: 3 0x80000068 (0xff5ff06f)
core   0: 0x8000005c (0x00100093) li      ra, 1
core   0: 3 0x8000005c (0x00100093) x1  0x00000001
core   0: 0x80000060 (0x00002f17) auipc   t5, 0x2
core   0: 3 0x80000060 (0x00002f17) x30 0x80002060
core   0: 0x80000064 (0xfa1f2023) sw      ra, -96(t5)
core   0: 3 0x80000064 (0xfa1f2023) mem 0x80002000 0x00000001
core   0: 0x80000068 (0xff5ff06f) j       pc - 0xc
core   0: 3 0x80000068 (0xff5ff06f)
core   0: 0x8000005c (0x00100093) li      ra, 1
core   0: 3 0x8000005c (0x00100093) x1  0x00000001
core   0: 0x80000060 (0x00002f17) auipc   t5, 0x2
core   0: 3 0x80000060 (0x00002f17) x30 0x80002060
core   0: 0x80000064 (0xfa1f2023) sw      ra, -96(t5)
core   0: 3 0x80000064 (0xfa1f2023) mem 0x80002000 0x00000001
core   0: 0x80000068 (0xff5ff06f) j       pc - 0xc
core   0: 3 0x80000068 (0xff5ff06f)
core   0: 0x8000005c (0x00100093) li      ra, 1
core   0: 3 0x8000005c (0x00100093) x1  0x00000001
core   0: 0x80000060 (0x00002f17) auipc   t5, 0x2
core   0: 3 0x80000060 (0x00002f17) x30 0x80002060
core   0: 0x80000064 (0xfa1f2023) sw      ra, -96(t5)
core   0: 3 0x80000064 (0xfa1f2023) mem 0x80002000 0x00000001
core   0: 0x80000068 (0xff5ff06f) j       pc - 0xc
core   0: 3 0x80000068 (0xff5ff06f)
core   0: 0x8000005c (0x00100093) li      ra, 1
core   0: 3 0x8000005c (0x00100093) x1  0x00000001
core   0: 0x80000060 (0x00002f17) auipc   t5, 0x2
core   0: 3 0x80000060 (0x00002f17) x30 0x80002060
core   0: 0x80000064 (0xfa1f2023) sw      ra, -96(t5)
core   0: 3 0x80000064 (0xfa1f2023) mem 0x80002000 0x00000001
core   0: 0x80000068 (0xff5ff06f) j       pc - 0xc
core   0: 3 0x80000068 (0xff5ff06f)
core   0: 0x8000005c (0x00100093) li      ra, 1
core   0: 3 0x8000005c (0x00100093) x1  0x00000001
core   0: 0x80000060 (0x00002f17) auipc   t5, 0x2
core   0: 3 0x80000060 (0x00002f17) x30 0x80002060
core   0: 0x80000064 (0xfa1f2023) sw      ra, -96(t5)
core   0: 3 0x80000064 (0xfa1f2023) mem 0x80002000 0x00000001
core   0: 0x80000068 (0xff5ff06f) j       pc - 0xc
core   0: 3 0x80000068 (0xff5ff06f)
core   0: 0x8000005c (0x00100093) li      ra, 1
core   0: 3 0x8000005c (0x00100093) x1  0x00000001
core   0: 0x80000060 (0x00002f17) auipc   t5, 0x2
core   0: 3 0x80000060 (0x00002f17) x30 0x80002060
core   0: 0x80000064 (0xfa1f2023) sw      ra, -96(t5)
core   0: 3 0x80000064 (0xfa1f2023) mem 0x80002000 0x00000001
core   0: 0x80000068 (0xff5ff06f) j       pc - 0xc
core   0: 3 0x80000068 (0xff5ff06f)
core   0: 0x8000005c (0x00100093) li      ra, 1
core   0: 3 0x8000005c (0x00100093) x1  0x00000001
core   0: 0x80000060 (0x00002f17) auipc   t5, 0x2
core   0: 3 0x80000060 (0x00002f17) x30 0x80002060
core   0: 0x80000064 (0xfa1f2023) sw      ra, -96(t5)
core   0: 3 0x80000064 (0xfa1f2023) mem 0x80002000 0x00000001
core   0: 0x80000068 (0xff5ff06f) j       pc - 0xc
core   0: 3 0x80000068 (0xff5ff06f)
core   0: 0x8000005c (0x00100093) li      ra, 1
core   0: 3 0x8000005c (0x00100093) x1  0x00000001
core   0: 0x80000060 (0x00002f17) auipc   t5, 0x2
core   0: 3 0x80000060 (0x00002f17) x30 0x80002060
core   0: 0x80000064 (0xfa1f2023) sw      ra, -96(t5)
core   0: 3 0x80000064 (0xfa1f2023) mem 0x80002000 0x00000001
core   0: 0x80000068 (0xff5ff06f) j       pc - 0xc
core   0: 3 0x80000068 (0xff5ff06f)
core   0: 0x8000005c (0x00100093) li      ra, 1
core   0: 3 0x8000005c (0x00100093) x1  0x00000001
core   0: 0x80000060 (0x00002f17) auipc   t5, 0x2
core   0: 3 0x80000060 (0x00002f17) x30 0x80002060
core   0: 0x80000064 (0xfa1f2023) sw      ra, -96(t5)
core   0: 3 0x80000064 (0xfa1f2023) mem 0x80002000 0x00000001
core   0: 0x80000068 (0xff5ff06f) j       pc - 0xc
core   0: 3 0x80000068 (0xff5ff06f)
core   0: 0x8000005c (0x00100093) li      ra, 1
core   0: 3 0x8000005c (0x00100093) x1  0x00000001
core   0: 0x80000060 (0x00002f17) auipc   t5, 0x2
core   0: 3 0x80000060 (0x00002f17) x30 0x80002060
core   0: 0x80000064 (0xfa1f2023) sw      ra, -96(t5)
core   0: 3 0x80000064 (0xfa1f2023) mem 0x80002000 0x00000001
core   0: 0x80000068 (0xff5ff06f) j       pc - 0xc
core   0: 3 0x80000068 (0xff5ff06f)
core   0: 0x8000005c (0x00100093) li      ra, 1
core   0: 3 0x8000005c (0x00100093) x1  0x00000001
core   0: 0x80000060 (0x00002f17) auipc   t5, 0x2
core   0: 3 0x80000060 (0x00002f17) x30 0x80002060
core   0: 0x80000064 (0xfa1f2023) sw      ra, -96(t5)
core   0: 3 0x80000064 (0xfa1f2023) mem 0x80002000 0x00000001
core   0: 0x80000068 (0xff5ff06f) j       pc - 0xc
core   0: 3 0x80000068 (0xff5ff06f)
core   0: 0x8000005c (0x00100093) li      ra, 1
core   0: 3 0x8000005c (0x00100093) x1  0x00000001
core   0: 0x80000060 (0x00002f17) auipc   t5, 0x2
core   0: 3 0x80000060 (0x00002f17) x30 0x80002060
core   0: 0x80000064 (0xfa1f2023) sw      ra, -96(t5)
core   0: 3 0x80000064 (0xfa1f2023) mem 0x80002000 0x00000001
core   0: 0x80000068 (0xff5ff06f) j       pc - 0xc
core   0: 3 0x80000068 (0xff5ff06f)
core   0: 0x8000005c (0x00100093) li      ra, 1
core   0: 3 0x8000005c (0x00100093) x1  0x00000001
core   0: 0x80000060 (0x00002f17) auipc   t5, 0x2
core   0: 3 0x80000060 (0x00002f17) x30 0x80002060
core   0: 0x80000064 (0xfa1f2023) sw      ra, -96(t5)
core   0: 3 0x80000064 (0xfa1f2023) mem 0x80002000 0x00000001
core   0: 0x80000068 (0xff5ff06f) j       pc - 0xc
core   0: 3 0x80000068 (0xff5ff06f)
core   0: 0x8000005c (0x00100093) li      ra, 1
core   0: 3 0x8000005c (0x00100093) x1  0x00000001
core   0: 0x80000060 (0x00002f17) auipc   t5, 0x2
core   0: 3 0x80000060 (0x00002f17) x30 0x80002060
core   0: 0x80000064 (0xfa1f2023) sw      ra, -96(t5)
core   0: 3 0x80000064 (0xfa1f2023) mem 0x80002000 0x00000001
core   0: 0x80000068 (0xff5ff06f) j       pc - 0xc
core   0: 3 0x80000068 (0xff5ff06f)
core   0: 0x8000005c (0x00100093) li      ra, 1
core   0: 3 0x8000005c (0x00100093) x1  0x00000001
core   0: 0x80000060 (0x00002f17) auipc   t5, 0x2
core   0: 3 0x80000060 (0x00002f17) x30 0x80002060
core   0: 0x80000064 (0xfa1f2023) sw      ra, -96(t5)
core   0: 3 0x80000064 (0xfa1f2023) mem 0x80002000 0x00000001
core   0: 0x80000068 (0xff5ff06f) j       pc - 0xc
core   0: 3 0x80000068 (0xff5ff06f)
core   0: 0x8000005c (0x00100093) li      ra, 1
core   0: 3 0x8000005c (0x00100093) x1  0x00000001
core   0: 0x80000060 (0x00002f17) auipc   t5, 0x2
core   0: 3 0x80000060 (0x00002f17) x30 0x80002060
core   0: 0x80000064 (0xfa1f2023) sw      ra, -96(t5)
core   0: 3 0x80000064 (0xfa1f2023) mem 0x80002000 0x00000001
core   0: 0x80000068 (0xff5ff06f) j       pc - 0xc
core   0: 3 0x80000068 (0xff5ff06f)
core   0: 0x8000005c (0x00100093) li      ra, 1
core   0: 3 0x8000005c (0x00100093) x1  0x00000001
core   0: 0x80000060 (0x00002f17) auipc   t5, 0x2
core   0: 3 0x80000060 (0x00002f17) x30 0x80002060
core   0: 0x80000064 (0xfa1f2023) sw      ra, -96(t5)
core   0: 3 0x80000064 (0xfa1f2023) mem 0x80002000 0x00000001
core   0: 0x80000068 (0xff5ff06f) j       pc - 0xc
core   0: 3 0x80000068 (0xff5ff06f)
core   0: 0x8000005c (0x00100093) li      ra, 1
core   0: 3 0x8000005c (0x00100093) x1  0x00000001
core   0: 0x80000060 (0x00002f17) auipc   t5, 0x2
core   0: 3 0x80000060 (0x00002f17) x30 0x80002060
core   0: 0x80000064 (0xfa1f2023) sw      ra, -96(t5)
core   0: 3 0x80000064 (0xfa1f2023) mem 0x80002000 0x00000001
core   0: 0x80000068 (0xff5ff06f) j       pc - 0xc
core   0: 3 0x80000068 (0xff5ff06f)
core   0: 0x8000005c (0x00100093) li      ra, 1
core   0: 3 0x8000005c (0x00100093) x1  0x00000001
core   0: 0x80000060 (0x00002f17) auipc   t5, 0x2
core   0: 3 0x80000060 (0x00002f17) x30 0x80002060
core   0: 0x80000064 (0xfa1f2023) sw      ra, -96(t5)
core   0: 3 0x80000064 (0xfa1f2023) mem 0x80002000 0x00000001
core   0: 0x80000068 (0xff5ff06f) j       pc - 0xc
core   0: 3 0x80000068 (0xff5ff06f)
core   0: 0x8000005c (0x00100093) li      ra, 1
core   0: 3 0x8000005c (0x00100093) x1  0x00000001
core   0: 0x80000060 (0x00002f17) auipc   t5, 0x2
core   0: 3 0x80000060 (0x00002f17) x30 0x80002060
core   0: 0x80000064 (0xfa1f2023) sw      ra, -96(t5)
core   0: 3 0x80000064 (0xfa1f2023) mem 0x80002000 0x00000001
core   0: 0x80000068 (0xff5ff06f) j       pc - 0xc
core   0: 3 0x80000068 (0xff5ff06f)
core   0: 0x8000005c (0x00100093) li      ra, 1
core   0: 3 0x8000005c (0x00100093) x1  0x00000001
core   0: 0x80000060 (0x00002f17) auipc   t5, 0x2
core   0: 3 0x80000060 (0x00002f17) x30 0x80002060
core   0: 0x80000064 (0xfa1f2023) sw      ra, -96(t5)
core   0: 3 0x80000064 (0xfa1f2023) mem 0x80002000 0x00000001
core   0: 0x80000068 (0xff5ff06f) j       pc - 0xc
core   0: 3 0x80000068 (0xff5ff06f)
core   0: 0x8000005c (0x00100093) li      ra, 1
core   0: 3 0x8000005c (0x00100093) x1  0x00000001
core   0: 0x80000060 (0x00002f17) auipc   t5, 0x2
core   0: 3 0x80000060 (0x00002f17) x30 0x80002060
core   0: 0x80000064 (0xfa1f2023) sw      ra, -96(t5)
core   0: 3 0x80000064 (0xfa1f2023) mem 0x80002000 0x00000001
core   0: 0x80000068 (0xff5ff06f) j       pc - 0xc
core   0: 3 0x80000068 (0xff5ff06f)
core   0: 0x8000005c (0x00100093) li      ra, 1
core   0: 3 0x8000005c (0x00100093) x1  0x00000001
core   0: 0x80000060 (0x00002f17) auipc   t5, 0x2
core   0: 3 0x80000060 (0x00002f17) x30 0x80002060
core   0: 0x80000064 (0xfa1f2023) sw      ra, -96(t5)
core   0: 3 0x80000064 (0xfa1f2023) mem 0x80002000 0x00000001
core   0: 0x80000068 (0xff5ff06f) j       pc - 0xc
core   0: 3 0x80000068 (0xff5ff06f)
core   0: 0x8000005c (0x00100093) li      ra, 1
core   0: 3 0x8000005c (0x00100093) x1  0x00000001
core   0: 0x80000060 (0x00002f17) auipc   t5, 0x2
core   0: 3 0x80000060 (0x00002f17) x30 0x80002060
core   0: 0x80000064 (0xfa1f2023) sw      ra, -96(t5)
core   0: 3 0x80000064 (0xfa1f2023) mem 0x80002000 0x00000001
core   0: 0x80000068 (0xff5ff06f) j       pc - 0xc
core   0: 3 0x80000068 (0xff5ff06f)
core   0: 0x8000005c (0x00100093) li      ra, 1
core   0: 3 0x8000005c (0x00100093) x1  0x00000001
core   0: 0x80000060 (0x00002f17) auipc   t5, 0x2
core   0: 3 0x80000060 (0x00002f17) x30 0x80002060
core   0: 0x80000064 (0xfa1f2023) sw      ra, -96(t5)
core   0: 3 0x80000064 (0xfa1f2023) mem 0x80002000 0x00000001
core   0: 0x80000068 (0xff5ff06f) j       pc - 0xc
core   0: 3 0x80000068 (0xff5ff06f)
core   0: 0x8000005c (0x00100093) li      ra, 1
core   0: 3 0x8000005c (0x00100093) x1  0x00000001
core   0: 0x80000060 (0x00002f17) auipc   t5, 0x2
core   0: 3 0x80000060 (0x00002f17) x30 0x80002060
core   0: 0x80000064 (0xfa1f2023) sw      ra, -96(t5)
core   0: 3 0x80000064 (0xfa1f2023) mem 0x80002000 0x00000001
core   0: 0x80000068 (0xff5ff06f) j       pc - 0xc
core   0: 3 0x80000068 (0xff5ff06f)
core   0: 0x8000005c (0x00100093) li      ra, 1
core   0: 3 0x8000005c (0x00100093) x1  0x00000001
core   0: 0x80000060 (0x00002f17) auipc   t5, 0x2
core   0: 3 0x80000060 (0x00002f17) x30 0x80002060
core   0: 0x80000064 (0xfa1f2023) sw      ra, -96(t5)
core   0: 3 0x80000064 (0xfa1f2023) mem 0x80002000 0x00000001
core   0: 0x80000068 (0xff5ff06f) j       pc - 0xc
core   0: 3 0x80000068 (0xff5ff06f)
core   0: 0x8000005c (0x00100093) li      ra, 1
core   0: 3 0x8000005c (0x00100093) x1  0x00000001
core   0: 0x80000060 (0x00002f17) auipc   t5, 0x2
core   0: 3 0x80000060 (0x00002f17) x30 0x80002060
core   0: 0x80000064 (0xfa1f2023) sw      ra, -96(t5)
core   0: 3 0x80000064 (0xfa1f2023) mem 0x80002000 0x00000001
core   0: 0x80000068 (0xff5ff06f) j       pc - 0xc
core   0: 3 0x80000068 (0xff5ff06f)
core   0: 0x8000005c (0x00100093) li      ra, 1
core   0: 3 0x8000005c (0x00100093) x1  0x00000001
core   0: 0x80000060 (0x00002f17) auipc   t5, 0x2
core   0: 3 0x80000060 (0x00002f17) x30 0x80002060
core   0: 0x80000064 (0xfa1f2023) sw      ra, -96(t5)
core   0: 3 0x80000064 (0xfa1f2023) mem 0x80002000 0x00000001
core   0: 0x80000068 (0xff5ff06f) j       pc - 0xc
core   0: 3 0x80000068 (0xff5ff06f)
core   0: 0x8000005c (0x00100093) li      ra, 1
core   0: 3 0x8000005c (0x00100093) x1  0x00000001
core   0: 0x80000060 (0x00002f17) auipc   t5, 0x2
core   0: 3 0x80000060 (0x00002f17) x30 0x80002060
core   0: 0x80000064 (0xfa1f2023) sw      ra, -96(t5)
core   0: 3 0x80000064 (0xfa1f2023) mem 0x80002000 0x00000001
core   0: 0x80000068 (0xff5ff06f) j       pc - 0xc
core   0: 3 0x80000068 (0xff5ff06f)
core   0: 0x8000005c (0x00100093) li      ra, 1
core   0: 3 0x8000005c (0x00100093) x1  0x00000001
core   0: 0x80000060 (0x00002f17) auipc   t5, 0x2
core   0: 3 0x80000060 (0x00002f17) x30 0x80002060
core   0: 0x80000064 (0xfa1f2023) sw      ra, -96(t5)
core   0: 3 0x80000064 (0xfa1f2023) mem 0x80002000 0x00000001
core   0: 0x80000068 (0xff5ff06f) j       pc - 0xc
core   0: 3 0x80000068 (0xff5ff06f)
core   0: 0x8000005c (0x00100093) li      ra, 1
core   0: 3 0x8000005c (0x00100093) x1  0x00000001
core   0: 0x80000060 (0x00002f17) auipc   t5, 0x2
core   0: 3 0x80000060 (0x00002f17) x30 0x80002060
core   0: 0x80000064 (0xfa1f2023) sw      ra, -96(t5)
core   0: 3 0x80000064 (0xfa1f2023) mem 0x80002000 0x00000001
core   0: 0x80000068 (0xff5ff06f) j       pc - 0xc
core   0: 3 0x80000068 (0xff5ff06f)
core   0: 0x8000005c (0x00100093) li      ra, 1
core   0: 3 0x8000005c (0x00100093) x1  0x00000001
core   0: 0x80000060 (0x00002f17) auipc   t5, 0x2
core   0: 3 0x80000060 (0x00002f17) x30 0x80002060
core   0: 0x80000064 (0xfa1f2023) sw      ra, -96(t5)
core   0: 3 0x80000064 (0xfa1f2023) mem 0x80002000 0x00000001
core   0: 0x80000068 (0xff5ff06f) j       pc - 0xc
core   0: 3 0x80000068 (0xff5ff06f)
core   0: 0x8000005c (0x00100093) li      ra, 1
core   0: 3 0x8000005c (0x00100093) x1  0x00000001
core   0: 0x80000060 (0x00002f17) auipc   t5, 0x2
core   0: 3 0x80000060 (0x00002f17) x30 0x80002060
core   0: 0x80000064 (0xfa1f2023) sw      ra, -96(t5)
core   0: 3 0x80000064 (0xfa1f2023) mem 0x80002000 0x00000001
core   0: 0x80000068 (0xff5ff06f) j       pc - 0xc
core   0: 3 0x80000068 (0xff5ff06f)
core   0: 0x8000005c (0x00100093) li      ra, 1
core   0: 3 0x8000005c (0x00100093) x1  0x00000001
core   0: 0x80000060 (0x00002f17) auipc   t5, 0x2
core   0: 3 0x80000060 (0x00002f17) x30 0x80002060
core   0: 0x80000064 (0xfa1f2023) sw      ra, -96(t5)
core   0: 3 0x80000064 (0xfa1f2023) mem 0x80002000 0x00000001
core   0: 0x80000068 (0xff5ff06f) j       pc - 0xc
core   0: 3 0x80000068 (0xff5ff06f)
core   0: 0x8000005c (0x00100093) li      ra, 1
core   0: 3 0x8000005c (0x00100093) x1  0x00000001
core   0: 0x80000060 (0x00002f17) auipc   t5, 0x2
core   0: 3 0x80000060 (0x00002f17) x30 0x80002060
core   0: 0x80000064 (0xfa1f2023) sw      ra, -96(t5)
core   0: 3 0x80000064 (0xfa1f2023) mem 0x80002000 0x00000001
core   0: 0x80000068 (0xff5ff06f) j       pc - 0xc
core   0: 3 0x80000068 (0xff5ff06f)
core   0: 0x8000005c (0x00100093) li      ra, 1
core   0: 3 0x8000005c (0x00100093) x1  0x00000001
core   0: 0x80000060 (0x00002f17) auipc   t5, 0x2
core   0: 3 0x80000060 (0x00002f17) x30 0x80002060
core   0: 0x80000064 (0xfa1f2023) sw      ra, -96(t5)
core   0: 3 0x80000064 (0xfa1f2023) mem 0x80002000 0x00000001
core   0: 0x80000068 (0xff5ff06f) j       pc - 0xc
core   0: 3 0x80000068 (0xff5ff06f)
core   0: 0x8000005c (0x00100093) li      ra, 1
core   0: 3 0x8000005c (0x00100093) x1  0x00000001
core   0: 0x80000060 (0x00002f17) auipc   t5, 0x2
core   0: 3 0x80000060 (0x00002f17) x30 0x80002060
core   0: 0x80000064 (0xfa1f2023) sw      ra, -96(t5)
core   0: 3 0x80000064 (0xfa1f2023) mem 0x80002000 0x00000001
core   0: 0x80000068 (0xff5ff06f) j       pc - 0xc
core   0: 3 0x80000068 (0xff5ff06f)
core   0: 0x8000005c (0x00100093) li      ra, 1
core   0: 3 0x8000005c (0x00100093) x1  0x00000001
core   0: 0x80000060 (0x00002f17) auipc   t5, 0x2
core   0: 3 0x80000060 (0x00002f17) x30 0x80002060
core   0: 0x80000064 (0xfa1f2023) sw      ra, -96(t5)
core   0: 3 0x80000064 (0xfa1f2023) mem 0x80002000 0x00000001
core   0: 0x80000068 (0xff5ff06f) j       pc - 0xc
core   0: 3 0x80000068 (0xff5ff06f)
core   0: 0x8000005c (0x00100093) li      ra, 1
core   0: 3 0x8000005c (0x00100093) x1  0x00000001
core   0: 0x80000060 (0x00002f17) auipc   t5, 0x2
core   0: 3 0x80000060 (0x00002f17) x30 0x80002060
core   0: 0x80000064 (0xfa1f2023) sw      ra, -96(t5)
core   0: 3 0x80000064 (0xfa1f2023) mem 0x80002000 0x00000001
core   0: 0x80000068 (0xff5ff06f) j       pc - 0xc
core   0: 3 0x80000068 (0xff5ff06f)
core   0: 0x8000005c (0x00100093) li      ra, 1
core   0: 3 0x8000005c (0x00100093) x1  0x00000001
core   0: 0x80000060 (0x00002f17) auipc   t5, 0x2
core   0: 3 0x80000060 (0x00002f17) x30 0x80002060
core   0: 0x80000064 (0xfa1f2023) sw      ra, -96(t5)
core   0: 3 0x80000064 (0xfa1f2023) mem 0x80002000 0x00000001
core   0: 0x80000068 (0xff5ff06f) j       pc - 0xc
core   0: 3 0x80000068 (0xff5ff06f)
core   0: 0x8000005c (0x00100093) li      ra, 1
core   0: 3 0x8000005c (0x00100093) x1  0x00000001
core   0: 0x80000060 (0x00002f17) auipc   t5, 0x2
core   0: 3 0x80000060 (0x00002f17) x30 0x80002060
core   0: 0x80000064 (0xfa1f2023) sw      ra, -96(t5)
core   0: 3 0x80000064 (0xfa1f2023) mem 0x80002000 0x00000001
core   0: 0x80000068 (0xff5ff06f) j       pc - 0xc
core   0: 3 0x80000068 (0xff5ff06f)
core   0: 0x8000005c (0x00100093) li      ra, 1
core   0: 3 0x8000005c (0x00100093) x1  0x00000001
core   0: 0x80000060 (0x00002f17) auipc   t5, 0x2
core   0: 3 0x80000060 (0x00002f17) x30 0x80002060
core   0: 0x80000064 (0xfa1f2023) sw      ra, -96(t5)
core   0: 3 0x80000064 (0xfa1f2023) mem 0x80002000 0x00000001
core   0: 0x80000068 (0xff5ff06f) j       pc - 0xc
core   0: 3 0x80000068 (0xff5ff06f)
core   0: 0x8000005c (0x00100093) li      ra, 1
core   0: 3 0x8000005c (0x00100093) x1  0x00000001
core   0: 0x80000060 (0x00002f17) auipc   t5, 0x2
core   0: 3 0x80000060 (0x00002f17) x30 0x80002060
core   0: 0x80000064 (0xfa1f2023) sw      ra, -96(t5)
core   0: 3 0x80000064 (0xfa1f2023) mem 0x80002000 0x00000001
core   0: 0x80000068 (0xff5ff06f) j       pc - 0xc
core   0: 3 0x80000068 (0xff5ff06f)
core   0: 0x8000005c (0x00100093) li      ra, 1
core   0: 3 0x8000005c (0x00100093) x1  0x00000001
core   0: 0x80000060 (0x00002f17) auipc   t5, 0x2
core   0: 3 0x80000060 (0x00002f17) x30 0x80002060
core   0: 0x80000064 (0xfa1f2023) sw      ra, -96(t5)
core   0: 3 0x80000064 (0xfa1f2023) mem 0x80002000 0x00000001
core   0: 0x80000068 (0xff5ff06f) j       pc - 0xc
core   0: 3 0x80000068 (0xff5ff06f)
core   0: 0x8000005c (0x00100093) li      ra, 1
core   0: 3 0x8000005c (0x00100093) x1  0x00000001
core   0: 0x80000060 (0x00002f17) auipc   t5, 0x2
core   0: 3 0x80000060 (0x00002f17) x30 0x80002060
core   0: 0x80000064 (0xfa1f2023) sw      ra, -96(t5)
core   0: 3 0x80000064 (0xfa1f2023) mem 0x80002000 0x00000001
core   0: 0x80000068 (0xff5ff06f) j       pc - 0xc
core   0: 3 0x80000068 (0xff5ff06f)
core   0: 0x8000005c (0x00100093) li      ra, 1
core   0: 3 0x8000005c (0x00100093) x1  0x00000001
core   0: 0x80000060 (0x00002f17) auipc   t5, 0x2
core   0: 3 0x80000060 (0x00002f17) x30 0x80002060
core   0: 0x80000064 (0xfa1f2023) sw      ra, -96(t5)
core   0: 3 0x80000064 (0xfa1f2023) mem 0x80002000 0x00000001
core   0: 0x80000068 (0xff5ff06f) j       pc - 0xc
core   0: 3 0x80000068 (0xff5ff06f)
core   0: 0x8000005c (0x00100093) li      ra, 1
core   0: 3 0x8000005c (0x00100093) x1  0x00000001
core   0: 0x80000060 (0x00002f17) auipc   t5, 0x2
core   0: 3 0x80000060 (0x00002f17) x30 0x80002060
core   0: 0x80000064 (0xfa1f2023) sw      ra, -96(t5)
core   0: 3 0x80000064 (0xfa1f2023) mem 0x80002000 0x00000001
core   0: 0x80000068 (0xff5ff06f) j       pc - 0xc
core   0: 3 0x80000068 (0xff5ff06f)
core   0: 0x8000005c (0x00100093) li      ra, 1
core   0: 3 0x8000005c (0x00100093) x1  0x00000001
core   0: 0x80000060 (0x00002f17) auipc   t5, 0x2
core   0: 3 0x80000060 (0x00002f17) x30 0x80002060
core   0: 0x80000064 (0xfa1f2023) sw      ra, -96(t5)
core   0: 3 0x80000064 (0xfa1f2023) mem 0x80002000 0x00000001
core   0: 0x80000068 (0xff5ff06f) j       pc - 0xc
core   0: 3 0x80000068 (0xff5ff06f)
core   0: 0x8000005c (0x00100093) li      ra, 1
core   0: 3 0x8000005c (0x00100093) x1  0x00000001
core   0: 0x80000060 (0x00002f17) auipc   t5, 0x2
core   0: 3 0x80000060 (0x00002f17) x30 0x80002060
core   0: 0x80000064 (0xfa1f2023) sw      ra, -96(t5)
core   0: 3 0x80000064 (0xfa1f2023) mem 0x80002000 0x00000001
core   0: 0x80000068 (0xff5ff06f) j       pc - 0xc
core   0: 3 0x80000068 (0xff5ff06f)
core   0: 0x8000005c (0x00100093) li      ra, 1
core   0: 3 0x8000005c (0x00100093) x1  0x00000001
core   0: 0x80000060 (0x00002f17) auipc   t5, 0x2
core   0: 3 0x80000060 (0x00002f17) x30 0x80002060
core   0: 0x80000064 (0xfa1f2023) sw      ra, -96(t5)
core   0: 3 0x80000064 (0xfa1f2023) mem 0x80002000 0x00000001
core   0: 0x80000068 (0xff5ff06f) j       pc - 0xc
core   0: 3 0x80000068 (0xff5ff06f)
core   0: 0x8000005c (0x00100093) li      ra, 1
core   0: 3 0x8000005c (0x00100093) x1  0x00000001
core   0: 0x80000060 (0x00002f17) auipc   t5, 0x2
core   0: 3 0x80000060 (0x00002f17) x30 0x80002060
core   0: 0x80000064 (0xfa1f2023) sw      ra, -96(t5)
core   0: 3 0x80000064 (0xfa1f2023) mem 0x80002000 0x00000001
core   0: 0x80000068 (0xff5ff06f) j       pc - 0xc
core   0: 3 0x80000068 (0xff5ff06f)
core   0: 0x8000005c (0x00100093) li      ra, 1
core   0: 3 0x8000005c (0x00100093) x1  0x00000001
core   0: 0x80000060 (0x00002f17) auipc   t5, 0x2
core   0: 3 0x80000060 (0x00002f17) x30 0x80002060
core   0: 0x80000064 (0xfa1f2023) sw      ra, -96(t5)
core   0: 3 0x80000064 (0xfa1f2023) mem 0x80002000 0x00000001
core   0: 0x80000068 (0xff5ff06f) j       pc - 0xc
core   0: 3 0x80000068 (0xff5ff06f)
core   0: 0x8000005c (0x00100093) li      ra, 1
core   0: 3 0x8000005c (0x00100093) x1  0x00000001
core   0: 0x80000060 (0x00002f17) auipc   t5, 0x2
core   0: 3 0x80000060 (0x00002f17) x30 0x80002060
core   0: 0x80000064 (0xfa1f2023) sw      ra, -96(t5)
core   0: 3 0x80000064 (0xfa1f2023) mem 0x80002000 0x00000001
core   0: 0x80000068 (0xff5ff06f) j       pc - 0xc
core   0: 3 0x80000068 (0xff5ff06f)
core   0: 0x8000005c (0x00100093) li      ra, 1
core   0: 3 0x8000005c (0x00100093) x1  0x00000001
core   0: 0x80000060 (0x00002f17) auipc   t5, 0x2
core   0: 3 0x80000060 (0x00002f17) x30 0x80002060
core   0: 0x80000064 (0xfa1f2023) sw      ra, -96(t5)
core   0: 3 0x80000064 (0xfa1f2023) mem 0x80002000 0x00000001
core   0: 0x80000068 (0xff5ff06f) j       pc - 0xc
core   0: 3 0x80000068 (0xff5ff06f)
core   0: 0x8000005c (0x00100093) li      ra, 1
core   0: 3 0x8000005c (0x00100093) x1  0x00000001
core   0: 0x80000060 (0x00002f17) auipc   t5, 0x2
core   0: 3 0x80000060 (0x00002f17) x30 0x80002060
core   0: 0x80000064 (0xfa1f2023) sw      ra, -96(t5)
core   0: 3 0x80000064 (0xfa1f2023) mem 0x80002000 0x00000001
core   0: 0x80000068 (0xff5ff06f) j       pc - 0xc
core   0: 3 0x80000068 (0xff5ff06f)
core   0: 0x8000005c (0x00100093) li      ra, 1
core   0: 3 0x8000005c (0x00100093) x1  0x00000001
core   0: 0x80000060 (0x00002f17) auipc   t5, 0x2
core   0: 3 0x80000060 (0x00002f17) x30 0x80002060
core   0: 0x80000064 (0xfa1f2023) sw      ra, -96(t5)
core   0: 3 0x80000064 (0xfa1f2023) mem 0x80002000 0x00000001
core   0: 0x80000068 (0xff5ff06f) j       pc - 0xc
core   0: 3 0x80000068 (0xff5ff06f)
core   0: 0x8000005c (0x00100093) li      ra, 1
core   0: 3 0x8000005c (0x00100093) x1  0x00000001
core   0: 0x80000060 (0x00002f17) auipc   t5, 0x2
core   0: 3 0x80000060 (0x00002f17) x30 0x80002060
core   0: 0x80000064 (0xfa1f2023) sw      ra, -96(t5)
core   0: 3 0x80000064 (0xfa1f2023) mem 0x80002000 0x00000001
core   0: 0x80000068 (0xff5ff06f) j       pc - 0xc
core   0: 3 0x80000068 (0xff5ff06f)
core   0: 0x8000005c (0x00100093) li      ra, 1
core   0: 3 0x8000005c (0x00100093) x1  0x00000001
core   0: 0x80000060 (0x00002f17) auipc   t5, 0x2
core   0: 3 0x80000060 (0x00002f17) x30 0x80002060
core   0: 0x80000064 (0xfa1f2023) sw      ra, -96(t5)
core   0: 3 0x80000064 (0xfa1f2023) mem 0x80002000 0x00000001
core   0: 0x80000068 (0xff5ff06f) j       pc - 0xc
core   0: 3 0x80000068 (0xff5ff06f)
core   0: 0x8000005c (0x00100093) li      ra, 1
core   0: 3 0x8000005c (0x00100093) x1  0x00000001
core   0: 0x80000060 (0x00002f17) auipc   t5, 0x2
core   0: 3 0x80000060 (0x00002f17) x30 0x80002060
core   0: 0x80000064 (0xfa1f2023) sw      ra, -96(t5)
core   0: 3 0x80000064 (0xfa1f2023) mem 0x80002000 0x00000001
core   0: 0x80000068 (0xff5ff06f) j       pc - 0xc
core   0: 3 0x80000068 (0xff5ff06f)
core   0: 0x8000005c (0x00100093) li      ra, 1
core   0: 3 0x8000005c (0x00100093) x1  0x00000001
core   0: 0x80000060 (0x00002f17) auipc   t5, 0x2
core   0: 3 0x80000060 (0x00002f17) x30 0x80002060
core   0: 0x80000064 (0xfa1f2023) sw      ra, -96(t5)
core   0: 3 0x80000064 (0xfa1f2023) mem 0x80002000 0x00000001
core   0: 0x80000068 (0xff5ff06f) j       pc - 0xc
core   0: 3 0x80000068 (0xff5ff06f)
core   0: 0x8000005c (0x00100093) li      ra, 1
core   0: 3 0x8000005c (0x00100093) x1  0x00000001
core   0: 0x80000060 (0x00002f17) auipc   t5, 0x2
core   0: 3 0x80000060 (0x00002f17) x30 0x80002060
core   0: 0x80000064 (0xfa1f2023) sw      ra, -96(t5)
core   0: 3 0x80000064 (0xfa1f2023) mem 0x80002000 0x00000001
core   0: 0x80000068 (0xff5ff06f) j       pc - 0xc
core   0: 3 0x80000068 (0xff5ff06f)
core   0: 0x8000005c (0x00100093) li      ra, 1
core   0: 3 0x8000005c (0x00100093) x1  0x00000001
core   0: 0x80000060 (0x00002f17) auipc   t5, 0x2
core   0: 3 0x80000060 (0x00002f17) x30 0x80002060
core   0: 0x80000064 (0xfa1f2023) sw      ra, -96(t5)
core   0: 3 0x80000064 (0xfa1f2023) mem 0x80002000 0x00000001
core   0: 0x80000068 (0xff5ff06f) j       pc - 0xc
core   0: 3 0x80000068 (0xff5ff06f)
core   0: 0x8000005c (0x00100093) li      ra, 1
core   0: 3 0x8000005c (0x00100093) x1  0x00000001
core   0: 0x80000060 (0x00002f17) auipc   t5, 0x2
core   0: 3 0x80000060 (0x00002f17) x30 0x80002060
core   0: 0x80000064 (0xfa1f2023) sw      ra, -96(t5)
core   0: 3 0x80000064 (0xfa1f2023) mem 0x80002000 0x00000001
core   0: 0x80000068 (0xff5ff06f) j       pc - 0xc
core   0: 3 0x80000068 (0xff5ff06f)
core   0: 0x8000005c (0x00100093) li      ra, 1
core   0: 3 0x8000005c (0x00100093) x1  0x00000001
core   0: 0x80000060 (0x00002f17) auipc   t5, 0x2
core   0: 3 0x80000060 (0x00002f17) x30 0x80002060
core   0: 0x80000064 (0xfa1f2023) sw      ra, -96(t5)
core   0: 3 0x80000064 (0xfa1f2023) mem 0x80002000 0x00000001
core   0: 0x80000068 (0xff5ff06f) j       pc - 0xc
core   0: 3 0x80000068 (0xff5ff06f)
core   0: 0x8000005c (0x00100093) li      ra, 1
core   0: 3 0x8000005c (0x00100093) x1  0x00000001
core   0: 0x80000060 (0x00002f17) auipc   t5, 0x2
core   0: 3 0x80000060 (0x00002f17) x30 0x80002060
core   0: 0x80000064 (0xfa1f2023) sw      ra, -96(t5)
core   0: 3 0x80000064 (0xfa1f2023) mem 0x80002000 0x00000001
core   0: 0x80000068 (0xff5ff06f) j       pc - 0xc
core   0: 3 0x80000068 (0xff5ff06f)
core   0: 0x8000005c (0x00100093) li      ra, 1
core   0: 3 0x8000005c (0x00100093) x1  0x00000001
core   0: 0x80000060 (0x00002f17) auipc   t5, 0x2
core   0: 3 0x80000060 (0x00002f17) x30 0x80002060
core   0: 0x80000064 (0xfa1f2023) sw      ra, -96(t5)
core   0: 3 0x80000064 (0xfa1f2023) mem 0x80002000 0x00000001
core   0: 0x80000068 (0xff5ff06f) j       pc - 0xc
core   0: 3 0x80000068 (0xff5ff06f)
core   0: 0x8000005c (0x00100093) li      ra, 1
core   0: 3 0x8000005c (0x00100093) x1  0x00000001
core   0: 0x80000060 (0x00002f17) auipc   t5, 0x2
core   0: 3 0x80000060 (0x00002f17) x30 0x80002060
core   0: 0x80000064 (0xfa1f2023) sw      ra, -96(t5)
core   0: 3 0x80000064 (0xfa1f2023) mem 0x80002000 0x00000001
core   0: 0x80000068 (0xff5ff06f) j       pc - 0xc
core   0: 3 0x80000068 (0xff5ff06f)
core   0: 0x8000005c (0x00100093) li      ra, 1
core   0: 3 0x8000005c (0x00100093) x1  0x00000001
core   0: 0x80000060 (0x00002f17) auipc   t5, 0x2
core   0: 3 0x80000060 (0x00002f17) x30 0x80002060
core   0: 0x80000064 (0xfa1f2023) sw      ra, -96(t5)
core   0: 3 0x80000064 (0xfa1f2023) mem 0x80002000 0x00000001
core   0: 0x80000068 (0xff5ff06f) j       pc - 0xc
core   0: 3 0x80000068 (0xff5ff06f)
core   0: 0x8000005c (0x00100093) li      ra, 1
core   0: 3 0x8000005c (0x00100093) x1  0x00000001
core   0: 0x80000060 (0x00002f17) auipc   t5, 0x2
core   0: 3 0x80000060 (0x00002f17) x30 0x80002060
core   0: 0x80000064 (0xfa1f2023) sw      ra, -96(t5)
core   0: 3 0x80000064 (0xfa1f2023) mem 0x80002000 0x00000001
core   0: 0x80000068 (0xff5ff06f) j       pc - 0xc
core   0: 3 0x80000068 (0xff5ff06f)
core   0: 0x8000005c (0x00100093) li      ra, 1
core   0: 3 0x8000005c (0x00100093) x1  0x00000001
core   0: 0x80000060 (0x00002f17) auipc   t5, 0x2
core   0: 3 0x80000060 (0x00002f17) x30 0x80002060
core   0: 0x80000064 (0xfa1f2023) sw      ra, -96(t5)
core   0: 3 0x80000064 (0xfa1f2023) mem 0x80002000 0x00000001
core   0: 0x80000068 (0xff5ff06f) j       pc - 0xc
core   0: 3 0x80000068 (0xff5ff06f)
core   0: 0x8000005c (0x00100093) li      ra, 1
core   0: 3 0x8000005c (0x00100093) x1  0x00000001
core   0: 0x80000060 (0x00002f17) auipc   t5, 0x2
core   0: 3 0x80000060 (0x00002f17) x30 0x80002060
core   0: 0x80000064 (0xfa1f2023) sw      ra, -96(t5)
core   0: 3 0x80000064 (0xfa1f2023) mem 0x80002000 0x00000001
core   0: 0x80000068 (0xff5ff06f) j       pc - 0xc
core   0: 3 0x80000068 (0xff5ff06f)
core   0: 0x8000005c (0x00100093) li      ra, 1
core   0: 3 0x8000005c (0x00100093) x1  0x00000001
core   0: 0x80000060 (0x00002f17) auipc   t5, 0x2
core   0: 3 0x80000060 (0x00002f17) x30 0x80002060
core   0: 0x80000064 (0xfa1f2023) sw      ra, -96(t5)
core   0: 3 0x80000064 (0xfa1f2023) mem 0x80002000 0x00000001
core   0: 0x80000068 (0xff5ff06f) j       pc - 0xc
core   0: 3 0x80000068 (0xff5ff06f)
core   0: 0x8000005c (0x00100093) li      ra, 1
core   0: 3 0x8000005c (0x00100093) x1  0x00000001
core   0: 0x80000060 (0x00002f17) auipc   t5, 0x2
core   0: 3 0x80000060 (0x00002f17) x30 0x80002060
core   0: 0x80000064 (0xfa1f2023) sw      ra, -96(t5)
core   0: 3 0x80000064 (0xfa1f2023) mem 0x80002000 0x00000001
core   0: 0x80000068 (0xff5ff06f) j       pc - 0xc
core   0: 3 0x80000068 (0xff5ff06f)
core   0: 0x8000005c (0x00100093) li      ra, 1
core   0: 3 0x8000005c (0x00100093) x1  0x00000001
core   0: 0x80000060 (0x00002f17) auipc   t5, 0x2
core   0: 3 0x80000060 (0x00002f17) x30 0x80002060
core   0: 0x80000064 (0xfa1f2023) sw      ra, -96(t5)
core   0: 3 0x80000064 (0xfa1f2023) mem 0x80002000 0x00000001
core   0: 0x80000068 (0xff5ff06f) j       pc - 0xc
core   0: 3 0x80000068 (0xff5ff06f)
core   0: 0x8000005c (0x00100093) li      ra, 1
core   0: 3 0x8000005c (0x00100093) x1  0x00000001
core   0: 0x80000060 (0x00002f17) auipc   t5, 0x2
core   0: 3 0x80000060 (0x00002f17) x30 0x80002060
core   0: 0x80000064 (0xfa1f2023) sw      ra, -96(t5)
core   0: 3 0x80000064 (0xfa1f2023) mem 0x80002000 0x00000001
core   0: 0x80000068 (0xff5ff06f) j       pc - 0xc
core   0: 3 0x80000068 (0xff5ff06f)
core   0: 0x8000005c (0x00100093) li      ra, 1
core   0: 3 0x8000005c (0x00100093) x1  0x00000001
core   0: 0x80000060 (0x00002f17) auipc   t5, 0x2
core   0: 3 0x80000060 (0x00002f17) x30 0x80002060
core   0: 0x80000064 (0xfa1f2023) sw      ra, -96(t5)
core   0: 3 0x80000064 (0xfa1f2023) mem 0x80002000 0x00000001
core   0: 0x80000068 (0xff5ff06f) j       pc - 0xc
core   0: 3 0x80000068 (0xff5ff06f)
core   0: 0x8000005c (0x00100093) li      ra, 1
core   0: 3 0x8000005c (0x00100093) x1  0x00000001
core   0: 0x80000060 (0x00002f17) auipc   t5, 0x2
core   0: 3 0x80000060 (0x00002f17) x30 0x80002060
core   0: 0x80000064 (0xfa1f2023) sw      ra, -96(t5)
core   0: 3 0x80000064 (0xfa1f2023) mem 0x80002000 0x00000001
core   0: 0x80000068 (0xff5ff06f) j       pc - 0xc
core   0: 3 0x80000068 (0xff5ff06f)
core   0: 0x8000005c (0x00100093) li      ra, 1
core   0: 3 0x8000005c (0x00100093) x1  0x00000001
core   0: 0x80000060 (0x00002f17) auipc   t5, 0x2
core   0: 3 0x80000060 (0x00002f17) x30 0x80002060
core   0: 0x80000064 (0xfa1f2023) sw      ra, -96(t5)
core   0: 3 0x80000064 (0xfa1f2023) mem 0x80002000 0x00000001
core   0: 0x80000068 (0xff5ff06f) j       pc - 0xc
core   0: 3 0x80000068 (0xff5ff06f)
core   0: 0x8000005c (0x00100093) li      ra, 1
core   0: 3 0x8000005c (0x00100093) x1  0x00000001
core   0: 0x80000060 (0x00002f17) auipc   t5, 0x2
core   0: 3 0x80000060 (0x00002f17) x30 0x80002060
core   0: 0x80000064 (0xfa1f2023) sw      ra, -96(t5)
core   0: 3 0x80000064 (0xfa1f2023) mem 0x80002000 0x00000001
core   0: 0x80000068 (0xff5ff06f) j       pc - 0xc
core   0: 3 0x80000068 (0xff5ff06f)
core   0: 0x8000005c (0x00100093) li      ra, 1
core   0: 3 0x8000005c (0x00100093) x1  0x00000001
core   0: 0x80000060 (0x00002f17) auipc   t5, 0x2
core   0: 3 0x80000060 (0x00002f17) x30 0x80002060
core   0: 0x80000064 (0xfa1f2023) sw      ra, -96(t5)
core   0: 3 0x80000064 (0xfa1f2023) mem 0x80002000 0x00000001
core   0: 0x80000068 (0xff5ff06f) j       pc - 0xc
core   0: 3 0x80000068 (0xff5ff06f)
core   0: 0x8000005c (0x00100093) li      ra, 1
core   0: 3 0x8000005c (0x00100093) x1  0x00000001
core   0: 0x80000060 (0x00002f17) auipc   t5, 0x2
core   0: 3 0x80000060 (0x00002f17) x30 0x80002060
core   0: 0x80000064 (0xfa1f2023) sw      ra, -96(t5)
core   0: 3 0x80000064 (0xfa1f2023) mem 0x80002000 0x00000001
core   0: 0x80000068 (0xff5ff06f) j       pc - 0xc
core   0: 3 0x80000068 (0xff5ff06f)
core   0: 0x8000005c (0x00100093) li      ra, 1
core   0: 3 0x8000005c (0x00100093) x1  0x00000001
core   0: 0x80000060 (0x00002f17) auipc   t5, 0x2
core   0: 3 0x80000060 (0x00002f17) x30 0x80002060
core   0: 0x80000064 (0xfa1f2023) sw      ra, -96(t5)
core   0: 3 0x80000064 (0xfa1f2023) mem 0x80002000 0x00000001
core   0: 0x80000068 (0xff5ff06f) j       pc - 0xc
core   0: 3 0x80000068 (0xff5ff06f)
core   0: 0x8000005c (0x00100093) li      ra, 1
core   0: 3 0x8000005c (0x00100093) x1  0x00000001
core   0: 0x80000060 (0x00002f17) auipc   t5, 0x2
core   0: 3 0x80000060 (0x00002f17) x30 0x80002060
core   0: 0x80000064 (0xfa1f2023) sw      ra, -96(t5)
core   0: 3 0x80000064 (0xfa1f2023) mem 0x80002000 0x00000001
core   0: 0x80000068 (0xff5ff06f) j       pc - 0xc
core   0: 3 0x80000068 (0xff5ff06f)
core   0: 0x8000005c (0x00100093) li      ra, 1
core   0: 3 0x8000005c (0x00100093) x1  0x00000001
core   0: 0x80000060 (0x00002f17) auipc   t5, 0x2
core   0: 3 0x80000060 (0x00002f17) x30 0x80002060
core   0: 0x80000064 (0xfa1f2023) sw      ra, -96(t5)
core   0: 3 0x80000064 (0xfa1f2023) mem 0x80002000 0x00000001
